SERVER_HANDSHAKE_TRAFFIC_SECRET 2e1ca959d0302a981602b5740e65a3dbbad9ebb9b70b5a3ac3e00b668ffe7e74 5303b97fa67736d95c886db22b42dc73b34d0b82a0e4fb201eef62a16d3f065a
CLIENT_HANDSHAKE_TRAFFIC_SECRET 2e1ca959d0302a981602b5740e65a3dbbad9ebb9b70b5a3ac3e00b668ffe7e74 5af3b6a81f5e9836e11e47e4cc1cfd71699ae461760b3fb65090b6e1b626d5a2
SERVER_TRAFFIC_SECRET_0 2e1ca959d0302a981602b5740e65a3dbbad9ebb9b70b5a3ac3e00b668ffe7e74 260d8532b9a97ccb96671fdd429ae25d0ed6948eebf822b88e91d4eed0a9de49
CLIENT_TRAFFIC_SECRET_0 2e1ca959d0302a981602b5740e65a3dbbad9ebb9b70b5a3ac3e00b668ffe7e74 a405f8faaad94010318d1a5cef0ca35ad45376bdd04dba8236ccf5ee5ad98ed6
SERVER_HANDSHAKE_TRAFFIC_SECRET d69edfce89a2aefd83fb40c561bbe84eaacb07b785a34da243c3e58494dcd289 45098104ec225e3b12fe51aaa3183efd0c1436474093127b1e59dc34138d237b
CLIENT_HANDSHAKE_TRAFFIC_SECRET d69edfce89a2aefd83fb40c561bbe84eaacb07b785a34da243c3e58494dcd289 3059f626051f402b27c750278fefa36dd1435fd6aca4599285a37f9aca062a60
SERVER_TRAFFIC_SECRET_0 d69edfce89a2aefd83fb40c561bbe84eaacb07b785a34da243c3e58494dcd289 4d7ddf7b95ccf5b1835c1edc9e66fd596f47df94840bcef2b76bcb2438249134
CLIENT_TRAFFIC_SECRET_0 d69edfce89a2aefd83fb40c561bbe84eaacb07b785a34da243c3e58494dcd289 a62e537b92d6fa8a3d894fe666daa7647c17c8b72edd03caf0be38b696dc8ebd
SERVER_HANDSHAKE_TRAFFIC_SECRET ab1dd5bbcde476ec3ada753b44108067d815679586dcc30148ac22bd3bb58844 c4be1e098d8c7deb8a4fcaedba49c979cd932d6b54e5eaaf10abdf0ac61898d003c5baaf59dfd1c390d1ee6c8a3ac246
CLIENT_HANDSHAKE_TRAFFIC_SECRET ab1dd5bbcde476ec3ada753b44108067d815679586dcc30148ac22bd3bb58844 ebfd2f53e709dd5d3c3ca05fad5f0311884b8b6326b7772a71da67da72872769dcdc07a8084e833e1544a2a66b5e88e1
SERVER_TRAFFIC_SECRET_0 ab1dd5bbcde476ec3ada753b44108067d815679586dcc30148ac22bd3bb58844 1ba64daef301cadf5b1babdd7d49e8ed68635fb141609adaf4f0f33dd07e43b126ab2fb2406dee3a55acc91bc88727be
EXPORTER_SECRET ab1dd5bbcde476ec3ada753b44108067d815679586dcc30148ac22bd3bb58844 78960db4521c837f5d729fb39a64df4e4d0b8767c66b8b0987a2211e37e24fbdbee7c738b353f0730de84098891b1a7c
CLIENT_TRAFFIC_SECRET_0 ab1dd5bbcde476ec3ada753b44108067d815679586dcc30148ac22bd3bb58844 fb4705925880959dc643ddeca7b18da80657ee8102dcafe675c5f0981ac185a3076405a34cf55406012198396626f7c0
CLIENT_TRAFFIC_SECRET_0 ab1dd5bbcde476ec3ada753b44108067d815679586dcc30148ac22bd3bb58844 fb4705925880959dc643ddeca7b18da80657ee8102dcafe675c5f0981ac185a3076405a34cf55406012198396626f7c0
SERVER_HANDSHAKE_TRAFFIC_SECRET fe8dda9ba98a8675d8db79cc1bffd22924c27e87484fea2de0087d801476c51e 000c26e9138bcd43a0694b027e80a66f932db5987ae7ca551a888f549448f21247083ec489c50f946a273988ae25cd7f
CLIENT_HANDSHAKE_TRAFFIC_SECRET fe8dda9ba98a8675d8db79cc1bffd22924c27e87484fea2de0087d801476c51e 17a144517841bdae36c5a5e799f9f29a47ccd022ca9f2e6324a353d8bd8b71e6dbf42fd59abb2fef4c946b5d40ffdae1
SERVER_TRAFFIC_SECRET_0 fe8dda9ba98a8675d8db79cc1bffd22924c27e87484fea2de0087d801476c51e 86a989b26eaead2eb47abfd194e0b1f3c5d40857672a7e33478b2977656f2bfdd0deef35427fec824b6a94a3b4a1285a
EXPORTER_SECRET fe8dda9ba98a8675d8db79cc1bffd22924c27e87484fea2de0087d801476c51e 390c7bbf1d1cc373736e28b9f4e6e1dc991fce0f91b2d80e7ba6bf8ed8581c88484dbd152d1fd0adb86cc26a696828e0
CLIENT_TRAFFIC_SECRET_0 fe8dda9ba98a8675d8db79cc1bffd22924c27e87484fea2de0087d801476c51e 5f7fa526278585833b74d64db2c1f46c2a95ed44ae6f461050737214468d11e9695717773087865dd7a189517aadd411
CLIENT_TRAFFIC_SECRET_0 fe8dda9ba98a8675d8db79cc1bffd22924c27e87484fea2de0087d801476c51e 5f7fa526278585833b74d64db2c1f46c2a95ed44ae6f461050737214468d11e9695717773087865dd7a189517aadd411
SERVER_HANDSHAKE_TRAFFIC_SECRET ce5ce8252d11955dcbc990f87fb22159abf38bd2405619ebac72dc53e380af0f 9195ad30c2ed9a04c623a899910b3469c11a422b8456c74672b070c74126aabda27f4f6de9c7965046259ac4f6e3c8da
CLIENT_HANDSHAKE_TRAFFIC_SECRET ce5ce8252d11955dcbc990f87fb22159abf38bd2405619ebac72dc53e380af0f 53ea9b142b1ef1369724e9a8c2aacab9410d62ef6f3f33011bfa5cf14f7e0bb50df3e34e463e51c634e458a5e450b8cd
SERVER_TRAFFIC_SECRET_0 ce5ce8252d11955dcbc990f87fb22159abf38bd2405619ebac72dc53e380af0f d5011ab89b4a11d82c7b5eac0ca89de38bfa9b5259c35a1fca5f853828952326a9eba1b65ccd0d85c13c8073301e9c07
EXPORTER_SECRET ce5ce8252d11955dcbc990f87fb22159abf38bd2405619ebac72dc53e380af0f 979968674a9ccc6f33ef468bfad7811e63beec48dab542f10869a22b122a34a2100e704df002bcf937052950ac587105
CLIENT_TRAFFIC_SECRET_0 ce5ce8252d11955dcbc990f87fb22159abf38bd2405619ebac72dc53e380af0f e5ce8b5eca96bb91b84affa1408a3596b6055f6ebf36f37f8db98039c528eeeba155b320f79566c0f61a455754e7b1e2
CLIENT_TRAFFIC_SECRET_0 ce5ce8252d11955dcbc990f87fb22159abf38bd2405619ebac72dc53e380af0f e5ce8b5eca96bb91b84affa1408a3596b6055f6ebf36f37f8db98039c528eeeba155b320f79566c0f61a455754e7b1e2
SERVER_HANDSHAKE_TRAFFIC_SECRET 56b8c970362936446e2c481628e0685d99a18319e95ba1022ab8e29952f127ef eda6b10c012cec98be648c0205782b1b9bd65415193127297a2357f9d9ab62de10b62060ed7fde7f38e988945e0fb04d
CLIENT_HANDSHAKE_TRAFFIC_SECRET 56b8c970362936446e2c481628e0685d99a18319e95ba1022ab8e29952f127ef de5e580d6bb77327f4b34fabe1a9f32f011a3f959375817a5ef2384fffd988b7154fc8251853bd3961e924cfad82feaf
SERVER_TRAFFIC_SECRET_0 56b8c970362936446e2c481628e0685d99a18319e95ba1022ab8e29952f127ef 5842ad17539c6224d527aca7bc980d3381b1b79cb771b2e0d88bd1b23a47918bebfa3b887838304a88de57be31fcc0b2
EXPORTER_SECRET 56b8c970362936446e2c481628e0685d99a18319e95ba1022ab8e29952f127ef d56f4b29d7c36ac8f4cc58a813e3d32e14e7c0e7ea5d4175a6b49b1d5334c1dcb568ea38ccdcf405894965332575a05b
CLIENT_TRAFFIC_SECRET_0 56b8c970362936446e2c481628e0685d99a18319e95ba1022ab8e29952f127ef 01160898d5a6eb5963bb535ee63f2e16fd37407b5b493992366cb38cef39af9956ceaf419cf9046ac490d04efd09c069
CLIENT_TRAFFIC_SECRET_0 56b8c970362936446e2c481628e0685d99a18319e95ba1022ab8e29952f127ef 01160898d5a6eb5963bb535ee63f2e16fd37407b5b493992366cb38cef39af9956ceaf419cf9046ac490d04efd09c069
SERVER_HANDSHAKE_TRAFFIC_SECRET b285d1bc31bcb953ea655cb1aa3050c317b719c8d2f6f5960a95202a25dd8bb1 9d124e924980570080d3bf705d0d7c2c60649466dfb3c77c7ca313fd75f42cc261ca9d9e638f02f52efd0b09d222688f
CLIENT_HANDSHAKE_TRAFFIC_SECRET b285d1bc31bcb953ea655cb1aa3050c317b719c8d2f6f5960a95202a25dd8bb1 3c4d28861b2c77145d718733c350db216bea824489858ff132cc489baa588fb58b73b22db9fe7bdae2bafa614e401663
SERVER_TRAFFIC_SECRET_0 b285d1bc31bcb953ea655cb1aa3050c317b719c8d2f6f5960a95202a25dd8bb1 5062374c95a30b6d3813df9eccaf50f10344f6bc11a8b98d998a4399f3f644fde064f74c3c9ea47b9e40e4ff7d7c4c61
EXPORTER_SECRET b285d1bc31bcb953ea655cb1aa3050c317b719c8d2f6f5960a95202a25dd8bb1 5a96b0a7f547cf61930e610bf87acd175771e9bb607e3868e2d9eefd695ec4966c53869d2e34ea7a76ddb82a2c81685a
CLIENT_TRAFFIC_SECRET_0 b285d1bc31bcb953ea655cb1aa3050c317b719c8d2f6f5960a95202a25dd8bb1 95ec7ba2712bf4274f55c94cac686f0d39d42a413240283286da2e11767bcda5525faece86acf11e4ec8afcfb850e6c6
CLIENT_TRAFFIC_SECRET_0 b285d1bc31bcb953ea655cb1aa3050c317b719c8d2f6f5960a95202a25dd8bb1 95ec7ba2712bf4274f55c94cac686f0d39d42a413240283286da2e11767bcda5525faece86acf11e4ec8afcfb850e6c6
SERVER_HANDSHAKE_TRAFFIC_SECRET 5b42d7207d4d8592bb25557554f952068756206950b1984c779eb2b49b4eb363 7aa0d3777df8378d18c3c9ded119190e619deeb9f3dfcbdf184ea083ae1ab65d083cd0081c84ac11c1c5be73e4bdaf07
CLIENT_HANDSHAKE_TRAFFIC_SECRET 5b42d7207d4d8592bb25557554f952068756206950b1984c779eb2b49b4eb363 122204f93cb32e0416376209d8f71ba8894646b0d5714752b5f147aed5bfaa6d682279cf700a8416fa1bf7dc2a361408
SERVER_TRAFFIC_SECRET_0 5b42d7207d4d8592bb25557554f952068756206950b1984c779eb2b49b4eb363 6c99bd55643a3d745ea9290e250a19bba8bede5e9df618978c40ef896c81c2a78bdc38bd5710a17d90c741b8c0d054c0
EXPORTER_SECRET 5b42d7207d4d8592bb25557554f952068756206950b1984c779eb2b49b4eb363 e5f491cf87ad69688cc2d5ef5417af3ec556885a056819a58d27de6c442baee6690fef3936402c6f44e1985dfee32a3f
CLIENT_TRAFFIC_SECRET_0 5b42d7207d4d8592bb25557554f952068756206950b1984c779eb2b49b4eb363 d4ad7dc6fc8ad8e0696182f5219175bedd9a0ef5581f0a8145e56c64751d84f7a36ac9523b086f4206a6141fa5cdc170
CLIENT_TRAFFIC_SECRET_0 5b42d7207d4d8592bb25557554f952068756206950b1984c779eb2b49b4eb363 d4ad7dc6fc8ad8e0696182f5219175bedd9a0ef5581f0a8145e56c64751d84f7a36ac9523b086f4206a6141fa5cdc170
SERVER_HANDSHAKE_TRAFFIC_SECRET e67ea95e2a11d5afab368c84b398f6c71c33e66981ad3731a1fdb5236ce0653a 15f83e01d8196b5a99ff90556c6852ed92b4bf9368f87cc5c3924c5d31c6f2dd69bfcb7e1b8e8f0a58705a8759a58a02
CLIENT_HANDSHAKE_TRAFFIC_SECRET e67ea95e2a11d5afab368c84b398f6c71c33e66981ad3731a1fdb5236ce0653a e7dafb47db19b3ed74608fe22221c955c52e85b5e673d229e2ae901069068224d7a2c2184ed6a97bda03af7663ac1c7d
SERVER_TRAFFIC_SECRET_0 e67ea95e2a11d5afab368c84b398f6c71c33e66981ad3731a1fdb5236ce0653a 6570eb583bb35d05887e67a308b96ff446343d3ba50fc08cd194a1c315f0a691b9bd2158f5548cbfc0968bbd8f13ef00
EXPORTER_SECRET e67ea95e2a11d5afab368c84b398f6c71c33e66981ad3731a1fdb5236ce0653a 826da4f5b369ecf776a51be1697df49c8aca1217e430c33356f92ae0b8531b5e8eb3b54928da9ff86d2376ca2c881efb
CLIENT_TRAFFIC_SECRET_0 e67ea95e2a11d5afab368c84b398f6c71c33e66981ad3731a1fdb5236ce0653a 57cfe494939cd7aa5deaf42895f295936da0d6bdaeab042472ec9bc0430fd3639ab44216e7d9f4030a3cd8e567df3872
CLIENT_TRAFFIC_SECRET_0 e67ea95e2a11d5afab368c84b398f6c71c33e66981ad3731a1fdb5236ce0653a 57cfe494939cd7aa5deaf42895f295936da0d6bdaeab042472ec9bc0430fd3639ab44216e7d9f4030a3cd8e567df3872
SERVER_HANDSHAKE_TRAFFIC_SECRET 3e3ef27abff8bfcaf65d30cf5d6b8a0e11a6d8b5cbb5f40607f1e4d3078d9b13 149d9a059c29c42ee88b9567347dac371cedca29ada50e7ef3f9021648e9fc1789c4985036453cd7589dc6ebce8e7252
CLIENT_HANDSHAKE_TRAFFIC_SECRET 3e3ef27abff8bfcaf65d30cf5d6b8a0e11a6d8b5cbb5f40607f1e4d3078d9b13 54fd3068411a1717e5f50243ea1d3df35fa70b1763fedb7e09caf2567d4589155c3a8d0358968efb7eee7094fdb4ebe5
SERVER_TRAFFIC_SECRET_0 3e3ef27abff8bfcaf65d30cf5d6b8a0e11a6d8b5cbb5f40607f1e4d3078d9b13 a36c4d2fbfbac68ab44df15981651d7431430df87ba01ad01e83774d7523dee427047356f05c8ecb88e1feaf18fd3b5c
EXPORTER_SECRET 3e3ef27abff8bfcaf65d30cf5d6b8a0e11a6d8b5cbb5f40607f1e4d3078d9b13 860590d02687ae99a4e578ecb55ac900053fef3ee953a285edc79c29acdb89f53ed5721aa37953b4921a7a32a00e04a2
CLIENT_TRAFFIC_SECRET_0 3e3ef27abff8bfcaf65d30cf5d6b8a0e11a6d8b5cbb5f40607f1e4d3078d9b13 8dc09b16ef25dabcc9419baf63e5538b7efbce7ee6e9c146209c2caf9f06d97bb31a2b01626d49ceb6713919be98b923
CLIENT_TRAFFIC_SECRET_0 3e3ef27abff8bfcaf65d30cf5d6b8a0e11a6d8b5cbb5f40607f1e4d3078d9b13 8dc09b16ef25dabcc9419baf63e5538b7efbce7ee6e9c146209c2caf9f06d97bb31a2b01626d49ceb6713919be98b923
SERVER_HANDSHAKE_TRAFFIC_SECRET 20f255730acc6813c736df5d8bb9bcfdcbc47adbc11585c9bbb68fca7e3c6010 41cadcfd1f106e1cdd76b56600bbd7cd5b54b77c12f5a636868479b56ecab8658f0b975f1abe104cb8aa1109ea251e26
CLIENT_HANDSHAKE_TRAFFIC_SECRET 20f255730acc6813c736df5d8bb9bcfdcbc47adbc11585c9bbb68fca7e3c6010 e8c189088a179558dc6a2731bb81c90ad9974b3c8df60d058909d23814cb0f34351c18f6088ec0970b3d312ba8154362
SERVER_TRAFFIC_SECRET_0 20f255730acc6813c736df5d8bb9bcfdcbc47adbc11585c9bbb68fca7e3c6010 5b66dba0185537d1ef6dac8bc3153d75efac0dbd62d05cd08265c5029319047a14346fc3664690f3c4fb920386848931
EXPORTER_SECRET 20f255730acc6813c736df5d8bb9bcfdcbc47adbc11585c9bbb68fca7e3c6010 4d7b70035833f91a70d87303d0bfd5bc238a83d036cd685d42d6a88523b501e39f31e0e36f9f51dfee07264aa7461e2f
CLIENT_TRAFFIC_SECRET_0 20f255730acc6813c736df5d8bb9bcfdcbc47adbc11585c9bbb68fca7e3c6010 ffec46e42c8f39d6685f36e35eeda0dbcd79bc8e91f8bec52b7c1133359ae51efec99a712eebaf703dd9fdab5d7317c9
CLIENT_TRAFFIC_SECRET_0 20f255730acc6813c736df5d8bb9bcfdcbc47adbc11585c9bbb68fca7e3c6010 ffec46e42c8f39d6685f36e35eeda0dbcd79bc8e91f8bec52b7c1133359ae51efec99a712eebaf703dd9fdab5d7317c9
