SERVER_HANDSHAKE_TRAFFIC_SECRET 04ce9eac7e329bf95942ac86fd1361351c68ed9c4c68ef262293dbfa637a6907 3374613f312bbc8a5060c19d100731e738e9bccfc0a2cee1d12453e4cde08d27
CLIENT_HANDSHAKE_TRAFFIC_SECRET 04ce9eac7e329bf95942ac86fd1361351c68ed9c4c68ef262293dbfa637a6907 706a24ce402cd1880733c5107ab33a5584ffa3a825357acf522d331abc73a333
SERVER_TRAFFIC_SECRET_0 04ce9eac7e329bf95942ac86fd1361351c68ed9c4c68ef262293dbfa637a6907 b2868c23fe9753ccaf36d956ab2042f77b6ec577a4f840ce8da523644bdcfd8c
CLIENT_TRAFFIC_SECRET_0 04ce9eac7e329bf95942ac86fd1361351c68ed9c4c68ef262293dbfa637a6907 e366199c7c6920e187de9b33ec931aa41054aaea6e8fb9b9d5f76e173f947f0e
SERVER_HANDSHAKE_TRAFFIC_SECRET 01b9d62da6b12cfb764864a9ac996ba3ed0dc4322ac3ae3e731cb3b436c6d82c 836cce56120aaaead5a61f6de62fc7f47707cd93ca7e1c54a28a7d766f1e0ff2
CLIENT_HANDSHAKE_TRAFFIC_SECRET 01b9d62da6b12cfb764864a9ac996ba3ed0dc4322ac3ae3e731cb3b436c6d82c b1d0ee2373e4ea678b9531ceb73aaf751bc0e5195f280455ff15a97ea5fe5db3
SERVER_TRAFFIC_SECRET_0 01b9d62da6b12cfb764864a9ac996ba3ed0dc4322ac3ae3e731cb3b436c6d82c 8dbc45d59b97af025c3f7b9d5157c2be7fb16bcbf9b9da3ca9b576d45059d072
CLIENT_TRAFFIC_SECRET_0 01b9d62da6b12cfb764864a9ac996ba3ed0dc4322ac3ae3e731cb3b436c6d82c e156bbc4540931599425f9cf9025cde18dd317f2c51be7d5cc407dfbca8fdf84
SERVER_HANDSHAKE_TRAFFIC_SECRET ac5ff7be88a5385ec31a09c9e861f7d08b8c4e36bf8dce689894de75151bc119 9f23abd64d970988ea9e34c4e468a601bcd1f2d807acb3c5b54485acde833fd8
CLIENT_HANDSHAKE_TRAFFIC_SECRET ac5ff7be88a5385ec31a09c9e861f7d08b8c4e36bf8dce689894de75151bc119 7cd7988689f20592bbcbb9e7df717cbadcbc927d0b4c39f2c674908bbac976c6
SERVER_TRAFFIC_SECRET_0 ac5ff7be88a5385ec31a09c9e861f7d08b8c4e36bf8dce689894de75151bc119 b3015bd4c782a4586a1f66bf63ed4a2c033ab785a93862a08441edbc8450d71e
CLIENT_TRAFFIC_SECRET_0 ac5ff7be88a5385ec31a09c9e861f7d08b8c4e36bf8dce689894de75151bc119 daee2828a9f48715008d0114f21f8e28741d58fa1a85c199c52629939dbe8b00
SERVER_HANDSHAKE_TRAFFIC_SECRET 8bb0fbb5140bb1d15a16bcf46a67d2ffc1db325770d8912a627971dd9547968f 97f9400e4fa2063b49c0a4b79aad6ec539e3aef27da0e347167f9fdd701eb2d2
CLIENT_HANDSHAKE_TRAFFIC_SECRET 8bb0fbb5140bb1d15a16bcf46a67d2ffc1db325770d8912a627971dd9547968f ab5079a659bf1f34b9bcb7969e3a26e340db25acfeb096a6b8bc566fce2086d8
SERVER_TRAFFIC_SECRET_0 8bb0fbb5140bb1d15a16bcf46a67d2ffc1db325770d8912a627971dd9547968f 43e2fac9632b3fcb8d8571bb35cb5921d68b4b0c0d237d208893f7a10dcb9c60
CLIENT_TRAFFIC_SECRET_0 8bb0fbb5140bb1d15a16bcf46a67d2ffc1db325770d8912a627971dd9547968f fa5b1ad6c85c7200b7d73db37764c9729248075862a1e257e1f50151ed9e0716
SERVER_HANDSHAKE_TRAFFIC_SECRET 980b965c9725caf89c8e083f25eef5289d5fc5c530d7f052c48974bd5064427f 62a10c7cb25a7283c78039781b08b01fe6a1f545ec881d58942b409588bd0ec4
CLIENT_HANDSHAKE_TRAFFIC_SECRET 980b965c9725caf89c8e083f25eef5289d5fc5c530d7f052c48974bd5064427f 52383e887ce3f1155cb53c5d0a74a01eb4c6fcae37471e55dd04b20a3d724bfa
SERVER_TRAFFIC_SECRET_0 980b965c9725caf89c8e083f25eef5289d5fc5c530d7f052c48974bd5064427f f0de8588ed0e08f81684135dac74f6e9a0090a1a5d3275c219923a2b6b48037c
CLIENT_TRAFFIC_SECRET_0 980b965c9725caf89c8e083f25eef5289d5fc5c530d7f052c48974bd5064427f 4f0e509cb9ef5622bd5b4dd3e8abf1f8f9278a3f80f8ab513d0ed28c2028c4a4
SERVER_HANDSHAKE_TRAFFIC_SECRET 25d20084aeadfb5e0ad94f20eb852c6d461f9900175fd6d98287956ff78d7e8b 65f6dcd1b041f47bf1c87a177b2e12cfe2e032fd157dcfd562c599b36fb1798d
CLIENT_HANDSHAKE_TRAFFIC_SECRET 25d20084aeadfb5e0ad94f20eb852c6d461f9900175fd6d98287956ff78d7e8b 563c8f6922e582cbfdc5d4b7d367da6abeb8bc4f0b4e560e80f8c13312b49ed4
SERVER_TRAFFIC_SECRET_0 25d20084aeadfb5e0ad94f20eb852c6d461f9900175fd6d98287956ff78d7e8b 7d153633dca51695d3651d015a0dedda85bf5476c2783b9a8762b6066876d437
CLIENT_TRAFFIC_SECRET_0 25d20084aeadfb5e0ad94f20eb852c6d461f9900175fd6d98287956ff78d7e8b 6b0e7bde3555215197285337b2010d1c87da2227e7c10a86c9bfbb6390347847
SERVER_HANDSHAKE_TRAFFIC_SECRET 34ad6e451dce6ffe7bea3b4454d5ffaff294423f2ed5f023824e0325201156b9 a951be7a8b5df452c8edbc4dfe1f0cadb356278633c23472107abe1adaf2558c
CLIENT_HANDSHAKE_TRAFFIC_SECRET 34ad6e451dce6ffe7bea3b4454d5ffaff294423f2ed5f023824e0325201156b9 b5df6ab7793068c3ace645a4b443833983640fe2f378b9c43ef4ccadb6d898b7
SERVER_TRAFFIC_SECRET_0 34ad6e451dce6ffe7bea3b4454d5ffaff294423f2ed5f023824e0325201156b9 8a0284333e3c6b71b9cb7d25d8fcd4d0dcc08afe0d3340d7c762b55f3c22a8a1
CLIENT_TRAFFIC_SECRET_0 34ad6e451dce6ffe7bea3b4454d5ffaff294423f2ed5f023824e0325201156b9 919d3b59228aaea42f7d7b2d43257ef2b63e503b1fa32aa3456581dd3f3a951c
SERVER_HANDSHAKE_TRAFFIC_SECRET d99b31cd666619381a7272a43e8bbee9990eea77a158bf44a687b1ee5dbc4630 0f8e479b6bf72b6f188029eb7923bf7afd17cab3cc6c5a287c196fdbba347ce3
CLIENT_HANDSHAKE_TRAFFIC_SECRET d99b31cd666619381a7272a43e8bbee9990eea77a158bf44a687b1ee5dbc4630 2cee93c11a1651fc2b124bec12e732231577244efa0180524275e08cc7c2d8a5
SERVER_TRAFFIC_SECRET_0 d99b31cd666619381a7272a43e8bbee9990eea77a158bf44a687b1ee5dbc4630 548b7320123ed370c40cdd7753e652524275d7f7d5edf044df827ba6dbe03f62
CLIENT_TRAFFIC_SECRET_0 d99b31cd666619381a7272a43e8bbee9990eea77a158bf44a687b1ee5dbc4630 5dd94793a962d77958cd14be2d1a59eda5b81e010d39aded9c3fd78118083d5f
SERVER_HANDSHAKE_TRAFFIC_SECRET ea2c450bc712dee6977335c3f1a3f50556a0e7572e6832c2cc1eda4d7f3f324e 53177881bf45a80ac233431450c1eaf0bdbbd4889f653460f50bca801a06024d
CLIENT_HANDSHAKE_TRAFFIC_SECRET ea2c450bc712dee6977335c3f1a3f50556a0e7572e6832c2cc1eda4d7f3f324e c5bd6013729433e6f1e8619613084c0947feb9e943109e6f4e932446269b81b2
SERVER_TRAFFIC_SECRET_0 ea2c450bc712dee6977335c3f1a3f50556a0e7572e6832c2cc1eda4d7f3f324e f5783ae9ac9cd32e1fe86bbb19e16857426d4f16ad7de310ec4b623d4b1ad977
CLIENT_TRAFFIC_SECRET_0 ea2c450bc712dee6977335c3f1a3f50556a0e7572e6832c2cc1eda4d7f3f324e bf11256c2bd31d6e2a2cc5aaa938340a5842810b4290517fa6b47202178a71ad
SERVER_HANDSHAKE_TRAFFIC_SECRET bf348852161284805a54bf1c8b04dcb6bd3c9c4b15da2d9e1b3427412521f0a6 05a7749babdebc8fe83f6437a6da885b837ef3a717f0fde12135b4072c2ddae2
CLIENT_HANDSHAKE_TRAFFIC_SECRET bf348852161284805a54bf1c8b04dcb6bd3c9c4b15da2d9e1b3427412521f0a6 d5ab2d7e7d8130e68c52d1d794c5d225f5812d6d47c20a1da00952fbcee7f951
SERVER_TRAFFIC_SECRET_0 bf348852161284805a54bf1c8b04dcb6bd3c9c4b15da2d9e1b3427412521f0a6 349a942548d90f010dd988e3683e869bfc039993743fec4e837fcc4a3b58761f
CLIENT_TRAFFIC_SECRET_0 bf348852161284805a54bf1c8b04dcb6bd3c9c4b15da2d9e1b3427412521f0a6 db1235ec35b05db943250da0ebd65f82ac49828f38444172a2562e9fd4edd200
SERVER_HANDSHAKE_TRAFFIC_SECRET 75424b3b5902ff860716c693a130c7402ee0a07472a852232c34d21b7452d3dc 8b250fce3976248d1ec2f0679173f8e6255fc095ba62b56cdb4046638df5e9d3
CLIENT_HANDSHAKE_TRAFFIC_SECRET 75424b3b5902ff860716c693a130c7402ee0a07472a852232c34d21b7452d3dc e7f0b5ca71ac9cebfbff8b4fdce96c999e436319843dea7b9dd1a83bb04e0a87
SERVER_TRAFFIC_SECRET_0 75424b3b5902ff860716c693a130c7402ee0a07472a852232c34d21b7452d3dc 3e192447c34398d51440388a3875dbc8221a1810e4a075ee5920db3b57e1086b
CLIENT_TRAFFIC_SECRET_0 75424b3b5902ff860716c693a130c7402ee0a07472a852232c34d21b7452d3dc 1d300b338f756c2886b0a3969a96cf050940ebd58fc57cd8a21bc3f2632266c1
SERVER_HANDSHAKE_TRAFFIC_SECRET 48f0e238e561679c63d8ffd5bb7d45fbc85d5a97e42b66e233c0064c46e28688 1640ec65297a9ed1e4a47ecea87a1da552c3e4604a156d5c3d4f9bb9a18dd87a
CLIENT_HANDSHAKE_TRAFFIC_SECRET 48f0e238e561679c63d8ffd5bb7d45fbc85d5a97e42b66e233c0064c46e28688 547ec7abf7e1a9eeaa6c432157567ec4352ea1d7e07ef085b44619e1622abae6
SERVER_TRAFFIC_SECRET_0 48f0e238e561679c63d8ffd5bb7d45fbc85d5a97e42b66e233c0064c46e28688 e13bcfecbd613bf094ab6085030b6008c5c71bb7f13ce7b9a448d5db5d548918
CLIENT_TRAFFIC_SECRET_0 48f0e238e561679c63d8ffd5bb7d45fbc85d5a97e42b66e233c0064c46e28688 1c3ac64a5a922bcd6c5939b87d8481e4e61dcd5da90feb47e37a737d789ef7b1
SERVER_HANDSHAKE_TRAFFIC_SECRET 013fbcd6435f5a6219c252fda9cacc074948ad4af68c851761afb3e474193ff7 8d151293417e4380f5bfc92516b7bc4bf52c949155325df0ecc476fd5ea5dea1
CLIENT_HANDSHAKE_TRAFFIC_SECRET 013fbcd6435f5a6219c252fda9cacc074948ad4af68c851761afb3e474193ff7 48493875ce6a62403464f61d7a11048ed724b34b1e8bd875b002fa13015cf0a4
SERVER_TRAFFIC_SECRET_0 013fbcd6435f5a6219c252fda9cacc074948ad4af68c851761afb3e474193ff7 07336715f7ec4b9888a9bb4b78876b223a59c328b4d2a17c555e4cb7e59dbd38
CLIENT_TRAFFIC_SECRET_0 013fbcd6435f5a6219c252fda9cacc074948ad4af68c851761afb3e474193ff7 b4448750ad94d2b0809fa06ac407a949dd2b2392ad6f33c9f276e0e6c47d610b
SERVER_HANDSHAKE_TRAFFIC_SECRET 3985aa0990d89b2859c34052fe52468e001c088a539ba18409ef4ca13e8db170 ace0e0c2972041ccb9498c31c1582ceeed7e308e745e1899b14d29a6763f413b
CLIENT_HANDSHAKE_TRAFFIC_SECRET 3985aa0990d89b2859c34052fe52468e001c088a539ba18409ef4ca13e8db170 ca788184ec3cac6b7fa8e839802acb106b2b65f2c1bb4eb3ae032108cd17e7d2
SERVER_TRAFFIC_SECRET_0 3985aa0990d89b2859c34052fe52468e001c088a539ba18409ef4ca13e8db170 8474611a57a1e6e11a48165d507c771520c4b3b3947a45ab45a2bbfb8801efaf
CLIENT_TRAFFIC_SECRET_0 3985aa0990d89b2859c34052fe52468e001c088a539ba18409ef4ca13e8db170 7055ab26654b204de82e4d7499348dfd68ae8962a058b40574b94e0577e152dd
SERVER_HANDSHAKE_TRAFFIC_SECRET 27a731416ae1d5093dab1287591f8db4d374654529f10bc8b1841ee8f42ad7c0 56b0e840fc47c7b479853ed7022ae02a47c2d185ad744afef09facdda1a138a3
CLIENT_HANDSHAKE_TRAFFIC_SECRET 27a731416ae1d5093dab1287591f8db4d374654529f10bc8b1841ee8f42ad7c0 c4761ac03020dad42bcd0d014923ec95893ad8998da2828c34e824d101c5f518
SERVER_TRAFFIC_SECRET_0 27a731416ae1d5093dab1287591f8db4d374654529f10bc8b1841ee8f42ad7c0 2150c37eb1a5d3f44bf282eef3d0e700682042b60657f033c17dd1e4076d689f
CLIENT_TRAFFIC_SECRET_0 27a731416ae1d5093dab1287591f8db4d374654529f10bc8b1841ee8f42ad7c0 29a7d0132d52b11a086cf105ba5f3e101d4c450d9de54f103031642ad5c85117
SERVER_HANDSHAKE_TRAFFIC_SECRET 7ca369ffa8c94efe42b71b75ebb00fcaf35cebd1f7cd3bcbf0b1a772d9a05abd 613887977cd84c309399763274592a5d83a021140e71631caaaf98492a83e3bc
CLIENT_HANDSHAKE_TRAFFIC_SECRET 7ca369ffa8c94efe42b71b75ebb00fcaf35cebd1f7cd3bcbf0b1a772d9a05abd d2a998cc6c75fb5d6161815c2a4e1b393873ab38c07a556a84b19ac31a7f9e2e
SERVER_TRAFFIC_SECRET_0 7ca369ffa8c94efe42b71b75ebb00fcaf35cebd1f7cd3bcbf0b1a772d9a05abd 3c5bc2a54087d1bba119433968173255961fc38c46dc268d4b018788c7ecaee6
CLIENT_TRAFFIC_SECRET_0 7ca369ffa8c94efe42b71b75ebb00fcaf35cebd1f7cd3bcbf0b1a772d9a05abd f0e561b7dbb87ab4b6542afca94bfcc3b779ae2ac17a1c32bca57ddde7592a9e
SERVER_HANDSHAKE_TRAFFIC_SECRET 37344177a700445941f68b43309ea0f9fcc5c51ce60c9eddac025d592ee331b8 cd070328d49ebd7b945d6bcf380e9e7109ee6e5fdabd79c3f30250aeeade9425
CLIENT_HANDSHAKE_TRAFFIC_SECRET 37344177a700445941f68b43309ea0f9fcc5c51ce60c9eddac025d592ee331b8 b23f0f3b5462820284461fc60c29f69e89274079bbf83888bad1e9fb3d4a5855
SERVER_TRAFFIC_SECRET_0 37344177a700445941f68b43309ea0f9fcc5c51ce60c9eddac025d592ee331b8 de2329698585b05569cc03ec934813abeeefb5a71d66202e893574846fa61c56
CLIENT_TRAFFIC_SECRET_0 37344177a700445941f68b43309ea0f9fcc5c51ce60c9eddac025d592ee331b8 0785cb01920072fd04d5997df62e316eb3e6646d0286d410332f03a5a0f41821
SERVER_HANDSHAKE_TRAFFIC_SECRET 89ad8f7a0b9c4ec5b11c31818cb43d1d2185a0a0aa44f7a26e94dd86b3f11285 e2b3839d97b95b88047f14fbacc60932c5bd9331a4967a74e2c85c6c953e41d8
CLIENT_HANDSHAKE_TRAFFIC_SECRET 89ad8f7a0b9c4ec5b11c31818cb43d1d2185a0a0aa44f7a26e94dd86b3f11285 8ddec55753c383ef1a1de7185ca4a5aa071c9a564a3ee6fd09e10b78d81c19cb
SERVER_TRAFFIC_SECRET_0 89ad8f7a0b9c4ec5b11c31818cb43d1d2185a0a0aa44f7a26e94dd86b3f11285 232da7d3a730139938e6df9bb775921396e98e656308758f9950ad62b26ea6df
CLIENT_TRAFFIC_SECRET_0 89ad8f7a0b9c4ec5b11c31818cb43d1d2185a0a0aa44f7a26e94dd86b3f11285 b1efb04e2aa2d0c35ba3a3df3c6c65ecf51091f190902d7b28fbff75c8560d4a
SERVER_HANDSHAKE_TRAFFIC_SECRET 4ee9565bae860b79e0699bc18f5936037967c349391d7be38ce7c2e7d3a2520a 55eba00a2556164a1b5c4c05a47f2bd31c6dc1ac3794b2364d0b2cb942f11aa8
CLIENT_HANDSHAKE_TRAFFIC_SECRET 4ee9565bae860b79e0699bc18f5936037967c349391d7be38ce7c2e7d3a2520a e9de102015e71e2dae7ebabc3a188183265b49763392599c343becfc83328496
SERVER_TRAFFIC_SECRET_0 4ee9565bae860b79e0699bc18f5936037967c349391d7be38ce7c2e7d3a2520a 4537206b5188873009c93a6b3119105274fb786142532e9bba573909f35a894c
CLIENT_TRAFFIC_SECRET_0 4ee9565bae860b79e0699bc18f5936037967c349391d7be38ce7c2e7d3a2520a 7e435b72ac28140b17b5079df8238ca9c556230a0123f4a6c04e2056f8a5aae0
SERVER_HANDSHAKE_TRAFFIC_SECRET fa2b710683519736cfb74d1281fcc6f241175134f7bdf0cdf92f11be56a6871c c1fd3006bc1c819308c2dd599898c403a4d7cb83290178f6a30672df5c5d6cdd
CLIENT_HANDSHAKE_TRAFFIC_SECRET fa2b710683519736cfb74d1281fcc6f241175134f7bdf0cdf92f11be56a6871c bf71948138cb0e72d5cecb6cca6288075cdfbb0eb4970fcb67d75195ce0336e8
SERVER_TRAFFIC_SECRET_0 fa2b710683519736cfb74d1281fcc6f241175134f7bdf0cdf92f11be56a6871c 0637f0bc9cbd046f5a0c43665c16d12b2b980764b26bb8c074e2bab4c1bfb7d1
CLIENT_TRAFFIC_SECRET_0 fa2b710683519736cfb74d1281fcc6f241175134f7bdf0cdf92f11be56a6871c 87fa1b0069637f0776fdda55087165bcdd1f0154dcceed3ffc6459188b7d6e93
SERVER_HANDSHAKE_TRAFFIC_SECRET 724c6ca4a29a791f09718c8faeaae8c3ef078bdb97c6761a30bcd29e8b090bef 36152a08618cf8a9894bdd47dd4fc0796b4ec5071a2e1ca735e3e9465a353b7b
CLIENT_HANDSHAKE_TRAFFIC_SECRET 724c6ca4a29a791f09718c8faeaae8c3ef078bdb97c6761a30bcd29e8b090bef 5248cf60efa52218220ae35c91cabb69af83a6e9fbfaa2fa099f49cad5a16d4e
SERVER_TRAFFIC_SECRET_0 724c6ca4a29a791f09718c8faeaae8c3ef078bdb97c6761a30bcd29e8b090bef d7208c9cd1f78a1f65c5ad8a66cbfd00f9a000751fab5bfee0ab7211bf0f8fb4
CLIENT_TRAFFIC_SECRET_0 724c6ca4a29a791f09718c8faeaae8c3ef078bdb97c6761a30bcd29e8b090bef 759ddfe53733a558c76a725b68fa2f12b4ad96c6e936760d0c0284fbc8f60d35
SERVER_HANDSHAKE_TRAFFIC_SECRET 47db7dd46937420832c353446fc2d8b2271327cc10be6494ef9c0323c54e5172 a651c958c059e962107a820dd6c1c436c5ffc48738b24fc01f124c699e43958c
CLIENT_HANDSHAKE_TRAFFIC_SECRET 47db7dd46937420832c353446fc2d8b2271327cc10be6494ef9c0323c54e5172 549125d0459b703ba05b9b2a60f1135c8b77009911cb7b7b381de75ca916c3ca
SERVER_TRAFFIC_SECRET_0 47db7dd46937420832c353446fc2d8b2271327cc10be6494ef9c0323c54e5172 7aaf288dc1c590f20516d71775f8bc3f4f3e20760e05fbac42acd2fbdbd185c5
CLIENT_TRAFFIC_SECRET_0 47db7dd46937420832c353446fc2d8b2271327cc10be6494ef9c0323c54e5172 4afde2eec0c18c11c728f1e8f8c886899fac94f0f660c73c6028fda025db098c
SERVER_HANDSHAKE_TRAFFIC_SECRET cbe4d503798613e18e7b002cd0101c29d423f47578ed21087b29cc7c1a1a261e 75a22e19709c7decce377d2ca85a2021dbc2256fd80b2a0a9ce4fa8ba4469fda
CLIENT_HANDSHAKE_TRAFFIC_SECRET cbe4d503798613e18e7b002cd0101c29d423f47578ed21087b29cc7c1a1a261e 87c88ea84dedca0e53d188e9125214e90c1b86318e555e062c499f63921302a2
SERVER_TRAFFIC_SECRET_0 cbe4d503798613e18e7b002cd0101c29d423f47578ed21087b29cc7c1a1a261e 32866e6cfa982acf179594c69af3e616d4d4981fbefc440d657063c351ea62b9
CLIENT_TRAFFIC_SECRET_0 cbe4d503798613e18e7b002cd0101c29d423f47578ed21087b29cc7c1a1a261e b7a45d83fa39d81dbca9cb03fb4bbaccd3e1011bf067265d27a7a9fc8230a58a
SERVER_HANDSHAKE_TRAFFIC_SECRET 3a79efa42af7cc506cfa25b3b69ac552b1a12541030049bff5532ea45609fb72 f75cc9a2306abc4b6cc301ac4007f901cfbdbb80f3f5fa8a43d916b04de267c7
CLIENT_HANDSHAKE_TRAFFIC_SECRET 3a79efa42af7cc506cfa25b3b69ac552b1a12541030049bff5532ea45609fb72 bb842b4a2919befad5cd9b66609424ade1996091f98890be592e516ffdecd304
SERVER_TRAFFIC_SECRET_0 3a79efa42af7cc506cfa25b3b69ac552b1a12541030049bff5532ea45609fb72 2aaa914d5c270e26419af29c4d5cee8f1db310dab49e771840b966baf5943a0f
CLIENT_TRAFFIC_SECRET_0 3a79efa42af7cc506cfa25b3b69ac552b1a12541030049bff5532ea45609fb72 afa387ae3269c08c0fe1ea7b23922ce19dcaeec2e02ceea22d4711978eb6cd27
SERVER_HANDSHAKE_TRAFFIC_SECRET 39074cff8f27d2cf7ada0715b792849af3d5e364ffd49ad7eef3e285e75d0679 04d5934686ef80aac00d810796ae2c2f5ea8c7fc8b40d10c04c80bd803b78bd0
CLIENT_HANDSHAKE_TRAFFIC_SECRET 39074cff8f27d2cf7ada0715b792849af3d5e364ffd49ad7eef3e285e75d0679 652ec82036e319ec4769cab3a8673e56ff099db922a24e16cc3f4811621a2d0f
SERVER_TRAFFIC_SECRET_0 39074cff8f27d2cf7ada0715b792849af3d5e364ffd49ad7eef3e285e75d0679 467bb892aee1a80fd8d9793c2c3cafb99f034e86c9d8faa2d321d89aa7146036
CLIENT_TRAFFIC_SECRET_0 39074cff8f27d2cf7ada0715b792849af3d5e364ffd49ad7eef3e285e75d0679 ef4a5eb7e1c767e0521db3165ab62265e34d74907d418c11292923157e40f909
SERVER_HANDSHAKE_TRAFFIC_SECRET e2db505abb327563063969e85c4542d154f85d7ecbabc5529d5d107e0ac9c02b 49fd5fdd55c62e8c6f503be1971a3e40cc6189e9d4e5d2b29b8128a802e08f84
CLIENT_HANDSHAKE_TRAFFIC_SECRET e2db505abb327563063969e85c4542d154f85d7ecbabc5529d5d107e0ac9c02b 1adcb09dc7d2237b8809083b79462372b6d4dd7e9b058bc08836f563ed3f9c42
SERVER_TRAFFIC_SECRET_0 e2db505abb327563063969e85c4542d154f85d7ecbabc5529d5d107e0ac9c02b 2a804d73cc310174f26e2561661eb5bc81d0b53df65a3bf279613232a41bb2b6
CLIENT_TRAFFIC_SECRET_0 e2db505abb327563063969e85c4542d154f85d7ecbabc5529d5d107e0ac9c02b a35a3d09cad3737c27210a0afec3f8b827d44abff9fa7738347beffeb2150a8e
SERVER_HANDSHAKE_TRAFFIC_SECRET 7065c4afe6980dbfa8065a6fa596eefb6e98b1bf03d4f3cae2eec6f949861876 164f933d9a8846b05341b30a992039d68f2e685b8def9e3fa128bdd3f42bc421
CLIENT_HANDSHAKE_TRAFFIC_SECRET 7065c4afe6980dbfa8065a6fa596eefb6e98b1bf03d4f3cae2eec6f949861876 e9f9e2a80d8ae90ed9ab6fc0d9849aab8c9232e0c3dbc701d5a88daa75686b84
SERVER_TRAFFIC_SECRET_0 7065c4afe6980dbfa8065a6fa596eefb6e98b1bf03d4f3cae2eec6f949861876 694957dbc26e38729fa218aeeb2ee0c120a8184875b887a74f5949d4fd6faafa
CLIENT_TRAFFIC_SECRET_0 7065c4afe6980dbfa8065a6fa596eefb6e98b1bf03d4f3cae2eec6f949861876 6631e1097b0085f32386027795c2c7df633d49c567e59ed994ec78c9dce7f180
SERVER_HANDSHAKE_TRAFFIC_SECRET 3cca4f317f195a33c2b0337abe99a2ca222a1ce2a32d647624e54bcb8c8d6052 cfdf0ff71b32cc195da1a0e209275bfdc9e4d435b5ee6abc1679873184fc374a
CLIENT_HANDSHAKE_TRAFFIC_SECRET 3cca4f317f195a33c2b0337abe99a2ca222a1ce2a32d647624e54bcb8c8d6052 199f87b76d0b95d13e51ada96a65ff18cbbcb26d19cd8b1530aac3a2ddb823a0
SERVER_TRAFFIC_SECRET_0 3cca4f317f195a33c2b0337abe99a2ca222a1ce2a32d647624e54bcb8c8d6052 6780e3a72dd730503455fa65e3abcb6c240ee9eee6130e5f4113e23b601e4326
CLIENT_TRAFFIC_SECRET_0 3cca4f317f195a33c2b0337abe99a2ca222a1ce2a32d647624e54bcb8c8d6052 8182da9ee195e80052ca5a5b159ec3b969862776a3b1765acc03649ed016be5f
SERVER_HANDSHAKE_TRAFFIC_SECRET 353f948892d256eaa61e334785167bd75ea7fddba92d51e086b3b4822b74f0b2 c4ebd0bddadd351bf33edc92d378f549d7656cfec9f162d3c83071d534bb609e
CLIENT_HANDSHAKE_TRAFFIC_SECRET 353f948892d256eaa61e334785167bd75ea7fddba92d51e086b3b4822b74f0b2 4d67309f76d91fdafc5c6598a1f5a959aa0a5d3a617bef6d92894b2f82d5e631
SERVER_TRAFFIC_SECRET_0 353f948892d256eaa61e334785167bd75ea7fddba92d51e086b3b4822b74f0b2 55e0b28fdeba943d7aafd297260acd82331a1af8c9bab2856bad5fab7c319b0c
CLIENT_TRAFFIC_SECRET_0 353f948892d256eaa61e334785167bd75ea7fddba92d51e086b3b4822b74f0b2 f1414aec9b7f7572944b97b6043807eb59cf51d564dc57a9291937e6516126cc
SERVER_HANDSHAKE_TRAFFIC_SECRET a604560558a11cafbfc9c7bc8d3ff1592e32504c07cb6bf05bca720a4dd03b85 a74ceae76fceedeaf92a92f94ed4dc40ab458a42821020468a38545694e5219c
CLIENT_HANDSHAKE_TRAFFIC_SECRET a604560558a11cafbfc9c7bc8d3ff1592e32504c07cb6bf05bca720a4dd03b85 93bed45503331311a19565e07f2164c4d33a65ce54b40b9807fc87bb9b8b6306
SERVER_TRAFFIC_SECRET_0 a604560558a11cafbfc9c7bc8d3ff1592e32504c07cb6bf05bca720a4dd03b85 6c56933372a98d01b49c7d14640fa567d278709f0114b3da02a537c72557ffb6
CLIENT_TRAFFIC_SECRET_0 a604560558a11cafbfc9c7bc8d3ff1592e32504c07cb6bf05bca720a4dd03b85 0e33c582fc039dc624357117109433c6f6c861647cb01ae1b7055eac94c570cd
SERVER_HANDSHAKE_TRAFFIC_SECRET f51e8c821be85bde8031227e247f75af7502d32b04a1f6605017dd7cd8836f31 e264c1478622997cd90c91a7268cbcda145f240883f88b67d8c9f35dab845a9f
CLIENT_HANDSHAKE_TRAFFIC_SECRET f51e8c821be85bde8031227e247f75af7502d32b04a1f6605017dd7cd8836f31 a23fcbd63912f56fd529d75159fb3a1dcdde22e0c7652b784a2f3b4ebe7f622f
SERVER_TRAFFIC_SECRET_0 f51e8c821be85bde8031227e247f75af7502d32b04a1f6605017dd7cd8836f31 c07a625d8c19e167ba874461a84bb4cd150a6221f172c2db2cc6b20ad76bea80
CLIENT_TRAFFIC_SECRET_0 f51e8c821be85bde8031227e247f75af7502d32b04a1f6605017dd7cd8836f31 d5e1ebc18f434e594a2338f3c74b1b37f89a6567c2767b2bdf50b7d95014e01b
SERVER_HANDSHAKE_TRAFFIC_SECRET 4e7e1aee8360dd71aa0af2245918da64b054d3a9ddc2a959b253a63f391db581 b42d7979c46412df06af670eeba7fe7a8402036f6d87ec1211a8c750e3b108d4
CLIENT_HANDSHAKE_TRAFFIC_SECRET 4e7e1aee8360dd71aa0af2245918da64b054d3a9ddc2a959b253a63f391db581 d1795d1f092e4ca447e0a822934dda630925e7cb073089cf41fd39a00a3da00f
SERVER_TRAFFIC_SECRET_0 4e7e1aee8360dd71aa0af2245918da64b054d3a9ddc2a959b253a63f391db581 22b05e176b644d12f136896b90b4d445a35adace6dde261b64be7aa90d6c9955
CLIENT_TRAFFIC_SECRET_0 4e7e1aee8360dd71aa0af2245918da64b054d3a9ddc2a959b253a63f391db581 d2fd87c647de7163d550c3d0f0e10c55c8cec2c6e0d83bd1b2cbaea53e1992c9
SERVER_HANDSHAKE_TRAFFIC_SECRET fb6f8fe8f593fad06f220cac9e7105c759b5ab08696d834e1f3a52617f66b4b8 e1db4da97df1ac530b7b0424c159c52a202e9c3752aee06a4cb0ecea1fe616ea
CLIENT_HANDSHAKE_TRAFFIC_SECRET fb6f8fe8f593fad06f220cac9e7105c759b5ab08696d834e1f3a52617f66b4b8 a59bae26d2e25bce22d65ae331bf7e0b302e05fd3fcf3673de1d90d018376713
SERVER_TRAFFIC_SECRET_0 fb6f8fe8f593fad06f220cac9e7105c759b5ab08696d834e1f3a52617f66b4b8 e7ef0d77eaf02a29c5f26f95fe7b0ffc11b60be10428cff68630e0cea5145d39
CLIENT_TRAFFIC_SECRET_0 fb6f8fe8f593fad06f220cac9e7105c759b5ab08696d834e1f3a52617f66b4b8 a15c421ce1fc92c81e049bd1d51447efa22075287e522fdd1e42701ff2d57499
SERVER_HANDSHAKE_TRAFFIC_SECRET 98c0ac61bd04a6bce8710f1fc09667a7b63995df584443c454a2f390e9b07c47 63ce942f7902410388ec054abd310fa442e27519bad575d86082741ed3f3880f
CLIENT_HANDSHAKE_TRAFFIC_SECRET 98c0ac61bd04a6bce8710f1fc09667a7b63995df584443c454a2f390e9b07c47 890ed3b2fb6402eb38d83db7ee852384657809ad81c919d28b2a4cd11dc9b939
SERVER_TRAFFIC_SECRET_0 98c0ac61bd04a6bce8710f1fc09667a7b63995df584443c454a2f390e9b07c47 1b4deaaf7255f958bcf799e0805d6a17c60a6c72b4ac3a68ab0ea1953a76ba84
CLIENT_TRAFFIC_SECRET_0 98c0ac61bd04a6bce8710f1fc09667a7b63995df584443c454a2f390e9b07c47 6bd6fdff3204c4d75f5e28322629ce4e5ab002cf87ccde1e5521ad9a1efd9c0e
SERVER_HANDSHAKE_TRAFFIC_SECRET 2181cd8714305fbe2fe227f43aff908be08be7a470b3c8bc43439ea60327ebc9 6da7e459593bfbd00d6ca841fe5273df1b6641756c39f4d7e49c00f722964076
CLIENT_HANDSHAKE_TRAFFIC_SECRET 2181cd8714305fbe2fe227f43aff908be08be7a470b3c8bc43439ea60327ebc9 37ed5a8b218bc87fd53d0667f4bcd8ae5639b9473b59a2822a30dadbe5fe683b
SERVER_TRAFFIC_SECRET_0 2181cd8714305fbe2fe227f43aff908be08be7a470b3c8bc43439ea60327ebc9 f7d831c145df167937f03e74864fa452cdb6c630cf21c14f8ce903654815a27a
CLIENT_TRAFFIC_SECRET_0 2181cd8714305fbe2fe227f43aff908be08be7a470b3c8bc43439ea60327ebc9 ca1ca18986e34fb29e7073f6c1d752b7f686fe16a75d544fba250fcee68ea0a9
SERVER_HANDSHAKE_TRAFFIC_SECRET 3b91e5845520ef9126d64bfb82ac20d52cb529ca74650232180de5e76e19f327 e0c11d4544329c23e6618637b9b9e513e14c1a4d35600e6695d6f1abfd3e7e9a
CLIENT_HANDSHAKE_TRAFFIC_SECRET 3b91e5845520ef9126d64bfb82ac20d52cb529ca74650232180de5e76e19f327 13e26ff76fdb1a645b032ac9c2f6a5f1694b7748318b651544ce3af8d1d320ee
SERVER_TRAFFIC_SECRET_0 3b91e5845520ef9126d64bfb82ac20d52cb529ca74650232180de5e76e19f327 e3c67e706be19b4a55f540d07f391ca7a98efc982af27a64fd1277eb2312fce5
CLIENT_TRAFFIC_SECRET_0 3b91e5845520ef9126d64bfb82ac20d52cb529ca74650232180de5e76e19f327 fbff806f16aeadd091d2b7ed86b711507856e7e0a60f7028ee591fb74153487c
SERVER_HANDSHAKE_TRAFFIC_SECRET 4961cea2df1b5b399d98d02042c59595d9e4cd6f45bd71f00fedb01835eae374 da323ccd372f88d92aa9c0c00e7be75929205f39ceba6357618a85a410387ff2
CLIENT_HANDSHAKE_TRAFFIC_SECRET 4961cea2df1b5b399d98d02042c59595d9e4cd6f45bd71f00fedb01835eae374 e8c13954c2a064209c8876ad57b356154b7f2f90b6b2e7dd2ad9b863ce336d2e
SERVER_TRAFFIC_SECRET_0 4961cea2df1b5b399d98d02042c59595d9e4cd6f45bd71f00fedb01835eae374 89ca5fc92419629862cbd60374abc51494d4fd7c87deaedc5271de956b7d42a0
CLIENT_TRAFFIC_SECRET_0 4961cea2df1b5b399d98d02042c59595d9e4cd6f45bd71f00fedb01835eae374 c09b2a2c75a445ea14111cfbab3255d5af5d0735cab40657cbd4d929b082c1cf
SERVER_HANDSHAKE_TRAFFIC_SECRET c34feddb9b3edb05db95c0b3a34d598fbda135d2dd797951a3eca1a98d6e391d f6142fe8b095dcdfabe08587d83727ab0d4c162d24d1f0aa9683d58b3f4ad23a
CLIENT_HANDSHAKE_TRAFFIC_SECRET c34feddb9b3edb05db95c0b3a34d598fbda135d2dd797951a3eca1a98d6e391d c580e84bb7d292b41e1bfa205411abf09ee05aa67d7f867ef2cf531b7ad83987
SERVER_TRAFFIC_SECRET_0 c34feddb9b3edb05db95c0b3a34d598fbda135d2dd797951a3eca1a98d6e391d 6bc6c5b19a5c0fad3515b7868e33e755fb470cd0cf6a28e307daa91bdb929f62
CLIENT_TRAFFIC_SECRET_0 c34feddb9b3edb05db95c0b3a34d598fbda135d2dd797951a3eca1a98d6e391d 1f967da0ecb24da1ac852765b8b8cd7d193758605903b0d11d70873dfcf7f5d1
SERVER_HANDSHAKE_TRAFFIC_SECRET 9e39e306b949aec47e244b4d5ec89b67101cbd1e3157e420c0338dc326126ed0 6b0389a65dcea19839bda5d07f5642bdfecbd46c2f80da166a7c22de11a8ceea
CLIENT_HANDSHAKE_TRAFFIC_SECRET 9e39e306b949aec47e244b4d5ec89b67101cbd1e3157e420c0338dc326126ed0 3e7d589e7166f9eee3568db02e96d54d0c9f8d824dd9d48bbf26159d5cede2d6
SERVER_TRAFFIC_SECRET_0 9e39e306b949aec47e244b4d5ec89b67101cbd1e3157e420c0338dc326126ed0 8dafb50b99d1047c610a3037a457a015beb7c13b88e5def89ff0942d201d05f5
CLIENT_TRAFFIC_SECRET_0 9e39e306b949aec47e244b4d5ec89b67101cbd1e3157e420c0338dc326126ed0 a6fc04681fce430a92bfc17d0676ed7bd65615240563ed879e38386b93e85000
SERVER_HANDSHAKE_TRAFFIC_SECRET 54eb2478f5857259dba2e8e24700754fdc4ca1d0f882f9a0e47ae8868aa56b7e c8745feabeef67977d3c3903353eae863373011449f84f502ba644c34d8f9b5c
CLIENT_HANDSHAKE_TRAFFIC_SECRET 54eb2478f5857259dba2e8e24700754fdc4ca1d0f882f9a0e47ae8868aa56b7e 1634462328f0e74cef5c58e6ea9f16254528fe81ee2ba9c3bc27190ca84f8032
SERVER_TRAFFIC_SECRET_0 54eb2478f5857259dba2e8e24700754fdc4ca1d0f882f9a0e47ae8868aa56b7e 81e5edf701c1732973d9ea4219765fc92c08dabe3f1a7f811efc01159b5fbdb9
CLIENT_TRAFFIC_SECRET_0 54eb2478f5857259dba2e8e24700754fdc4ca1d0f882f9a0e47ae8868aa56b7e 27abdb382c5a44afe7411f267a6aab74e4f53a23aa1421df7624c46afa74d482
SERVER_HANDSHAKE_TRAFFIC_SECRET 9ce5f7930e125e35e2f931ded9b7501371f7a959bcb342ac8e4d08b1aef2c957 4ab01105c001d309ec2c48aba1bf78d9be9b6b856bb50c734346f037ebe45a8c
CLIENT_HANDSHAKE_TRAFFIC_SECRET 9ce5f7930e125e35e2f931ded9b7501371f7a959bcb342ac8e4d08b1aef2c957 359b82e26957883e92cb83a46aa8f4af41a8df7477f919609b61e9a889679812
SERVER_TRAFFIC_SECRET_0 9ce5f7930e125e35e2f931ded9b7501371f7a959bcb342ac8e4d08b1aef2c957 f3b5cf7c1af5b09c4856c82cf79e199d3168ab61dda948dacb2945bec78bbce2
CLIENT_TRAFFIC_SECRET_0 9ce5f7930e125e35e2f931ded9b7501371f7a959bcb342ac8e4d08b1aef2c957 247ef0c8a075aec5ba200f2d7f29ad1052f44ccda5957bde0b42d8a31673a4fc
SERVER_HANDSHAKE_TRAFFIC_SECRET 11697eba76b5c860d5d62631ee7e90c10afb86e32721ba5d111d93bdfd3f974a 1b19fbfe1b795632082641905199c01fbe179d953f492ed6494dca35a04ed880
CLIENT_HANDSHAKE_TRAFFIC_SECRET 11697eba76b5c860d5d62631ee7e90c10afb86e32721ba5d111d93bdfd3f974a 283a5be35ab471731fbe0a8a0dc77cd0f089b0adcfe20d81d531044ceea6932d
SERVER_TRAFFIC_SECRET_0 11697eba76b5c860d5d62631ee7e90c10afb86e32721ba5d111d93bdfd3f974a 2ea1fd09ac17b87a9edc55b91196e8b1ba72979e08780367755b3b2c9a85b21b
CLIENT_TRAFFIC_SECRET_0 11697eba76b5c860d5d62631ee7e90c10afb86e32721ba5d111d93bdfd3f974a 77b9723a515cb227d6bae20d5fb3aa1db535cee4a3ff6bfc8227149ed518f85a
SERVER_HANDSHAKE_TRAFFIC_SECRET e016c487eb4d3b18ea22634ffa809c7452f5a5387c81c640a2e8835af980adb1 a8826cbcccf7deae82c2b676182a00432a13ac1b6c6767f506b259fd96e63934
CLIENT_HANDSHAKE_TRAFFIC_SECRET e016c487eb4d3b18ea22634ffa809c7452f5a5387c81c640a2e8835af980adb1 728d540a17ece56838a6714d43d01147f7b1a497e1ac8f05cc2aecb0998ec3af
SERVER_TRAFFIC_SECRET_0 e016c487eb4d3b18ea22634ffa809c7452f5a5387c81c640a2e8835af980adb1 0a88ccffcae9d88a0d57514411a74bc91cd6bb108f62ab3d7517957b5628c826
CLIENT_TRAFFIC_SECRET_0 e016c487eb4d3b18ea22634ffa809c7452f5a5387c81c640a2e8835af980adb1 5bfc353ecb960e1b381669eb76ef51eb76972d6ac939ea895756f5aaf9df8dd7
SERVER_HANDSHAKE_TRAFFIC_SECRET 44629956a3ae0b0ff90603f7f7a45597961ac52181a98cdc8923e50341b5d996 b254dc848eb97eef59c6ade69f48bffbaa5198ee6b9008f6ec2a01f0d3e75e4d
CLIENT_HANDSHAKE_TRAFFIC_SECRET 44629956a3ae0b0ff90603f7f7a45597961ac52181a98cdc8923e50341b5d996 85e2d713986c8a2741f41946ecaee944e404a2f98753bca4fc896a89fb41faf9
SERVER_TRAFFIC_SECRET_0 44629956a3ae0b0ff90603f7f7a45597961ac52181a98cdc8923e50341b5d996 638d81f06e8d2a387c7986aa5e99cb34eacd2fb09f78c0dcbca8e7f95630d8da
CLIENT_TRAFFIC_SECRET_0 44629956a3ae0b0ff90603f7f7a45597961ac52181a98cdc8923e50341b5d996 b714b16e486413d14457202739d21a9b1667f45e92bbc090f93e10654b0635bd
SERVER_HANDSHAKE_TRAFFIC_SECRET 1a5917d790f5e22fcdb3d19fa7e1981d7c0b058afb7d8f053dee076da1b401a7 c04d0b74409c07ad503ababba4a001ad1b5b5e65f3bb33ad309ea6649c78025b
CLIENT_HANDSHAKE_TRAFFIC_SECRET 1a5917d790f5e22fcdb3d19fa7e1981d7c0b058afb7d8f053dee076da1b401a7 f0aee1164eba26af01983f1ce1ec07c233366a4c5987550f49af684394451f78
SERVER_TRAFFIC_SECRET_0 1a5917d790f5e22fcdb3d19fa7e1981d7c0b058afb7d8f053dee076da1b401a7 f908587f0374768888669ca443ac125af101cd58c3cc3d857577088163814359
CLIENT_TRAFFIC_SECRET_0 1a5917d790f5e22fcdb3d19fa7e1981d7c0b058afb7d8f053dee076da1b401a7 1dc52845992cbcbd3b0e071c8414465959a62f3f6734680d2611cf35ffac81c8
SERVER_HANDSHAKE_TRAFFIC_SECRET ada512d8522f0ab2b8cfa67bc805fe1d7e161107101bced211341e16e07712bd 709e5735ff8f4f67546b0fbd48cb0b222a2a6045f7463ab532ba52743de8e1e8
CLIENT_HANDSHAKE_TRAFFIC_SECRET ada512d8522f0ab2b8cfa67bc805fe1d7e161107101bced211341e16e07712bd 84a93c8a29bf96809de80a4532ec2dd9cdded7458afdf6b49f5e07a8eabd4781
SERVER_TRAFFIC_SECRET_0 ada512d8522f0ab2b8cfa67bc805fe1d7e161107101bced211341e16e07712bd 677aac2d1002045bd13ef6ab5d9749d5a743f59794e9364241b02e983cf5250c
CLIENT_TRAFFIC_SECRET_0 ada512d8522f0ab2b8cfa67bc805fe1d7e161107101bced211341e16e07712bd 2216857ee12a9fd84829f050b9fec611a28b3d1ab28ee4fd93b251c4fe6c3513
SERVER_HANDSHAKE_TRAFFIC_SECRET 3fe397f0e8cea25e58182e3360d90b646267d334a9c7385153d93d4a1fac26a7 f408cefaef5829c1999a3c692426cfadfaa7cebf6c4657b3c2cb8f1c5932f33c
CLIENT_HANDSHAKE_TRAFFIC_SECRET 3fe397f0e8cea25e58182e3360d90b646267d334a9c7385153d93d4a1fac26a7 eb3690becf925bd81dea832744686861743e5c439f44e8aee32a6419ad3e94d6
SERVER_TRAFFIC_SECRET_0 3fe397f0e8cea25e58182e3360d90b646267d334a9c7385153d93d4a1fac26a7 696fd40b521bf6dacd449e4618c39633201c969f686c2d716cf2ca46d00cfe9c
CLIENT_TRAFFIC_SECRET_0 3fe397f0e8cea25e58182e3360d90b646267d334a9c7385153d93d4a1fac26a7 8cab8e7260c361ac584b20122ebb5453402ebf8d1b0e596c246a2e3585cbaad1
SERVER_HANDSHAKE_TRAFFIC_SECRET c8f6201dfe4328adcbe94f1c7cf276656fd0ffaf92402646ffcd4b1d2cb9c300 b175d03b64c8db9483a6778da389aa941042c9055afc25e0e7b2aba797769885
CLIENT_HANDSHAKE_TRAFFIC_SECRET c8f6201dfe4328adcbe94f1c7cf276656fd0ffaf92402646ffcd4b1d2cb9c300 b2248b419f6bd72a409b8e28d557f8fd6c2fc6cdb26ce09ee8140c9e88489b2c
SERVER_TRAFFIC_SECRET_0 c8f6201dfe4328adcbe94f1c7cf276656fd0ffaf92402646ffcd4b1d2cb9c300 a4fc2b3ef4fb4c72e47d9b5a1b7f3c04bc6075069d8babe94d8b5f55d8163ad2
CLIENT_TRAFFIC_SECRET_0 c8f6201dfe4328adcbe94f1c7cf276656fd0ffaf92402646ffcd4b1d2cb9c300 8c7ab3dba885791184d96d8e7f62eec1c61860c85094309bd95eff70a88373e7
SERVER_HANDSHAKE_TRAFFIC_SECRET 15b6e3bd7b86611b12c2094312231cad4afb9d220a9e818c7ab4e51a881641f6 2751aeb836194dac9f4b6861c7f43cb6fdc9edeaaf1dddf94276a261dc8fa33f
CLIENT_HANDSHAKE_TRAFFIC_SECRET 15b6e3bd7b86611b12c2094312231cad4afb9d220a9e818c7ab4e51a881641f6 e973aa3f47c20471a66738318dc8f87ea53c95e7ef2caaef8482a453a33d0f36
SERVER_TRAFFIC_SECRET_0 15b6e3bd7b86611b12c2094312231cad4afb9d220a9e818c7ab4e51a881641f6 3cd94f3ed1d93661164daa445d1a6c1fcae0fe9bfa1fe37668bc2da0614959b8
CLIENT_TRAFFIC_SECRET_0 15b6e3bd7b86611b12c2094312231cad4afb9d220a9e818c7ab4e51a881641f6 cb1bd5610a0a4fb4bbd8159f46d74bd74f9d807e6514a2b9aa53856c963930ca
SERVER_HANDSHAKE_TRAFFIC_SECRET 06aebe7d902920ea7bcff06a474b48bc572f9d6a049151dbd0a181ef5d5319bc c33dc26c3ecc9dbd45abf14eda0a47832370dd959434898850ef7862658b53f2
CLIENT_HANDSHAKE_TRAFFIC_SECRET 06aebe7d902920ea7bcff06a474b48bc572f9d6a049151dbd0a181ef5d5319bc 1922286a3a719270c2d2861f331a0b9592706567ae1522ab3970b2090315fdb9
SERVER_TRAFFIC_SECRET_0 06aebe7d902920ea7bcff06a474b48bc572f9d6a049151dbd0a181ef5d5319bc d9fd1345d8210d2f2325dee2f23f33447c0cbc598a0d9e82f3b5e1f6e3414a5e
CLIENT_TRAFFIC_SECRET_0 06aebe7d902920ea7bcff06a474b48bc572f9d6a049151dbd0a181ef5d5319bc 85a99a6c4b8aa67137e901504ae3d337653c3c3864fc88b9e4c08b0b46ac3f77
SERVER_HANDSHAKE_TRAFFIC_SECRET 8f7902b29218b9d102522bb846333629d2b263d408d78427466d3f9530162f30 710e4b66d3a266119fb111e4b315553ed083b033275b0cca6b9871054b416682
CLIENT_HANDSHAKE_TRAFFIC_SECRET 8f7902b29218b9d102522bb846333629d2b263d408d78427466d3f9530162f30 d9876246a39b86336be69c3091f4f364bdb52567ab32fe2929a263e94b98d1b6
SERVER_TRAFFIC_SECRET_0 8f7902b29218b9d102522bb846333629d2b263d408d78427466d3f9530162f30 1261d90b4378ac9f3e0c969548fc1b5e31237df45ded3f6abd9c982cd2ae14e6
CLIENT_TRAFFIC_SECRET_0 8f7902b29218b9d102522bb846333629d2b263d408d78427466d3f9530162f30 6d24711f69e9065f403bf196320bf00e9f4c74e86f7422a9d05358886d7eac78
SERVER_HANDSHAKE_TRAFFIC_SECRET 17571bfc4304d12714df47080542be47976b7c740545fedfb6a34edeb965e370 69cc19c4d6e90686b35c2def646f6872e8ea331e651f2c33db4637ffbf3db00d
CLIENT_HANDSHAKE_TRAFFIC_SECRET 17571bfc4304d12714df47080542be47976b7c740545fedfb6a34edeb965e370 0a637c6b22b95f128bceb9d64f65bd34d11bc3cbab4a36d21e76ce018f91d961
SERVER_TRAFFIC_SECRET_0 17571bfc4304d12714df47080542be47976b7c740545fedfb6a34edeb965e370 52d98bee143d038d05a4f7462f6c9feb7ec7f33d60f030d66c6023705fd7bbb3
CLIENT_TRAFFIC_SECRET_0 17571bfc4304d12714df47080542be47976b7c740545fedfb6a34edeb965e370 3d85c358a38fcc34a8d748a0caf602bb7d11219f53909a4f544e083654a28bba
SERVER_HANDSHAKE_TRAFFIC_SECRET 00f9207244abb9b8a67477121b9e2100b2cd7e91ea9162e773ea29b746676a16 5edeabda83d0a2c7f792a2ad7354f37e95f727b23ccc79260d4fc6e59a99dea8
CLIENT_HANDSHAKE_TRAFFIC_SECRET 00f9207244abb9b8a67477121b9e2100b2cd7e91ea9162e773ea29b746676a16 023e4f7e9c62f0af6fbe696f13002afc23b42bbb543085061ccd5db66ab5b800
SERVER_TRAFFIC_SECRET_0 00f9207244abb9b8a67477121b9e2100b2cd7e91ea9162e773ea29b746676a16 9a9a49cb5ca69e9ba9807dbbfed58d4ef7c04254d800ecfe107231e577b5a17f
CLIENT_TRAFFIC_SECRET_0 00f9207244abb9b8a67477121b9e2100b2cd7e91ea9162e773ea29b746676a16 edc5805058d07ce12725e02bbdf0e0538b9653f3dbe314d0ccff904bf5cbbaf6
SERVER_HANDSHAKE_TRAFFIC_SECRET f16fbd0746b15392d065e3d7acfc2782e5bbe77fe0c7a9925a7cfc6d8e4a6d8c 8fb9c013f081291b7d8c662f69bb28092b9205c974a678850c61ff0eb052edcf
CLIENT_HANDSHAKE_TRAFFIC_SECRET f16fbd0746b15392d065e3d7acfc2782e5bbe77fe0c7a9925a7cfc6d8e4a6d8c bdbca72e71f717cab13a27d84f62cf582f2a7bee12aeb45116aa0ec82cc888df
SERVER_TRAFFIC_SECRET_0 f16fbd0746b15392d065e3d7acfc2782e5bbe77fe0c7a9925a7cfc6d8e4a6d8c d7260664056b8dcdb0cc0c4d452a976f948d97aafbf52d7d30bda07efc670f29
CLIENT_TRAFFIC_SECRET_0 f16fbd0746b15392d065e3d7acfc2782e5bbe77fe0c7a9925a7cfc6d8e4a6d8c 1f78567f78842f291811ad493d38176d011a8cccd99376200eeec10c4c1bacfe
SERVER_HANDSHAKE_TRAFFIC_SECRET 74dbb6966774f72daee32c6a5a07814049b2935afb71f3427e5c587c7b816a0d aa592d365611152cdd214079fc8ca9a9186aea5f51a02a197127a3b67ced18b5
CLIENT_HANDSHAKE_TRAFFIC_SECRET 74dbb6966774f72daee32c6a5a07814049b2935afb71f3427e5c587c7b816a0d 02cdb64eef281c6d6b1825478afdf09f84b53f554d1bb3125ba9522fdcd26520
SERVER_TRAFFIC_SECRET_0 74dbb6966774f72daee32c6a5a07814049b2935afb71f3427e5c587c7b816a0d 32c561ef2d7429d899128773c78511f9d3d2cd0c477db66adc12c2afa059c038
CLIENT_TRAFFIC_SECRET_0 74dbb6966774f72daee32c6a5a07814049b2935afb71f3427e5c587c7b816a0d b9f0721affb610c67339266609f926e0268bec5fe9ca41397c32ca4036d41966
SERVER_HANDSHAKE_TRAFFIC_SECRET f1fa5e3f65d4734aa3b9cfbff2e72090e50bcdba474324a00cb099b471b09892 3ec3ffec3475317ebee8d9e4c57aa2a616539024a595c69207497d1e11e75986
CLIENT_HANDSHAKE_TRAFFIC_SECRET f1fa5e3f65d4734aa3b9cfbff2e72090e50bcdba474324a00cb099b471b09892 2fa3aa4778fec08887a87e05990e03d62cea2b0cfa0d3fb91e3942c0cc43e692
SERVER_TRAFFIC_SECRET_0 f1fa5e3f65d4734aa3b9cfbff2e72090e50bcdba474324a00cb099b471b09892 ad6e190d6096ffcc0cdbc7e8d3570d6ae1adf887566711273b52b054e7bd967b
CLIENT_TRAFFIC_SECRET_0 f1fa5e3f65d4734aa3b9cfbff2e72090e50bcdba474324a00cb099b471b09892 9bd40376c64dd39caf0d82ae2585447ebd4acbc8af3fe5bdfdf4950a98d1193f
SERVER_HANDSHAKE_TRAFFIC_SECRET 6cb4377a2effb86316f2739acb3f3a91df26ae571555382f88c57bb5f3acd4b2 1ef61f0af55bb4f3dd9324ad2dc0b2d8eb4f644e68bbc23a722e2b55c238515e
CLIENT_HANDSHAKE_TRAFFIC_SECRET 6cb4377a2effb86316f2739acb3f3a91df26ae571555382f88c57bb5f3acd4b2 f298642c255e7a8b31d4d4506f1bb6c96b35d1839d7d6d18c8309d7b1eccd79b
SERVER_TRAFFIC_SECRET_0 6cb4377a2effb86316f2739acb3f3a91df26ae571555382f88c57bb5f3acd4b2 7829a6145e6e53569e3e2b9fd5e3495a437199a3e00d7d182956bcbcf15d5cbe
CLIENT_TRAFFIC_SECRET_0 6cb4377a2effb86316f2739acb3f3a91df26ae571555382f88c57bb5f3acd4b2 66a7456fc9062cf9692e3cbfc475df40d23159728fa8d40bd9f23dc9289ff1df
SERVER_HANDSHAKE_TRAFFIC_SECRET cc530be3f6562959eee7b5d9f87b4895d19c6b9bc26102522cbace78fe4dbcba bbd0eea86995382df17bd8544a08bb2c15270b494115cc40d6b2bb322fc46fca
CLIENT_HANDSHAKE_TRAFFIC_SECRET cc530be3f6562959eee7b5d9f87b4895d19c6b9bc26102522cbace78fe4dbcba 27b6bb5efe59240832f880f4cf046c18d65e16504e92c141ae02f0e2e0d28374
SERVER_TRAFFIC_SECRET_0 cc530be3f6562959eee7b5d9f87b4895d19c6b9bc26102522cbace78fe4dbcba e56fbd375be554b39fd1658073862c6100a3ba40ae3104bbd7cc2a4468bde109
CLIENT_TRAFFIC_SECRET_0 cc530be3f6562959eee7b5d9f87b4895d19c6b9bc26102522cbace78fe4dbcba a0e8a036ace7f83a738d57435c5125e1c5ee1e25a18cba4e4f0d061e7b78d9bc
SERVER_HANDSHAKE_TRAFFIC_SECRET 576a8a472b14297c686f652d70b104f98e0f7d7c897cdf545d9d01ad23857a76 f5ffa3b9cd7a48e2677ccdfb134c94bfb4ca0a8bb551a6aac1d2dfdb5c84e96c
CLIENT_HANDSHAKE_TRAFFIC_SECRET 576a8a472b14297c686f652d70b104f98e0f7d7c897cdf545d9d01ad23857a76 9f25ba1ef82021db4e84939d93955aef3b3e98dc21a06f9fab1fbb4afe34a887
SERVER_TRAFFIC_SECRET_0 576a8a472b14297c686f652d70b104f98e0f7d7c897cdf545d9d01ad23857a76 45d90ae555653010b879e44188264e91d398ae915c1f7fa5ae243bff4fb1e963
CLIENT_TRAFFIC_SECRET_0 576a8a472b14297c686f652d70b104f98e0f7d7c897cdf545d9d01ad23857a76 a4e63bb39f50049875fbe23cf61ba3d092ec50119a046d8a3dbb10a0215b57dc
SERVER_HANDSHAKE_TRAFFIC_SECRET 5caef44e1a7d6fb2db59d552d81f912e253d02ccac97871856c9af9ae4ff634c 74ecb04870b440cb3d50c943c99e3797f677d45de1f46e6665847a0451be54ca
CLIENT_HANDSHAKE_TRAFFIC_SECRET 5caef44e1a7d6fb2db59d552d81f912e253d02ccac97871856c9af9ae4ff634c 0cc66b61fe277a92e7fe8b308dea5062500ec0a7c5c9584696bbd7454b767b8f
SERVER_TRAFFIC_SECRET_0 5caef44e1a7d6fb2db59d552d81f912e253d02ccac97871856c9af9ae4ff634c 95aaeab83bf9e5ca03562abd93d903b3946f3f4727539b4c58f1e88bc4d9c1ec
CLIENT_TRAFFIC_SECRET_0 5caef44e1a7d6fb2db59d552d81f912e253d02ccac97871856c9af9ae4ff634c f0f1038cea2888e3e666a03ad175d1a3a9478852200cf265da72de13a538e8ac
SERVER_HANDSHAKE_TRAFFIC_SECRET caf791c2f216fbb101e6d3d46c546c6836d59bcea2a0e8ea5f24b1cc99dec99e a68057a0cac905e38a837f260b271f9ddbb904fb745c228ffe0df8d9997f2b11
CLIENT_HANDSHAKE_TRAFFIC_SECRET caf791c2f216fbb101e6d3d46c546c6836d59bcea2a0e8ea5f24b1cc99dec99e ca98d2e9dd54406aa3ee9493b978ec74616f3a6993db5a3f656ac4637a24ebf0
SERVER_TRAFFIC_SECRET_0 caf791c2f216fbb101e6d3d46c546c6836d59bcea2a0e8ea5f24b1cc99dec99e dcfc2c1103d410cea3ab66bd89c23b274e65c04a045fb0d475210206b0f266b3
CLIENT_TRAFFIC_SECRET_0 caf791c2f216fbb101e6d3d46c546c6836d59bcea2a0e8ea5f24b1cc99dec99e be127d34e0724db8125963df94431bb0cfa731d78f7ebe7c5fe665bf35664bbe
SERVER_HANDSHAKE_TRAFFIC_SECRET 21800ea5bee5c65a2c10bc2eb0fe2f5f85f3ac2da3471365f1349eedfeb02acf fd39086508468308f8167f14a29b9c49850d78f4a3399ede020edf8fe118b0ff
CLIENT_HANDSHAKE_TRAFFIC_SECRET 21800ea5bee5c65a2c10bc2eb0fe2f5f85f3ac2da3471365f1349eedfeb02acf a59e38bf60028038fb07f4f451ed66614192885a9d0c6a84632ee252f707fa0a
SERVER_TRAFFIC_SECRET_0 21800ea5bee5c65a2c10bc2eb0fe2f5f85f3ac2da3471365f1349eedfeb02acf 48f49290ba9f274d0ec212ffecaae3572248bf6d2d227886b41270645f2d44f3
CLIENT_TRAFFIC_SECRET_0 21800ea5bee5c65a2c10bc2eb0fe2f5f85f3ac2da3471365f1349eedfeb02acf 9e211a0ac0b7f7d026173e2a2f76e4db9521c6e9a77a166f6b36ea41d9675340
SERVER_HANDSHAKE_TRAFFIC_SECRET 2ca69158c4354eb4c0d566486ed0dcff172761afbf8a1a13f1ea12af3495e8a5 d55944fb57042b7c8034e05c189c302f243456f2f25803a5fb15c135291a0167
CLIENT_HANDSHAKE_TRAFFIC_SECRET 2ca69158c4354eb4c0d566486ed0dcff172761afbf8a1a13f1ea12af3495e8a5 846e11fd9630c965e939e77c298f02d77c33e21b58db5617fd45067301c1319c
SERVER_TRAFFIC_SECRET_0 2ca69158c4354eb4c0d566486ed0dcff172761afbf8a1a13f1ea12af3495e8a5 040d2d0ee3f42d9200469cbdf362af173319523e211122e570660d4aa5459929
CLIENT_TRAFFIC_SECRET_0 2ca69158c4354eb4c0d566486ed0dcff172761afbf8a1a13f1ea12af3495e8a5 43d9a4689f2e264643ff7d9b90c1e009e04739851eea9f22a595dbd776cc6385
SERVER_HANDSHAKE_TRAFFIC_SECRET 8d7d39c1c408cc2620b94f97f209418a4438bfb58503a01f25e34ec894c6dd8b 277799a8231c5629bc0b8607a4fbc5096abe2ef57986fd77c22f522a8c2f3b4f
CLIENT_HANDSHAKE_TRAFFIC_SECRET 8d7d39c1c408cc2620b94f97f209418a4438bfb58503a01f25e34ec894c6dd8b 48f4864c3e8175fed88f01c023627be6eb118722956bd00f36734e881b2054bf
SERVER_TRAFFIC_SECRET_0 8d7d39c1c408cc2620b94f97f209418a4438bfb58503a01f25e34ec894c6dd8b 3d2b9738ced222ebd6e95abe927a56b5ba51568cafd1c28b3c453fef3faade73
CLIENT_TRAFFIC_SECRET_0 8d7d39c1c408cc2620b94f97f209418a4438bfb58503a01f25e34ec894c6dd8b 966c5fcaf2dce8fcf1ad18b4cb1f51e78cde3ab72eb4cae36f79451a08bbcd0b
SERVER_HANDSHAKE_TRAFFIC_SECRET 86f82c6903c7b6f0f72d3fa4d10c08881c58c15622b046bf29bc6e1c532bfbfe 2b4f3ba763f6d012798458b152964a24a8ad0e3496fe4dcce7aa37720f8ab1c1
CLIENT_HANDSHAKE_TRAFFIC_SECRET 86f82c6903c7b6f0f72d3fa4d10c08881c58c15622b046bf29bc6e1c532bfbfe 96b828107558744a7b7a1d01466161ffbf398ab520ae1ebc47669035cc5a859b
SERVER_TRAFFIC_SECRET_0 86f82c6903c7b6f0f72d3fa4d10c08881c58c15622b046bf29bc6e1c532bfbfe 2ff08392647893110139bd5186dbbd2bc591c62378a7bce6179a3aae04a67ace
CLIENT_TRAFFIC_SECRET_0 86f82c6903c7b6f0f72d3fa4d10c08881c58c15622b046bf29bc6e1c532bfbfe 958f4f03544efeb08826eb201a775c80104c279094a69cdf80fbf2cabfc60c7b
SERVER_HANDSHAKE_TRAFFIC_SECRET 5d9614888ceb3ae23fd244593a032e69f3b78342892e400d2a873ccc324f482c 206a9f11139c2b12c30c2c1b8d36f959e0b5c9b48a41d7e599f1d532b897de1c
CLIENT_HANDSHAKE_TRAFFIC_SECRET 5d9614888ceb3ae23fd244593a032e69f3b78342892e400d2a873ccc324f482c c2453d23953d368c83104abc11d48312233076c7b2cf9428d2fbfc837279e753
SERVER_TRAFFIC_SECRET_0 5d9614888ceb3ae23fd244593a032e69f3b78342892e400d2a873ccc324f482c 8c99195ef25196627834096aa2ce472906e5ad9933c2e5c8863cf422c9eb08b6
CLIENT_TRAFFIC_SECRET_0 5d9614888ceb3ae23fd244593a032e69f3b78342892e400d2a873ccc324f482c 3c3245056253c44748bc835286bacdc426af73b1624664570a9ed3e08a52d8f0
SERVER_HANDSHAKE_TRAFFIC_SECRET c806b50503a0cce0cc43debae32e2779452329f24e2e099d685fc3edcdde7af0 af2ebccd6d30cd950209ed40aff58e47a68d9aa507d2a7f1098689cfe881b0c8
CLIENT_HANDSHAKE_TRAFFIC_SECRET c806b50503a0cce0cc43debae32e2779452329f24e2e099d685fc3edcdde7af0 5344579503ee88910d17b2f901247fbc50cd4be530f8dd3fdf9d497efa098d06
SERVER_TRAFFIC_SECRET_0 c806b50503a0cce0cc43debae32e2779452329f24e2e099d685fc3edcdde7af0 c33dd201b181f2e1b6d6c2f2ebfa72f81e2e2437d670875370ad4e6110cec6b1
CLIENT_TRAFFIC_SECRET_0 c806b50503a0cce0cc43debae32e2779452329f24e2e099d685fc3edcdde7af0 6822d260f902806599f0538491a51490e5875454ffab975c4de8e3868214188a
SERVER_HANDSHAKE_TRAFFIC_SECRET 4ab3f4ee4edd082e0f065e6e43d1c8cc7037bbeba29735adeec794be8edb6c22 1d7ccfe0c023f41825cce8bca591be26b29098500d0e96b00859dcb363bfd7c7
CLIENT_HANDSHAKE_TRAFFIC_SECRET 4ab3f4ee4edd082e0f065e6e43d1c8cc7037bbeba29735adeec794be8edb6c22 56676b481d64fda1b7bf6b5a1aec6ad84e853ed9343a10c238bf19fd14eaa8fc
SERVER_TRAFFIC_SECRET_0 4ab3f4ee4edd082e0f065e6e43d1c8cc7037bbeba29735adeec794be8edb6c22 e653bb164cd380093aa818a9233a2d4dc7cac6ed9a8c33883c444abb8545d607
CLIENT_TRAFFIC_SECRET_0 4ab3f4ee4edd082e0f065e6e43d1c8cc7037bbeba29735adeec794be8edb6c22 2a980ece8270c310e8f8ee302b4db4a9d96a7aaa9f289be7bede5ef45c93fced
SERVER_HANDSHAKE_TRAFFIC_SECRET d633b8313971407aca8e8ba81bbab0f8a56106ccfc2232585b6778f76a3b8c6d f50a84ded6f9ebfd4edf9c99d3468923d200f8b72379e4d14c8e1292b0142f6b
CLIENT_HANDSHAKE_TRAFFIC_SECRET d633b8313971407aca8e8ba81bbab0f8a56106ccfc2232585b6778f76a3b8c6d 6ba3627bc669fe615dbccd57828777437558d75428fe48502bc471b22e0e0e8a
SERVER_TRAFFIC_SECRET_0 d633b8313971407aca8e8ba81bbab0f8a56106ccfc2232585b6778f76a3b8c6d 062b95c3f2631d3ef51d2d09c8b2ac564d5472698b7228b6da882fb1fd64ddfb
CLIENT_TRAFFIC_SECRET_0 d633b8313971407aca8e8ba81bbab0f8a56106ccfc2232585b6778f76a3b8c6d 8829dbdd20102bd85e366a14da600db09c9d9d1f86a9aac0e13dff9ea8e646f2
SERVER_HANDSHAKE_TRAFFIC_SECRET 96ebbf730d1e5c79b3e3fd49b0ba2dc556c602756c06b91442e54f02eba6e396 61067931471283af51381205db7bc108d7031c47e324e3479c956c3d45d57881
CLIENT_HANDSHAKE_TRAFFIC_SECRET 96ebbf730d1e5c79b3e3fd49b0ba2dc556c602756c06b91442e54f02eba6e396 7f7d5973358734e3601780cace2f3eafc34f374cfdefe24eefc7c7238a6ee9ec
SERVER_TRAFFIC_SECRET_0 96ebbf730d1e5c79b3e3fd49b0ba2dc556c602756c06b91442e54f02eba6e396 500930d9a5ceabb05d1cb8aa6d5d139795e92b8c315e11c6581e0c5dc1b07130
CLIENT_TRAFFIC_SECRET_0 96ebbf730d1e5c79b3e3fd49b0ba2dc556c602756c06b91442e54f02eba6e396 277467f1433704e989f094617f32de6f200d96dcf4b21f7d1966b67f6d5d40b3
SERVER_HANDSHAKE_TRAFFIC_SECRET 6b7022720324fc53ce7073cf865834c3dccbb52c442e64a3e5857e56ee67cc4a bd96faa582daaec40f0a8015ccc55ae26637429fbe6745960972be6cc5d0c21a
CLIENT_HANDSHAKE_TRAFFIC_SECRET 6b7022720324fc53ce7073cf865834c3dccbb52c442e64a3e5857e56ee67cc4a 8b6c90fa694dbb20091d58b14e0541b7bce60cd9e41d2efc6336aceddebab819
SERVER_TRAFFIC_SECRET_0 6b7022720324fc53ce7073cf865834c3dccbb52c442e64a3e5857e56ee67cc4a 0e8c211d59a75d143ce6af7bc49836d9706db58fe4eb586799bdb4c546839d9a
CLIENT_TRAFFIC_SECRET_0 6b7022720324fc53ce7073cf865834c3dccbb52c442e64a3e5857e56ee67cc4a 6cf6e29a87c5e9f1f48031570ad5e075baf7674223850f8e39d0f841e80a4887
SERVER_HANDSHAKE_TRAFFIC_SECRET 8e9d0e90ed8da9c162b768b5c149dcab0458c9fec118c56711af6e0847d69b2f d34db8111f3acf2ab6a2da533e6caff28b5213b5ba6dbc7eef2476907a139552
CLIENT_HANDSHAKE_TRAFFIC_SECRET 8e9d0e90ed8da9c162b768b5c149dcab0458c9fec118c56711af6e0847d69b2f ba834d85df0d0bcea56c87948a747766f20031f0bdf43cb602e787dd0a3d14a6
SERVER_TRAFFIC_SECRET_0 8e9d0e90ed8da9c162b768b5c149dcab0458c9fec118c56711af6e0847d69b2f 9214b291a92e59358b240698f392bdb8ada955ee3f3c7c60d1896170147f61d2
CLIENT_TRAFFIC_SECRET_0 8e9d0e90ed8da9c162b768b5c149dcab0458c9fec118c56711af6e0847d69b2f a25778422fe8c63d4a47874d28440356f17f357fa60e426ed89070dcd809b51d
SERVER_HANDSHAKE_TRAFFIC_SECRET 7b6c9134c7c156d7a7c34aa7025366e86ff0fff35916ee0ac42b575d12333224 c327613f28035ad18b3c3528e7b62117b6131c28c264c16cb9238703c665a810
CLIENT_HANDSHAKE_TRAFFIC_SECRET 7b6c9134c7c156d7a7c34aa7025366e86ff0fff35916ee0ac42b575d12333224 d052fe44d97f77b138196425a82918cbcc27c0edfe4dbe4985712c992ed15aa5
SERVER_TRAFFIC_SECRET_0 7b6c9134c7c156d7a7c34aa7025366e86ff0fff35916ee0ac42b575d12333224 0bbdb625e43748e8f36a5a97771aebfb8bf9c0652e09d7a6b8a5496a3f847257
CLIENT_TRAFFIC_SECRET_0 7b6c9134c7c156d7a7c34aa7025366e86ff0fff35916ee0ac42b575d12333224 13a9a90585c7d7a1582da4f685b8894388ebde8354a01becc8bfb821a4afba8d
SERVER_HANDSHAKE_TRAFFIC_SECRET 8ce92fc3060f8d6081413e7f2b33e74578d6ecf0a786700691e2e7704c9cdf7d ef633e4f498c4eec55305943616ba9e3ea19f41a346908a3c5cebde119b2b68e
CLIENT_HANDSHAKE_TRAFFIC_SECRET 8ce92fc3060f8d6081413e7f2b33e74578d6ecf0a786700691e2e7704c9cdf7d 21a9fdfe922c87a6d74d8e23da8195af50b2f8aa608a0ee85b064e6d34c090d5
SERVER_TRAFFIC_SECRET_0 8ce92fc3060f8d6081413e7f2b33e74578d6ecf0a786700691e2e7704c9cdf7d 98d5bb241fbca01355c2e5a2ea9a5c20b38e43c654a7c37b59b59adda3385779
CLIENT_TRAFFIC_SECRET_0 8ce92fc3060f8d6081413e7f2b33e74578d6ecf0a786700691e2e7704c9cdf7d 3ffd0fc93a941b05cabccd1082bdb35299baba78ec41909499d93c0adec45696
SERVER_HANDSHAKE_TRAFFIC_SECRET bb926ed6379871a8c0cc63092eaf9b8e8ccf4bb91058ebaaaffb73dbc4aa0a60 efc2ff854855820f99f9b894b1587e662d77ee9f5a6c919fc73c1eaf6bab7129
CLIENT_HANDSHAKE_TRAFFIC_SECRET bb926ed6379871a8c0cc63092eaf9b8e8ccf4bb91058ebaaaffb73dbc4aa0a60 d162f1779b5269d2ac03ecbec4a2b62bae37ab6a8a3d2c01b2126cf0723491d5
SERVER_TRAFFIC_SECRET_0 bb926ed6379871a8c0cc63092eaf9b8e8ccf4bb91058ebaaaffb73dbc4aa0a60 90a9eb7c5b59da9aeaa8d5cb569cd64a2f46dab2b4356f2796275a3bb7bd2cf3
CLIENT_TRAFFIC_SECRET_0 bb926ed6379871a8c0cc63092eaf9b8e8ccf4bb91058ebaaaffb73dbc4aa0a60 ec76d03ce7bd20045b01a16bcf51691f1e7f92c40340c8902a6497f8f87a6be8
SERVER_HANDSHAKE_TRAFFIC_SECRET a66a515b59ada20ab2e56d147dc592cee77aff2fbe9e8117100968b9062acea0 c741fc61e9b2e3383f12b4ec9bdb1bb015b51621e37390bb51c182056a29f5ce
CLIENT_HANDSHAKE_TRAFFIC_SECRET a66a515b59ada20ab2e56d147dc592cee77aff2fbe9e8117100968b9062acea0 939b3a9c50fadd0fac5c540ee9252bbe9136ebfb88b076d1f5f6060dbd60b1b7
SERVER_TRAFFIC_SECRET_0 a66a515b59ada20ab2e56d147dc592cee77aff2fbe9e8117100968b9062acea0 a5b0c8f6c53c63549a6137e3bcdaf0de9e07f3cb252c8b8b747e3e1f940342ce
CLIENT_TRAFFIC_SECRET_0 a66a515b59ada20ab2e56d147dc592cee77aff2fbe9e8117100968b9062acea0 6ca61d987de47f6622d92a70d4500121b8777273377989a560865420e3564517
SERVER_HANDSHAKE_TRAFFIC_SECRET 18383becbb6dca3c9275466fe47812eaa6a266b03f33f2444cbaf63e596dd2bd f897fca6766c0b2a4b3768038df439ca1186309768f4b363a542f0d5470778ae
CLIENT_HANDSHAKE_TRAFFIC_SECRET 18383becbb6dca3c9275466fe47812eaa6a266b03f33f2444cbaf63e596dd2bd 8af8e5b2a2dc970b59d73892063e70b60e868f20a7df1f2189759ed59a50bfc9
SERVER_TRAFFIC_SECRET_0 18383becbb6dca3c9275466fe47812eaa6a266b03f33f2444cbaf63e596dd2bd 07cff64b2407788279428eb7794d0d19a2d8bec74e4454f4c20cfc5b91364cd4
CLIENT_TRAFFIC_SECRET_0 18383becbb6dca3c9275466fe47812eaa6a266b03f33f2444cbaf63e596dd2bd f50b91502ed42c3579d0e30c481879e9783f7bb528395f0c11dcdd87a7cfdfde
SERVER_HANDSHAKE_TRAFFIC_SECRET 3d33764ca16a49215449ec8afbe4d518d4a3451dffbbda7290db90da015858ca d57c68e2bf7d553e53df9884b1ad258bdf584b0ab91d5c276ee1f3379cd879ba
CLIENT_HANDSHAKE_TRAFFIC_SECRET 3d33764ca16a49215449ec8afbe4d518d4a3451dffbbda7290db90da015858ca 7a607533c869122628ad5437007048867ef851c80d042f18177efea98d0391f0
SERVER_TRAFFIC_SECRET_0 3d33764ca16a49215449ec8afbe4d518d4a3451dffbbda7290db90da015858ca 3d4572782adc8f38464d95c5fda74f70f4606b102c6c48e5dcbd799f7b4ae969
CLIENT_TRAFFIC_SECRET_0 3d33764ca16a49215449ec8afbe4d518d4a3451dffbbda7290db90da015858ca 181adb27994baacd9673f1539be30dcf7a9e16294c9f9b96911d171ad8699064
SERVER_HANDSHAKE_TRAFFIC_SECRET a71fed37906db2ac2ef7274c5270652ccc7e27fb9bcde9d9f1ea52d0c1366fad da3a15d74bc68355ad611471efb2527b82a0132f60a031e7acdfd6ef154fe7e8
CLIENT_HANDSHAKE_TRAFFIC_SECRET a71fed37906db2ac2ef7274c5270652ccc7e27fb9bcde9d9f1ea52d0c1366fad 63b6e4d13ef0201c8f63ed9e16cc8e17760b94b27d4e19c9bc84ebdf5d93f22d
SERVER_TRAFFIC_SECRET_0 a71fed37906db2ac2ef7274c5270652ccc7e27fb9bcde9d9f1ea52d0c1366fad bd6f3070adc43f2ee0906dc326282c6fd398c7b6afc1a5d0bfadc1cf5db9a3ac
CLIENT_TRAFFIC_SECRET_0 a71fed37906db2ac2ef7274c5270652ccc7e27fb9bcde9d9f1ea52d0c1366fad 9e0039a4a40dc807e1c5fd89b69e5d7f8d27a73ee5ecfd7d380be8256e79b9c3
SERVER_HANDSHAKE_TRAFFIC_SECRET e5650504163e8dd3706a0c74cdb3072204fe60155ec9d63392337200bdbfdcf6 b5d296f06fd91144faf03bc2cfb8c1f321f296570bd4a46032716a3c48626d51
CLIENT_HANDSHAKE_TRAFFIC_SECRET e5650504163e8dd3706a0c74cdb3072204fe60155ec9d63392337200bdbfdcf6 669dd7f354e80365a4b10ae69692f9d4035a747c91ab98bee94de19191d39d93
SERVER_TRAFFIC_SECRET_0 e5650504163e8dd3706a0c74cdb3072204fe60155ec9d63392337200bdbfdcf6 0e4c644817f3032ed0470a2f706ea29117e057ba9767d3e2f7acccd398c49642
CLIENT_TRAFFIC_SECRET_0 e5650504163e8dd3706a0c74cdb3072204fe60155ec9d63392337200bdbfdcf6 d2e0d93a6f723da2c9a04219e0b6dc70e427f60e8e830300823e66280994871e
SERVER_HANDSHAKE_TRAFFIC_SECRET 36f34e1152d6c2691949f8f86823b737e53ff5a2c9b0e830d04a65f169449cf8 1ab27c959f3d3f7d6936ed33d87d7c1ee71bb9b3161ee73e77e9abeb2580f79a
CLIENT_HANDSHAKE_TRAFFIC_SECRET 36f34e1152d6c2691949f8f86823b737e53ff5a2c9b0e830d04a65f169449cf8 4e62e104b8712e5ebdbac0ffcca285336cb347003231761ff5a52e462feca802
SERVER_TRAFFIC_SECRET_0 36f34e1152d6c2691949f8f86823b737e53ff5a2c9b0e830d04a65f169449cf8 f5c86ceb719d94b0217160173c4816fb62d47f2d6d26fe1447b38b1eb7577f7c
CLIENT_TRAFFIC_SECRET_0 36f34e1152d6c2691949f8f86823b737e53ff5a2c9b0e830d04a65f169449cf8 23c14e6b5a81ef20ec08adb170cfb0f15a5289f4391668c8e7c0e03ac22b3779
SERVER_HANDSHAKE_TRAFFIC_SECRET ddae88db4131daa9a95e1b1613c6bc3a46fe1ff64fc82690b9e2d80f8f057b21 25da707180c6a50a803afa9e9a7d28a9c439003fff65e960a4f9291b29d9bbf9
CLIENT_HANDSHAKE_TRAFFIC_SECRET ddae88db4131daa9a95e1b1613c6bc3a46fe1ff64fc82690b9e2d80f8f057b21 cce298ffe08270425de418c3485cfc9f63d84b2aab2d1e5082c9c2572c160d33
SERVER_TRAFFIC_SECRET_0 ddae88db4131daa9a95e1b1613c6bc3a46fe1ff64fc82690b9e2d80f8f057b21 3bf8f30ce438e846204a658ef39b68b1e77fea816274fca4c544999cd3260cd1
CLIENT_TRAFFIC_SECRET_0 ddae88db4131daa9a95e1b1613c6bc3a46fe1ff64fc82690b9e2d80f8f057b21 1ec341ed358ab15faeb3b229ce2b003611f5057559045ef4fd2f33fe32ae8283
SERVER_HANDSHAKE_TRAFFIC_SECRET bafa0686c4654187dcec5c9e2d66a782196ddc42bd7a298cab6e414eea6256e0 364e879f3203fb1bdc3514f3ea6da008be1d9083a898732ccfc7b3c05b4f204d
CLIENT_HANDSHAKE_TRAFFIC_SECRET bafa0686c4654187dcec5c9e2d66a782196ddc42bd7a298cab6e414eea6256e0 5d7a0eb31d310a67d9da16c8f37c9308a7df755d9fa4a7880bcd96a72c91cf86
SERVER_TRAFFIC_SECRET_0 bafa0686c4654187dcec5c9e2d66a782196ddc42bd7a298cab6e414eea6256e0 51e639683cbb7b14026bc5837dfd41fc46ec05fe05dc5b9d067a2206904c055e
CLIENT_TRAFFIC_SECRET_0 bafa0686c4654187dcec5c9e2d66a782196ddc42bd7a298cab6e414eea6256e0 33f7e7ed7e638e784b0a122daad90db3ddf40346d2844e187b1db76baef58b05
SERVER_HANDSHAKE_TRAFFIC_SECRET 348d41c50cf9a2e0d8ee401b3c28466f1f23450dfdc7255e6db57bc083340e36 bd3c4f617f91057141605366af2f6eeb4f386b0b84e1b3d2bc799f6bbdac0a44
CLIENT_HANDSHAKE_TRAFFIC_SECRET 348d41c50cf9a2e0d8ee401b3c28466f1f23450dfdc7255e6db57bc083340e36 60c138da3072fb65b3ee7918332294eb770befa42843a97654f2d230e02b06fb
SERVER_TRAFFIC_SECRET_0 348d41c50cf9a2e0d8ee401b3c28466f1f23450dfdc7255e6db57bc083340e36 b6b7c7f4bb2e42491b8bef33cecdf8f9302244a3979aae562e70f578e7eba232
CLIENT_TRAFFIC_SECRET_0 348d41c50cf9a2e0d8ee401b3c28466f1f23450dfdc7255e6db57bc083340e36 2972dda4e0233ae270ffa6fee1206ad48200258a94f171e70036a4a7865198a6
SERVER_HANDSHAKE_TRAFFIC_SECRET e0a91dcef5a5453b5ca52a8a22d8c4f52c9a5d3413755df7d722973e9f6e67fd 72286f543638d6c71cfee987f09e8d6fc60fd4d0038edb4d7f50892c65b7f1b9
CLIENT_HANDSHAKE_TRAFFIC_SECRET e0a91dcef5a5453b5ca52a8a22d8c4f52c9a5d3413755df7d722973e9f6e67fd 19105b22b1f565e12e6c7156d98d036f069779c9d0cb9ec478e3bc3a718d1534
SERVER_TRAFFIC_SECRET_0 e0a91dcef5a5453b5ca52a8a22d8c4f52c9a5d3413755df7d722973e9f6e67fd 61d8f2ad555e83ab4427d0dabd954b85ee9e4f7911026ec6577e81d612055b5e
CLIENT_TRAFFIC_SECRET_0 e0a91dcef5a5453b5ca52a8a22d8c4f52c9a5d3413755df7d722973e9f6e67fd 89de7ca9d7b18486abc0b48e01007bd277b9fe32974c13444a7764dbb9da62d1
SERVER_HANDSHAKE_TRAFFIC_SECRET 78bec1ecf2127344189fadf04ceaca9cb91760779f9667e6261bde86419074be f707c50601b57471c7585e4f5a4827e553cfc60273f5a77711bae2db9a37f855
CLIENT_HANDSHAKE_TRAFFIC_SECRET 78bec1ecf2127344189fadf04ceaca9cb91760779f9667e6261bde86419074be c28f3bcfae3f9f34dc007fee5614de3a7eeed243cabb74cefaa4e2b5d9a87232
SERVER_TRAFFIC_SECRET_0 78bec1ecf2127344189fadf04ceaca9cb91760779f9667e6261bde86419074be d7d5244c8ca59f91e2455f56ae5c960492e327f67e800143fd204b46effe516c
CLIENT_TRAFFIC_SECRET_0 78bec1ecf2127344189fadf04ceaca9cb91760779f9667e6261bde86419074be 43bdf24d727120737751194bc8e68490f2bf91de899e1c80ba118d9f053a3e6c
SERVER_HANDSHAKE_TRAFFIC_SECRET 09502a4f2e7519803ed241cc1d4b67c2f019a91b0da8c6b73eceb897d0f06db9 6ddb57180c800395cd43665b0991cbfda8cb320c3952522c32ebafb94d325ff6
CLIENT_HANDSHAKE_TRAFFIC_SECRET 09502a4f2e7519803ed241cc1d4b67c2f019a91b0da8c6b73eceb897d0f06db9 c7eb14d014daa63bb93cab9195b352a194142ec0059ba9eea8f57bdfef8d27c4
SERVER_TRAFFIC_SECRET_0 09502a4f2e7519803ed241cc1d4b67c2f019a91b0da8c6b73eceb897d0f06db9 4a5eb028149009fa9dfd3a2747162bbb8cee218078f4816da0489a7f9b70f62c
CLIENT_TRAFFIC_SECRET_0 09502a4f2e7519803ed241cc1d4b67c2f019a91b0da8c6b73eceb897d0f06db9 8e5bc9c15864849f16f30b8dc3fd4b4daf84f689465ac7bc24bc0e6f333cf2c9
SERVER_HANDSHAKE_TRAFFIC_SECRET aaaad0871f9981d028c3730f7566b194609b031c3b505b8049e5911a6cb078da d0562e2d89c7ab0770f9fc852310d573b9ed15c1db4ab228dae253b7fe507c94
CLIENT_HANDSHAKE_TRAFFIC_SECRET aaaad0871f9981d028c3730f7566b194609b031c3b505b8049e5911a6cb078da b9db19116a4d1878824c3cd91a6207963ecbc2e92d7cdbcff52c34d66222b310
SERVER_TRAFFIC_SECRET_0 aaaad0871f9981d028c3730f7566b194609b031c3b505b8049e5911a6cb078da 24e24dc307d82fe03731ebaf81106de9b964cbe7dc927e91f98251a8db8fc223
CLIENT_TRAFFIC_SECRET_0 aaaad0871f9981d028c3730f7566b194609b031c3b505b8049e5911a6cb078da 3ebcfdabfc2c50787bf9df82dd0dc03343e8140aaa8d3ceda21ed838f626a513
SERVER_HANDSHAKE_TRAFFIC_SECRET 461fd8b1ee43108b6f999bf6dd12b390a693059b85d6d3945af19f39eaebfff7 0da3d4fc40ca65a839a37dc16c8b5497d98f1cde7a4987f985e1b642c9905c2f
CLIENT_HANDSHAKE_TRAFFIC_SECRET 461fd8b1ee43108b6f999bf6dd12b390a693059b85d6d3945af19f39eaebfff7 cc72acbd2265aee7d45d3ce28edf45f3730ded9e2fa3ebefb23437da7542e684
SERVER_TRAFFIC_SECRET_0 461fd8b1ee43108b6f999bf6dd12b390a693059b85d6d3945af19f39eaebfff7 f71bd98b43d4a149139dd9e590d1f42b595b5758e42d5833bebdec82e9223a22
CLIENT_TRAFFIC_SECRET_0 461fd8b1ee43108b6f999bf6dd12b390a693059b85d6d3945af19f39eaebfff7 f20bb8a94135302e949b06a5e14d0148cc0d85083078e9c4449a6b511d96abbb
SERVER_HANDSHAKE_TRAFFIC_SECRET e8060900359c84b35ad5be7a0bf704278bde5842be819a8f2e99d293618c9c13 70b73af0c6a2f26be0f079bc55f21bee076967bf4ec6998b219aed17ea4e3e43
CLIENT_HANDSHAKE_TRAFFIC_SECRET e8060900359c84b35ad5be7a0bf704278bde5842be819a8f2e99d293618c9c13 d033ec05ea7dc8bf905d3697a26560621dc795e2fae1d3d29356062ac46894ce
SERVER_TRAFFIC_SECRET_0 e8060900359c84b35ad5be7a0bf704278bde5842be819a8f2e99d293618c9c13 d3d64aa416c5251ad4a49397034d151999b565f946f9e2e2796519928e162209
CLIENT_TRAFFIC_SECRET_0 e8060900359c84b35ad5be7a0bf704278bde5842be819a8f2e99d293618c9c13 ffcc6aa3bce444ac9ecb5f44fbbde07fa78b25c0569c9f2ecb0e6efd6a8197d7
SERVER_HANDSHAKE_TRAFFIC_SECRET e02460062d828e55c5151bbdcebeb90deb5ee2446ebe995dddad156ebeb57723 93588a859f98bf91bcd97276d071941a7635ac63469db6b940866327bf42eb6a
CLIENT_HANDSHAKE_TRAFFIC_SECRET e02460062d828e55c5151bbdcebeb90deb5ee2446ebe995dddad156ebeb57723 d51fb48fcac673b09643aef4b0f738b88c03bc047e5f804ae77f973d052d003e
SERVER_TRAFFIC_SECRET_0 e02460062d828e55c5151bbdcebeb90deb5ee2446ebe995dddad156ebeb57723 865188d18b605e7168bbf1f1cb5b3ff79746c42bb0d4a0091cd1c31eb1f44ecb
CLIENT_TRAFFIC_SECRET_0 e02460062d828e55c5151bbdcebeb90deb5ee2446ebe995dddad156ebeb57723 bd71b49b3bef25e843e8d3d67b9264d27c1170e3d16ed80f3d8dce82e30ccbd9
SERVER_HANDSHAKE_TRAFFIC_SECRET 6d27952e8e5a881d0d8178c885087c0f647f0d35f2f254c31754ea0e87dc9605 4f5110eb501ee9ef85f6129b6ca6803e8454b5dfe254a72f550da86c315e0774
CLIENT_HANDSHAKE_TRAFFIC_SECRET 6d27952e8e5a881d0d8178c885087c0f647f0d35f2f254c31754ea0e87dc9605 baedf6beb4909425cfdca912770d86ad994c837bba72e5da7e9303d76cf35281
SERVER_TRAFFIC_SECRET_0 6d27952e8e5a881d0d8178c885087c0f647f0d35f2f254c31754ea0e87dc9605 9bf194f2113a8438013fd6dfeb207da6f388741600eb492204e783fa1463f188
CLIENT_TRAFFIC_SECRET_0 6d27952e8e5a881d0d8178c885087c0f647f0d35f2f254c31754ea0e87dc9605 0e19230af0058c5e13c8402863e8766a7e5841343faf3575e3a9993e03daf8a6
SERVER_HANDSHAKE_TRAFFIC_SECRET 0762e34a7df0f849869c3852b481050e3ab70b7eda1ad083e4e9865084f20fc4 d751839d712c4e2f53aef281a845648be910d25cbc2f95c7f3c72e9ebd5a53da
CLIENT_HANDSHAKE_TRAFFIC_SECRET 0762e34a7df0f849869c3852b481050e3ab70b7eda1ad083e4e9865084f20fc4 3ac10f2e05c568276a5a92742cddf4d10c918f99415e98ad1eb11ff499a468f7
SERVER_TRAFFIC_SECRET_0 0762e34a7df0f849869c3852b481050e3ab70b7eda1ad083e4e9865084f20fc4 23896d221059671b79d1c1d09e16ca5c011d75963a76376ac521b0207d6604ff
CLIENT_TRAFFIC_SECRET_0 0762e34a7df0f849869c3852b481050e3ab70b7eda1ad083e4e9865084f20fc4 bb62ebdbe9d71eb7f7190dc77d453f1fb9b1653053e134904835dcab8afdb4da
SERVER_HANDSHAKE_TRAFFIC_SECRET b21a64e6c1832b59d6d61dbc18e4e6ca23976331db69b48f2862e77659544e9d ba07d7e2636b84796c7a931bbed78d428aa99c1208092782ea065f0108771758
CLIENT_HANDSHAKE_TRAFFIC_SECRET b21a64e6c1832b59d6d61dbc18e4e6ca23976331db69b48f2862e77659544e9d 7e3089c8a7aa752d3e86af5498ca54f76cce6c661afd5087f667c5825effe897
SERVER_TRAFFIC_SECRET_0 b21a64e6c1832b59d6d61dbc18e4e6ca23976331db69b48f2862e77659544e9d 89aade501c035c90a5e56610acb55293121ee54aeb3e34d492d57d3ac339a764
CLIENT_TRAFFIC_SECRET_0 b21a64e6c1832b59d6d61dbc18e4e6ca23976331db69b48f2862e77659544e9d 003d831e4a424e8dddc9c5646515f097aab5047f3010bfc558802209c55bc925
SERVER_HANDSHAKE_TRAFFIC_SECRET 0ed65089261cbc6eb4ee0dc4a7d6f8d428855ee3a823e2d5bafcc3b0a21d4870 c277ce5f672a8f95508440131bd37c9157268903059aca030a47541bbfa3718b
CLIENT_HANDSHAKE_TRAFFIC_SECRET 0ed65089261cbc6eb4ee0dc4a7d6f8d428855ee3a823e2d5bafcc3b0a21d4870 74f7bf85041257e5313e3495731f8eceb58f52e1a300729a382106edc2f1b8ea
SERVER_TRAFFIC_SECRET_0 0ed65089261cbc6eb4ee0dc4a7d6f8d428855ee3a823e2d5bafcc3b0a21d4870 51dac7b9d7539e606bd67a5734e9b82322cff8922a6e71f001a4fdc59bc5d9c1
CLIENT_TRAFFIC_SECRET_0 0ed65089261cbc6eb4ee0dc4a7d6f8d428855ee3a823e2d5bafcc3b0a21d4870 aa7ab3868f6704b23758f819d3bd64d9be686b297fda71d2c5205d82a66d23df
SERVER_HANDSHAKE_TRAFFIC_SECRET ddba9125c9c1f5e9a719b4dc67b62946d102f38391b16b4e04994c6db04ca065 265222539e36665e186a97d54fb3b2b2f3d8842c22b9ccea21f573a023a7454c
CLIENT_HANDSHAKE_TRAFFIC_SECRET ddba9125c9c1f5e9a719b4dc67b62946d102f38391b16b4e04994c6db04ca065 7dd9a0d911ca493f57f2fd8b83ba037164fccfb15b77a7a7c80fa0bb06ac12b4
SERVER_TRAFFIC_SECRET_0 ddba9125c9c1f5e9a719b4dc67b62946d102f38391b16b4e04994c6db04ca065 413a77a699c3993ad28adb249a5a539fcb92fcec2ac37cbe2ac268a6a80bc782
CLIENT_TRAFFIC_SECRET_0 ddba9125c9c1f5e9a719b4dc67b62946d102f38391b16b4e04994c6db04ca065 71f4cc1450fba6b5034a54064413a983db7e5582bb282ba4067b1d60db78ff2c
SERVER_HANDSHAKE_TRAFFIC_SECRET 87b4a403331f3549f97fe928d53dc5ceb053b2dce49a450a0090050e3a4f9a26 7bb5814030a539f35fb938746b1e706eef9da9df5afbf56f1843ce75e13f24b2
CLIENT_HANDSHAKE_TRAFFIC_SECRET 87b4a403331f3549f97fe928d53dc5ceb053b2dce49a450a0090050e3a4f9a26 c34b21fc8e01818ed04d8281931d552adc985db5e9940012f56d6b7dd2e7ea23
SERVER_TRAFFIC_SECRET_0 87b4a403331f3549f97fe928d53dc5ceb053b2dce49a450a0090050e3a4f9a26 3ea18509f2c9aa72e24308a3b5d37bd2fb75ad2561e9c389a445c44d7eeef8c3
CLIENT_TRAFFIC_SECRET_0 87b4a403331f3549f97fe928d53dc5ceb053b2dce49a450a0090050e3a4f9a26 5d7a075717d894268a9e89d3ae59017faba419e0a3c7c28205a21a129aa06c73
SERVER_HANDSHAKE_TRAFFIC_SECRET 3f1f055a7ce25f5fd3ff254fda63e2d41a1061cf317a244c2e7de6947645ca1e 90b2c54a166d3b8b203a1a44314d406f67d2b200972accd0c8a8c8de6395e3c9
CLIENT_HANDSHAKE_TRAFFIC_SECRET 3f1f055a7ce25f5fd3ff254fda63e2d41a1061cf317a244c2e7de6947645ca1e d41b7f30d4f1d229539f924829c346ae2752708ded3ac1bd730b012bfe5f0788
SERVER_TRAFFIC_SECRET_0 3f1f055a7ce25f5fd3ff254fda63e2d41a1061cf317a244c2e7de6947645ca1e a08ef36ef5184f170eb7c4a6474586dfbff56e756f6dd8486bf8e2b9e74797cf
CLIENT_TRAFFIC_SECRET_0 3f1f055a7ce25f5fd3ff254fda63e2d41a1061cf317a244c2e7de6947645ca1e 44dede3234ab5caec4cec86fe921efbce37e5ad1bec66bbd55fd659329c6b2d6
SERVER_HANDSHAKE_TRAFFIC_SECRET 21fcf627f60b452cfa7af38f100ed83cb917672f1ef52063b302677f2431d9fa dd44193a250d56f7f0c9a7104d39914c35cfe27ea8c29a4d9392e2c1b6a986ff
CLIENT_HANDSHAKE_TRAFFIC_SECRET 21fcf627f60b452cfa7af38f100ed83cb917672f1ef52063b302677f2431d9fa 53b86f2a8f577efa4fd160f88e07c8117f2addd37b49000e9aca181165c7f67f
SERVER_TRAFFIC_SECRET_0 21fcf627f60b452cfa7af38f100ed83cb917672f1ef52063b302677f2431d9fa 5b4f2ec17c5978156faf64ca4e8eb641300632e569d6701e3d3eaba4ff6f6340
CLIENT_TRAFFIC_SECRET_0 21fcf627f60b452cfa7af38f100ed83cb917672f1ef52063b302677f2431d9fa fef5659e2919da54629062afe858f84c4349f3acb3da8b58fbb92ac3b67e4599
SERVER_HANDSHAKE_TRAFFIC_SECRET a6a427d2a7e3acb2267200695769c57431d022ab2b9188ebc8971061ca7dfc13 ddbabe45728f2f3f54700f6cd381925c0039b48c2975dba1353e3ac64f3a63cf
CLIENT_HANDSHAKE_TRAFFIC_SECRET a6a427d2a7e3acb2267200695769c57431d022ab2b9188ebc8971061ca7dfc13 2cb416bd3c3f0f76b8b5e20c23f631a70d0393a5a45da9635a7e96d6656fd82b
SERVER_TRAFFIC_SECRET_0 a6a427d2a7e3acb2267200695769c57431d022ab2b9188ebc8971061ca7dfc13 aad8c2083d2eabc3b20433c2b0f0fecd7964276c141635c032d44bcb14775a45
CLIENT_TRAFFIC_SECRET_0 a6a427d2a7e3acb2267200695769c57431d022ab2b9188ebc8971061ca7dfc13 ea37b652155978403eed6db050884b44cce4e6502ca03d8ad66077a90a6442a5
