CLIENT_RANDOM 6079ca3e8f031b02eb7a36600e1ef0132e15abcdaa8eca3884e26e1d8c8aed93 de11e932f92b83be5665302c1f3f01a656f82bee271386ce28ed5bfd63556d1d697526121fe19941f2775551f3c2173a
CLIENT_RANDOM 6079cae0426f5c6449979eb66f21392b6f9a433f0fac66883fcd3ba2a55f7bd1 3d67a8b6d65402b60eefdcb78b4231f8ddb65b29d8d25d02686760e11235d6202342614216a3e0332500c9e95a5226f3
CLIENT_RANDOM 6079ca52c5554da43fa925460ea27ae78645de711f83cd6d916e32c329d01793 aa766560998e4dd4ac31839454fac5a8151223a7ba7306a1f9a33d3983046ef9cc7bf568fd333189e052b527aa6a184a
CLIENT_HANDSHAKE_TRAFFIC_SECRET 83177f0ab980fe06623a4cdf44904774def565ae1608c574fb9d2edbfeb14f2d 7429e6804b67536744cbc428f3e24bf45bb69363b6b4ad3cbffd01b051421494
SERVER_HANDSHAKE_TRAFFIC_SECRET 83177f0ab980fe06623a4cdf44904774def565ae1608c574fb9d2edbfeb14f2d 36de3f4d6360f4cf713b77055bb7b091ab6a131b8089b58b4dedcafb187c1a32
CLIENT_TRAFFIC_SECRET_0 83177f0ab980fe06623a4cdf44904774def565ae1608c574fb9d2edbfeb14f2d 0ead9a8a0b5abc7407abb96aeefa56652b9dc8df49bad294c80b4ca209c21864
SERVER_TRAFFIC_SECRET_0 83177f0ab980fe06623a4cdf44904774def565ae1608c574fb9d2edbfeb14f2d 575338b3f38e17c36cece6d2a66dc1ffeaa4df6d0b925e581d61b0e55b54dacc
EXPORTER_SECRET 83177f0ab980fe06623a4cdf44904774def565ae1608c574fb9d2edbfeb14f2d 5e408d01c52be01a2de488efa2d9dd352d5cc809742e6407bcaeaf9721e96500
CLIENT_HANDSHAKE_TRAFFIC_SECRET 54acbe7fcbc5530af6bfc323f4bb206916016e919bec1e5645177aacd1192476 16317e80741750b2e4562b7d334fd10beaa19edde45b3c022a6cf1ffe983f514
SERVER_HANDSHAKE_TRAFFIC_SECRET 54acbe7fcbc5530af6bfc323f4bb206916016e919bec1e5645177aacd1192476 461663e2259297d31989506b749535e14b12a0d339f072ada94294adf195c856
CLIENT_TRAFFIC_SECRET_0 54acbe7fcbc5530af6bfc323f4bb206916016e919bec1e5645177aacd1192476 0afbee71e2c7f82b6348b14198e140e490c9ca37b6808f27a412533806bdc7a6
SERVER_TRAFFIC_SECRET_0 54acbe7fcbc5530af6bfc323f4bb206916016e919bec1e5645177aacd1192476 ccc7f1e2bb5b606bddfc66ee44dd4088942d7ef9dc8e4c9f8321f14bf75443b8
EXPORTER_SECRET 54acbe7fcbc5530af6bfc323f4bb206916016e919bec1e5645177aacd1192476 58ac94d80865603570277eda69b8fa9eec050b8043add5652e439a71060c13f6
CLIENT_HANDSHAKE_TRAFFIC_SECRET 16f1137b9f7080a87c2fffd4a04999e7b24a2d88700851170a35e1437f3b0bb9 43aae96285aa37576262528ace606eae0dc0d8e6b99910a5e7f192fff5e0d06a
SERVER_HANDSHAKE_TRAFFIC_SECRET 16f1137b9f7080a87c2fffd4a04999e7b24a2d88700851170a35e1437f3b0bb9 72c0d04a6a48c07ff2960bee44b4ecc76d4244dd1d88d73b53fabf00d1b8ca3e
CLIENT_TRAFFIC_SECRET_0 16f1137b9f7080a87c2fffd4a04999e7b24a2d88700851170a35e1437f3b0bb9 72cbb75a983a005547aaaae7e681e149bbe15d24bee4746fd86371cac209861c
SERVER_TRAFFIC_SECRET_0 16f1137b9f7080a87c2fffd4a04999e7b24a2d88700851170a35e1437f3b0bb9 0cb57fe8d7f607fd573b6dc6dae2f4734bbaed07d7b192a511ba18deef7bd462
EXPORTER_SECRET 16f1137b9f7080a87c2fffd4a04999e7b24a2d88700851170a35e1437f3b0bb9 4f0b3f6f2e3cd1389843b0915181b3c3d8d9aaa3231c372de529e1ff0678584b
CLIENT_HANDSHAKE_TRAFFIC_SECRET ac4cc74d81b5eb1cb60fba0813a79db87f42e7552f96ea19a72065186d913623 fab8631201d8b7cc2b693c1dad1fa8516958764099601e207cafbea999e4384d
SERVER_HANDSHAKE_TRAFFIC_SECRET ac4cc74d81b5eb1cb60fba0813a79db87f42e7552f96ea19a72065186d913623 116a3febc4b2407cfdcc21a84860c6dde4a7a3648f263f424376542aa1516ee2
CLIENT_TRAFFIC_SECRET_0 ac4cc74d81b5eb1cb60fba0813a79db87f42e7552f96ea19a72065186d913623 872604d03821fc2a16fbe951d98b966c54bac301debe58cdcbc489ba817a1714
SERVER_TRAFFIC_SECRET_0 ac4cc74d81b5eb1cb60fba0813a79db87f42e7552f96ea19a72065186d913623 5d0b244d2a9ca866b0c4638c8ae69a74f6b77e49a32656722afdb047e28d78fc
EXPORTER_SECRET ac4cc74d81b5eb1cb60fba0813a79db87f42e7552f96ea19a72065186d913623 7b451f121d620272904c47b47f3c8f26368ebb8112aacd2e542e2dc19f007584
CLIENT_HANDSHAKE_TRAFFIC_SECRET 881dca193f26f3d30369c9d289dcad5151de54f0b623b7a28a8af8af1f6532ff 733c8f2268e96c9bd6c61c2b88de4d7b93f100736f2512c663df4dfbcc72b841
SERVER_HANDSHAKE_TRAFFIC_SECRET 881dca193f26f3d30369c9d289dcad5151de54f0b623b7a28a8af8af1f6532ff fdf23224ab2e24657012c19dc14d85c9d7891f07822d6f3d0b21ac165333934b
CLIENT_TRAFFIC_SECRET_0 881dca193f26f3d30369c9d289dcad5151de54f0b623b7a28a8af8af1f6532ff 1b0ca7d5a411a31d940912e8d12d4cf5eabf82ec0f82b80d07ef0cc6e085032a
SERVER_TRAFFIC_SECRET_0 881dca193f26f3d30369c9d289dcad5151de54f0b623b7a28a8af8af1f6532ff 01c58f028df276ace41c62e923ef435ce8d31574182898be710d871f81706816
EXPORTER_SECRET 881dca193f26f3d30369c9d289dcad5151de54f0b623b7a28a8af8af1f6532ff 31974be9d0ed7e9148393a0d42e7c60b7e8cfd2bd3a0c4b6ebef88dd43df3285
CLIENT_HANDSHAKE_TRAFFIC_SECRET ddb337e7bde9c3f2d85bfbf6eab3d32adefceb3e42e558ae3aed924168f00ab8 a1a03c8d4e6d6aaa8f64b61379605e221d5c9475c862bb3b1419d2728cfac9d2
SERVER_HANDSHAKE_TRAFFIC_SECRET ddb337e7bde9c3f2d85bfbf6eab3d32adefceb3e42e558ae3aed924168f00ab8 a37ab610a387ff200b5305b29f224d09af8ca5122aa6c511c15fc6ef946ecdcb
CLIENT_TRAFFIC_SECRET_0 ddb337e7bde9c3f2d85bfbf6eab3d32adefceb3e42e558ae3aed924168f00ab8 f96783d972425809c673417675b8cd058ce1e5d1ea54693761cd942a697f3afc
SERVER_TRAFFIC_SECRET_0 ddb337e7bde9c3f2d85bfbf6eab3d32adefceb3e42e558ae3aed924168f00ab8 1e5af6d28ca19e08d7c9a07530fe95cbbb9c4f8c402777f7aa25a364c0154d11
EXPORTER_SECRET ddb337e7bde9c3f2d85bfbf6eab3d32adefceb3e42e558ae3aed924168f00ab8 fac4de15dda9127e1ca97db9df5ece75fce757158ae2199770167699ebe45b36
CLIENT_HANDSHAKE_TRAFFIC_SECRET 0fd112961b924d4fa40e5c67a807fca6cf333c9eeb953bb59a6d25ef089abc93 0b1e9d08abe2579e8e01da39e6075b811a97a25770a87e1fcdfea18ce1a4b7e6
SERVER_HANDSHAKE_TRAFFIC_SECRET 0fd112961b924d4fa40e5c67a807fca6cf333c9eeb953bb59a6d25ef089abc93 c1e7afd07971893f1f10f716e6e5310a59c7b2150e95772e05fa64c72df8172c
CLIENT_TRAFFIC_SECRET_0 0fd112961b924d4fa40e5c67a807fca6cf333c9eeb953bb59a6d25ef089abc93 e942692c881c6c767a98bd1f7b58ac0be2afc97b8c38f157ec7bdb780533d893
SERVER_TRAFFIC_SECRET_0 0fd112961b924d4fa40e5c67a807fca6cf333c9eeb953bb59a6d25ef089abc93 4031be0cb4c76a66a3101e88eb26b2a90eb0aa87becdf680520efd781530ffb3
EXPORTER_SECRET 0fd112961b924d4fa40e5c67a807fca6cf333c9eeb953bb59a6d25ef089abc93 b70cc116787aaab79113a904e0e2db46f0c57cb49a60e01651e6760d529bfe1e
CLIENT_HANDSHAKE_TRAFFIC_SECRET 4206e51beabb239b688a9e163d7a5cff4b048fb451755b23f1b9bfd364a42cc2 f9de56eff5ae4ce119bdfee9ca1d9dca4e0444db12e155e750d3205d088d9dd7
SERVER_HANDSHAKE_TRAFFIC_SECRET 4206e51beabb239b688a9e163d7a5cff4b048fb451755b23f1b9bfd364a42cc2 77b86989f398c3c46cf2bfa8895029030b0a585a50b7cb3961de153ffa091b1a
CLIENT_TRAFFIC_SECRET_0 4206e51beabb239b688a9e163d7a5cff4b048fb451755b23f1b9bfd364a42cc2 cbe94fbaeceff82e8c55b552471021b7d381952334afd08b165162d4c5903f42
SERVER_TRAFFIC_SECRET_0 4206e51beabb239b688a9e163d7a5cff4b048fb451755b23f1b9bfd364a42cc2 b171a8a27d1d381c54bae488b34b0c1df25a57e3a9945ee880cdf665cad01535
EXPORTER_SECRET 4206e51beabb239b688a9e163d7a5cff4b048fb451755b23f1b9bfd364a42cc2 8e90688dfd42dd9f2447d721a35042cddbab45af461cd2e454e6f0942c9d0f0e
CLIENT_HANDSHAKE_TRAFFIC_SECRET dcfda7537a19751b360ffd3586c354e4632e46aca5b1f6ac0a5548d7e42454cc a22989a07d5442f1f6e3d905f80631d07783082770331fe438b8a648c98a404a
SERVER_HANDSHAKE_TRAFFIC_SECRET dcfda7537a19751b360ffd3586c354e4632e46aca5b1f6ac0a5548d7e42454cc d5524a61c76e183be380e8de9f3283b9a6b3b54ae664195238ccadab11a51815
CLIENT_TRAFFIC_SECRET_0 dcfda7537a19751b360ffd3586c354e4632e46aca5b1f6ac0a5548d7e42454cc a4f4aa67877fdc749ff01266b75fe362ec24c2509eaef6ef1dada9bc637a9074
SERVER_TRAFFIC_SECRET_0 dcfda7537a19751b360ffd3586c354e4632e46aca5b1f6ac0a5548d7e42454cc c305c11d1e81c372a86eb6ae536e3b5240a0ea47cfdca969bcf2b05cee9a0419
EXPORTER_SECRET dcfda7537a19751b360ffd3586c354e4632e46aca5b1f6ac0a5548d7e42454cc e730e90342e79ef89a12f8a5f3d445c218262ebcb5a89e52571d7ff6c1a50a8f
CLIENT_HANDSHAKE_TRAFFIC_SECRET c8d1cba8fe124bbbe71349d72f49cbd9fed3987d6b136fdbf26de0daca72dfa2 303001eb793e86e384513f328b21352ba3469c1b0ba9f7cbb7818ed1225bbf13
SERVER_HANDSHAKE_TRAFFIC_SECRET c8d1cba8fe124bbbe71349d72f49cbd9fed3987d6b136fdbf26de0daca72dfa2 aa2b67e9320e98db2e1d6f7d73981602bfc28fe68cc88ff15588ba614b2492ea
CLIENT_TRAFFIC_SECRET_0 c8d1cba8fe124bbbe71349d72f49cbd9fed3987d6b136fdbf26de0daca72dfa2 69eb2a11fdb58a958181d22ad8f33a1a8c0889fdc781299423eee5ae0015fd11
SERVER_TRAFFIC_SECRET_0 c8d1cba8fe124bbbe71349d72f49cbd9fed3987d6b136fdbf26de0daca72dfa2 8baa54a87603765d2262875368f831490c2f222451274fcf7a51d633fa6e6614
EXPORTER_SECRET c8d1cba8fe124bbbe71349d72f49cbd9fed3987d6b136fdbf26de0daca72dfa2 ff34571f93ab07b2e659bdd52592d138ab2efbf4230483aad461fce110292aea
CLIENT_HANDSHAKE_TRAFFIC_SECRET 92057b6690e0429b609ec13650c47d0ff3ae345feba19a3a64318cec96b8e826 c0fcb822e881fc026188ab58dfbd66477ce35f35c07a1ae924d2a2f3b2ae272b
SERVER_HANDSHAKE_TRAFFIC_SECRET 92057b6690e0429b609ec13650c47d0ff3ae345feba19a3a64318cec96b8e826 82b7f199ed1da021de33561d98158a3e59d8b049992d9d45e4ad292c69054ab2
CLIENT_TRAFFIC_SECRET_0 92057b6690e0429b609ec13650c47d0ff3ae345feba19a3a64318cec96b8e826 d83e0c8eeecfb590a84c583f91d0116e5e730d6fc577455bd29bb6264cde65c7
SERVER_TRAFFIC_SECRET_0 92057b6690e0429b609ec13650c47d0ff3ae345feba19a3a64318cec96b8e826 beecd295af7439c189bacdc0f94151f3a4a4cb4ec5fa9ad703fb97209f583ae4
EXPORTER_SECRET 92057b6690e0429b609ec13650c47d0ff3ae345feba19a3a64318cec96b8e826 7d65ebc59c91aa836325ee00e9053aeff953632039386de7bbdb6b1c4c05255b
CLIENT_HANDSHAKE_TRAFFIC_SECRET 326cbe77a773cb08c06f6fe05271836cae6b9058419aeb515f40e11992c07450 0f6f2741e359bf2f8b97b821bebd6618c237c1ceeeadc929090998ee22086064
SERVER_HANDSHAKE_TRAFFIC_SECRET 326cbe77a773cb08c06f6fe05271836cae6b9058419aeb515f40e11992c07450 bc47e2c96343a2e14b7a71350c4560234a97eadb69b58f287bc463512c799440
CLIENT_TRAFFIC_SECRET_0 326cbe77a773cb08c06f6fe05271836cae6b9058419aeb515f40e11992c07450 3b4e9c4abaf65033d45724cae0765db704c998540caf13732beb064c2b0e3c49
SERVER_TRAFFIC_SECRET_0 326cbe77a773cb08c06f6fe05271836cae6b9058419aeb515f40e11992c07450 b7f0e3543c6f31b18181d3ff25ccf0656bbd0e1e3a2139d34f1952c02135eb0b
EXPORTER_SECRET 326cbe77a773cb08c06f6fe05271836cae6b9058419aeb515f40e11992c07450 b1d4c9c28b8219086408b3be08fbd7c7a8cc22490c6865153386b2fb9bbdde52
CLIENT_HANDSHAKE_TRAFFIC_SECRET 5741d1a2b1cb7caf0c15a0eb64b9e43aaa2f1f3e246eea9019c783509ff3d846 524407c3c0930f1c2e611b94bcc87276dc45ecf21b397995383da2b3aa0dbcde
SERVER_HANDSHAKE_TRAFFIC_SECRET 5741d1a2b1cb7caf0c15a0eb64b9e43aaa2f1f3e246eea9019c783509ff3d846 e4dfa49a8531eed5adabb22c44eb127974a155b40a2aef9f8eb9ae150addba1f
CLIENT_TRAFFIC_SECRET_0 5741d1a2b1cb7caf0c15a0eb64b9e43aaa2f1f3e246eea9019c783509ff3d846 f9e2316504786db7d089d9a19b324cadb788fd30816c75f574730ded3af30f42
SERVER_TRAFFIC_SECRET_0 5741d1a2b1cb7caf0c15a0eb64b9e43aaa2f1f3e246eea9019c783509ff3d846 f634ee504d528c61f44506801aed6ce5ca9bc34a88999f5e489c33c7fea0072f
EXPORTER_SECRET 5741d1a2b1cb7caf0c15a0eb64b9e43aaa2f1f3e246eea9019c783509ff3d846 6bbe4bfc2b4761c09c6c6f50c010d3d57043a1a4dc449ca5f6e2da664b6151f7
CLIENT_HANDSHAKE_TRAFFIC_SECRET 6a461c772c01e8e8c030fa0ea5c7355176687dca06fe1dce01e02798fcfaf42c bc7955f583be50ec86fc265576bfa5eb7548900690fe5338da59a7f6d2e30e20
SERVER_HANDSHAKE_TRAFFIC_SECRET 6a461c772c01e8e8c030fa0ea5c7355176687dca06fe1dce01e02798fcfaf42c cf68d96d73435fd57fde2079406b8e38c3e85c051f925be58a49428e1c3d0d19
CLIENT_TRAFFIC_SECRET_0 6a461c772c01e8e8c030fa0ea5c7355176687dca06fe1dce01e02798fcfaf42c f1b9af2609e01a1eada47e09182a0c8d23329dcdce72d6c2669ec331364e7e29
SERVER_TRAFFIC_SECRET_0 6a461c772c01e8e8c030fa0ea5c7355176687dca06fe1dce01e02798fcfaf42c 187e1a070771c6dcaae414d2dd862ad2141f6cdb94b296842004cdd89f2b7071
EXPORTER_SECRET 6a461c772c01e8e8c030fa0ea5c7355176687dca06fe1dce01e02798fcfaf42c 7d06aa9194d1b5f6cd2f94a16bf8dfca76b6bd9604e7f7031b15f66491db7168
CLIENT_HANDSHAKE_TRAFFIC_SECRET 94b9e34d9151525771110880031ac69355d45558e20ec4dcb90fb734a5ac7478 cd7db95ccba4fa0887770c81d0a341a4a920ad78ab27c55284ec1c454dcb5121
SERVER_HANDSHAKE_TRAFFIC_SECRET 94b9e34d9151525771110880031ac69355d45558e20ec4dcb90fb734a5ac7478 76f62ccd018fb9c6022756837b8e733f625993696fb8f2dfee83800d64b1afe8
CLIENT_TRAFFIC_SECRET_0 94b9e34d9151525771110880031ac69355d45558e20ec4dcb90fb734a5ac7478 e7a32873723fcfa522dd237a3799ba1c7a729495089b6c7890b89adcf04bbb12
SERVER_TRAFFIC_SECRET_0 94b9e34d9151525771110880031ac69355d45558e20ec4dcb90fb734a5ac7478 df39c7075555b8366c039a3c8476e65288f6cdf47f74fe202b3c99d90952af98
EXPORTER_SECRET 94b9e34d9151525771110880031ac69355d45558e20ec4dcb90fb734a5ac7478 6b985f37b212a68131a5169fe46e1d9e644764fdc69201501b6ea0e6d9e6c13b
CLIENT_HANDSHAKE_TRAFFIC_SECRET ef7c5af568d4d95953d63eeef9d84b6585e60498ab8990418d044251e03da0f0 2cdd3d8ecf201ad6e5e36cb3321ac2f30a99140ee31b6ab307c1c4117d7476ff
SERVER_HANDSHAKE_TRAFFIC_SECRET ef7c5af568d4d95953d63eeef9d84b6585e60498ab8990418d044251e03da0f0 82df1dfaf4bba2cbd9fef11498227ac471d96bdc8a98ed093a65d39f2ea9f072
CLIENT_TRAFFIC_SECRET_0 ef7c5af568d4d95953d63eeef9d84b6585e60498ab8990418d044251e03da0f0 969f2330761363e736c73f675164f82b737c6c61e2a09983df337ecd29f13a44
SERVER_TRAFFIC_SECRET_0 ef7c5af568d4d95953d63eeef9d84b6585e60498ab8990418d044251e03da0f0 c5091f5a22e03e9247d1af64bcce88b9366d6074a5755b03618904cd173a38dd
EXPORTER_SECRET ef7c5af568d4d95953d63eeef9d84b6585e60498ab8990418d044251e03da0f0 515eb52550cd1d04dc0bf818c76bbeb2f2397701954648a2879370d6ae8b6989
CLIENT_RANDOM 607a038c846d13cd7dec8f89b331a4d083d701cd9b463b96f47e9262c97b5a9c 5a41bc74352f9f465c04fa8ea492a278ba2dbc880a1bcd84477112df3775010d313f101a94bcf7ff096e3286d66120c1
CLIENT_RANDOM 607a0398444878dac185cdab5dd8ae88392b741d3a43b9ab1f4fe626bb97133d ee9745472e6128266118d506d940f442b1468b9a87e1e8808504dcb5dce842e2f8a1cbc02c2086ac26b871a7b95df4b2
CLIENT_RANDOM 607a039ecc8837be80578426e6a73ee89fee1d25d8b51f2d95ff1c3088bd92e6 3aef5de8be7d76ccd02a969788247ce447624a219fd2264fabc90c3799dea18fed0b289ca4432bdd167245322d4e0c7a
CLIENT_HANDSHAKE_TRAFFIC_SECRET 94aa1495fd4f0dee1d539f2c11259f960fb7d80a3c3915464e8bc9ac0ef640f8 5362e7c97cbaea4a2f78745fd3de147a010221bf96e29bc91bf4892f43a2d7d1
SERVER_HANDSHAKE_TRAFFIC_SECRET 94aa1495fd4f0dee1d539f2c11259f960fb7d80a3c3915464e8bc9ac0ef640f8 e78013601b6c749787f4e5d0ab03d619deeaad46daaa9c635cd67411607190a8
CLIENT_TRAFFIC_SECRET_0 94aa1495fd4f0dee1d539f2c11259f960fb7d80a3c3915464e8bc9ac0ef640f8 0e10acc76a84d7286c7848679a53ba466a769c5ebd2e4672bdbc7babe4b110f4
SERVER_TRAFFIC_SECRET_0 94aa1495fd4f0dee1d539f2c11259f960fb7d80a3c3915464e8bc9ac0ef640f8 7820d46a4fb444d2536f8feb84bebe136b8317cff5252a11ab0456944a072e61
EXPORTER_SECRET 94aa1495fd4f0dee1d539f2c11259f960fb7d80a3c3915464e8bc9ac0ef640f8 8e6cc89a025bb215ec40a167caae6bc2cf1a84cde094706c4cc458f305149925
CLIENT_HANDSHAKE_TRAFFIC_SECRET a075b88cc6f84dadb78849e14af5ddcc7a8f87cde237e7422bc5c525d69b12ff c3e3f9de9fed36d0cabab58733c59b87a0adb27fceb185628e0421d636629879
SERVER_HANDSHAKE_TRAFFIC_SECRET a075b88cc6f84dadb78849e14af5ddcc7a8f87cde237e7422bc5c525d69b12ff 467d7d3843f61859dcedcb61bce0d3a9baf8f5f7115b934d94b37e8d83fa6fdc
CLIENT_TRAFFIC_SECRET_0 a075b88cc6f84dadb78849e14af5ddcc7a8f87cde237e7422bc5c525d69b12ff d2bb83acff9dd8991b1933b9323f0546d3f1b184c1a7b4ae4660b5e8edc5559d
SERVER_TRAFFIC_SECRET_0 a075b88cc6f84dadb78849e14af5ddcc7a8f87cde237e7422bc5c525d69b12ff 91b9807d45d933a234f8f28330cd1e20259bd6a7d9f9a2aeabe88c2cb6d19557
EXPORTER_SECRET a075b88cc6f84dadb78849e14af5ddcc7a8f87cde237e7422bc5c525d69b12ff fe82f51955e17f0ffb430da357b600504ee6fe56351f132e1a0d8c560d9798c8
CLIENT_HANDSHAKE_TRAFFIC_SECRET 6e0af8b0e79fe1ae801979bd208d33e96108166751194943d45e43061bd1bf2d 8701b6216bc179a9daac65f1bebf61f34b806796b048b0e6fd30e0086461128b
SERVER_HANDSHAKE_TRAFFIC_SECRET 6e0af8b0e79fe1ae801979bd208d33e96108166751194943d45e43061bd1bf2d c41dc3b041216a6ab4ac9ab8556ce81776f9d15bc2d45bc24fcec5691613a24a
CLIENT_TRAFFIC_SECRET_0 6e0af8b0e79fe1ae801979bd208d33e96108166751194943d45e43061bd1bf2d 9e8d3308991158c180a627bd6b3e37d37f73f9640c80364f93683b2f213a7bb7
SERVER_TRAFFIC_SECRET_0 6e0af8b0e79fe1ae801979bd208d33e96108166751194943d45e43061bd1bf2d 08e646e8a978c4d9487c516238ca61257322e37179b147edb8b987685800974e
EXPORTER_SECRET 6e0af8b0e79fe1ae801979bd208d33e96108166751194943d45e43061bd1bf2d 30027d54771f5b9bbf04913bc47d8fc7b3ee28b031eff7cb30966c18fd3ec4de
CLIENT_HANDSHAKE_TRAFFIC_SECRET 7833d6a5e7786402d421057edb2c1a10050243394ffd854eca3b02ff4ca7b3ea c70a7820b6b8a29b2f10ea2a0da2e03abc569b7e734b378e7b2ddd9bcaf5380f
SERVER_HANDSHAKE_TRAFFIC_SECRET 7833d6a5e7786402d421057edb2c1a10050243394ffd854eca3b02ff4ca7b3ea 9a0be0c2d547a4d9b13ad57346b33349b8df033d9cfb6bb9b7de220907e76f6b
CLIENT_TRAFFIC_SECRET_0 7833d6a5e7786402d421057edb2c1a10050243394ffd854eca3b02ff4ca7b3ea 90a479525b6b6648e25cc4939f93549f8324700f0015828a0a859ddab820514d
SERVER_TRAFFIC_SECRET_0 7833d6a5e7786402d421057edb2c1a10050243394ffd854eca3b02ff4ca7b3ea 7d20da0a587ff1c080a97fd99a48534e2f75ae62d817d3149664466247941d31
EXPORTER_SECRET 7833d6a5e7786402d421057edb2c1a10050243394ffd854eca3b02ff4ca7b3ea 39f4eb85c04f82f19da2af1b28263fa654c910ef1b93fa818393a367d936e940
CLIENT_HANDSHAKE_TRAFFIC_SECRET 1cec5ace35994110bc166b9cb816ca2337c66cb4043ef0026f557c67620b611c 2183315d03e6810724f3e620afb38ba3df10af110f462a13e1db8779197310c3
SERVER_HANDSHAKE_TRAFFIC_SECRET 1cec5ace35994110bc166b9cb816ca2337c66cb4043ef0026f557c67620b611c d514b19dc007fd7282812da89953d0bef2a46ef043eef720e009fc553b89995d
CLIENT_TRAFFIC_SECRET_0 1cec5ace35994110bc166b9cb816ca2337c66cb4043ef0026f557c67620b611c fe86d6bf0bed81dd4f8f9c477980a570d7d5b5b5ba9510eee2aeebbc524666b8
SERVER_TRAFFIC_SECRET_0 1cec5ace35994110bc166b9cb816ca2337c66cb4043ef0026f557c67620b611c ed8f224f0d3666aebcd25bb6722d12eee8f13af33a49b8eec15bdd44c81dac58
EXPORTER_SECRET 1cec5ace35994110bc166b9cb816ca2337c66cb4043ef0026f557c67620b611c 8832e2cd442cc0b09df22645f718e245a3c4eca4c0419bac31087acd0957d9cf
CLIENT_HANDSHAKE_TRAFFIC_SECRET 0ba11c36dc6e8b18cb1da9681aa6957597dc7a1d088c092f0d83b274f454992b d13141c75ff248de9cd3b80387532a019d29fa8b42ef19944f6ff7c8b1d5e01e
SERVER_HANDSHAKE_TRAFFIC_SECRET 0ba11c36dc6e8b18cb1da9681aa6957597dc7a1d088c092f0d83b274f454992b 6226da5ef7d506dcfa7affe76ca64a1b6544d498d50c7d6a047936cb82bc6790
CLIENT_TRAFFIC_SECRET_0 0ba11c36dc6e8b18cb1da9681aa6957597dc7a1d088c092f0d83b274f454992b e7e10ba3e8bb554549682917a017637f28b2d824cb86318883fbd3eda3385df3
SERVER_TRAFFIC_SECRET_0 0ba11c36dc6e8b18cb1da9681aa6957597dc7a1d088c092f0d83b274f454992b f41931aa6b852c88e9eb4df394d73e49f1c4c0f157642b38cc0d9dbae540316f
EXPORTER_SECRET 0ba11c36dc6e8b18cb1da9681aa6957597dc7a1d088c092f0d83b274f454992b 29cf77f5924734de1e05f30b9e58de941bc164519815724b5b2dab68f7ed809c
CLIENT_HANDSHAKE_TRAFFIC_SECRET b010b46d56a2c3dc589c0f7577e3a690d7e76e8748409f74b6786964d6c2fcae 5e9bdcdcfc476ad96d0b579c9becc27582d7bbfcc064dc5c7a0174f49e261410
SERVER_HANDSHAKE_TRAFFIC_SECRET b010b46d56a2c3dc589c0f7577e3a690d7e76e8748409f74b6786964d6c2fcae 6127aa258d133fa1ad898b87516a3643d86186d607758f570f1b3423a5a62db9
CLIENT_TRAFFIC_SECRET_0 b010b46d56a2c3dc589c0f7577e3a690d7e76e8748409f74b6786964d6c2fcae 19c5cc916174940f46ad29d5423d3671aba4902015c91e32df9aa2b2b5caeb5f
SERVER_TRAFFIC_SECRET_0 b010b46d56a2c3dc589c0f7577e3a690d7e76e8748409f74b6786964d6c2fcae f020bf0496aca73d8518a820d204b28c4b979b65ce171013be1f8bb715fdecd1
EXPORTER_SECRET b010b46d56a2c3dc589c0f7577e3a690d7e76e8748409f74b6786964d6c2fcae 1bf1a7ee13ba91945395e44c1a47bc0d62d0aa9f3cc8b019378a845801bcb0cf
CLIENT_HANDSHAKE_TRAFFIC_SECRET e9428399855a19d0dc50232f832908768a6c5f9f04f625c15256f9fb63b2b4f6 6b3d7a9fe520d00df875f54f586a70b0ec7a835f818e077392aa3d8c5afd4177
SERVER_HANDSHAKE_TRAFFIC_SECRET e9428399855a19d0dc50232f832908768a6c5f9f04f625c15256f9fb63b2b4f6 aac87db16ef5574358588034d40360c1b24263ef95df7ba455c49a04cd6fc3b0
CLIENT_TRAFFIC_SECRET_0 e9428399855a19d0dc50232f832908768a6c5f9f04f625c15256f9fb63b2b4f6 9036d0e12ceec7b44bdd80aef2b1de9597c625292ddde2ed3a97412f7e6f70d0
SERVER_TRAFFIC_SECRET_0 e9428399855a19d0dc50232f832908768a6c5f9f04f625c15256f9fb63b2b4f6 90f92941265b1e59f97c9338eb0f9b44245e1aad5513df1cc0b3d923d8baa3fc
EXPORTER_SECRET e9428399855a19d0dc50232f832908768a6c5f9f04f625c15256f9fb63b2b4f6 65a9b9e87377b3757cdbef54a31486e0852e580179d52a260c6021b8182f5a0f
CLIENT_HANDSHAKE_TRAFFIC_SECRET c34e73a706f64473be385415d9bee781070d5f316f2e03226decb886e5a8b461 76444e3a3bf70d935279d0b186a5ecf50b07e5b9a2365bceab3133fbde196cd1
SERVER_HANDSHAKE_TRAFFIC_SECRET c34e73a706f64473be385415d9bee781070d5f316f2e03226decb886e5a8b461 27ebb69bcc885af45a82372ea4c0fc6cb7be4f5d7961387e002fb4485cecc09e
CLIENT_TRAFFIC_SECRET_0 c34e73a706f64473be385415d9bee781070d5f316f2e03226decb886e5a8b461 edb9686ea9129a38ef845957e7ca6b758b6b1f2afcee68ef90dabc0127320589
SERVER_TRAFFIC_SECRET_0 c34e73a706f64473be385415d9bee781070d5f316f2e03226decb886e5a8b461 fdc5b1313d4e5c969fb8e1db374a6020d161a8fc2fc16829e0cd7a839b684fa1
EXPORTER_SECRET c34e73a706f64473be385415d9bee781070d5f316f2e03226decb886e5a8b461 0964945128aff005fd4d2f5c5b3374d25816147545622fbf986f915ba33cd093
CLIENT_HANDSHAKE_TRAFFIC_SECRET b481ef37ac686aa374642ff7f6a0b2a0c53a826f6d1eda4bcec2f6ee80f7197b d18ecf3c9987fea05746f582261193c0e251c6325ef7c3efd966fe5f70ecb167
SERVER_HANDSHAKE_TRAFFIC_SECRET b481ef37ac686aa374642ff7f6a0b2a0c53a826f6d1eda4bcec2f6ee80f7197b 37108af730fe1a762d4329ac944563f0008b671c8e4726fcba805e57690709a9
CLIENT_TRAFFIC_SECRET_0 b481ef37ac686aa374642ff7f6a0b2a0c53a826f6d1eda4bcec2f6ee80f7197b 3fc0aa6697899c00e89baec6937d7f34122f440725f4f59d5d866cb4ba2c8538
SERVER_TRAFFIC_SECRET_0 b481ef37ac686aa374642ff7f6a0b2a0c53a826f6d1eda4bcec2f6ee80f7197b eddf73deca0cd224af60e5ff8b7440de566795646915e39c369aa2785ce0a17a
EXPORTER_SECRET b481ef37ac686aa374642ff7f6a0b2a0c53a826f6d1eda4bcec2f6ee80f7197b 1a86930472d7e07d177b865153bd6fc5bfdd612e66e0c07e1aa1d37e70e1cdc6
CLIENT_HANDSHAKE_TRAFFIC_SECRET 5664fd3d610b9d9584190fddecbdb6403d48aa2ef3d315d496e6fca755d249e2 1f86751939802e10b8ac1b5338593f2f4e758286524e62db8db3698639dc1b37
SERVER_HANDSHAKE_TRAFFIC_SECRET 5664fd3d610b9d9584190fddecbdb6403d48aa2ef3d315d496e6fca755d249e2 cddf76ecd78c7d9f3d96bfa5d91524a130864336fae834e79ada6089d8bc7ac5
CLIENT_TRAFFIC_SECRET_0 5664fd3d610b9d9584190fddecbdb6403d48aa2ef3d315d496e6fca755d249e2 53b17cc209ff7552289486f89e2c5a3b9729f0f85bdb290ee4616a77c072b069
SERVER_TRAFFIC_SECRET_0 5664fd3d610b9d9584190fddecbdb6403d48aa2ef3d315d496e6fca755d249e2 1b05e89faecb1ac87d7c8234a0632b28142faf472f65dfc700fc0cd18b2f3ab0
EXPORTER_SECRET 5664fd3d610b9d9584190fddecbdb6403d48aa2ef3d315d496e6fca755d249e2 278323d68e55b55b57b2ff5fc3e019b36f882c4bdae13ebd88339c7c3e1fed4d
CLIENT_HANDSHAKE_TRAFFIC_SECRET f9e3926b9a5d6299330a7e8bc3df15c5300ee7bbca0f4ba7c89ca67a01a9f603 5114385ba6b85a7b9d2cd15e7bc7ed0be23b1093ffce337a8a38c71c00f654ba
SERVER_HANDSHAKE_TRAFFIC_SECRET f9e3926b9a5d6299330a7e8bc3df15c5300ee7bbca0f4ba7c89ca67a01a9f603 0cfa37d75f29a8ac24c35e2879442921b1d2c5ecf51bab8ae50634f8ed8ce5fc
CLIENT_TRAFFIC_SECRET_0 f9e3926b9a5d6299330a7e8bc3df15c5300ee7bbca0f4ba7c89ca67a01a9f603 b916f8361a90f008def1c955402b4e29a3b7adc8091a2a6095481b9e0cc2c7c9
SERVER_TRAFFIC_SECRET_0 f9e3926b9a5d6299330a7e8bc3df15c5300ee7bbca0f4ba7c89ca67a01a9f603 79d9144e42a4189259de5c7da128aaa9b9c7589cbfeb37a1d5e84cbb51473c1c
EXPORTER_SECRET f9e3926b9a5d6299330a7e8bc3df15c5300ee7bbca0f4ba7c89ca67a01a9f603 aa8782a8fc27f93753466c553e97af7208b1fcf5ff1e1b7c2accd1b8a53e99b4
CLIENT_HANDSHAKE_TRAFFIC_SECRET 604c87c9685a9502d27486231d0ff3717cb30e99b24de8e652bd6924988fbb2b 6725c106c70d1294042742ae0ac4bd2a2e8ffacd619e0b122b42f4d465e35d55
SERVER_HANDSHAKE_TRAFFIC_SECRET 604c87c9685a9502d27486231d0ff3717cb30e99b24de8e652bd6924988fbb2b 8bd5a6ad6e15a8c1c91859ac087937426f50029423d0659be6a62ffe1be56c98
CLIENT_TRAFFIC_SECRET_0 604c87c9685a9502d27486231d0ff3717cb30e99b24de8e652bd6924988fbb2b 7752d5171fad6e31874e322101e8f801f05a68aafcc7c630f70d52aaa100425e
SERVER_TRAFFIC_SECRET_0 604c87c9685a9502d27486231d0ff3717cb30e99b24de8e652bd6924988fbb2b 5aea23cf766d90e6245c27250bd21d306746bcdc969ab11304e16fd48e9af58e
EXPORTER_SECRET 604c87c9685a9502d27486231d0ff3717cb30e99b24de8e652bd6924988fbb2b f0fbe6975f4ebcb99d5ad366afc5c0825cb890e63a12ec18ce38a00e94064723
CLIENT_HANDSHAKE_TRAFFIC_SECRET ba3180b16e27967323a63f0d9699b5898f0c5d82102e1600be1369555e433481 dd9eda4adc78f457af24f8f353530da25445ea991d2cc8253c338c547b05bc68
SERVER_HANDSHAKE_TRAFFIC_SECRET ba3180b16e27967323a63f0d9699b5898f0c5d82102e1600be1369555e433481 be0e5b1403a25e909ee44630f5bd11ef26108c6f9ebec49873e11a5229f0e031
CLIENT_TRAFFIC_SECRET_0 ba3180b16e27967323a63f0d9699b5898f0c5d82102e1600be1369555e433481 d696c8c81416d40014d46d136110be3857a5a1f0753bd335b4f877e05e39db14
SERVER_TRAFFIC_SECRET_0 ba3180b16e27967323a63f0d9699b5898f0c5d82102e1600be1369555e433481 e07985491ebb71b456a8146864fa571e1e0322e9c447052b96d0453af035a5c4
EXPORTER_SECRET ba3180b16e27967323a63f0d9699b5898f0c5d82102e1600be1369555e433481 fd166d424205875e7fd670ca18f3bb66424c81a5b7f0c039b1c40168538bad4e
CLIENT_HANDSHAKE_TRAFFIC_SECRET a5bfc38333f55bf5c68620c1451031a1e0dc8d490467569d1119bab1b5aedbea 83228289231b6dd55f72c6a87d0080bc318b886d32f3ba0bf75e4b8572ed9dcd
SERVER_HANDSHAKE_TRAFFIC_SECRET a5bfc38333f55bf5c68620c1451031a1e0dc8d490467569d1119bab1b5aedbea a2ea7102f11b8592b979c39f7146237e014814ed84a69840614ce78cabb293f3
CLIENT_TRAFFIC_SECRET_0 a5bfc38333f55bf5c68620c1451031a1e0dc8d490467569d1119bab1b5aedbea 8d8040e4494579d330ef6c80168fee24e59a9ef19c38e3b445a0cd52185b67ac
SERVER_TRAFFIC_SECRET_0 a5bfc38333f55bf5c68620c1451031a1e0dc8d490467569d1119bab1b5aedbea 7713e628aab88e9067dcfd8cc87669be730c68c03fb63a67bde229c4d5a37b86
EXPORTER_SECRET a5bfc38333f55bf5c68620c1451031a1e0dc8d490467569d1119bab1b5aedbea 65b6f43955a3bb5974327392c87f332caa07f9c93912d0f1b633dc4f4826d6aa
CLIENT_HANDSHAKE_TRAFFIC_SECRET 7f47e389004159613407a3740229fac35e8e344baa5a7a61aa2696d75a64645c b52bbe2e7ae2e5f291a218b527e4039f8039f623339b491ccaf64285623fe1e8
SERVER_HANDSHAKE_TRAFFIC_SECRET 7f47e389004159613407a3740229fac35e8e344baa5a7a61aa2696d75a64645c 0d036432f746e0c1b4d7e3773f990ef1bfc4f795a5a9ef96d70779d4bb5e4b48
CLIENT_TRAFFIC_SECRET_0 7f47e389004159613407a3740229fac35e8e344baa5a7a61aa2696d75a64645c 0a11e35ff2e2e1deb23d162401073b947adb5a7f5cc1b870d74c0ddb6e47249e
SERVER_TRAFFIC_SECRET_0 7f47e389004159613407a3740229fac35e8e344baa5a7a61aa2696d75a64645c e9329c940ccb02f430b53208da77153cb7eb15befd3c37aba9e3d1771098c981
EXPORTER_SECRET 7f47e389004159613407a3740229fac35e8e344baa5a7a61aa2696d75a64645c 9905e10f5155a9ae4d80586959dceb99dc93e70be9c7bd5e9cd45b292014fc81
CLIENT_RANDOM 607a97cd5cad1ae70ccb8036da42dc61bd71a39ae8faf18132babab2f7c34017 d87b85f7b2106154e9aa2c1281d81c9857e0930c12ef1570ba2dd52bd6189db433852a37a52f2efee5251c9a4f002aa4
CLIENT_RANDOM 607a973a9674f7b53536e930d06e3b09a4939b0d614637c9f62c3ba04593613a b1e1915fa6771898bfaf992981c8612c3bb2a88360f8a870c1941f470d9b8fab1088e96cbd8a6347fb1a0d8ce514b44f
CLIENT_RANDOM 607a97b3538c857924dcc1fbd1fc1aaac245d290a3ab7097f7c5e212b4ab8618 24707ae4dd7c60fbd2c4c61d72912a01a41f051d41c221dff7a222e3e2a1bf032e74a1d5b902870fa873518a1b7f313b
CLIENT_HANDSHAKE_TRAFFIC_SECRET dc947f9ada8de00464a0caefd25f368de2a8ef21b387decee313c19d9d2bd13f 658d43c421a0dade4dd335b99bc139bb03487e3dea22fd93d805d5fe4bd92026
SERVER_HANDSHAKE_TRAFFIC_SECRET dc947f9ada8de00464a0caefd25f368de2a8ef21b387decee313c19d9d2bd13f 146c843536b4726712c5981650775b02f3c3d8c68dd45e4c7db2eba68af941a7
CLIENT_TRAFFIC_SECRET_0 dc947f9ada8de00464a0caefd25f368de2a8ef21b387decee313c19d9d2bd13f 5e30e42f11a11f151b41c3362c2da1ccbdccef1065ac0e50313c40aaada377f2
SERVER_TRAFFIC_SECRET_0 dc947f9ada8de00464a0caefd25f368de2a8ef21b387decee313c19d9d2bd13f b75dc4bb788a7019e6e735eceb22a5c29f07700698be12e35716b86921ffe9f2
EXPORTER_SECRET dc947f9ada8de00464a0caefd25f368de2a8ef21b387decee313c19d9d2bd13f 7352da07cdde64154cfee27079fb3ad456dbf4ac6fec52ed69d2f8289a54be12
CLIENT_HANDSHAKE_TRAFFIC_SECRET fe118032a5f0e1812374c4b3034343650bd18a7fc9415bcc553e6db44939b602 c41c25d3d411abf2f7087ea3578dd84ba933b72c08c611668f132d0d8b351be2
SERVER_HANDSHAKE_TRAFFIC_SECRET fe118032a5f0e1812374c4b3034343650bd18a7fc9415bcc553e6db44939b602 9fdc5a539e34f2c274a5129f50bfb673d532d0be3d2114a652d072eeda00c33d
CLIENT_TRAFFIC_SECRET_0 fe118032a5f0e1812374c4b3034343650bd18a7fc9415bcc553e6db44939b602 a92f7a0c60773e7c12874d3d7a7d4bc4428cb263bfaa67cf6f61314d3f43aefb
SERVER_TRAFFIC_SECRET_0 fe118032a5f0e1812374c4b3034343650bd18a7fc9415bcc553e6db44939b602 5521adcf1a1708850547b9e0dd30d633c1e6eb2529a3be9103fae29e605dd203
EXPORTER_SECRET fe118032a5f0e1812374c4b3034343650bd18a7fc9415bcc553e6db44939b602 8afdd2e04a4a4cd3a5ec5dbae60afad13776ff22b7657a4cf822daf59cb6a5c2
CLIENT_HANDSHAKE_TRAFFIC_SECRET 7f84ea7dff55ffb6ca0e71c74cc3262b0d9cf84e7469e73090c22c24f1144249 ba0908fb13359c863268130e20586b9b981638d8bc948827b8630c2050ae5588
SERVER_HANDSHAKE_TRAFFIC_SECRET 7f84ea7dff55ffb6ca0e71c74cc3262b0d9cf84e7469e73090c22c24f1144249 9c857b19e2b6be09a0359f760c499825824b9ff87db1799205927f9cb16fada3
CLIENT_TRAFFIC_SECRET_0 7f84ea7dff55ffb6ca0e71c74cc3262b0d9cf84e7469e73090c22c24f1144249 0ea5126d9149a39a09975d0feb43ece33465b340e792da2ec2c996c2e08d7087
SERVER_TRAFFIC_SECRET_0 7f84ea7dff55ffb6ca0e71c74cc3262b0d9cf84e7469e73090c22c24f1144249 60a6fc4c8f8873250ab12b3a70028f493ae481d841c97f95416b0e8bd8764162
EXPORTER_SECRET 7f84ea7dff55ffb6ca0e71c74cc3262b0d9cf84e7469e73090c22c24f1144249 0d995915e91f779d48de09f762e3c5e55b537ae7f0845439b36927b980d86efa
CLIENT_HANDSHAKE_TRAFFIC_SECRET 68e157f840e780825ef3d8eacf0faacbc6171cf71fbce6604730e4fc50bbd1d0 86d55189cff67c30ab55fe2b3eee13355f192c886294ee12b23e4d3f68a84e3b
SERVER_HANDSHAKE_TRAFFIC_SECRET 68e157f840e780825ef3d8eacf0faacbc6171cf71fbce6604730e4fc50bbd1d0 6e63689a91ee5f1c72c92287e00f444348ef61b42f557519e398ce0090cbe0ae
CLIENT_TRAFFIC_SECRET_0 68e157f840e780825ef3d8eacf0faacbc6171cf71fbce6604730e4fc50bbd1d0 1fe601f8e5bba5aa7d9b0faf110de937cfb15f33ac2f8d250745794aaa5e87f1
SERVER_TRAFFIC_SECRET_0 68e157f840e780825ef3d8eacf0faacbc6171cf71fbce6604730e4fc50bbd1d0 d46891e7269b79474577380575b391c07aabfed15ae4545726dd2624fecd4a46
EXPORTER_SECRET 68e157f840e780825ef3d8eacf0faacbc6171cf71fbce6604730e4fc50bbd1d0 fec7c47c51222d84e6af72fa7bcdd7eaf3536fab67cf99daffd6dee6bc96e355
CLIENT_HANDSHAKE_TRAFFIC_SECRET 3ddd61520a658d9d39edf4a03ecf3dc332c7ed587cbb251af2f188509bc187f9 963cfe623f34ed6b78d8a2662347c8d6285f4c6a1975dd71ca55b62e87f3c4d0
SERVER_HANDSHAKE_TRAFFIC_SECRET 3ddd61520a658d9d39edf4a03ecf3dc332c7ed587cbb251af2f188509bc187f9 1c1b936859537c25f1d111ad806d009b5d8287cba419978a9018a4d2b570c63e
CLIENT_TRAFFIC_SECRET_0 3ddd61520a658d9d39edf4a03ecf3dc332c7ed587cbb251af2f188509bc187f9 4c5215e471d20823d82b8aeb52d9dd9c40ab544d9a1929c4ed705dbc54928b2e
SERVER_TRAFFIC_SECRET_0 3ddd61520a658d9d39edf4a03ecf3dc332c7ed587cbb251af2f188509bc187f9 114b6a4dbf5bec065a2214812b1dfa62a8bff08b0e3851486095cfc230ae864b
EXPORTER_SECRET 3ddd61520a658d9d39edf4a03ecf3dc332c7ed587cbb251af2f188509bc187f9 b39ed8ee96cb1f42e73c5ab277dc683da9be9ef7efbb3dc9e31e7c9eee4adb83
CLIENT_HANDSHAKE_TRAFFIC_SECRET 1f07477680b5396bd6fe309c34d150ce3f65e7fc15e1dd9eba86d74578829020 8615d2af7ab42750092cd5b0494607831a6afa927e6da0caf446a89266e36794
SERVER_HANDSHAKE_TRAFFIC_SECRET 1f07477680b5396bd6fe309c34d150ce3f65e7fc15e1dd9eba86d74578829020 152c35deeb3687df3528e9e2363fe7aabbac661a5c3627b2558d04b3f64b4746
CLIENT_TRAFFIC_SECRET_0 1f07477680b5396bd6fe309c34d150ce3f65e7fc15e1dd9eba86d74578829020 d700138a67bc042a23f58e984e660fd071f04e98acd1df610ad4a54eb53a6284
SERVER_TRAFFIC_SECRET_0 1f07477680b5396bd6fe309c34d150ce3f65e7fc15e1dd9eba86d74578829020 e6603b3266b209df10d579b63ecf1c692a1ae88219cf625eef53379b29f04ed7
EXPORTER_SECRET 1f07477680b5396bd6fe309c34d150ce3f65e7fc15e1dd9eba86d74578829020 932a5ea2bad30b42d2c0b2d5fe220fcacd255027e4ce7108ca11db904f6ef671
CLIENT_HANDSHAKE_TRAFFIC_SECRET 0905ddb2a73c9868ad38257f7c63a55ac13ac3ea753332c34501e0920b05b5e2 29528fca64b4efcd474e4e01855297c5f02153fe55691528d66d71e630eeba41
SERVER_HANDSHAKE_TRAFFIC_SECRET 0905ddb2a73c9868ad38257f7c63a55ac13ac3ea753332c34501e0920b05b5e2 a296efb456610241c98f5f608991cd2e97ba464120298d18b32acaec9800d8ad
CLIENT_TRAFFIC_SECRET_0 0905ddb2a73c9868ad38257f7c63a55ac13ac3ea753332c34501e0920b05b5e2 5d5c9c40ea58d5c0a14d40740a7ced33fcadd9cf57dc5b652abb0ca60c11026f
SERVER_TRAFFIC_SECRET_0 0905ddb2a73c9868ad38257f7c63a55ac13ac3ea753332c34501e0920b05b5e2 d3333c8e18ae642d3735d96715de597d429dcb9ddb2678ad76f045d386658d22
EXPORTER_SECRET 0905ddb2a73c9868ad38257f7c63a55ac13ac3ea753332c34501e0920b05b5e2 293d7c21a51f7a9e69118c97c4d74535f79d8a4484749f34abe63b25dbc4afda
CLIENT_HANDSHAKE_TRAFFIC_SECRET 709223fa746514d911dea7c057bf8dde00bddc1b4e01928952ff7b5e8b527418 44c2fbc85eef6a017a97c286859504177e88656ba5f4800896af3dd681737c96
SERVER_HANDSHAKE_TRAFFIC_SECRET 709223fa746514d911dea7c057bf8dde00bddc1b4e01928952ff7b5e8b527418 bab454759ac979b8bafc7fd3d730ac19a7eb1cfda820e0119644448089cad8cd
CLIENT_TRAFFIC_SECRET_0 709223fa746514d911dea7c057bf8dde00bddc1b4e01928952ff7b5e8b527418 39d5a01b178c9d4d19bf4e3b351761658d7d12df8db0f69ebb24880ebfd073c6
SERVER_TRAFFIC_SECRET_0 709223fa746514d911dea7c057bf8dde00bddc1b4e01928952ff7b5e8b527418 cad2279e47d6eee33598703ff742984f370eb0dd1e80fd25dcb8bf8ad046f86b
EXPORTER_SECRET 709223fa746514d911dea7c057bf8dde00bddc1b4e01928952ff7b5e8b527418 37c7ad61a1eb13321eb393357de11b453b96ebcb93e45cb257590214eb632940
CLIENT_HANDSHAKE_TRAFFIC_SECRET 2286d6f95d86e09abf649c47f309166c8287c0f1f5c9059d619af5a1c8f3c861 f74e3da4bdb6ba536d2a05e9abdf5eedd92a668c588f2cc6a4b7c74d62524551
SERVER_HANDSHAKE_TRAFFIC_SECRET 2286d6f95d86e09abf649c47f309166c8287c0f1f5c9059d619af5a1c8f3c861 5da72b7e4198c13561959bdf3b971e20228b864441d5d0d50c5dc1f6d7b2853b
CLIENT_TRAFFIC_SECRET_0 2286d6f95d86e09abf649c47f309166c8287c0f1f5c9059d619af5a1c8f3c861 0292ee38e3a9095c12cead80ff1737e28c4e880f96eee65aac0d14853241b1e3
SERVER_TRAFFIC_SECRET_0 2286d6f95d86e09abf649c47f309166c8287c0f1f5c9059d619af5a1c8f3c861 6d0b1809a47e2c4da21b9a96865ff32292d1a3535475ca2b4f64591e29dd06a8
EXPORTER_SECRET 2286d6f95d86e09abf649c47f309166c8287c0f1f5c9059d619af5a1c8f3c861 9d18cd90c2ed7a33049357a5f9188cd1578199029bd35daf0bd343a813af0bd4
CLIENT_HANDSHAKE_TRAFFIC_SECRET b91d42fac8db4562950c988032e928c957828a3872eff068f74773fa639edf94 77289b9ccc5385b8367a9601168ee93d7a922ef6485f78aaf7c958700dc924da
SERVER_HANDSHAKE_TRAFFIC_SECRET b91d42fac8db4562950c988032e928c957828a3872eff068f74773fa639edf94 e1a664db87672d08a2d9c398e08f2df503c1c3e8f6837aa7ee81ecffda657a9f
CLIENT_TRAFFIC_SECRET_0 b91d42fac8db4562950c988032e928c957828a3872eff068f74773fa639edf94 c43be27a2441d13cc84cf4cd0921b10ebab62c0048b00ea43bc71bd1ca1f9b4b
SERVER_TRAFFIC_SECRET_0 b91d42fac8db4562950c988032e928c957828a3872eff068f74773fa639edf94 5ae705fbfe298b5e30a6e90bc77e42cf4824de70345557cb3c018bc299005c82
EXPORTER_SECRET b91d42fac8db4562950c988032e928c957828a3872eff068f74773fa639edf94 afc989884b2b72f109e3e36a977b343f554b1909a57e228d854db2f287b1c474
CLIENT_HANDSHAKE_TRAFFIC_SECRET b715208e82565ff913148bee0df0fbd447c5729638c072ce47ea11a9601c1b69 7b6c9132d08e48eaa63c925695cde9fa72949a70a42da3b603a45254b8752741
SERVER_HANDSHAKE_TRAFFIC_SECRET b715208e82565ff913148bee0df0fbd447c5729638c072ce47ea11a9601c1b69 dba0b0394c1cf9f91bc5bc393fab531e0b2e295cf6dbfe9473b86d16b57b08b3
CLIENT_TRAFFIC_SECRET_0 b715208e82565ff913148bee0df0fbd447c5729638c072ce47ea11a9601c1b69 5e361a67166d74ebc1d08af6cdb59c340d5dce1c53a0f6caa0a81dd6ff7d29f7
SERVER_TRAFFIC_SECRET_0 b715208e82565ff913148bee0df0fbd447c5729638c072ce47ea11a9601c1b69 3f529cbbc0729d8e01431eda0649e18d231c4c9c616c0381ecdbd47a791f824f
EXPORTER_SECRET b715208e82565ff913148bee0df0fbd447c5729638c072ce47ea11a9601c1b69 e6b463be8d8cff7a7ae5d7d7996cf2560f48c9c01e883355e42b8bed5eb14133
CLIENT_HANDSHAKE_TRAFFIC_SECRET 646735471af00936b1c31bb1aaa7aef00e28f871adceef4abafcf7043bf86f31 28de7d316548408840f061d6dcf0e962e680bb86c2c5e1ee3e30fd11a46c1461
SERVER_HANDSHAKE_TRAFFIC_SECRET 646735471af00936b1c31bb1aaa7aef00e28f871adceef4abafcf7043bf86f31 c0a60b2d511f41cc8b18c2ce61c80585576533aa91039ed6bdace67af8ee2d4e
CLIENT_TRAFFIC_SECRET_0 646735471af00936b1c31bb1aaa7aef00e28f871adceef4abafcf7043bf86f31 eb2f4006cd62bc8f7f02072476c4bac96f43050f579c911672e6cffbef444197
SERVER_TRAFFIC_SECRET_0 646735471af00936b1c31bb1aaa7aef00e28f871adceef4abafcf7043bf86f31 10a99db2f1bf4a0558edd61bac6f09ab5f8660e0fcf06cda68f93f0c8549dc1f
EXPORTER_SECRET 646735471af00936b1c31bb1aaa7aef00e28f871adceef4abafcf7043bf86f31 9586a832b9bb688e6aa585206e212d02c143c998ea0c69d88687a38b5355e992
CLIENT_HANDSHAKE_TRAFFIC_SECRET d1840034da2eafe182692feb6c5caaa70e2f8616bd1b72457c4692096c895f8b e31db4e6f1555e95b616fffb46fd1611b8fa58d5c334a6a5b71ccaaea770c5d9
SERVER_HANDSHAKE_TRAFFIC_SECRET d1840034da2eafe182692feb6c5caaa70e2f8616bd1b72457c4692096c895f8b 71615f5152d6cb88d4b3ea53434ff826fa2e2a138b48bbe2a89b8c9e8ee60d7f
CLIENT_TRAFFIC_SECRET_0 d1840034da2eafe182692feb6c5caaa70e2f8616bd1b72457c4692096c895f8b 078693b9e9e40ad909010393103a753ebcb81a50bc85975380d4656cd806f296
SERVER_TRAFFIC_SECRET_0 d1840034da2eafe182692feb6c5caaa70e2f8616bd1b72457c4692096c895f8b af577d956baf966da35bcc850fe929ae937494e8d1d9454d434b7728c5ef14e1
EXPORTER_SECRET d1840034da2eafe182692feb6c5caaa70e2f8616bd1b72457c4692096c895f8b 084b37668de1f04b54d8999f53dfce860df6e674ade17e7b9709dad82cb4a0c0
CLIENT_HANDSHAKE_TRAFFIC_SECRET 692449211d66b6dfb00f1a271185e2542aa26eed6f2c3d968e4c87244d592f28 6730738176524f0495dda25effe27745f9ba777451c61023dce2292d5bce2753
SERVER_HANDSHAKE_TRAFFIC_SECRET 692449211d66b6dfb00f1a271185e2542aa26eed6f2c3d968e4c87244d592f28 0b7b71c88b2ac7aabf7367ba2041bed87ebe103bf7957a36e8e213401ed20a7d
CLIENT_TRAFFIC_SECRET_0 692449211d66b6dfb00f1a271185e2542aa26eed6f2c3d968e4c87244d592f28 e27c9a26e5e2a05652c6f0d22218aa5bf41e89c472ec98d465ac856ba42ae5ca
SERVER_TRAFFIC_SECRET_0 692449211d66b6dfb00f1a271185e2542aa26eed6f2c3d968e4c87244d592f28 ea7904a56ad22c3ff9338cee9cf48a49a576bec64b22a7c85360de3f913392a8
EXPORTER_SECRET 692449211d66b6dfb00f1a271185e2542aa26eed6f2c3d968e4c87244d592f28 03201fbf7efccc1806f4f976aa2384489ce93c3e6049a63edbf7a97c068bc881
CLIENT_HANDSHAKE_TRAFFIC_SECRET 4158356203ff422bb3ec95700b338e4b7e300a6c2f190a484ecc1919d53600e8 5b9ff829d8c5359b09387c006c86789d8de29cb77741c3316d2da91475630ffc
SERVER_HANDSHAKE_TRAFFIC_SECRET 4158356203ff422bb3ec95700b338e4b7e300a6c2f190a484ecc1919d53600e8 d00511f3a92242bd3c0e0760292abf20b5c3820a999ba90273e27543ba5bb430
CLIENT_TRAFFIC_SECRET_0 4158356203ff422bb3ec95700b338e4b7e300a6c2f190a484ecc1919d53600e8 0cbe758531a4781811d5a191b79176c5101b32c1e79ea52e452f6fe5cb547f22
SERVER_TRAFFIC_SECRET_0 4158356203ff422bb3ec95700b338e4b7e300a6c2f190a484ecc1919d53600e8 87f8d4620c302414db1db8d6778f91bea394cb39b17c0c2ae2c1e4f9797e42f2
EXPORTER_SECRET 4158356203ff422bb3ec95700b338e4b7e300a6c2f190a484ecc1919d53600e8 2e33ffc5dd23aace1bcb45bf4671824ae3537e1389044893555bdd277d70ee1b
CLIENT_HANDSHAKE_TRAFFIC_SECRET 3d93e248f7033ddabaab2c7a23f3629d22b51cbadf61effde51756f3b4bc9fb3 df0772f96ecdf0ef3f1e0c620da3485cb597ca444f2471fb05e2a721e096369b
SERVER_HANDSHAKE_TRAFFIC_SECRET 3d93e248f7033ddabaab2c7a23f3629d22b51cbadf61effde51756f3b4bc9fb3 ace41343d39ba5dffc6c6083deb1c2aaa883ba5c3dd163907e190379201d2400
CLIENT_TRAFFIC_SECRET_0 3d93e248f7033ddabaab2c7a23f3629d22b51cbadf61effde51756f3b4bc9fb3 aee5bbe03ed32e871fb2f48c46e5c7fbe25587b932ddfd1073faff266a07a245
SERVER_TRAFFIC_SECRET_0 3d93e248f7033ddabaab2c7a23f3629d22b51cbadf61effde51756f3b4bc9fb3 a54ef4114187b851eedd0e23a85a431af1587725a1796cf80a8bdce4ac126ba9
EXPORTER_SECRET 3d93e248f7033ddabaab2c7a23f3629d22b51cbadf61effde51756f3b4bc9fb3 30348cfa825d9c108e094841b808a05dd17ccbdbfad732fe7db1538f74c3874d
