SERVER_HANDSHAKE_TRAFFIC_SECRET c27ae1242b6710b839e3a79489b9770dcc11fb19101f5f7834153e01a1511bac 4deca090249efa902b037c85108a53d9a01548d4724d4a04784ae38685e0f554063a56567c50bd45802e6d56407778b2
CLIENT_HANDSHAKE_TRAFFIC_SECRET c27ae1242b6710b839e3a79489b9770dcc11fb19101f5f7834153e01a1511bac 6c133cd3700cff51880754a84fc12854c4701882d3a8af61e1100f26f32d237b44f25492e67c90bddfad6a9a1d63e949
SERVER_TRAFFIC_SECRET_0 c27ae1242b6710b839e3a79489b9770dcc11fb19101f5f7834153e01a1511bac c017871bfb498b803f1a10d05e48af2a27bf5fdf57c4b512b525d5c2549e2bf7244401d957a7b82a48315a4b0d49e264
EXPORTER_SECRET c27ae1242b6710b839e3a79489b9770dcc11fb19101f5f7834153e01a1511bac 4f7338f0b18475f7213f0938dfd892a9a5d03f58095e966409804ae16ca0dc2a17a07490e6ab5ad90278b5f865e30bdf
CLIENT_TRAFFIC_SECRET_0 c27ae1242b6710b839e3a79489b9770dcc11fb19101f5f7834153e01a1511bac 69842cec2bc94ccb3c2dae97d59ab09ddeeb77d97c0f9e94c8e69e90b3c53188adcc780b544832337308655bdd769aa0
CLIENT_TRAFFIC_SECRET_0 c27ae1242b6710b839e3a79489b9770dcc11fb19101f5f7834153e01a1511bac 69842cec2bc94ccb3c2dae97d59ab09ddeeb77d97c0f9e94c8e69e90b3c53188adcc780b544832337308655bdd769aa0
SERVER_HANDSHAKE_TRAFFIC_SECRET 244b862d7a703f4d96df16a607a2bda5c435a8ca60cdca6ced969447dcfcb70b c8db833832bebc37801fa6c4a290dd8d5cb3f606da40e994435e7b1f8f69f5203b0ca107d90ed8e08aaa0271e7ad7c02
CLIENT_HANDSHAKE_TRAFFIC_SECRET 244b862d7a703f4d96df16a607a2bda5c435a8ca60cdca6ced969447dcfcb70b c80dd7419d9377640af90d4211a4e31905ed8c73e0bf9124f4b11026ed80773f1dd2d5c6e6978812a0e452b4d90a9ccf
SERVER_TRAFFIC_SECRET_0 244b862d7a703f4d96df16a607a2bda5c435a8ca60cdca6ced969447dcfcb70b ee68154c4f2ffe499808b686dd49b102182de119c8bed69be7d86e5db196587dafb26b3aa14b9401d6f02b255e29e470
EXPORTER_SECRET 244b862d7a703f4d96df16a607a2bda5c435a8ca60cdca6ced969447dcfcb70b 169d659c1bea187b7927fc86df27cbe7cc2ead980b4a03fbd338f5b47db32b6749f6398b3b923c83c7b6c6e09f656074
CLIENT_TRAFFIC_SECRET_0 244b862d7a703f4d96df16a607a2bda5c435a8ca60cdca6ced969447dcfcb70b b1d113a404331f00d84865a2269a912e2a948c9c46c0b12f9137f3324132298bea27d0b487dfe334d212fa915219a700
SERVER_HANDSHAKE_TRAFFIC_SECRET 5c2454308f345591155b6536ebf14b3a3f31747299c25984909cc7a441b1e856 a17c241aeb5b2005092103f54fa51e800c6d851157f8d11d908a6210fb4fcc792dad00eb7b8225c33504bc001fd9828a
CLIENT_HANDSHAKE_TRAFFIC_SECRET 5c2454308f345591155b6536ebf14b3a3f31747299c25984909cc7a441b1e856 621d0c781f1fd3b828c489dac34339bd8ddca082e15d858a5b5d2f44326cde6b1ee1fda60b80beaa12e962946623c850
SERVER_TRAFFIC_SECRET_0 5c2454308f345591155b6536ebf14b3a3f31747299c25984909cc7a441b1e856 6e46623cd48b93fa6abf898a0cf12867a570eab6ae05b462228d734d329aeefdd8fed247a148b88d4ad86936c370039f
EXPORTER_SECRET 5c2454308f345591155b6536ebf14b3a3f31747299c25984909cc7a441b1e856 81067278dc712bf136df486ccb43a8c8d1debfeb7941c74225f35f1dbf395b2b2e600660f6132d586f0b799bd6e951fe
CLIENT_TRAFFIC_SECRET_0 5c2454308f345591155b6536ebf14b3a3f31747299c25984909cc7a441b1e856 2587fcb2193a046c3171f71a9d4241b90e99d2cd72471fec5ffb9b992c7b59258f95088017e70ae3fa55276c9f6d9737
CLIENT_TRAFFIC_SECRET_0 5c2454308f345591155b6536ebf14b3a3f31747299c25984909cc7a441b1e856 2587fcb2193a046c3171f71a9d4241b90e99d2cd72471fec5ffb9b992c7b59258f95088017e70ae3fa55276c9f6d9737
SERVER_HANDSHAKE_TRAFFIC_SECRET c55c57494cc7bd47f7f092ab2029033fcb660c7bd50b09f8e96ee06a80594500 b9eff718936a69d1e44e2928ec809a5b221d32f28addcd621626e842b37390b1f05e99b33420bfe8ef98d3c1d447e26f
CLIENT_HANDSHAKE_TRAFFIC_SECRET c55c57494cc7bd47f7f092ab2029033fcb660c7bd50b09f8e96ee06a80594500 7b6173a6c9a68fdc62009f3f5af3057329dc3df41938294883c2a97706398edf518090e39a2ec8ac1aee71398698a5a1
SERVER_TRAFFIC_SECRET_0 c55c57494cc7bd47f7f092ab2029033fcb660c7bd50b09f8e96ee06a80594500 cb0b2960939c67ca38fba1a8ccd77a20ff689229fe3d97ed12155ad4a449dfee8b603fa157aaff655664c1405eca2bd9
EXPORTER_SECRET c55c57494cc7bd47f7f092ab2029033fcb660c7bd50b09f8e96ee06a80594500 340eac4be969beecfb00abb5c14dfe36ba2c2c5f576e20a6c885199fafe4f95c3ffdb94ecefd8d93707cf7832bc01ec8
CLIENT_TRAFFIC_SECRET_0 c55c57494cc7bd47f7f092ab2029033fcb660c7bd50b09f8e96ee06a80594500 f3222232a3a5f4a13d25ad474807e39c7a0a6848950c7a193e682d3dfcd711b966d4a369cf42defc2f864713dbd57598
CLIENT_TRAFFIC_SECRET_0 c55c57494cc7bd47f7f092ab2029033fcb660c7bd50b09f8e96ee06a80594500 f3222232a3a5f4a13d25ad474807e39c7a0a6848950c7a193e682d3dfcd711b966d4a369cf42defc2f864713dbd57598
SERVER_HANDSHAKE_TRAFFIC_SECRET 3e7bc8065c4bd6b6e5350dac393c5f793dd93c0e401df6851c3150244d9ba519 f86d0e7bd2acb778700a026e3a7337557ffb015bd9e58b1a2f5b9e33348294811eaaf147763dd185326665a2acf1fe3a
CLIENT_HANDSHAKE_TRAFFIC_SECRET 3e7bc8065c4bd6b6e5350dac393c5f793dd93c0e401df6851c3150244d9ba519 0eb2a0e88b38256637fe882d2480c554f8e507cf2f390e7c49feba6cd10f30f33a06281f083843e146316f707d27c697
SERVER_TRAFFIC_SECRET_0 3e7bc8065c4bd6b6e5350dac393c5f793dd93c0e401df6851c3150244d9ba519 bf8ccfa45bca60b40fc37a61d2e9255268550ede7786c7b7a38e92e4e5cd8e55c8152e3a50cb74abc6dfdbf121801f94
EXPORTER_SECRET 3e7bc8065c4bd6b6e5350dac393c5f793dd93c0e401df6851c3150244d9ba519 41db6edfd5a188c64a30ff368f7260be88dbf8129bdbc559e6c355d64bfa65c9734236fec5620736e0aa534d95dc2edf
CLIENT_TRAFFIC_SECRET_0 3e7bc8065c4bd6b6e5350dac393c5f793dd93c0e401df6851c3150244d9ba519 3b0b8f3112dfaa08ea65cb7f6ceabb925fd067271cb94dec74d0095ce4b7e2edf18add6ee6539f6dbd4cd414da670de5
CLIENT_TRAFFIC_SECRET_0 3e7bc8065c4bd6b6e5350dac393c5f793dd93c0e401df6851c3150244d9ba519 3b0b8f3112dfaa08ea65cb7f6ceabb925fd067271cb94dec74d0095ce4b7e2edf18add6ee6539f6dbd4cd414da670de5
SERVER_HANDSHAKE_TRAFFIC_SECRET b5cf3197ceffe9ebc78e65991ef53b93eabf4f9be6a84ea3a100b65e31119c09 04a02f4d525575751e34e71b0d186d5b3a8ef378a8aaa622b7cc1aca3b0c3d2234bd5b371ffc20b03f2ad710d775bb92
CLIENT_HANDSHAKE_TRAFFIC_SECRET b5cf3197ceffe9ebc78e65991ef53b93eabf4f9be6a84ea3a100b65e31119c09 b8848cd700ed4b9f4be82ae442ac02e49ecbdcbc79f4946eae83289f945e1987fc4ac24660356917d8262b86c5ab94ba
SERVER_TRAFFIC_SECRET_0 b5cf3197ceffe9ebc78e65991ef53b93eabf4f9be6a84ea3a100b65e31119c09 d2cc2f32345e297a1d77f35e1946f711c54e8487be872484b327eb0ed4666858f0c1ce151550e030a3eceacbacbac859
EXPORTER_SECRET b5cf3197ceffe9ebc78e65991ef53b93eabf4f9be6a84ea3a100b65e31119c09 e89ab41351731459586fc0e0b2c7dde40e3c3f7e15dbd1455de88cf122294dfd75b661a6d178733ea082d68b8031d823
CLIENT_TRAFFIC_SECRET_0 b5cf3197ceffe9ebc78e65991ef53b93eabf4f9be6a84ea3a100b65e31119c09 7a448186cd0d855237cd23dd5740e45e7e9c2d14dddbd22dfdee8c4ec72b3eb9ba80d2ae2dac4fcf4d604d490b80e864
SERVER_HANDSHAKE_TRAFFIC_SECRET eb9b188720c08ed759d8408363a89a7ec21d48f4be5b0021d283334075e3894d 0557c51b15699c8e647632225b2f74079b9c345708bce586bd5a29d7da84d67deb1f217951c6791118762f54f1d556b5
CLIENT_HANDSHAKE_TRAFFIC_SECRET eb9b188720c08ed759d8408363a89a7ec21d48f4be5b0021d283334075e3894d c1cf18ece078c01277fb77682a9726a0023921873f2ee87a144719bd166d2cd39455a100f5101722125a1e80bf0b5194
SERVER_TRAFFIC_SECRET_0 eb9b188720c08ed759d8408363a89a7ec21d48f4be5b0021d283334075e3894d f6ca961b5421c9132ac1ade7bc83f12f1f3fb4e7178a4d66d8302738897057350c8c14e533cd05caadd609723b85bf5d
EXPORTER_SECRET eb9b188720c08ed759d8408363a89a7ec21d48f4be5b0021d283334075e3894d 3bd3ad1275f509081e9ee050e5216d3d4d2ae6d7603cb04f19574cfd6bf18529f77fb76d36a83a53b2857d38d068e136
CLIENT_TRAFFIC_SECRET_0 eb9b188720c08ed759d8408363a89a7ec21d48f4be5b0021d283334075e3894d f97bd03fcf1bf89b8038c441cc29c33b4ebee44a01e8f96d98951f789398b3a3ff0c7ad65f8fa8575d82196a7315a7bc
SERVER_HANDSHAKE_TRAFFIC_SECRET c814f080ce0e64e679e34673ac8760368ced311b2cfb11098b53fee4f8efff24 09af5de56ee68b4de870461a9b9e9690200b4b134b3a353bf7c2d491f2390bb0de47d7e59fb052ef1551f47071e67b52
CLIENT_HANDSHAKE_TRAFFIC_SECRET c814f080ce0e64e679e34673ac8760368ced311b2cfb11098b53fee4f8efff24 2dc9a7e3fb48dbc093258307c62e3ebed05d2ebfe02586057afe6ec7d1285d8d50e6dc74e9f0f433343eb448852f753b
SERVER_TRAFFIC_SECRET_0 c814f080ce0e64e679e34673ac8760368ced311b2cfb11098b53fee4f8efff24 dbb04a9591e256af49418b6ce2eccaa5ddd1eb6d518bdfa3eaf1d5968c5e937240ae8a965060d47dcab90b4d67bbe13f
EXPORTER_SECRET c814f080ce0e64e679e34673ac8760368ced311b2cfb11098b53fee4f8efff24 cf32244d3a367045e5639ee61d8c8eeeab9e804e479033c6a9b8e9565c562d42707f9f4fecb49e8f4d8829f407de5fef
CLIENT_TRAFFIC_SECRET_0 c814f080ce0e64e679e34673ac8760368ced311b2cfb11098b53fee4f8efff24 5ef5a5805e6d067022298a5d4d92d64b882e7b9037baff134cd01fe98e5fe3926e457bdaa283719f2443de9661fcc8cc
SERVER_HANDSHAKE_TRAFFIC_SECRET 927f8d9b096cc6a1b3ca5a6a15229f851fd3d56e60975f0d5108ab20cf78d164 388e8a4854ebc2a18f2499c3908a9978f612c0cf3afdf2285ee9cdba8641362414620958baa37bf11cb57fc9bc859c0c
CLIENT_HANDSHAKE_TRAFFIC_SECRET 927f8d9b096cc6a1b3ca5a6a15229f851fd3d56e60975f0d5108ab20cf78d164 cff8e9654a989d1d2a8ec4d0164d8afa416ad5d851a342adfc5912d8a5332a654df67a5b29582c2f5ec8705f19df0359
SERVER_TRAFFIC_SECRET_0 927f8d9b096cc6a1b3ca5a6a15229f851fd3d56e60975f0d5108ab20cf78d164 7b86b943e019bb3d9fef5dff6e9a62e5058aed91a19503aa92b1dfc3777a0c6708384505311d70c8083a7757186e7112
EXPORTER_SECRET 927f8d9b096cc6a1b3ca5a6a15229f851fd3d56e60975f0d5108ab20cf78d164 02fae073cab33a80129f938395251a322014e10e20094f367bd1d8655a34fae177b0b2f03156b5274285d129ad45250c
CLIENT_TRAFFIC_SECRET_0 927f8d9b096cc6a1b3ca5a6a15229f851fd3d56e60975f0d5108ab20cf78d164 8cd0b1ef7d269d2e08ad237e6f2cae5592cfe92b37242f3666f62bb162ebd20d474647d38d53657ed115e84a0d4302e5
CLIENT_TRAFFIC_SECRET_0 927f8d9b096cc6a1b3ca5a6a15229f851fd3d56e60975f0d5108ab20cf78d164 8cd0b1ef7d269d2e08ad237e6f2cae5592cfe92b37242f3666f62bb162ebd20d474647d38d53657ed115e84a0d4302e5
SERVER_HANDSHAKE_TRAFFIC_SECRET 05597f01e0695694b9fa82d7fe95479f944d9cd8400c1bee5d8a3893d6fb5a0c ea0dfd6ed81a11ab0aa7656a6215cee8b0632d6021251d75e7a3dbc1223793db88d951d6f901c036982f2239d7b8f3f2
CLIENT_HANDSHAKE_TRAFFIC_SECRET 05597f01e0695694b9fa82d7fe95479f944d9cd8400c1bee5d8a3893d6fb5a0c a1d39b5a37a9239dc1922de3c49fa2450fc0f01d538a0579ab623bb0271514aa7f6998217fe2d99984599011621413c6
SERVER_TRAFFIC_SECRET_0 05597f01e0695694b9fa82d7fe95479f944d9cd8400c1bee5d8a3893d6fb5a0c 71d614ea84834dc591782757aca3089504f4dbd0e9b32be8bc40cbbf3be12eefecd37977a728f7c8af204085c104efad
EXPORTER_SECRET 05597f01e0695694b9fa82d7fe95479f944d9cd8400c1bee5d8a3893d6fb5a0c fe1d6a2433c0dedd224088e3a72f3c4e1bab39062d966ca4e1e2e678a7efbe998a14a6fd8793a382999f1dc6f50add66
CLIENT_TRAFFIC_SECRET_0 05597f01e0695694b9fa82d7fe95479f944d9cd8400c1bee5d8a3893d6fb5a0c 79815204b37261f7f3e5fb4e7593047ab2d461c501a84eb16affa41eb930a7a341ef87d6562c2f367460481010fab42a
CLIENT_TRAFFIC_SECRET_0 05597f01e0695694b9fa82d7fe95479f944d9cd8400c1bee5d8a3893d6fb5a0c 79815204b37261f7f3e5fb4e7593047ab2d461c501a84eb16affa41eb930a7a341ef87d6562c2f367460481010fab42a
SERVER_HANDSHAKE_TRAFFIC_SECRET c58012c6b8d8f6f8a26b2fa03468358e3c2b8db71dcef5c33d81d7aec7fcd541 765c951dceca6ad5efbb33e93102a9b7bdddd6fd8b48d2a54c1c70b71ca204d2e148dae68fb6add44e2115965f1f4b2e
CLIENT_HANDSHAKE_TRAFFIC_SECRET c58012c6b8d8f6f8a26b2fa03468358e3c2b8db71dcef5c33d81d7aec7fcd541 6390e5fc4c1dbee52e52c24634c1afa60d884ab256509b4b1eb6e43f197c33b761e07aa75affa7074630c0db757913d7
SERVER_TRAFFIC_SECRET_0 c58012c6b8d8f6f8a26b2fa03468358e3c2b8db71dcef5c33d81d7aec7fcd541 8dc7de419e5e0cf5fb8977128487cfc1db8491e71b63ff245d495a85de49724b29e8ecdae89dfb7aab7ab6722ce49daa
EXPORTER_SECRET c58012c6b8d8f6f8a26b2fa03468358e3c2b8db71dcef5c33d81d7aec7fcd541 c017307d89965cc38a4d30098900c60c21401d6b140f9cdfb0b79fb001d91f7ec95342d7b24f260abade883e69d81edd
CLIENT_TRAFFIC_SECRET_0 c58012c6b8d8f6f8a26b2fa03468358e3c2b8db71dcef5c33d81d7aec7fcd541 e31993982ba703abcaab1e1dea2a1ce07e119ff6baf71ae929c24b134954bda352b45883285535b91cbb1a6d227f59ef
CLIENT_TRAFFIC_SECRET_0 c58012c6b8d8f6f8a26b2fa03468358e3c2b8db71dcef5c33d81d7aec7fcd541 e31993982ba703abcaab1e1dea2a1ce07e119ff6baf71ae929c24b134954bda352b45883285535b91cbb1a6d227f59ef
SERVER_HANDSHAKE_TRAFFIC_SECRET 27bd5c82a3eba6f8606c961d2fbe903e07dc6fc3d7c6ba0661aad53ceb3e6286 11965030b425c489d4b5301cd3a7f0ae09beb26ff7e52b48e0df8643c7e449a99d9ba7cf384c71c65ab20b9dbf803741
CLIENT_HANDSHAKE_TRAFFIC_SECRET 27bd5c82a3eba6f8606c961d2fbe903e07dc6fc3d7c6ba0661aad53ceb3e6286 c592f582a3ea6c1acea457c5755fe20183956036d36063ad29df2c3ed5819d79078473da103cacef8e9692b1613222c5
SERVER_TRAFFIC_SECRET_0 27bd5c82a3eba6f8606c961d2fbe903e07dc6fc3d7c6ba0661aad53ceb3e6286 89ff74dac455510f815a2d1283c150c2aacd67d94aeffc80f330992fae6106869f988ed5d97b2699f9963eff2b411537
EXPORTER_SECRET 27bd5c82a3eba6f8606c961d2fbe903e07dc6fc3d7c6ba0661aad53ceb3e6286 0adbe4084563dd46cd8e573a06060669a05508c40267f16728dcf9b8feb4d2447c002fc359f2484c215bfd580e150b8f
CLIENT_TRAFFIC_SECRET_0 27bd5c82a3eba6f8606c961d2fbe903e07dc6fc3d7c6ba0661aad53ceb3e6286 69c3a4a9a8312ec1da215b3d404c39c83d01db015cb5f5c931e2338bc69355f33a4638f3b9be3144cbf3c7686ed22d4f
SERVER_HANDSHAKE_TRAFFIC_SECRET c59396c8b1c30c3684b07be8cb4099c96e00a84f87480e1b19af9135bf3c6ce1 1816159ec97c4c3493027932aebd32bcc85df2ca0b39dc02888e039fd13ac2877c383ddc48724507d19518dfe92bf049
CLIENT_HANDSHAKE_TRAFFIC_SECRET c59396c8b1c30c3684b07be8cb4099c96e00a84f87480e1b19af9135bf3c6ce1 e9d60b62f1bdb5b768338c168063c1df0b0c38ef26842477016e3b6a9b25fbdcdfa409cdf6ad8f3f3eb1387216763412
SERVER_TRAFFIC_SECRET_0 c59396c8b1c30c3684b07be8cb4099c96e00a84f87480e1b19af9135bf3c6ce1 a62b43af326cb96d8f6a010fcf827a949acfcb4652873d6dbcdf9405e8c3468e1041dcc25aa8b429756615447f856584
EXPORTER_SECRET c59396c8b1c30c3684b07be8cb4099c96e00a84f87480e1b19af9135bf3c6ce1 4f47c2d4307e6fff195a0b2be412a4f6c4535dbae5d3c89f6a9d2712502ba141f3d7fcac1ace414ef53483476fc75f83
CLIENT_TRAFFIC_SECRET_0 c59396c8b1c30c3684b07be8cb4099c96e00a84f87480e1b19af9135bf3c6ce1 48037ff4d5e0ec969b5d1f326e827eda5bdbcb992735abb3c818c1b24ad4bb12b93984b728215172b1ea14f21151b979
SERVER_HANDSHAKE_TRAFFIC_SECRET 5eb66792892cf81749a9f0cce7e6b5e5d5420252baf14fe7e5bf710f43a96873 16b170b0d5b38dba14544599079f9554aed0bb698d3c44dd6946f331190407456f0ff48030ae5c6ab49192b4f73527c0
CLIENT_HANDSHAKE_TRAFFIC_SECRET 5eb66792892cf81749a9f0cce7e6b5e5d5420252baf14fe7e5bf710f43a96873 c784154f819f8d0bea033fb4fd87a56a37e09d74f88cbd5b4808e26d5be6c570b4a52fec08572548b64fd1b6e62dcc87
SERVER_TRAFFIC_SECRET_0 5eb66792892cf81749a9f0cce7e6b5e5d5420252baf14fe7e5bf710f43a96873 86423ef7d3b0d586cc1a06a7b9741984a4a6b7e73486a27e88607c16b61d9240aff089361e2fd5d07a85ad92552cb384
EXPORTER_SECRET 5eb66792892cf81749a9f0cce7e6b5e5d5420252baf14fe7e5bf710f43a96873 2e402cd4cefd34c189a8c698148fd712f3d277301fd512d11718749d6cd652a3de4efda2143c70a36bfddda022bbce41
CLIENT_TRAFFIC_SECRET_0 5eb66792892cf81749a9f0cce7e6b5e5d5420252baf14fe7e5bf710f43a96873 d835119ebe00b52ffd67f9660130f0ad7107d8c66c4289bbbef3ede6f12a216d3a4c74e8850c6ea367c86a5b81a7d461
CLIENT_TRAFFIC_SECRET_0 5eb66792892cf81749a9f0cce7e6b5e5d5420252baf14fe7e5bf710f43a96873 d835119ebe00b52ffd67f9660130f0ad7107d8c66c4289bbbef3ede6f12a216d3a4c74e8850c6ea367c86a5b81a7d461
SERVER_HANDSHAKE_TRAFFIC_SECRET bec9f1a31c8e578dff7b62b710b9b6632a9f3bd6e2456b03bcbf49a9082c199a 27ced654498f6acf27fe449eafa361de8390ada999fc313ebb233df3ac3a9367829e30cd26c3200b8b5f6ae48e6de90f
CLIENT_HANDSHAKE_TRAFFIC_SECRET bec9f1a31c8e578dff7b62b710b9b6632a9f3bd6e2456b03bcbf49a9082c199a ee8544dd395eeeb2026e4f0af3d9f74f12f744de4c9ce0ac17f10eaa70eb8eae6fe646596776882a93045198851021d9
SERVER_TRAFFIC_SECRET_0 bec9f1a31c8e578dff7b62b710b9b6632a9f3bd6e2456b03bcbf49a9082c199a 0d012f9f64839e8b28aec98fc05f6ffe4a46883d857b4599ede368a36c5766ff3c72eae64b353540a1b622c13741fa5f
EXPORTER_SECRET bec9f1a31c8e578dff7b62b710b9b6632a9f3bd6e2456b03bcbf49a9082c199a ab3191adbd92dd88437e5adef395e927ba97b87d0c7ec850a7998046ca3a144a2a18122464ab1286d6d3be4a72343c76
CLIENT_TRAFFIC_SECRET_0 bec9f1a31c8e578dff7b62b710b9b6632a9f3bd6e2456b03bcbf49a9082c199a ebce982c57abf7fc8347c7dd8d273ae995a1ceb1a69efffabf605ec54064fa1354b143f901720a249205ff418cd17fe0
CLIENT_TRAFFIC_SECRET_0 bec9f1a31c8e578dff7b62b710b9b6632a9f3bd6e2456b03bcbf49a9082c199a ebce982c57abf7fc8347c7dd8d273ae995a1ceb1a69efffabf605ec54064fa1354b143f901720a249205ff418cd17fe0
SERVER_HANDSHAKE_TRAFFIC_SECRET 2f439b074e5bc7dfc23f5c834b89d48283f7e6b72600dddd6b1f6e09030a8327 5c3c863529a23c1cca5d9cb5c67d0497c7be4456825b6398b987ef1d1f476460e9453d583a88730561a577f608e9071a
CLIENT_HANDSHAKE_TRAFFIC_SECRET 2f439b074e5bc7dfc23f5c834b89d48283f7e6b72600dddd6b1f6e09030a8327 bc78f55b34204cfbb6432685485c76422ff56af9f83c4848f5c924c77ec5c03a47d54bc235acbedd24fe312721efa345
SERVER_TRAFFIC_SECRET_0 2f439b074e5bc7dfc23f5c834b89d48283f7e6b72600dddd6b1f6e09030a8327 5743f3ce69bf4c3389c8001d1c15033c252e574a81752b5eeb5a58988e4125cac18289fa37ace648d431b6a559d86acb
EXPORTER_SECRET 2f439b074e5bc7dfc23f5c834b89d48283f7e6b72600dddd6b1f6e09030a8327 ec905f80d73d68afe9614c563f52f6600db60a00e25bedc70efd2bd65fd07a113aef2db132ba8769e9f5886cd9b76e3f
CLIENT_TRAFFIC_SECRET_0 2f439b074e5bc7dfc23f5c834b89d48283f7e6b72600dddd6b1f6e09030a8327 d4904ccb26a57d57b8af24fc7cc14d07a6c53d56b72b1993bddc375f8c80dbcc89ed96f2298853712758cccf1c1d93f0
SERVER_HANDSHAKE_TRAFFIC_SECRET b1fa246adb90322e1d90afbea3737393e22ff8c1cc6732524833f05226059794 601a0e871a3254495af5be1c18c43a126300da78ca3e1711cda49b4e196e604bcec24792d5d766b28115b6edeb7702e9
CLIENT_HANDSHAKE_TRAFFIC_SECRET b1fa246adb90322e1d90afbea3737393e22ff8c1cc6732524833f05226059794 0a68ee175841244284feaa10c6c116dc2ee447470fd8bcf045e9946b9308764935f41a05da7a7348c5618e85dbd2e1f2
SERVER_TRAFFIC_SECRET_0 b1fa246adb90322e1d90afbea3737393e22ff8c1cc6732524833f05226059794 8c57b07f3e971e2cb81838ec2e56734f24b5eab71bc2e3a39f0b4975c716a7ebef541f7eb59eee90f03129b3a9f558d9
EXPORTER_SECRET b1fa246adb90322e1d90afbea3737393e22ff8c1cc6732524833f05226059794 cc7dc1291b702e2da7c24def371b767c96c4bd46de854ce0d1b21bf92ca35f107c54db85338ecec4fa8bb08174b18a21
CLIENT_TRAFFIC_SECRET_0 b1fa246adb90322e1d90afbea3737393e22ff8c1cc6732524833f05226059794 6199974bdab66b09bc43a47060c45a6154ef378f782c9a246f9cc05ec54d761f0f3b1dd54c1cdf4c7a462c1f5da0b34c
CLIENT_TRAFFIC_SECRET_0 b1fa246adb90322e1d90afbea3737393e22ff8c1cc6732524833f05226059794 6199974bdab66b09bc43a47060c45a6154ef378f782c9a246f9cc05ec54d761f0f3b1dd54c1cdf4c7a462c1f5da0b34c
SERVER_HANDSHAKE_TRAFFIC_SECRET 35890fb49850ff20362e331e340109e156726b1a414ee58b28598e7247870121 9cd2b7b401dd9fc3fb1e979e381cb07bdd43c75c0575b74d99cbe6229f179584554487e66707ddf58f572926a7013110
CLIENT_HANDSHAKE_TRAFFIC_SECRET 35890fb49850ff20362e331e340109e156726b1a414ee58b28598e7247870121 cead2f19cb85c946c2e0c5c6b051d9f875166ab0c8c1d7ee90ebcb2e9824ebc1603c148d414257ca16ab78e6f02ca7a5
SERVER_TRAFFIC_SECRET_0 35890fb49850ff20362e331e340109e156726b1a414ee58b28598e7247870121 a617f1731cd1e5ea8ccdfd585b5c6a30db75a51fd47c80c2d1e859a6841273811b57cec56570e3e4025652857a89e743
EXPORTER_SECRET 35890fb49850ff20362e331e340109e156726b1a414ee58b28598e7247870121 b471ee5d2725357de51f41350e4f02fb4e66ee011173b8bc58579100d5bbf7f9791c76e44a584995b4f629dd6d5b2248
CLIENT_TRAFFIC_SECRET_0 35890fb49850ff20362e331e340109e156726b1a414ee58b28598e7247870121 2ad4a18a0cd8779b4c37974e56ee63e03b75a599311607253b4edb11728cbc273d9ea53a8e4c6699c9761723d03b794a
CLIENT_TRAFFIC_SECRET_0 35890fb49850ff20362e331e340109e156726b1a414ee58b28598e7247870121 2ad4a18a0cd8779b4c37974e56ee63e03b75a599311607253b4edb11728cbc273d9ea53a8e4c6699c9761723d03b794a
SERVER_HANDSHAKE_TRAFFIC_SECRET 8a2529c6ef11693cb71fed5578e6aaf1d81479c2b33c32b3c31ad7cf7aa0ff60 e6a1cb27b0824b47d6d3b5f6b922889cc9320d8ac9d104d5e0fb6ee86bfaccc725c35167df9483d22927d5bf50b76b10
CLIENT_HANDSHAKE_TRAFFIC_SECRET 8a2529c6ef11693cb71fed5578e6aaf1d81479c2b33c32b3c31ad7cf7aa0ff60 d5e07784946341b5b49239ce91dc07eb2a8ac1cba91da872042f956012e834923f316c58374f1786cbf247b0f49c79fb
SERVER_TRAFFIC_SECRET_0 8a2529c6ef11693cb71fed5578e6aaf1d81479c2b33c32b3c31ad7cf7aa0ff60 30eccab6fac6785f42aa0ba16d42f59b14ef83843f41890c7fdabf4b353d1b36b2ac50d4218d590b54b1e6848297154a
EXPORTER_SECRET 8a2529c6ef11693cb71fed5578e6aaf1d81479c2b33c32b3c31ad7cf7aa0ff60 d9162953fd052a0cbde7708c1392d8c288491bfb49833f193c3eb54308aff9ae2f27504c47d1b1e682eb9790228b704d
CLIENT_TRAFFIC_SECRET_0 8a2529c6ef11693cb71fed5578e6aaf1d81479c2b33c32b3c31ad7cf7aa0ff60 c67ad824a450e09a266d70da0dc897622bef099def29fd21c74cdc87818cdc333e1ab4d5043605939288af3844f9e35c
SERVER_HANDSHAKE_TRAFFIC_SECRET c8a2747ae34d297b3bc1613d6f7f38ea697ff6cb9f369867e62ca08344a7acde 884b60d75936aefa94de9102db6ddf7594a486453a2e20be993297525269fe97db2362334afba7afeec1807d725e682d
CLIENT_HANDSHAKE_TRAFFIC_SECRET c8a2747ae34d297b3bc1613d6f7f38ea697ff6cb9f369867e62ca08344a7acde fd0503762bb15eed7cc4f9d756e2e42add443cdff03914009d3a88c41b62eaefe1482e1eb252c2c91691a6b6ad19bb26
SERVER_TRAFFIC_SECRET_0 c8a2747ae34d297b3bc1613d6f7f38ea697ff6cb9f369867e62ca08344a7acde acb0a3c5cfa444bec2b67dfbb95cc28369d4715d1bb03a43ebb6db848863d7db9b25bd49307567492673b835d60be650
EXPORTER_SECRET c8a2747ae34d297b3bc1613d6f7f38ea697ff6cb9f369867e62ca08344a7acde 3aa1c05785a057b1bcce769cd6d1d32fb6eb90a55bb82ce839d05e4f19b22947fe9ec363c284a79062da3ad247479ea6
CLIENT_TRAFFIC_SECRET_0 c8a2747ae34d297b3bc1613d6f7f38ea697ff6cb9f369867e62ca08344a7acde 250fc0618e4c5bc4a0dca8b93c5155fde4513cc3754ceffb0b285bcef2afe797d772cd3cbfeb037c9adca18ce2d19280
CLIENT_TRAFFIC_SECRET_0 c8a2747ae34d297b3bc1613d6f7f38ea697ff6cb9f369867e62ca08344a7acde 250fc0618e4c5bc4a0dca8b93c5155fde4513cc3754ceffb0b285bcef2afe797d772cd3cbfeb037c9adca18ce2d19280
SERVER_HANDSHAKE_TRAFFIC_SECRET 51e5140f38a8922984275fca1caaf58a7e05ff0369ae18110cb9292c8521c885 cbcc07691ddcd228218bf8ed2a974955d8cacacec1529a31a5f7ee45c3c094aa338c5873099a8afd198392a3696d1e15
CLIENT_HANDSHAKE_TRAFFIC_SECRET 51e5140f38a8922984275fca1caaf58a7e05ff0369ae18110cb9292c8521c885 10568efe05ac2037ba430e7bbaf95d7be839c82a9912f51ec0dc706280babe547c76136f38c65fe37baadc3819c27d59
SERVER_TRAFFIC_SECRET_0 51e5140f38a8922984275fca1caaf58a7e05ff0369ae18110cb9292c8521c885 3ec7e05b7ed9a865ffb0a49b3e471a423f10e518a489566e7b6ff6973688b26d5fab8701d48e00dea1566b2f0df81d04
EXPORTER_SECRET 51e5140f38a8922984275fca1caaf58a7e05ff0369ae18110cb9292c8521c885 8c4146170568d8bf0da502a47bb723cbd82dfe6cb97611f17749c1404286191049253519a47933b70421e1b9c6db3069
CLIENT_TRAFFIC_SECRET_0 51e5140f38a8922984275fca1caaf58a7e05ff0369ae18110cb9292c8521c885 0d807170dbb8262f0818183ac9bc5dabaa59776fe5fde81b1209c61c38472d0c91a9edf6d337d2ce4ef2b6b079e85e4a
CLIENT_TRAFFIC_SECRET_0 51e5140f38a8922984275fca1caaf58a7e05ff0369ae18110cb9292c8521c885 0d807170dbb8262f0818183ac9bc5dabaa59776fe5fde81b1209c61c38472d0c91a9edf6d337d2ce4ef2b6b079e85e4a
SERVER_HANDSHAKE_TRAFFIC_SECRET fae97cf8393e11c418a56c341081b345106539cdb4b0be8770c3239800615562 ad3d5b7f6bd72fec02e279159445aea242ffcff4b610e57ee01b5e9f9ed0cf1f5be1246a6f7cd4b211a8ed7b44601abc
CLIENT_HANDSHAKE_TRAFFIC_SECRET fae97cf8393e11c418a56c341081b345106539cdb4b0be8770c3239800615562 1cded648fcdc44f5192eef2f29f4eaa61729f67f22e43eb588b1ed4a1d7f65ce16e465593c0b453d68ccb9221242e9a8
SERVER_TRAFFIC_SECRET_0 fae97cf8393e11c418a56c341081b345106539cdb4b0be8770c3239800615562 7ea658f40ade739a9ee76132292d7c5ffd5933c8f531edbc22b7848b0411318a4772a5dc03279b18d99c201ac1cfa92f
EXPORTER_SECRET fae97cf8393e11c418a56c341081b345106539cdb4b0be8770c3239800615562 5002ad678ceae7039d1834a0232f49099410cd27853b321bdcab3b5e72a42f41e8ad9ff76cc4558186f6b72267d82df1
CLIENT_TRAFFIC_SECRET_0 fae97cf8393e11c418a56c341081b345106539cdb4b0be8770c3239800615562 929725a5edbb30270da8a17a51389a7a1dda676a402fea3c056a28768b4dc37bd199365deda1eaf34b235219546803cf
CLIENT_TRAFFIC_SECRET_0 fae97cf8393e11c418a56c341081b345106539cdb4b0be8770c3239800615562 929725a5edbb30270da8a17a51389a7a1dda676a402fea3c056a28768b4dc37bd199365deda1eaf34b235219546803cf
SERVER_HANDSHAKE_TRAFFIC_SECRET f6182d7dd6617285a7d87e434bdba8b2d83fef21d4ed6eb18829f58d992c5623 481c3c0ed5b4fa264fe35a39b06f397b7ad0464cc2f1d2fb39e7679761c6a53c0c44554ab15360c2e09788414c324ea2
CLIENT_HANDSHAKE_TRAFFIC_SECRET f6182d7dd6617285a7d87e434bdba8b2d83fef21d4ed6eb18829f58d992c5623 187b5824258a12e8ab16e5d6c6e9340d909b0dcfd348c688a850c6207e0ac06010fc08b5b3824888b6497d8c1d0fd464
SERVER_TRAFFIC_SECRET_0 f6182d7dd6617285a7d87e434bdba8b2d83fef21d4ed6eb18829f58d992c5623 d695558df62021e906b39bac91a05ddc106a77a94f4cf97e1e0625162a2cc67562d098b0872254f3f270e6dd5d2dbabb
EXPORTER_SECRET f6182d7dd6617285a7d87e434bdba8b2d83fef21d4ed6eb18829f58d992c5623 f48f36dd81eba5d25fd055023ff873faa6630ee37bb95c2554f3b286bba704d5d221566bf31750ab8e947fd81afbbeb8
CLIENT_TRAFFIC_SECRET_0 f6182d7dd6617285a7d87e434bdba8b2d83fef21d4ed6eb18829f58d992c5623 6ab49f481e28fcd52d0540edf1050064764a5e66ce290647ef32399505a509cd71661737fbf46f03466bf91446ea0c12
SERVER_HANDSHAKE_TRAFFIC_SECRET bc63df0736828bef340c50994cb1df5252cc7d3b63be39354cc6f0e240a37a2e 6e9ec26ed119238775a7f2311d7b50a6b1686130b81f4ffe6f539bcd0eb533fe42b9a13d28178ca5506c9a0867f492ef
CLIENT_HANDSHAKE_TRAFFIC_SECRET bc63df0736828bef340c50994cb1df5252cc7d3b63be39354cc6f0e240a37a2e df08fff48767ff258c58aad92eaea12af98631e508de47df461a6ef47161e0f143e0d8ebf1fd2c68c0c2be712f735df1
SERVER_TRAFFIC_SECRET_0 bc63df0736828bef340c50994cb1df5252cc7d3b63be39354cc6f0e240a37a2e 75bb515a2b74437491f41f7ddf2f0413211f1ecb70e328755e14a8abf74a610bfb9823621eb104d91e4411c643ea4882
EXPORTER_SECRET bc63df0736828bef340c50994cb1df5252cc7d3b63be39354cc6f0e240a37a2e 70e5e2915c39da55bb575d8c7b584febe61db6b06eab9fc06b0d36993ba71a04ce1e1c48b5e08a214c1d1d038efc60fd
CLIENT_TRAFFIC_SECRET_0 bc63df0736828bef340c50994cb1df5252cc7d3b63be39354cc6f0e240a37a2e 57d59c6f17ea8644b65b90bf9658ade1e4b3c2f1382d5548a4f8d68e96064dc7b3e3b144ce55e8bf3bdc73e3ac0902ab
SERVER_HANDSHAKE_TRAFFIC_SECRET f6bb0c301d8df54cb0137781aa5f2e2d49a9455709450e9172c909990d68f8d9 97efa613c75e0c91ed2ccaa3c35e30177bb2c90aafae91aa35f8f853a4ae0bf5d8c3b4d850f8ba35453edf09e2a9ce78
CLIENT_HANDSHAKE_TRAFFIC_SECRET f6bb0c301d8df54cb0137781aa5f2e2d49a9455709450e9172c909990d68f8d9 9bf101303812133c33d1eea6806d04f83be069ac90f896b64530c4d49db16064779517249deef516107e3b33019f494a
SERVER_TRAFFIC_SECRET_0 f6bb0c301d8df54cb0137781aa5f2e2d49a9455709450e9172c909990d68f8d9 aa7b06da5a76bcc61b89b20052a823f2ee028302bb41de2deb77433fb4bc0b8820a743ea2aaa848edfb2a423d680e2a2
EXPORTER_SECRET f6bb0c301d8df54cb0137781aa5f2e2d49a9455709450e9172c909990d68f8d9 19a862f66da0cac8a92803241d8b63273d0a2f346bcb5ca005718f59dfc294ec38ba7646ad79b188c136532edfbdcab8
CLIENT_TRAFFIC_SECRET_0 f6bb0c301d8df54cb0137781aa5f2e2d49a9455709450e9172c909990d68f8d9 971c2a4132c11502e4e01267f4f280cd903942273db029eae125910436eeb7bf880923a3c6dc4733ecfbdd2c3f1f11dc
SERVER_HANDSHAKE_TRAFFIC_SECRET 78710a2ddaca9deececc24a49d6aa9b692363df47a39b96c6e60c7fc6a4e963d 86427db41087436d7c84be8c59eaa177f620aa0a59c8097fac0f31a8ced86c951b020d43d8a8583387df8340c1b9cab4
CLIENT_HANDSHAKE_TRAFFIC_SECRET 78710a2ddaca9deececc24a49d6aa9b692363df47a39b96c6e60c7fc6a4e963d 3f325e04868bb80b9f9660620bb73ae8de06aefa061383d6e7ae441f1e3fce0c2df1e53a63652c713eb15820e5718ae6
SERVER_TRAFFIC_SECRET_0 78710a2ddaca9deececc24a49d6aa9b692363df47a39b96c6e60c7fc6a4e963d ef01c360a785bd94cb75e3bf9c22acdff77d48bd5b52a6cd93858ef841ccfc010b36fda8eb1574020587a5cbf38da23b
EXPORTER_SECRET 78710a2ddaca9deececc24a49d6aa9b692363df47a39b96c6e60c7fc6a4e963d ae6fe3be6cd1c185dce1a0b9ef6450f919d4f6638dc4828f253f4fbfb0f4562e537df7a9498cd6c60e060cc53dfc7579
CLIENT_TRAFFIC_SECRET_0 78710a2ddaca9deececc24a49d6aa9b692363df47a39b96c6e60c7fc6a4e963d 5680d472a50309827e6f744c6905fb8b93952caa6777f316924dd8392fdc2a8e715066150f840c324d84a336e1f8c6c8
CLIENT_TRAFFIC_SECRET_0 78710a2ddaca9deececc24a49d6aa9b692363df47a39b96c6e60c7fc6a4e963d 5680d472a50309827e6f744c6905fb8b93952caa6777f316924dd8392fdc2a8e715066150f840c324d84a336e1f8c6c8
SERVER_HANDSHAKE_TRAFFIC_SECRET 396756c45f8741cd0446c700e57b2aeb46acd786028f31d82fc50cc4f9e04da4 f1aa2ac4af982e55a532de10a08722880b882af69e390c59d4e3147dbbc285b798ee4777d119a49b2108a8bc1bc43963
CLIENT_HANDSHAKE_TRAFFIC_SECRET 396756c45f8741cd0446c700e57b2aeb46acd786028f31d82fc50cc4f9e04da4 2cb6a0d0ccd4ce2c901355381cf9c4b327a13cf236551f5ea2f1d578b604933794a4aeca1c1d012ecae75fd2b80dce1c
SERVER_TRAFFIC_SECRET_0 396756c45f8741cd0446c700e57b2aeb46acd786028f31d82fc50cc4f9e04da4 1e87d3f60282bdff42658481a3c8af08cb4a7786e82de76e15187bc2fabe2c6e62eda3d1d028352cfc70b9b7e0158cd1
EXPORTER_SECRET 396756c45f8741cd0446c700e57b2aeb46acd786028f31d82fc50cc4f9e04da4 3a35d050618eb97d749002e52892b8ebed7a734b3248e3a6eb7a566baf2aa545cc2e19488bc8f7fa27e53a2c242d1c0d
CLIENT_TRAFFIC_SECRET_0 396756c45f8741cd0446c700e57b2aeb46acd786028f31d82fc50cc4f9e04da4 fda732bb309cecc47afa59d5a854a9dc4dfac684c7964e78e19743a7a4ba127444d5da9801c1615cbc05b1aea16f5b94
CLIENT_TRAFFIC_SECRET_0 396756c45f8741cd0446c700e57b2aeb46acd786028f31d82fc50cc4f9e04da4 fda732bb309cecc47afa59d5a854a9dc4dfac684c7964e78e19743a7a4ba127444d5da9801c1615cbc05b1aea16f5b94
SERVER_HANDSHAKE_TRAFFIC_SECRET 9482a5a8850c18c1d38a0e49feffd5da02d172d94e13fd4fed7314bdfd7f1c22 687469d13d7b932af3d7aaf29556a2d13da600bfe7540de7bc943ceb0208a49813985d89e9a4dabf8541c663441da2fe
CLIENT_HANDSHAKE_TRAFFIC_SECRET 9482a5a8850c18c1d38a0e49feffd5da02d172d94e13fd4fed7314bdfd7f1c22 7fc8779116c4d4efd575638b0c8363a3f1f3d97993696b49ae690b5576c45f6308ab0ad4b649bc592588232a6e51ad2b
SERVER_TRAFFIC_SECRET_0 9482a5a8850c18c1d38a0e49feffd5da02d172d94e13fd4fed7314bdfd7f1c22 6a93b1014e7b3f03cfd7d92ae68da03c781b096dbcfe65ae0f79c4350bc3be76a5502b3252a7a57d2fb1765c9d035f7e
EXPORTER_SECRET 9482a5a8850c18c1d38a0e49feffd5da02d172d94e13fd4fed7314bdfd7f1c22 c17c8ee0f469ec117ac689b9224b5cf70174217a01329b277c0baede36bcb337c810ef942e73761b7eb0f345f2b56550
CLIENT_TRAFFIC_SECRET_0 9482a5a8850c18c1d38a0e49feffd5da02d172d94e13fd4fed7314bdfd7f1c22 032c914b1f35823815f2079d6391a3418a79d6c4b57ba9ca906c7089c38474a5beebf2f10ba8a062d4fad81976dc723a
CLIENT_TRAFFIC_SECRET_0 9482a5a8850c18c1d38a0e49feffd5da02d172d94e13fd4fed7314bdfd7f1c22 032c914b1f35823815f2079d6391a3418a79d6c4b57ba9ca906c7089c38474a5beebf2f10ba8a062d4fad81976dc723a
SERVER_HANDSHAKE_TRAFFIC_SECRET 7070a3309b9c8468e1f9f2af08eb01eee628d7e72d1018f779a588a092248bd1 a75c0dc1e5c7408101ea44eee3d0723d0fb48121f83880741d65e8a53ded37466dd7cfa8802a5e9e2bb6424984af5ade
CLIENT_HANDSHAKE_TRAFFIC_SECRET 7070a3309b9c8468e1f9f2af08eb01eee628d7e72d1018f779a588a092248bd1 9b173d92418a54d0a12bb7532de97eba6e88bc6d1d0d1cbe49ad98dcacdb05d498973d5beec8acd8ff13fdaaab547e6e
SERVER_TRAFFIC_SECRET_0 7070a3309b9c8468e1f9f2af08eb01eee628d7e72d1018f779a588a092248bd1 6517ed2468bae8538f4d2b920799842637b3db01ba8cfc479f3eb7fcd6dd8213cbcb855fa5eb49dffe385daaa59ed0d0
EXPORTER_SECRET 7070a3309b9c8468e1f9f2af08eb01eee628d7e72d1018f779a588a092248bd1 582e1024db990613b6f959a91f3766933f19b201476b5755c030d48baedb48f37ea6c71646873f153379a1c681d3ee5b
CLIENT_TRAFFIC_SECRET_0 7070a3309b9c8468e1f9f2af08eb01eee628d7e72d1018f779a588a092248bd1 d092d610341075dd4222eb2c5385e18288cc096c1726d9d085c28dd14192a51b35dbdadbafe25b37bf66adf70abb310f
SERVER_HANDSHAKE_TRAFFIC_SECRET f749ce2f25b51088bd16a660d83abfa26fb1b3a79e34535e06e3f646ce457e84 d0f97be3edd2639c023a790717ad431569aaa3ac5f66e45da6386ee00e0a21262f59038dfb6ec9c436a528cf5b402893
CLIENT_HANDSHAKE_TRAFFIC_SECRET f749ce2f25b51088bd16a660d83abfa26fb1b3a79e34535e06e3f646ce457e84 18c37c20162ad2c63edca7629948f48fa6d2b0793b743c8d675d8ff617d92e6e7ca5304baa695af708fb8a52df456908
SERVER_TRAFFIC_SECRET_0 f749ce2f25b51088bd16a660d83abfa26fb1b3a79e34535e06e3f646ce457e84 4817b476f958a57aa43a14f081caaf8d19bc69bbac208001f1c4284d480e576af9ef1ac74eb7609ba0a131cb6fb9034a
EXPORTER_SECRET f749ce2f25b51088bd16a660d83abfa26fb1b3a79e34535e06e3f646ce457e84 4006eb09567291b84f525d2043d22bdd7558a88ea17e1a61792ac9d610aaf67b22c1874e6f1bc5ec6e45d2410a7e5844
CLIENT_TRAFFIC_SECRET_0 f749ce2f25b51088bd16a660d83abfa26fb1b3a79e34535e06e3f646ce457e84 c5a5d702da70e0c67debdd5304e7e84ccd9499341625c4156de320a38f780356b4a54b197e4ba227b71fd43c9085a1b1
SERVER_HANDSHAKE_TRAFFIC_SECRET 674d9b7548f4a0b7ff8a45637a68c3180e0a112de40c26bb2f7a76c898b50253 15c17d95b7adadd4c5b8f7c7fb3ac10e7a51ac9912fb80d32bf44973d2ab1d991a3e5183dc7bec05f099d9a5fb3cfd04
CLIENT_HANDSHAKE_TRAFFIC_SECRET 674d9b7548f4a0b7ff8a45637a68c3180e0a112de40c26bb2f7a76c898b50253 10aa3432886ed266711f9ffdd99ac6352a468bf1fdac1fe0f0520cf7efe55ed09c3ab5bcc17d27abd62bef0d9f9039d0
SERVER_TRAFFIC_SECRET_0 674d9b7548f4a0b7ff8a45637a68c3180e0a112de40c26bb2f7a76c898b50253 14b0dce8cee826d5bd3ca4ff8b7bb173d8dcaf4601476ac40088ec2f070e1ab5bbbbfb4265e64e49fffddb34d81cbf3c
EXPORTER_SECRET 674d9b7548f4a0b7ff8a45637a68c3180e0a112de40c26bb2f7a76c898b50253 a167b22c3e91219765db599cf881eb5d0db9f73b4ac627101bb6699d783caba962189a55afea033c30bc3a8af15525db
CLIENT_TRAFFIC_SECRET_0 674d9b7548f4a0b7ff8a45637a68c3180e0a112de40c26bb2f7a76c898b50253 758a6a4edf7b43a8b05ae091150e554d5bd208921f067490d30da3238220b200b5f949b5c0587d3b8f57268c84add224
CLIENT_TRAFFIC_SECRET_0 674d9b7548f4a0b7ff8a45637a68c3180e0a112de40c26bb2f7a76c898b50253 758a6a4edf7b43a8b05ae091150e554d5bd208921f067490d30da3238220b200b5f949b5c0587d3b8f57268c84add224
SERVER_HANDSHAKE_TRAFFIC_SECRET d538e8c894df11673e7acf31c7af691e641af37575a6ca22fa47f7521fee131b afc71b57dbb90d452d7c3cd0f0b2781b63aa6308333a1ab7bb7b7de3c32c193b359d408f29534fac284fb53aab69872c
CLIENT_HANDSHAKE_TRAFFIC_SECRET d538e8c894df11673e7acf31c7af691e641af37575a6ca22fa47f7521fee131b 344b08f7decd2c4ac1ed5a6d0b3bbe685f6087cf42ee634a0a7382c1cc0f76cb8937a643328d26035dab8eb3fff71e34
SERVER_TRAFFIC_SECRET_0 d538e8c894df11673e7acf31c7af691e641af37575a6ca22fa47f7521fee131b dc345f063bad1a32448b748b23d2da436df2ba2a0bf66e381e8949c573339b7c7d302769d88aa1a07ed2e51506d4a9d0
EXPORTER_SECRET d538e8c894df11673e7acf31c7af691e641af37575a6ca22fa47f7521fee131b 8fb1cbbb36b0c3199291655e47f2d605a2a720fcea1f242ed96728f4a4ab462e8929b57a311fdeb67133823c8aa17084
CLIENT_TRAFFIC_SECRET_0 d538e8c894df11673e7acf31c7af691e641af37575a6ca22fa47f7521fee131b 7fca9ed21f47e0d83593f8d87b40888b6b046bc2ac6096b8e05a2851f3f13062727ea3bee9565ffbdf413d7729475e46
CLIENT_TRAFFIC_SECRET_0 d538e8c894df11673e7acf31c7af691e641af37575a6ca22fa47f7521fee131b 7fca9ed21f47e0d83593f8d87b40888b6b046bc2ac6096b8e05a2851f3f13062727ea3bee9565ffbdf413d7729475e46
SERVER_HANDSHAKE_TRAFFIC_SECRET 5c19a3c0d8d17b108d457b93eabf69409b3878f39d9e8b7ac81339307a10e548 c2e5d59d113c54e2cd6dddc1d0b9b074076dba4cb97a89145fb3163481ce9d8ca814ff61bbfb0554ad75ecfd3453364e
CLIENT_HANDSHAKE_TRAFFIC_SECRET 5c19a3c0d8d17b108d457b93eabf69409b3878f39d9e8b7ac81339307a10e548 6c79d77cd8d9fa208b40cc4d1ab873fd71be205d1a4d507fb74e1d9807f65e8e2a1d2c2878ac392a11283f4ecdc04d8b
SERVER_TRAFFIC_SECRET_0 5c19a3c0d8d17b108d457b93eabf69409b3878f39d9e8b7ac81339307a10e548 f071c07f43fc1c2cb894a4191526bac71c1912f4ac8cccaf20b323c8b5b83fee723da19894281bf822d1162c91819182
EXPORTER_SECRET 5c19a3c0d8d17b108d457b93eabf69409b3878f39d9e8b7ac81339307a10e548 6937318ccbfc5edcc55bf38ed38d8b5e35c5d805ab3e21e5ffa4e0b60840f8a22644fe87d82a96a6fe94bde64bfeff2f
CLIENT_TRAFFIC_SECRET_0 5c19a3c0d8d17b108d457b93eabf69409b3878f39d9e8b7ac81339307a10e548 8909ab54d773ad64d1c302fedd1705cbe78f403492fe035e5ca8160c030f03443bb3e35199b5ff5a63707e2699b02672
SERVER_HANDSHAKE_TRAFFIC_SECRET 254b10cc8ed6d32a6d66af1b9f34c39712ab9e75781d22febff9b58ebffd864d d6153573af6b265d30e6a676e686e70d4b3feb5323212f46aa514d6a94858883e41c168625639ef9b6351983b14749f7
CLIENT_HANDSHAKE_TRAFFIC_SECRET 254b10cc8ed6d32a6d66af1b9f34c39712ab9e75781d22febff9b58ebffd864d 53156525420ee08190e61a164d1e1a626d4f370ffdef0e32ee9910e3be12f83cef3e67f95aec21f5f2c47ccb262622ca
SERVER_TRAFFIC_SECRET_0 254b10cc8ed6d32a6d66af1b9f34c39712ab9e75781d22febff9b58ebffd864d ba233fb54df4534c6c1e8a3dc11924b8dca7ad9f74def1a5d476b988974d5341c828598ae5684ad4bae4b84beedc8442
EXPORTER_SECRET 254b10cc8ed6d32a6d66af1b9f34c39712ab9e75781d22febff9b58ebffd864d dbba97b3cac2736739749e64d1d6a647728e0d944b1a03828970033462f72afa0bb4d3e5bab34f9a054ee5a29dd00553
CLIENT_TRAFFIC_SECRET_0 254b10cc8ed6d32a6d66af1b9f34c39712ab9e75781d22febff9b58ebffd864d dc9965f440f76736cda0222ff6bc15e9c9bc2553607decaf0ecdf5641a0fbcd66ed8407f645fc30ffc3b9488c756c7a5
CLIENT_TRAFFIC_SECRET_0 254b10cc8ed6d32a6d66af1b9f34c39712ab9e75781d22febff9b58ebffd864d dc9965f440f76736cda0222ff6bc15e9c9bc2553607decaf0ecdf5641a0fbcd66ed8407f645fc30ffc3b9488c756c7a5
SERVER_HANDSHAKE_TRAFFIC_SECRET 84ba4a3cbb304dd1da71d67fe781cbef13e53bd3f58640d21d91dbc9242a41a7 a79e150eff719c3006775999647377532e5c79285efe793f3c8f2145711dc5e74841b4c1526532e305562d26a85bd0b2
CLIENT_HANDSHAKE_TRAFFIC_SECRET 84ba4a3cbb304dd1da71d67fe781cbef13e53bd3f58640d21d91dbc9242a41a7 839f6f393c2e36f7d3555a52825d935bf719500b3420bb35481e1218684029df7e934986542bb113ae80c5b5fbf8fa66
SERVER_TRAFFIC_SECRET_0 84ba4a3cbb304dd1da71d67fe781cbef13e53bd3f58640d21d91dbc9242a41a7 27e711065cb754a72ef5e9fd87f68f90d8dce4cf055963c4a82e9daa7fafdf2b15574785ef4ba308d7d018cf879c484f
EXPORTER_SECRET 84ba4a3cbb304dd1da71d67fe781cbef13e53bd3f58640d21d91dbc9242a41a7 8647dfba7d15cb1189e6898db284e8bb156889edf527be9504ce5dc3fe62dc884df0ea4226b8b413081c953295674487
CLIENT_TRAFFIC_SECRET_0 84ba4a3cbb304dd1da71d67fe781cbef13e53bd3f58640d21d91dbc9242a41a7 a24721918386c20c01d0823c152a1d9e4341e8db4d463b858d7f7cd685409926f0f25da8ed9f5c98e70bd11dea69f4ba
SERVER_HANDSHAKE_TRAFFIC_SECRET 177b9ecd7e7449700e79866a6df0717b7e75518de7d090e542a93206aafae5f0 05c5accc489cb97a708ce8b9becfbf52256db7226c875657c81ef02e8a73a9db6a9e268093e59a33c5de242597299bfe
CLIENT_HANDSHAKE_TRAFFIC_SECRET 177b9ecd7e7449700e79866a6df0717b7e75518de7d090e542a93206aafae5f0 ab617043ff95f7d3da2fd486b05132b3bcf91aa4780075b33948128925d9601b7cc2dfbf44047a845c7e99697d453d25
SERVER_TRAFFIC_SECRET_0 177b9ecd7e7449700e79866a6df0717b7e75518de7d090e542a93206aafae5f0 0c3e4a68873f487c5872e98305831d0388b7e234a1a3672645f98da8bba00addd6bcffe2582ce1e4e0e4e97ca57083ac
EXPORTER_SECRET 177b9ecd7e7449700e79866a6df0717b7e75518de7d090e542a93206aafae5f0 4b311e97d566fe4e33e49d37a8bb031e2d452abed1c4f846a9624c3a0a169d9b668126f624bafebf5cb79beaeb30b0b6
CLIENT_TRAFFIC_SECRET_0 177b9ecd7e7449700e79866a6df0717b7e75518de7d090e542a93206aafae5f0 26321898dd812d108a12741abfa348cd15f637de23e02f4d6d36e6455d2f440acc84e00bad18ecb670898e404d9aef47
CLIENT_TRAFFIC_SECRET_0 177b9ecd7e7449700e79866a6df0717b7e75518de7d090e542a93206aafae5f0 26321898dd812d108a12741abfa348cd15f637de23e02f4d6d36e6455d2f440acc84e00bad18ecb670898e404d9aef47
SERVER_HANDSHAKE_TRAFFIC_SECRET 508c01f3f2464f6acd3765cb3912ae2411974c3edae4e9af6ebdd7d2ee839f83 8de96488e02c93d743b251ab5405854139dae0ccdc17a25e10f75daca4e0c8769e736e5499ca0b214c8ce293c3d4769d
CLIENT_HANDSHAKE_TRAFFIC_SECRET 508c01f3f2464f6acd3765cb3912ae2411974c3edae4e9af6ebdd7d2ee839f83 018f8647ad8584c3e3c52bcd72bcb647b94416dd91c313306e96be222e5d77f52dcf17e3bedf14a3a5ace025e49acad5
SERVER_TRAFFIC_SECRET_0 508c01f3f2464f6acd3765cb3912ae2411974c3edae4e9af6ebdd7d2ee839f83 3da6dfe2ca754abeb9f93ba9c80afa6ec94359b19109746a215224b646ff4cae66a4da274c8e021be7049902f0de2499
EXPORTER_SECRET 508c01f3f2464f6acd3765cb3912ae2411974c3edae4e9af6ebdd7d2ee839f83 5c2a055e848fb110567832432359d56781ddd9aecac151ba10708c99ed270c3197b6195be783fff3d42b684e7e16446e
CLIENT_TRAFFIC_SECRET_0 508c01f3f2464f6acd3765cb3912ae2411974c3edae4e9af6ebdd7d2ee839f83 cbd7131e368a6bbab3f172c246b219658abf9013e9d0a76c5c7b820e2c7b9a27ce476df9268270868f101216c508167a
CLIENT_TRAFFIC_SECRET_0 508c01f3f2464f6acd3765cb3912ae2411974c3edae4e9af6ebdd7d2ee839f83 cbd7131e368a6bbab3f172c246b219658abf9013e9d0a76c5c7b820e2c7b9a27ce476df9268270868f101216c508167a
SERVER_HANDSHAKE_TRAFFIC_SECRET 51b11f6f7993e7cef316e9fb93c33f51eeaa805c038c93858b448644aee1acea 83c5604fcc2802f822a07d27554e8fcb4966e70fd5043b151cbb5ac8b1ce7589d523c2fd02723811e9ab4a9d1d19235f
CLIENT_HANDSHAKE_TRAFFIC_SECRET 51b11f6f7993e7cef316e9fb93c33f51eeaa805c038c93858b448644aee1acea d2a63ed9e391fe83eb16adca964cca358c43f8205a055ff6d9274f2d2c82eeee980db8f69b1655ff1766cfb64d5b2f4a
SERVER_TRAFFIC_SECRET_0 51b11f6f7993e7cef316e9fb93c33f51eeaa805c038c93858b448644aee1acea a6c66df382fc6e03419b8851df4b76b5ab9bc318544d304fe0757c18e9cb7bbd0a3e011d165608389a066b09f22c0fa4
EXPORTER_SECRET 51b11f6f7993e7cef316e9fb93c33f51eeaa805c038c93858b448644aee1acea 8f4a7c813a9c1ad42b08a3fe9840fba6bd7fcb1785c556ad0409ebc2fefdd75bdc1becb4788cfa3f1199889cc7fd8e93
CLIENT_TRAFFIC_SECRET_0 51b11f6f7993e7cef316e9fb93c33f51eeaa805c038c93858b448644aee1acea 6341f6a27e4c39f999b61b6fb53d29e006e1b5dda6cdb354aad034ff863e3f5c706758e75c28a1184ab173ef247ffaec
CLIENT_TRAFFIC_SECRET_0 51b11f6f7993e7cef316e9fb93c33f51eeaa805c038c93858b448644aee1acea 6341f6a27e4c39f999b61b6fb53d29e006e1b5dda6cdb354aad034ff863e3f5c706758e75c28a1184ab173ef247ffaec
SERVER_HANDSHAKE_TRAFFIC_SECRET 2a96dc043a46b0488301b0e08089fd03f4cf3cd62786fef3585ea362f9fb5f18 4da26c8cdadb4b81776faca3e17470f75bc343401efbed6bc9028f01e015070b05136bd1e0af74d42921b29283b2b94e
CLIENT_HANDSHAKE_TRAFFIC_SECRET 2a96dc043a46b0488301b0e08089fd03f4cf3cd62786fef3585ea362f9fb5f18 5501c5ccd7aef10deb946d7aefceff82ae746e878c080693f5df92c1f073f467f7310c92c46ab90dcdbc9eb7fa003e55
SERVER_TRAFFIC_SECRET_0 2a96dc043a46b0488301b0e08089fd03f4cf3cd62786fef3585ea362f9fb5f18 c3b5dc5b27b2118632a54ef35bdb946def9c2b847ecda7f9be046226d672244883d5a8d6618b3f4600e7dc919f4c8ac4
EXPORTER_SECRET 2a96dc043a46b0488301b0e08089fd03f4cf3cd62786fef3585ea362f9fb5f18 5279ca6f1691b07502edbcf3984a24077d06f8123125356cf6aad70a7b04111b289d31c5ed3b2815c2ba3a97cb070974
CLIENT_TRAFFIC_SECRET_0 2a96dc043a46b0488301b0e08089fd03f4cf3cd62786fef3585ea362f9fb5f18 dbcdb38a5b9005c726215f5155fa28c4ed967b976fd05efdfd5c9c5f7dda7be63cd8ce0b89d1562a6098d300ffdc1027
SERVER_HANDSHAKE_TRAFFIC_SECRET bf34ae9a7861f1d2c5c82945bcbddd4831c415621d3cdfd03736328cef88231c 6468270b648385293e75c9c74e2f6c3ea0573fadc34c7a7649224528dc0f02c0b2c0bfd68520d056903bd3657e78a6ac
CLIENT_HANDSHAKE_TRAFFIC_SECRET bf34ae9a7861f1d2c5c82945bcbddd4831c415621d3cdfd03736328cef88231c 93de500561f357f374c4745df50242bc24d6d870044b4838b02cd9058e214f3c2aaafa387c6e7e0d73cc65c33fc012d0
SERVER_TRAFFIC_SECRET_0 bf34ae9a7861f1d2c5c82945bcbddd4831c415621d3cdfd03736328cef88231c 609f1ec2bfb0c1bac081d22441c71e91672fe167e1a710c02d05084420d95629461d26762596ba61d53f7a1e60829251
EXPORTER_SECRET bf34ae9a7861f1d2c5c82945bcbddd4831c415621d3cdfd03736328cef88231c 10ed8ad7a090747a5b8e781997ff7149d06fadcee8be67f35c3ee51230edce84defad5e0b1bf3071234dacbb7237a9cb
CLIENT_TRAFFIC_SECRET_0 bf34ae9a7861f1d2c5c82945bcbddd4831c415621d3cdfd03736328cef88231c 25ef654c6b0888c184fb6aba6ca4d0d17dc4e0749bafd514765d7ba5dcfc232c8075d8ba0c05501f56d4f085613671e4
SERVER_HANDSHAKE_TRAFFIC_SECRET 5fd9a912db13c79124714d573da6fa49f6e45cca99f6126e04fafeeec6201188 3f72cdee279335fae782e2427ea8cbe929c1825aae0915593bcb0c1cec24bb64ce05b28bd6a6ed61d843bb2c77e2172b
CLIENT_HANDSHAKE_TRAFFIC_SECRET 5fd9a912db13c79124714d573da6fa49f6e45cca99f6126e04fafeeec6201188 8519863483fc8f502f4829c9bb89e2fbac2d978226eb227f8c2c198397b7d80bfb8f5da8d1ee2aba5026922efdb853c2
SERVER_TRAFFIC_SECRET_0 5fd9a912db13c79124714d573da6fa49f6e45cca99f6126e04fafeeec6201188 1ba31bac478e08d7f138d85919d9fc731679e129b338f415f0af17b420929d11cf783a431d82596c2267376a784a709d
EXPORTER_SECRET 5fd9a912db13c79124714d573da6fa49f6e45cca99f6126e04fafeeec6201188 d0c645bd30d32e1a88193d00b035e54ac900fe958008e12e61453bd38c2f535e1fb42a3841c487ddf5e928a1f7e298d5
CLIENT_TRAFFIC_SECRET_0 5fd9a912db13c79124714d573da6fa49f6e45cca99f6126e04fafeeec6201188 282dcbf04341c7a034849660594fd3d3b069e6c6886fe30bdc042f2aac6fac356a8c016bfbdced7c1ec9ea02abbfd325
SERVER_HANDSHAKE_TRAFFIC_SECRET a7285268a9d7ccd0f633643e6852cc2a6b93f1ab6c0349992e94fc2d185b0dc6 3af7a63c0de69a6f744bf6aabbd71b817aed9aedc3b1239c1355ef44b13e43523b602436149ddeb899f75f94f0395744
CLIENT_HANDSHAKE_TRAFFIC_SECRET a7285268a9d7ccd0f633643e6852cc2a6b93f1ab6c0349992e94fc2d185b0dc6 e9612da66999a2b5aa91b0ba39d96d1a0810ef5c1243b1cca86ff7d322ed35aec06ea548bead31f408b1c6f6378c632f
SERVER_TRAFFIC_SECRET_0 a7285268a9d7ccd0f633643e6852cc2a6b93f1ab6c0349992e94fc2d185b0dc6 ea7a4b25fa46477424429c44d54f4abc813ab51580dada5e5a17bb3800e2c180dcc55a9991c73b3e82888fbe277d3e69
EXPORTER_SECRET a7285268a9d7ccd0f633643e6852cc2a6b93f1ab6c0349992e94fc2d185b0dc6 6148ea379d5d8fc5620326b5343c1ee9a2ef1c133ede5c467b3b78cdfaf17d368a411068a131bd5f8bcfbc01dcb71453
CLIENT_TRAFFIC_SECRET_0 a7285268a9d7ccd0f633643e6852cc2a6b93f1ab6c0349992e94fc2d185b0dc6 a83a08831fbb9ba3acb3869e59b35a44893d42b7eaaa74630571d365828c35cb69033a01869aad25b1057eb056143fa8
CLIENT_TRAFFIC_SECRET_0 a7285268a9d7ccd0f633643e6852cc2a6b93f1ab6c0349992e94fc2d185b0dc6 a83a08831fbb9ba3acb3869e59b35a44893d42b7eaaa74630571d365828c35cb69033a01869aad25b1057eb056143fa8
SERVER_HANDSHAKE_TRAFFIC_SECRET 85ee0bae89a65333e2f31bf3b6ab169234544dfddb125c469dede86578f8d184 04d8d2cd2d8833a7149fe34f3532ac99d6b8379612e37799a8b845ecb4692725ac7a6050c46a36df52e9ee4106369d48
CLIENT_HANDSHAKE_TRAFFIC_SECRET 85ee0bae89a65333e2f31bf3b6ab169234544dfddb125c469dede86578f8d184 90472a1d064660288867a6d86f5d1c7c3121b6c931ac193d660b542964e9d7b9efeb9912f4a7234e0dec5c82337b28e4
SERVER_TRAFFIC_SECRET_0 85ee0bae89a65333e2f31bf3b6ab169234544dfddb125c469dede86578f8d184 eaf55f237f32d167b058a580ba3e1208cee77bdab5acbb4b2cc1ca40bd3240997ab7426ac542ad65dfa6d8ace07e0aa5
EXPORTER_SECRET 85ee0bae89a65333e2f31bf3b6ab169234544dfddb125c469dede86578f8d184 888e22ab5083e2eea555f35fa0bb1bdc2056a8d5f8838fd7df27071b3fe392f3b59e393e19011f82ee4c0898fb60552a
CLIENT_TRAFFIC_SECRET_0 85ee0bae89a65333e2f31bf3b6ab169234544dfddb125c469dede86578f8d184 0e00cba364ba4e5de75944689ddebc2ea050deba260b9447df74cfc7e3dc9e1979c5bddc7b8994614f73bf00387366b6
CLIENT_TRAFFIC_SECRET_0 85ee0bae89a65333e2f31bf3b6ab169234544dfddb125c469dede86578f8d184 0e00cba364ba4e5de75944689ddebc2ea050deba260b9447df74cfc7e3dc9e1979c5bddc7b8994614f73bf00387366b6
SERVER_HANDSHAKE_TRAFFIC_SECRET fce1b206afcccec7cf976fea8d99b97ae308fb6a63fa4441e521684a44f25a3a a334ef14dd34b404034cdea9f375d4740e99d0a6b6793b4900b7cdbed090eb4ab48eee6278ad974f11dab72d61deca2b
CLIENT_HANDSHAKE_TRAFFIC_SECRET fce1b206afcccec7cf976fea8d99b97ae308fb6a63fa4441e521684a44f25a3a 6e1c9999bc19b20b8cdc5f6dc5ba8f672d751bccf5c45ebf6c8fa45af9bdfd2481addbe512c0361f2d34cac5fb0d167e
SERVER_TRAFFIC_SECRET_0 fce1b206afcccec7cf976fea8d99b97ae308fb6a63fa4441e521684a44f25a3a ed4f605095375a46df0c26168de31bfb6174808f837076e2226d93508f74302e06846d7d5ccb5b83e1aa292669b5398d
EXPORTER_SECRET fce1b206afcccec7cf976fea8d99b97ae308fb6a63fa4441e521684a44f25a3a 92bd068623d101f9d02493ec5086331e4039060523902d99d587fdc4980538427792476e202b5233c1b463e04339903a
CLIENT_TRAFFIC_SECRET_0 fce1b206afcccec7cf976fea8d99b97ae308fb6a63fa4441e521684a44f25a3a 634b45ab86366e38e26463070c03ab3595fc669b72b04e705b73cd347f567a749e35144ac8432234325150b5de3fb282
CLIENT_TRAFFIC_SECRET_0 fce1b206afcccec7cf976fea8d99b97ae308fb6a63fa4441e521684a44f25a3a 634b45ab86366e38e26463070c03ab3595fc669b72b04e705b73cd347f567a749e35144ac8432234325150b5de3fb282
SERVER_HANDSHAKE_TRAFFIC_SECRET b35117b142cecdc014ef188e97f04b73ce1508e287d3bc83e22bc50843896064 77e04dc63f8cee0968ac30cfbc9b788da68b075b9f36295721c1e4b059889936f0603e9587bfaeec4041012105eb2803
CLIENT_HANDSHAKE_TRAFFIC_SECRET b35117b142cecdc014ef188e97f04b73ce1508e287d3bc83e22bc50843896064 0ee8bbecd8051f509bf3e6b09a9ef9b2d06a0a776db67661cba2e6b970a8f9f24b23614cd0313409f5b5530b4e3aa390
SERVER_TRAFFIC_SECRET_0 b35117b142cecdc014ef188e97f04b73ce1508e287d3bc83e22bc50843896064 fcc123cd1d2ef1518964e3203aa9cf565db0c13e18be8da3ed5b34af38a6a9cdb44ec480957ab4a379fa2fe29736b4fc
EXPORTER_SECRET b35117b142cecdc014ef188e97f04b73ce1508e287d3bc83e22bc50843896064 7bbda20a6aede611167ae4b674001945d67fa842f570e6b572b0e707573a62e9b65a4446dff9d927c1d8b7b12b9d011d
CLIENT_TRAFFIC_SECRET_0 b35117b142cecdc014ef188e97f04b73ce1508e287d3bc83e22bc50843896064 5cb9906ac0474d688399e32ef71170f6fdeeac65521a1c96ed6acfea1225a77d5f536c3712f46864390e543b6d301758
SERVER_HANDSHAKE_TRAFFIC_SECRET 4e93cfbb9aaf746164750128a1292b28fa5ce79b244221f805a0aee7ee60519f 45039a6225e439c5da6a450eb7be50342653a485dd77f96bfd1c692949afb9c0069f85f315cae613aa22d881981ba28b
CLIENT_HANDSHAKE_TRAFFIC_SECRET 4e93cfbb9aaf746164750128a1292b28fa5ce79b244221f805a0aee7ee60519f b5fbf9411646a22f84108acba89856f07875f2c775f2aa0e4e75d52637ac2a1a24ae2764fbe6b13fd812af18a61b2ee4
SERVER_TRAFFIC_SECRET_0 4e93cfbb9aaf746164750128a1292b28fa5ce79b244221f805a0aee7ee60519f f8d5c02a20cd55185e72955dcc1f65ae56bfa8f14d6679d9a01a111cd1e835f815d7ae24f0661a1b8106740a93739966
EXPORTER_SECRET 4e93cfbb9aaf746164750128a1292b28fa5ce79b244221f805a0aee7ee60519f 60473999cdc2d4e63a9bcff4b70262f33d260e50b0fbc8734b775d467ea937b36d436ccef0b09be5c0b2821b2642124c
CLIENT_TRAFFIC_SECRET_0 4e93cfbb9aaf746164750128a1292b28fa5ce79b244221f805a0aee7ee60519f 39e11713055be2c532cc2ff3bacde0d836bb2893ce7c27efe83fa09560a70ef4c98b33873d395ac89a9e0f016c66e3da
SERVER_HANDSHAKE_TRAFFIC_SECRET c29c94b5b64997d5ac706eb30a8c288a09ac5aaed109daae6199c77d64c7e2b6 edbcabb4074a9024cc097f17cdbe855d6bc299d67f18f05a20cc9156e068ed60a7cea11f6d77dd056c72d091db164df8
CLIENT_HANDSHAKE_TRAFFIC_SECRET c29c94b5b64997d5ac706eb30a8c288a09ac5aaed109daae6199c77d64c7e2b6 c1b24756d8d30137b6720ad35b588d15da48af7ae0ddb60c398eef1921c62930616759d276ef331d7c4d22cb038d2a5c
SERVER_TRAFFIC_SECRET_0 c29c94b5b64997d5ac706eb30a8c288a09ac5aaed109daae6199c77d64c7e2b6 895ab50716511938be3bb10088ec6142a09006f32ac4f2eef41e4aff19e39c37c7818e2fc1d384e4a8e3b91fb5ede5bb
EXPORTER_SECRET c29c94b5b64997d5ac706eb30a8c288a09ac5aaed109daae6199c77d64c7e2b6 32e1fbcea72e35c2f647e321ac39c2778d94892cbfc476bb714c7a9d9471733e5510a5920043daae186a8d353258051b
CLIENT_TRAFFIC_SECRET_0 c29c94b5b64997d5ac706eb30a8c288a09ac5aaed109daae6199c77d64c7e2b6 72fa6e60f97f33ae5ec5d3421957c5c34fc03a16226a3450c5faa2bfcc3e5543b15a8c1e3dbd31408091a79bb078252b
CLIENT_TRAFFIC_SECRET_0 c29c94b5b64997d5ac706eb30a8c288a09ac5aaed109daae6199c77d64c7e2b6 72fa6e60f97f33ae5ec5d3421957c5c34fc03a16226a3450c5faa2bfcc3e5543b15a8c1e3dbd31408091a79bb078252b
SERVER_HANDSHAKE_TRAFFIC_SECRET 641a030fbc76cef6a5e9e8c4a0acbeb5c84049fe89a1e299928a9f1304a556ac 60ee44d3d6f18c1df036148a5c9b107131cebe726a901a9448825dab1366372e78c1608fc0cb99de0cb52c146e7c38da
CLIENT_HANDSHAKE_TRAFFIC_SECRET 641a030fbc76cef6a5e9e8c4a0acbeb5c84049fe89a1e299928a9f1304a556ac ab34f4040086ae28744b074e5b04d7ac6ac21948e9ce10229e7ad29f6f9a7d4a9faecadf0cd0171e908cc56a981c7466
SERVER_TRAFFIC_SECRET_0 641a030fbc76cef6a5e9e8c4a0acbeb5c84049fe89a1e299928a9f1304a556ac ddc31f2e6668d4b856c6ab7a27531f357ab1b2f1a35d5192c7afeed22950cb9d35844330ff65ee2b880e2fe49d358ac0
EXPORTER_SECRET 641a030fbc76cef6a5e9e8c4a0acbeb5c84049fe89a1e299928a9f1304a556ac 731cb19291c13a1b8de38c574fb6623a0bbaf91689607ec47e1351b54c129b877b36ca2980f4dd00a24ceedac1a5282b
CLIENT_TRAFFIC_SECRET_0 641a030fbc76cef6a5e9e8c4a0acbeb5c84049fe89a1e299928a9f1304a556ac c74d691e7f4a2b7382feafda72eec08d6d3cc15382f59fa056546d5f92f497af7925f72cafe4e28822d6025cc52deb70
CLIENT_TRAFFIC_SECRET_0 641a030fbc76cef6a5e9e8c4a0acbeb5c84049fe89a1e299928a9f1304a556ac c74d691e7f4a2b7382feafda72eec08d6d3cc15382f59fa056546d5f92f497af7925f72cafe4e28822d6025cc52deb70
SERVER_HANDSHAKE_TRAFFIC_SECRET 2aa8ef1a803abf7f60d4d97dcf6075eddd70d6c503def0d5ca9c424b2327aa17 054f7dd133059ce3356353ee743ae6f93aac60f1eb0671a443be299f86e4fb84633c4291452b3fbad6918c70a0976c72
CLIENT_HANDSHAKE_TRAFFIC_SECRET 2aa8ef1a803abf7f60d4d97dcf6075eddd70d6c503def0d5ca9c424b2327aa17 91f4fbb86221e1cb9e598740b126c2f8321a6a55e227c579a1a78e2b4acdb510bf1933680cc75d45c0f3a53dbecbe9c7
SERVER_TRAFFIC_SECRET_0 2aa8ef1a803abf7f60d4d97dcf6075eddd70d6c503def0d5ca9c424b2327aa17 f642e791498594bf5c61e1a702e2f25edfefa8d4a8ecf42d4fc5d40e9854e247239d44739e9cb4b598d0f789f4621c5e
EXPORTER_SECRET 2aa8ef1a803abf7f60d4d97dcf6075eddd70d6c503def0d5ca9c424b2327aa17 27868365b737858ebd2b26d31cabe61ca697e9a4ac105164242c82b314aefcc6c039cd366624dfeaeae4d315bbf66d4a
CLIENT_TRAFFIC_SECRET_0 2aa8ef1a803abf7f60d4d97dcf6075eddd70d6c503def0d5ca9c424b2327aa17 450359b4a8f2998bb0295439c9a1d5cdaf44fd99c7df2efd0a925c55ae7d531e7f11382584bd5008497838522b4a60d9
SERVER_HANDSHAKE_TRAFFIC_SECRET 02d81f41001cfaafcf6a5f136debdedbdc2857d1dbff79b472d9e78eddd6982f b29ccb6a299761eca3c4f1cb791a294545a9242648b0fb5f2dfb07cdf691e405038db3f802e22e1af96ef0dd675c6bff
CLIENT_HANDSHAKE_TRAFFIC_SECRET 02d81f41001cfaafcf6a5f136debdedbdc2857d1dbff79b472d9e78eddd6982f 69aa025924a72fbc6692f59ee82d098f69ce6c9607ec2a449f0ec8155188f822b9957703b1f37d992880e09f97a8020d
SERVER_TRAFFIC_SECRET_0 02d81f41001cfaafcf6a5f136debdedbdc2857d1dbff79b472d9e78eddd6982f 07f8a8ead6a601a0bb185e0a2d8383be58ef20a670e894b119663e8a65c7995a8f8c0a233281d598fc138641ce254088
EXPORTER_SECRET 02d81f41001cfaafcf6a5f136debdedbdc2857d1dbff79b472d9e78eddd6982f b39207c059c45ff9fc10b989b655cfbb57a02a2e7abc9a281e6ae1980e6d8660fa917cd585f2e165d32e60de579323d9
CLIENT_TRAFFIC_SECRET_0 02d81f41001cfaafcf6a5f136debdedbdc2857d1dbff79b472d9e78eddd6982f d47607f1294390d68781d4f65967f2117b9024a6f618833cb0be126deb647a76aecc5e72ac1b216fd2e8b4f9c52885aa
CLIENT_TRAFFIC_SECRET_0 02d81f41001cfaafcf6a5f136debdedbdc2857d1dbff79b472d9e78eddd6982f d47607f1294390d68781d4f65967f2117b9024a6f618833cb0be126deb647a76aecc5e72ac1b216fd2e8b4f9c52885aa
