SERVER_HANDSHAKE_TRAFFIC_SECRET b4ffe075ae87cb3fe6379353e69814f693cef740f1aba6c963671b8c8b650248 9df5851863593deabd5977e9e38f681148da5d5c01ee58fc835a9ee14f90ecc4
CLIENT_HANDSHAKE_TRAFFIC_SECRET b4ffe075ae87cb3fe6379353e69814f693cef740f1aba6c963671b8c8b650248 fc76aa4a5773379ac6ba7aa6aa5d6f7eb2834d2ea7c7935ef793ed1096760b8c
SERVER_TRAFFIC_SECRET_0 b4ffe075ae87cb3fe6379353e69814f693cef740f1aba6c963671b8c8b650248 311bbcebeda61c4934386abab9bcd9c2814fcc4ce5e79dfaf777433c4ac99ba1
CLIENT_TRAFFIC_SECRET_0 b4ffe075ae87cb3fe6379353e69814f693cef740f1aba6c963671b8c8b650248 af9b2828305c3c77be537e7d7af1cb57434178ae7c4764be20e364f904c1ec30
SERVER_HANDSHAKE_TRAFFIC_SECRET 0f8b5879ff9c8578ec6d42b4eaeac183ae5ebc582e62e50e35dda3584b7c47b1 2805ca646e178f8fd1da30adc60b9083f3f6062f0b3dbf75ac531146e8982338
CLIENT_HANDSHAKE_TRAFFIC_SECRET 0f8b5879ff9c8578ec6d42b4eaeac183ae5ebc582e62e50e35dda3584b7c47b1 007492240c84f338b83b6a2373d71890d5d90654672b098cf2d398bf7579d39c
SERVER_TRAFFIC_SECRET_0 0f8b5879ff9c8578ec6d42b4eaeac183ae5ebc582e62e50e35dda3584b7c47b1 a6e6f2a626e261248d77e0300c46f71816b7b28954ad6d113b3afaffbf5b048b
CLIENT_TRAFFIC_SECRET_0 0f8b5879ff9c8578ec6d42b4eaeac183ae5ebc582e62e50e35dda3584b7c47b1 4bcd64a68039e02dfec3dea9053fac7c7e2b99cd1d8c40d088f4a22dcbdb53b4
SERVER_HANDSHAKE_TRAFFIC_SECRET 9ebbce937f87e3d4c7bb2173afd154895f1e67cde72386897cc4e145fdcda99d b12aadcba405ed5b49b6a60abbde4f7edc3f4ef53717d3bfc65785a1d7217b9f
CLIENT_HANDSHAKE_TRAFFIC_SECRET 9ebbce937f87e3d4c7bb2173afd154895f1e67cde72386897cc4e145fdcda99d f9fad42edf2082f0264cd2040e12abaf22a2d30baf7e252b45b2ce4338ff371d
SERVER_TRAFFIC_SECRET_0 9ebbce937f87e3d4c7bb2173afd154895f1e67cde72386897cc4e145fdcda99d e70bea4bbc70445d17d2726d5f2381fdf39a14f6f9e42236f720bf193d7839a5
CLIENT_TRAFFIC_SECRET_0 9ebbce937f87e3d4c7bb2173afd154895f1e67cde72386897cc4e145fdcda99d 8521625bf4595ab2afce0ce4c1e91be61fa351a73e88bf9ea48025a03f296006
SERVER_HANDSHAKE_TRAFFIC_SECRET 1b5d744a89104e3390f68af262721b03c20eb0f486352a0580d1d67cd9ecf03e 7724507c59792ffa8bdaf4aa8d1119d214923cdc5271968037b490e11160fe50
CLIENT_HANDSHAKE_TRAFFIC_SECRET 1b5d744a89104e3390f68af262721b03c20eb0f486352a0580d1d67cd9ecf03e 76ef0fb2a718de794501fdf66a58e8bc2fd939d52a252bea4fc74039780db528
SERVER_TRAFFIC_SECRET_0 1b5d744a89104e3390f68af262721b03c20eb0f486352a0580d1d67cd9ecf03e 4d1a78271f5f7a12cbcaff25ddbc5b5852fd61dd136bc62bb831f56c8cbfe3aa
CLIENT_TRAFFIC_SECRET_0 1b5d744a89104e3390f68af262721b03c20eb0f486352a0580d1d67cd9ecf03e dd348ef7a66a0e887c5401ce35d4c0983b90e306d83bd9c15269e3efdf254be7
SERVER_HANDSHAKE_TRAFFIC_SECRET 37449232fc58f1e43f57cbc4b96024fd0dda73b130c33df254e08832ed52ee53 e719aca0bc366251d3b3465b2c3da4f5809ad287172f5aadc646ab00fad7c02a
CLIENT_HANDSHAKE_TRAFFIC_SECRET 37449232fc58f1e43f57cbc4b96024fd0dda73b130c33df254e08832ed52ee53 cd347b4653abc4c2aa84b99f67e6e4e5452500f0a01789b8011d61e659e29a8a
SERVER_TRAFFIC_SECRET_0 37449232fc58f1e43f57cbc4b96024fd0dda73b130c33df254e08832ed52ee53 2c3ca5a4f2f848544f24611492052374cff54649c6a96f756e868efc8380bd75
CLIENT_TRAFFIC_SECRET_0 37449232fc58f1e43f57cbc4b96024fd0dda73b130c33df254e08832ed52ee53 100ec8eeb8f95a207a3adeb09134d9c1574d842f212d6154c778d85f73708d63
SERVER_HANDSHAKE_TRAFFIC_SECRET 6ba6cd403ee52e6e2d58c30206a8a0928dcae1885a940a5fb85c96b4203a403a c4147e28b0cfd9e346dadbecbdb584a2421d0d42be4bd9beb8dbae812f12a020
CLIENT_HANDSHAKE_TRAFFIC_SECRET 6ba6cd403ee52e6e2d58c30206a8a0928dcae1885a940a5fb85c96b4203a403a bc8d821fd0c418be1408bf5080eaf360aeea5ab3bd79f7506ce632710b09065c
SERVER_TRAFFIC_SECRET_0 6ba6cd403ee52e6e2d58c30206a8a0928dcae1885a940a5fb85c96b4203a403a ed0c05d41890fb63aac70b30cbfddd2051cf94f0e11fe0192a35825fcf1c1e66
CLIENT_TRAFFIC_SECRET_0 6ba6cd403ee52e6e2d58c30206a8a0928dcae1885a940a5fb85c96b4203a403a bfecc3f480f2ec1ddd886871227ced074507e72b6da0f853f292a0830f272032
SERVER_HANDSHAKE_TRAFFIC_SECRET 8634b79d8dea70eef4e1da5ddb8dbb5c2e5745941b358aa5e7c726e35b159580 248f0eb0430b05ce92775a0f31170486020bc3dde9a4e946433b2237c0c0cde2
CLIENT_HANDSHAKE_TRAFFIC_SECRET 8634b79d8dea70eef4e1da5ddb8dbb5c2e5745941b358aa5e7c726e35b159580 dd756aa6604498550aa888bfe6a363b3a273ce71c81612f26f01c8b7ba7269d5
SERVER_TRAFFIC_SECRET_0 8634b79d8dea70eef4e1da5ddb8dbb5c2e5745941b358aa5e7c726e35b159580 245e3c2a6006bdd04379bc58a454536632a1a503bb6e9909eac2f3d885124a91
CLIENT_TRAFFIC_SECRET_0 8634b79d8dea70eef4e1da5ddb8dbb5c2e5745941b358aa5e7c726e35b159580 697a61abbadac277cac03a3ba5f621b11d15bfa359eea765275115f4ee82c200
SERVER_HANDSHAKE_TRAFFIC_SECRET e7cdd0ca8bac18ff96bb17472ce5b6e502987ff8f2955cd0d6bd6bf74db766be d1978f48c560155977c914f28492de3f42c9c9630a07e5c2a2b503b4c8fe4632
CLIENT_HANDSHAKE_TRAFFIC_SECRET e7cdd0ca8bac18ff96bb17472ce5b6e502987ff8f2955cd0d6bd6bf74db766be 42beee1493bf77b9a32264d1ea53c36913671bff89ab0635f566440844efaee8
SERVER_TRAFFIC_SECRET_0 e7cdd0ca8bac18ff96bb17472ce5b6e502987ff8f2955cd0d6bd6bf74db766be 5f5cd4ac3b9d15e4a1716eb47ce3588257ce00f2698660d32196ae6ce8c9df57
CLIENT_TRAFFIC_SECRET_0 e7cdd0ca8bac18ff96bb17472ce5b6e502987ff8f2955cd0d6bd6bf74db766be 808be246dadfdaed8d35a20b0469cf40b63f91418e3e243999f38232b8b5ef3c
SERVER_HANDSHAKE_TRAFFIC_SECRET 1092b006ed4705923601ebb5ef0aedc34b9659a8b8f584f367b917e766cb1705 85953b5f1e662af8d97a69c51094b0ea9ea852d56f8ac88d42615b1715de511d
CLIENT_HANDSHAKE_TRAFFIC_SECRET 1092b006ed4705923601ebb5ef0aedc34b9659a8b8f584f367b917e766cb1705 a737d6af9ad3877aac25898a6120341845e8c2c6ab37e6190791c6b06fd37200
SERVER_TRAFFIC_SECRET_0 1092b006ed4705923601ebb5ef0aedc34b9659a8b8f584f367b917e766cb1705 ee0e11e84715cd9c2143d1419b39773fd963acd1338ab3f3371a7d8c31cdbd79
CLIENT_TRAFFIC_SECRET_0 1092b006ed4705923601ebb5ef0aedc34b9659a8b8f584f367b917e766cb1705 5ed53b9ffddcd0968e0013007b0b86909684d9f024b9b1a9b5bc9e14aeb217fc
SERVER_HANDSHAKE_TRAFFIC_SECRET 74d405cef1e216d54b1b2e681d51182f91d8c355a60e692fc5b0051bc32cbf74 bfbf0a3bdc15a9c98b76249a6f5f4d681f2bb2e6e26f1640343451702f7e7960
CLIENT_HANDSHAKE_TRAFFIC_SECRET 74d405cef1e216d54b1b2e681d51182f91d8c355a60e692fc5b0051bc32cbf74 b3453b9dead71c82a50196972d20e9a7ed7e0b750f3cee0cc8ca8908c61cc950
SERVER_TRAFFIC_SECRET_0 74d405cef1e216d54b1b2e681d51182f91d8c355a60e692fc5b0051bc32cbf74 2e0d85a38f461a327adb071ad5db0f054a5ca99fd46a6d7ec7adea826c48f30c
CLIENT_TRAFFIC_SECRET_0 74d405cef1e216d54b1b2e681d51182f91d8c355a60e692fc5b0051bc32cbf74 50579727fdb8e64237fc16dc32dac55c75ff29fdcf703c49bcd6166aff7c6ec6
SERVER_HANDSHAKE_TRAFFIC_SECRET 6e2ee3c10b799bcf60de513fa3c4fcceeab147b1cea4cd82bb78370bbf8eeb90 b398cca4894f571b1887296370278910e3af2d809bd872de7d58505ff953bf66
CLIENT_HANDSHAKE_TRAFFIC_SECRET 6e2ee3c10b799bcf60de513fa3c4fcceeab147b1cea4cd82bb78370bbf8eeb90 9337fbcd16651360aeccd91f6dee1964fe2cda1ae2010dd835d26128a103c8f5
SERVER_TRAFFIC_SECRET_0 6e2ee3c10b799bcf60de513fa3c4fcceeab147b1cea4cd82bb78370bbf8eeb90 a7e7a579bb87fbd9f0e1c705eecdbe4c374d25b8aeeb2041066bba0de6a2dac4
CLIENT_TRAFFIC_SECRET_0 6e2ee3c10b799bcf60de513fa3c4fcceeab147b1cea4cd82bb78370bbf8eeb90 ab953b02e4aba79a3290f482fa59ad00cd0b18d1a9f38ae2715a67b51ed399e0
SERVER_HANDSHAKE_TRAFFIC_SECRET 6ee2ffc629b18a56eea3eecaee4a3f8cdee9dfb58aa09f7f824bd147defb963d bc2d479771ef43854480078714591517b71d8675d484911da9911f7af93a0c33
CLIENT_HANDSHAKE_TRAFFIC_SECRET 6ee2ffc629b18a56eea3eecaee4a3f8cdee9dfb58aa09f7f824bd147defb963d ea3657c2a946f11356cc4a07c0c0371d5718aa0da9d6a5fc7080eb0c5a0d2418
SERVER_TRAFFIC_SECRET_0 6ee2ffc629b18a56eea3eecaee4a3f8cdee9dfb58aa09f7f824bd147defb963d 7fda3b678d88f227508f9c82ee56e70310ae547717c7038e98e20631853ca7ff
CLIENT_TRAFFIC_SECRET_0 6ee2ffc629b18a56eea3eecaee4a3f8cdee9dfb58aa09f7f824bd147defb963d abbec2bd29ecbacaf6b69a828bb55b453417d80191a575ff0c0487e43533ec91
SERVER_HANDSHAKE_TRAFFIC_SECRET 3d5dfbeefbbee5ac40286f7e478c798661dbaf27f696ac822f5c1a5b3c434476 3f0eeefda47de36c9be49f35f91df1d63bbf1345cc3a83459f75405b83aedbab
CLIENT_HANDSHAKE_TRAFFIC_SECRET 3d5dfbeefbbee5ac40286f7e478c798661dbaf27f696ac822f5c1a5b3c434476 8c3852b3ab1eb662ea4840a4895158848df4b0b7c2c3a5b6edc3d6bbb321138d
SERVER_TRAFFIC_SECRET_0 3d5dfbeefbbee5ac40286f7e478c798661dbaf27f696ac822f5c1a5b3c434476 3d00f9ffc31ee571949801cb1b1b3541a1283f198b17aacba1dcd0e2b86d83f6
CLIENT_TRAFFIC_SECRET_0 3d5dfbeefbbee5ac40286f7e478c798661dbaf27f696ac822f5c1a5b3c434476 01de119bd8bcb7cb0aeaf6bdf28ccbe7f1d734c290c548305a9059e3973ecc0e
SERVER_HANDSHAKE_TRAFFIC_SECRET 47d8190902d9830790b6aea570b669433d1386ed6e3ec42fc35a45e644abeace af1799792309bbb56e9ac0e378676ecc52e55fdb17fa2c0ed4d5b7ba1cd3d87a
CLIENT_HANDSHAKE_TRAFFIC_SECRET 47d8190902d9830790b6aea570b669433d1386ed6e3ec42fc35a45e644abeace b2b42099ec7aff16189d9149191f1c95fa3e3158874ec0d24d839e3d8f4341b4
SERVER_TRAFFIC_SECRET_0 47d8190902d9830790b6aea570b669433d1386ed6e3ec42fc35a45e644abeace 62eed3c86d2ec191e0a78e924e34a1ec8e52a72160b0c94a6896b0946109752e
CLIENT_TRAFFIC_SECRET_0 47d8190902d9830790b6aea570b669433d1386ed6e3ec42fc35a45e644abeace a6bf40a77ee5f36b5a93819e46e12aea737a20f7bc26819f8745cf64e786034e
SERVER_HANDSHAKE_TRAFFIC_SECRET 092a3e5211d247b939729d8b8807f21a9bd9dc34d64cdc3a978885bff0951d35 de39c312341df27cf93b7221a2a82bf3d975e92cdce7ab71efa63f097049da84
CLIENT_HANDSHAKE_TRAFFIC_SECRET 092a3e5211d247b939729d8b8807f21a9bd9dc34d64cdc3a978885bff0951d35 bbf57b7896404bf579f387887c4406c958faac7c60e530581fe8d3eeb1d5e30a
SERVER_TRAFFIC_SECRET_0 092a3e5211d247b939729d8b8807f21a9bd9dc34d64cdc3a978885bff0951d35 904e9b7510b21f72a1334aee78c0c48ba3b65526b714885b6043db0a4f02e1e2
CLIENT_TRAFFIC_SECRET_0 092a3e5211d247b939729d8b8807f21a9bd9dc34d64cdc3a978885bff0951d35 66fc7e29ba1f685419fcbfb12ca3da73709b56b7ee223646b460eab61902f5a0
SERVER_HANDSHAKE_TRAFFIC_SECRET 80eac23a1e1035bd8136498fcdea97426c059e149585b54f5a91e45787b08ceb 4ecf6cf36b15e44f5e1e867ed7cc88d2900f40c77628e1492e6e1766748e35e2
CLIENT_HANDSHAKE_TRAFFIC_SECRET 80eac23a1e1035bd8136498fcdea97426c059e149585b54f5a91e45787b08ceb 7ae5f96a56052b30815cb3833ac3fa1dc43a1e34b470b71eff9b1a09c1a32a29
SERVER_TRAFFIC_SECRET_0 80eac23a1e1035bd8136498fcdea97426c059e149585b54f5a91e45787b08ceb 51a9a6bf59dd6078818a3513c832c96917dd5f23b09ccaad5dc7590dab052157
CLIENT_TRAFFIC_SECRET_0 80eac23a1e1035bd8136498fcdea97426c059e149585b54f5a91e45787b08ceb 761cf731f29fabe626024f0d4312072c8c07f28d5fa7a4f777ebdaf2c98afdbd
SERVER_HANDSHAKE_TRAFFIC_SECRET 00c928e4b5126c5424deb8d7c0ecde3fdfe1f0f075ae1d8182fba3d812cc9962 bc4f013b26a8250e71b218a08bf1903590d80355785556101df48755a26af9f0
CLIENT_HANDSHAKE_TRAFFIC_SECRET 00c928e4b5126c5424deb8d7c0ecde3fdfe1f0f075ae1d8182fba3d812cc9962 ef80b376dffa3215e7c3aa6054be88a6ede2ba70053e10114d7cc9c827f006a1
SERVER_TRAFFIC_SECRET_0 00c928e4b5126c5424deb8d7c0ecde3fdfe1f0f075ae1d8182fba3d812cc9962 fc0c6866c0cdf0fe5b52ba3abe58d951b88869c67c54a289d045eeb703620e0c
CLIENT_TRAFFIC_SECRET_0 00c928e4b5126c5424deb8d7c0ecde3fdfe1f0f075ae1d8182fba3d812cc9962 d40599a775e4b2049bd2806f0de21bff9c2793157d58150803f05b007d9f21cd
SERVER_HANDSHAKE_TRAFFIC_SECRET 6208d7881fe516365ba7a35c88a4c6734794c169fcf199a7dfc8b1b0baa17ede aeadeb0f2c3a22d268ca6d996ac9f3e0a165b3901f54b22525c5fdf5a945ef50
CLIENT_HANDSHAKE_TRAFFIC_SECRET 6208d7881fe516365ba7a35c88a4c6734794c169fcf199a7dfc8b1b0baa17ede 44e96a1b5c3488d61555bed34711099d45f6b720870d7858fe422fb4b505f467
SERVER_TRAFFIC_SECRET_0 6208d7881fe516365ba7a35c88a4c6734794c169fcf199a7dfc8b1b0baa17ede b62c6a7fed6a4a751e0c50941c20b6e680e841a609407db37b9ff73619d75e1b
CLIENT_TRAFFIC_SECRET_0 6208d7881fe516365ba7a35c88a4c6734794c169fcf199a7dfc8b1b0baa17ede 987675fae8e5c5ae9ff42884e7cdef3053b715457369d5acf46a8a754568caf6
SERVER_HANDSHAKE_TRAFFIC_SECRET 710110f64ba927e1db8fcb5578dd2d4a2d1c268e6b15a1c18a486062f33a3379 be69a6e158e269ddb51676d320b0b193eabe2606b0e16d4870ab6cd53addaca2
CLIENT_HANDSHAKE_TRAFFIC_SECRET 710110f64ba927e1db8fcb5578dd2d4a2d1c268e6b15a1c18a486062f33a3379 432f3701228347a36876b063ba3b286590b567190954be1a785a29362ae8fc7d
SERVER_TRAFFIC_SECRET_0 710110f64ba927e1db8fcb5578dd2d4a2d1c268e6b15a1c18a486062f33a3379 c2ec6a87e87f21f9fdc2529b72545417b03bb943db32b715ef5817d3a921c00b
CLIENT_TRAFFIC_SECRET_0 710110f64ba927e1db8fcb5578dd2d4a2d1c268e6b15a1c18a486062f33a3379 1d334619b3a5a6e9d084cd3456f7ebdf65bf820045d5431229a8f50ba025816f
SERVER_HANDSHAKE_TRAFFIC_SECRET 53001bc52ffcc238d13faec8e039f89db882968c489c0e9ef7fe5c4443f9f6c2 a226b20be2c6a58caf197ca68c0e5829c1dbd600d67374a0179414ab5e1d48e7
CLIENT_HANDSHAKE_TRAFFIC_SECRET 53001bc52ffcc238d13faec8e039f89db882968c489c0e9ef7fe5c4443f9f6c2 a90861b472dca74d8d4faf94455c023e9dafcb8334593e625af00b6aaf433846
SERVER_TRAFFIC_SECRET_0 53001bc52ffcc238d13faec8e039f89db882968c489c0e9ef7fe5c4443f9f6c2 94c29f8884cd26d0235f5fdac246e0c7b3d146f1e24e6bae29fa65061022027e
CLIENT_TRAFFIC_SECRET_0 53001bc52ffcc238d13faec8e039f89db882968c489c0e9ef7fe5c4443f9f6c2 c466a7e550173de808edb4114ff5245a3c1461c1f3c01b8f17293cacfcd7773e
SERVER_HANDSHAKE_TRAFFIC_SECRET ee0846a579bb3ee50cc239f0a3d8c605e64d30ea4db7f396ced39758279e1450 3e7d17fed4c670a90714294e8b471f151fa87ebe641cb9dd5faf0f822c6a035a
CLIENT_HANDSHAKE_TRAFFIC_SECRET ee0846a579bb3ee50cc239f0a3d8c605e64d30ea4db7f396ced39758279e1450 e9e0d960928cdb5859dcc49af0e345d61fcc0c126bfe4cc0b7dc9fd02434dad0
SERVER_TRAFFIC_SECRET_0 ee0846a579bb3ee50cc239f0a3d8c605e64d30ea4db7f396ced39758279e1450 051c8ece358d5e28ffb1a21619ab94a47c80885179813dac553b7a3cd29a3b07
CLIENT_TRAFFIC_SECRET_0 ee0846a579bb3ee50cc239f0a3d8c605e64d30ea4db7f396ced39758279e1450 628c4f4a0a62ea993ce663a4da400885281d1e485787e502eceb8ca1290b1cfc
SERVER_HANDSHAKE_TRAFFIC_SECRET 6f266c3aa5e74abe0cb3627b3ad0ce60e33c4a4b2dc2c317323d2b356bb96b30 f639fcbc70e15f99da310b88b978b98e75bd3bfe9da80893667c429c9e07bcb5
CLIENT_HANDSHAKE_TRAFFIC_SECRET 6f266c3aa5e74abe0cb3627b3ad0ce60e33c4a4b2dc2c317323d2b356bb96b30 fe71864c357ac701d8a0dd15d78f7d26317d186dbb49c075cac253c3bd318812
SERVER_TRAFFIC_SECRET_0 6f266c3aa5e74abe0cb3627b3ad0ce60e33c4a4b2dc2c317323d2b356bb96b30 9ea0fc94c5810448560bdbd9fe0276363bfd2a40d3c4e9f6d02c7ee170561435
CLIENT_TRAFFIC_SECRET_0 6f266c3aa5e74abe0cb3627b3ad0ce60e33c4a4b2dc2c317323d2b356bb96b30 888e7a2eb843d94aa10fdc21baf5625de66f6c6c8fc59821cefa6dd2e2fecc3c
SERVER_HANDSHAKE_TRAFFIC_SECRET a274a5c2a0895d69810cddc938b048f30d4c378fe8da683c3f79c46ad23ab2d7 3d0f0c608912062753bc18708d58d35b467058e0a314233d930130e648702c25
CLIENT_HANDSHAKE_TRAFFIC_SECRET a274a5c2a0895d69810cddc938b048f30d4c378fe8da683c3f79c46ad23ab2d7 19b2f57b81ecab7f1cb50dffe88407b2f3de3d9004c30766f283905b78638b78
SERVER_TRAFFIC_SECRET_0 a274a5c2a0895d69810cddc938b048f30d4c378fe8da683c3f79c46ad23ab2d7 3a4be9fa3a3c5e81716e82d9d079eb91940575c80cfb2a597e09b9661ef9e201
CLIENT_TRAFFIC_SECRET_0 a274a5c2a0895d69810cddc938b048f30d4c378fe8da683c3f79c46ad23ab2d7 6adabb1d254c22916d6057736fcecd2c94ea09d2d56f97e956ee9b60428fcf8e
SERVER_HANDSHAKE_TRAFFIC_SECRET 9d08c44089fa254b2a72e085954a413890d16e8d76be8f26444ab08b75badbae b4d326232744c969561548b95201d9959ee3e8410fe4864eda229867e3c4c439
CLIENT_HANDSHAKE_TRAFFIC_SECRET 9d08c44089fa254b2a72e085954a413890d16e8d76be8f26444ab08b75badbae 3c3a16344566916dbbaf05eb6eaaa2adb4f49f94643de3277be76531e0373038
SERVER_TRAFFIC_SECRET_0 9d08c44089fa254b2a72e085954a413890d16e8d76be8f26444ab08b75badbae 151d0c848f66ade3cec968bc23a238f4254e53046ff7f0d18ff53ecc8d8a546c
CLIENT_TRAFFIC_SECRET_0 9d08c44089fa254b2a72e085954a413890d16e8d76be8f26444ab08b75badbae d04844d85887977b64bdb61c8b373166c11bb25fb38e38cd608564a4d4cd3cff
SERVER_HANDSHAKE_TRAFFIC_SECRET 7a6dd9934e5276f0e933cd65f8984b304ff6c178c3396df4f541a0a757bf490e 0ea8feee871bd95672aab85ccc9c86283c1c8c252b3a896f55d4f152538423f3
CLIENT_HANDSHAKE_TRAFFIC_SECRET 7a6dd9934e5276f0e933cd65f8984b304ff6c178c3396df4f541a0a757bf490e d5a67cc4e45dd6ea0ea1ea993f6e4469745feaf2a39a0977ed84bbc77423a858
SERVER_TRAFFIC_SECRET_0 7a6dd9934e5276f0e933cd65f8984b304ff6c178c3396df4f541a0a757bf490e f668fa03f8b5d142b8630c5de3cd3a3fc9fadba2b6c9e8076e2f220f4964dd8e
CLIENT_TRAFFIC_SECRET_0 7a6dd9934e5276f0e933cd65f8984b304ff6c178c3396df4f541a0a757bf490e 093af2a1e3c6d41ee1030021db5a696c6d544a7fd712bf7b56f412bf32db62bb
SERVER_HANDSHAKE_TRAFFIC_SECRET 25eb6d37389a1bd63e7777bf2c35c97aee574ede30d4761356e2d72801272e10 6a1766bcd6cafc2c39d20a15c18206043947b2d1901aa7b40a147de307a301aa
CLIENT_HANDSHAKE_TRAFFIC_SECRET 25eb6d37389a1bd63e7777bf2c35c97aee574ede30d4761356e2d72801272e10 5f604310201b11384b49f0dfd6ea45887db38d0cc017dbc3a64152f7d7e074cf
SERVER_TRAFFIC_SECRET_0 25eb6d37389a1bd63e7777bf2c35c97aee574ede30d4761356e2d72801272e10 b148240aca4f48415061cbcc3d89e789c75fbb35829a98018dc9bc5c4b78ac9f
CLIENT_TRAFFIC_SECRET_0 25eb6d37389a1bd63e7777bf2c35c97aee574ede30d4761356e2d72801272e10 047e0815e1eb55c9a0761ff9591c7c8fa84bffefae09b27ed72e4021687f1533
SERVER_HANDSHAKE_TRAFFIC_SECRET 0411d598939672e71c4bb7fbeee9209542a5c6c01617610ad99382b768f12d06 32e68d127d112bf2e9f1bd9d21d7e53e96e6118577ed30b95eba033e3b587f98
CLIENT_HANDSHAKE_TRAFFIC_SECRET 0411d598939672e71c4bb7fbeee9209542a5c6c01617610ad99382b768f12d06 4e0e49760a3407f16726920a0eeac86a994c20ef2cbcdfe280c54a5335ddaa26
SERVER_TRAFFIC_SECRET_0 0411d598939672e71c4bb7fbeee9209542a5c6c01617610ad99382b768f12d06 a90b4f575ec5483e37a9f0820ce82b747715c98b334bdd8ba293aeab589ff10a
CLIENT_TRAFFIC_SECRET_0 0411d598939672e71c4bb7fbeee9209542a5c6c01617610ad99382b768f12d06 ed8cb85ee2914e517c09734c5a92b952c0596f93c0b63232b46d5fa3a1be8f20
SERVER_HANDSHAKE_TRAFFIC_SECRET 8645613e50cabbaef1be4e9b71cce624f3896184339707abde94ed8a8f5a23cb 43d5795bd15d521857ab806a8a81d3f987da80cfbefecff093d0830224b30434
CLIENT_HANDSHAKE_TRAFFIC_SECRET 8645613e50cabbaef1be4e9b71cce624f3896184339707abde94ed8a8f5a23cb c29bae22979a547910963536ef78f412d7ad051b1faf6b3c2d4df56397c0aae8
SERVER_TRAFFIC_SECRET_0 8645613e50cabbaef1be4e9b71cce624f3896184339707abde94ed8a8f5a23cb 4b2aeb06c04593af862d58770271568d9d86be904cc3ff03136895ea47114e9e
CLIENT_TRAFFIC_SECRET_0 8645613e50cabbaef1be4e9b71cce624f3896184339707abde94ed8a8f5a23cb be5f3cc79a58955165cf143c9e9625146d396003dd223cfa45a7e5418ffc791d
SERVER_HANDSHAKE_TRAFFIC_SECRET 48496cf540f91a1a0fc9661b2c5b7c87115ab04586bef963b925cfa0845f5493 18b8ab5df96020ea731e62a3a1534f4ede5bfea6afe1764f9d680e7fa2970878
CLIENT_HANDSHAKE_TRAFFIC_SECRET 48496cf540f91a1a0fc9661b2c5b7c87115ab04586bef963b925cfa0845f5493 fabfbab58c42c78e6866e98a69ccce322fba0313d1e76af64ba14038110a30a9
SERVER_TRAFFIC_SECRET_0 48496cf540f91a1a0fc9661b2c5b7c87115ab04586bef963b925cfa0845f5493 003c1fe1a2f578d2baab876712e8c0f7c23e90cd9f55e9e038fbd54c1d64c6c2
CLIENT_TRAFFIC_SECRET_0 48496cf540f91a1a0fc9661b2c5b7c87115ab04586bef963b925cfa0845f5493 3bb5ef1fa9014c7cf95ca5fbe8131bc5bea09f27ce63b278d7d9aaac3e308bb1
SERVER_HANDSHAKE_TRAFFIC_SECRET 03fa8f66be1abc76322b80a82f5dd9e0ac5672bc72be6fb0fcdc6dcda283fc4d 4afd98a31a316dc55baf981840b24568d3427aa3669555daaafe936be37b259d
CLIENT_HANDSHAKE_TRAFFIC_SECRET 03fa8f66be1abc76322b80a82f5dd9e0ac5672bc72be6fb0fcdc6dcda283fc4d 9895aa7d8ed4118364fa87e2e3d128f1b0c5f6edf95c15f8c4e55211fc41a9b7
SERVER_TRAFFIC_SECRET_0 03fa8f66be1abc76322b80a82f5dd9e0ac5672bc72be6fb0fcdc6dcda283fc4d cbae39306e4fbf32d102bf1bf850bf071754162eea38832d500a8d8063702c50
CLIENT_TRAFFIC_SECRET_0 03fa8f66be1abc76322b80a82f5dd9e0ac5672bc72be6fb0fcdc6dcda283fc4d 0e16c5e05ec7c1b6dd964dc74e3f0517f304a2d07f624d0054e9b870a51e5204
SERVER_HANDSHAKE_TRAFFIC_SECRET 3b4a2119ad4904cc73df0e9b320a7c878d9d3930b7a576603acd8682dd3185a6 bffb3d4835ef751214e53a402836c8b4404e843fde4dd8dc7c6cb0f499b7b7d3
CLIENT_HANDSHAKE_TRAFFIC_SECRET 3b4a2119ad4904cc73df0e9b320a7c878d9d3930b7a576603acd8682dd3185a6 56b1a0e7de20e71c3510c5691bc793de479e518eb032164976a26ebd9a1c57f7
SERVER_TRAFFIC_SECRET_0 3b4a2119ad4904cc73df0e9b320a7c878d9d3930b7a576603acd8682dd3185a6 463f34cfae719609ec7b0883da1a3e05cc8bbc1011702ac8d8a4196d7d73cb0b
CLIENT_TRAFFIC_SECRET_0 3b4a2119ad4904cc73df0e9b320a7c878d9d3930b7a576603acd8682dd3185a6 5a6794d23d0157c53f430c7ff339cd373465268a854688cd3910b76a7da2c0f1
SERVER_HANDSHAKE_TRAFFIC_SECRET 7596c4b1ac72f3fe222d83cdbfb175ee73a36dd65f21feb0c90f4f7af1346421 cda6bb0e93c5c543fbb0566079a2340053dfdd50a22a6d7f7077a7fd8e93dff4
CLIENT_HANDSHAKE_TRAFFIC_SECRET 7596c4b1ac72f3fe222d83cdbfb175ee73a36dd65f21feb0c90f4f7af1346421 d0214ff2c4dc7c3c3731b9d2d8aab50d9fc93b10f1546c5c36dda6093a574423
SERVER_TRAFFIC_SECRET_0 7596c4b1ac72f3fe222d83cdbfb175ee73a36dd65f21feb0c90f4f7af1346421 f6ae021a3b3673d52badd46b812ac15833e781c6a2d206b127c9b001ed41adc0
CLIENT_TRAFFIC_SECRET_0 7596c4b1ac72f3fe222d83cdbfb175ee73a36dd65f21feb0c90f4f7af1346421 38eb14f2271758ff31a637bb3bdbf5ffee3a86d79dffda2b9c7a42176f214de4
SERVER_HANDSHAKE_TRAFFIC_SECRET 566384c4caddf665dc694b130098b5b44ee5ba1092c723ba7dc67b89feb1d873 64f8f3017c2e26135931a5b450ac626e361c72191085f33dcf142085c7fab44f
CLIENT_HANDSHAKE_TRAFFIC_SECRET 566384c4caddf665dc694b130098b5b44ee5ba1092c723ba7dc67b89feb1d873 bab6976e4dbdf85ad006a00a2598b31dc2832aa5cdb46ffc9f75ce1d32ea0c5b
SERVER_TRAFFIC_SECRET_0 566384c4caddf665dc694b130098b5b44ee5ba1092c723ba7dc67b89feb1d873 7eb755a416c6c27f0c1def7093ed18a8e62d4375a7e30e80e25e19db9a28498f
CLIENT_TRAFFIC_SECRET_0 566384c4caddf665dc694b130098b5b44ee5ba1092c723ba7dc67b89feb1d873 7e4568a12c264780af79fcd7b702861725483cd26c0461ba1bc874aa047af3bc
SERVER_HANDSHAKE_TRAFFIC_SECRET a6fddc9e61a9e82aab0ba09277493e75714350cf7784c229956acf86383dc13c ebfc22173d5244dc753208c0e70a668fe068b9d018c67197b63822df520b20b2
CLIENT_HANDSHAKE_TRAFFIC_SECRET a6fddc9e61a9e82aab0ba09277493e75714350cf7784c229956acf86383dc13c 8b6ce30bc3025b4a12fa4c77440245d25f35547516f54f0545b2389679d45f96
SERVER_TRAFFIC_SECRET_0 a6fddc9e61a9e82aab0ba09277493e75714350cf7784c229956acf86383dc13c df7e1e080c661d148cef621add3e0dbe17671e33c5cc8c6c1b29e5d8767737fe
CLIENT_TRAFFIC_SECRET_0 a6fddc9e61a9e82aab0ba09277493e75714350cf7784c229956acf86383dc13c f4e823cd1968bff9f751aad539baf47f6d4d44eedb63cd6840455e6fe6aa6065
SERVER_HANDSHAKE_TRAFFIC_SECRET ecd70b5c17485fe5f8491704c4cae3f64eda05c47d5d826854dfd395b0abdb0a ccc16f3c8aa129ae376b73a68e5e0b27ff66dbf4b43a74dc713f9648c4cd9236
CLIENT_HANDSHAKE_TRAFFIC_SECRET ecd70b5c17485fe5f8491704c4cae3f64eda05c47d5d826854dfd395b0abdb0a d2e86e1caaa2c5a59a42873b4507dc808677bafa1b9e794bd72ad722efb7897f
SERVER_TRAFFIC_SECRET_0 ecd70b5c17485fe5f8491704c4cae3f64eda05c47d5d826854dfd395b0abdb0a e60c430c0eccf5043db91bc29e065358a14040988a02ac41d04b7589a0f86ccc
CLIENT_TRAFFIC_SECRET_0 ecd70b5c17485fe5f8491704c4cae3f64eda05c47d5d826854dfd395b0abdb0a 032f84cda3e9c91eb58bbfd0f83acd273ce2648b87ee2a0b537dfe2296f37a45
SERVER_HANDSHAKE_TRAFFIC_SECRET f1020f08f313a4b655fe9b9a3e38318d741839bbbb7e80266dcb6e7d2f2a91dc 9d0a44df05a9995c3bff5cecd96931c03475b63e8c21c585577d2f2d5d0326ca
CLIENT_HANDSHAKE_TRAFFIC_SECRET f1020f08f313a4b655fe9b9a3e38318d741839bbbb7e80266dcb6e7d2f2a91dc 60d6b25c1a826c4c1606975b76327a18c5513166bffd1454da08e8616ca257ab
SERVER_TRAFFIC_SECRET_0 f1020f08f313a4b655fe9b9a3e38318d741839bbbb7e80266dcb6e7d2f2a91dc da0737ac58d0824b1b6d653cf68f26c4057dba6210565061e831c38dd5cd64f1
CLIENT_TRAFFIC_SECRET_0 f1020f08f313a4b655fe9b9a3e38318d741839bbbb7e80266dcb6e7d2f2a91dc 5983c75a975dcc780c1ccb8d4ba351ddcbf69dafb65d3cfa469e3f7d1b7eb892
SERVER_HANDSHAKE_TRAFFIC_SECRET eac7cda5d88b71efa34316c87f378d15d516c5f90a416960e077820d412c8a1c 9f9cd5181b252b24905385388354e891086dfb8fc69c97f0ad8cd4cb798a392f
CLIENT_HANDSHAKE_TRAFFIC_SECRET eac7cda5d88b71efa34316c87f378d15d516c5f90a416960e077820d412c8a1c c72e1753fab31c20d5e8f0dc2c00e1a0749a09861e49f76ed69fbfa4e50d5074
SERVER_TRAFFIC_SECRET_0 eac7cda5d88b71efa34316c87f378d15d516c5f90a416960e077820d412c8a1c 7ac6f00f75304ebde5a180f7b213ce0ebfc17515a3f8111fda9397d543b79530
CLIENT_TRAFFIC_SECRET_0 eac7cda5d88b71efa34316c87f378d15d516c5f90a416960e077820d412c8a1c c4651846328122412015aaf779f1f160b8a051691e3fae5f5a1fbb6b2ba5eeff
SERVER_HANDSHAKE_TRAFFIC_SECRET 067175e267c72debbf501a0f4bbec09b58a21176bf8c697fa655676fb5f44b69 2dc807fa5a5604aabde4357db9d26a93d637ce7783e5eaebb619df2a54225ebc
CLIENT_HANDSHAKE_TRAFFIC_SECRET 067175e267c72debbf501a0f4bbec09b58a21176bf8c697fa655676fb5f44b69 6b8e9d646aee60e5061c5dff320f2c17b31cd123a2b4e03f62259367ec975828
SERVER_TRAFFIC_SECRET_0 067175e267c72debbf501a0f4bbec09b58a21176bf8c697fa655676fb5f44b69 0bcb3d74d4ec9113761e5b211853428a05d333ca7757a25df5585857a2e5b627
CLIENT_TRAFFIC_SECRET_0 067175e267c72debbf501a0f4bbec09b58a21176bf8c697fa655676fb5f44b69 7265cbe0807c7b96f76e022107f22f8ba2fd75e2ebb302668417b9a7460949e8
SERVER_HANDSHAKE_TRAFFIC_SECRET 5a919186638ea61d036525b3f9dc2db74fc2a8efd1f9d5170de8ff86acfcd0b6 2001aedb3194363ff3c609a2098c56e7119ac619d368296cbc4db740e8c47497
CLIENT_HANDSHAKE_TRAFFIC_SECRET 5a919186638ea61d036525b3f9dc2db74fc2a8efd1f9d5170de8ff86acfcd0b6 5197738d02cc3bdc8e0b531a4141a769f8b8c4fa3ee3734632f851ed95529292
SERVER_TRAFFIC_SECRET_0 5a919186638ea61d036525b3f9dc2db74fc2a8efd1f9d5170de8ff86acfcd0b6 d1fe08e95a4a48ccf3b8b4b4b18553f9d8cb328d1b48c144f6c2f9f883fcff83
CLIENT_TRAFFIC_SECRET_0 5a919186638ea61d036525b3f9dc2db74fc2a8efd1f9d5170de8ff86acfcd0b6 de308998768f701bf9d23bfe7ab1f3ed4702b607e1e3f193ce607f0a11834cd4
SERVER_HANDSHAKE_TRAFFIC_SECRET 246da73968a98601f7ae098cd463342dbfd18b44edf2c15624163da947108dea 9e0567061e92b44df82b1806241799b3474622031a34a9f91564f0c4aced5bab
CLIENT_HANDSHAKE_TRAFFIC_SECRET 246da73968a98601f7ae098cd463342dbfd18b44edf2c15624163da947108dea efafb6ac5c902cf97ae3ede9449e931c7db7b39330ec262e244e8286a5cf9b0c
SERVER_TRAFFIC_SECRET_0 246da73968a98601f7ae098cd463342dbfd18b44edf2c15624163da947108dea 41ac751222384b169483f61af0079dc31d181f394d12510029c1715c88e50990
CLIENT_TRAFFIC_SECRET_0 246da73968a98601f7ae098cd463342dbfd18b44edf2c15624163da947108dea a4408fe95624c97ce109d639ebfa19ff412114b5de432a89a17022b71e0aba35
SERVER_HANDSHAKE_TRAFFIC_SECRET 80a2bc997a6a6d1bcfb213ff0e41c4d1bea0caf20089c3793abe55fcae3ddded 8ee3b8190635c5ad7526c2275bcb02107de52eec4d1f84e302f0d941e20d179a
CLIENT_HANDSHAKE_TRAFFIC_SECRET 80a2bc997a6a6d1bcfb213ff0e41c4d1bea0caf20089c3793abe55fcae3ddded fb49eebcd4cf98aebc0681cf180d18aa2baf933ebefb60756155497957d55456
SERVER_TRAFFIC_SECRET_0 80a2bc997a6a6d1bcfb213ff0e41c4d1bea0caf20089c3793abe55fcae3ddded 811b8c07b7cdce6a1dc05fcb16b82886a17d7ef662ee10cbfe1649de9981b59f
CLIENT_TRAFFIC_SECRET_0 80a2bc997a6a6d1bcfb213ff0e41c4d1bea0caf20089c3793abe55fcae3ddded 9c9e418dd49563af3c9c42d23cbfef8a02912eeaee72cb1a8d45ac4009154f0d
SERVER_HANDSHAKE_TRAFFIC_SECRET ec9d20881111190f2081c07a614331dff78962c6898c82432491b267d0486133 bcb9e08f86c743a034b719dba310b7479f84e62ccc98e37267d547ce0172dace
CLIENT_HANDSHAKE_TRAFFIC_SECRET ec9d20881111190f2081c07a614331dff78962c6898c82432491b267d0486133 44da312297fbdee1b1df962dc9819f9308eff9fc31634cc40c6e469328d710c7
SERVER_TRAFFIC_SECRET_0 ec9d20881111190f2081c07a614331dff78962c6898c82432491b267d0486133 56e95a6ea99af2c6c9dbdc4d7a9cbffa6a434f9d1e0baf74de9af6db7c1979d0
CLIENT_TRAFFIC_SECRET_0 ec9d20881111190f2081c07a614331dff78962c6898c82432491b267d0486133 1912725b0face682ab606b1b49d2412b4d158e0b2d28400adc52da1883112b57
SERVER_HANDSHAKE_TRAFFIC_SECRET 8eb76db241ba521af766bb2b855d05a3ed3ed8513bb0b1ad62c01a4a501835c2 e60cbca914ec6484e6cec4f986ad46a6064783b535eede84d5c83b50c823a3a7
CLIENT_HANDSHAKE_TRAFFIC_SECRET 8eb76db241ba521af766bb2b855d05a3ed3ed8513bb0b1ad62c01a4a501835c2 4834f12336e432e43d3360a23a7b32ab436bacb938700e33a4be1c765f729f81
SERVER_TRAFFIC_SECRET_0 8eb76db241ba521af766bb2b855d05a3ed3ed8513bb0b1ad62c01a4a501835c2 c5f90b8e3ecc5ce1e8ad94615b0fc0f49482ca81c69500f5138949ba8cbbe9fc
CLIENT_TRAFFIC_SECRET_0 8eb76db241ba521af766bb2b855d05a3ed3ed8513bb0b1ad62c01a4a501835c2 67892f6f6a4e1b230aff13e41d2d9a9112e89051f7858b1eed4ae695ac10dd30
SERVER_HANDSHAKE_TRAFFIC_SECRET b750a335bd4f8f9b16065be57b7bf6000adbce03716dab504ab66f40f68bfbb7 b44b08a5c9ead0d102dca7db9c6cfc311dc97558fa4b54629689ed55cd6e97fd
CLIENT_HANDSHAKE_TRAFFIC_SECRET b750a335bd4f8f9b16065be57b7bf6000adbce03716dab504ab66f40f68bfbb7 3167110a228498e2d6441d4a12f449e15aac488ed47dc399f4e7dcc07c880750
SERVER_TRAFFIC_SECRET_0 b750a335bd4f8f9b16065be57b7bf6000adbce03716dab504ab66f40f68bfbb7 830daeb1f8ace1486c36835b99be359bdbc89b5c702e20bcb76d7805c2597e18
CLIENT_TRAFFIC_SECRET_0 b750a335bd4f8f9b16065be57b7bf6000adbce03716dab504ab66f40f68bfbb7 a1a05fa6aee0b983da5420bf940c9113369fc312ac0cb8aec9a231971997656b
SERVER_HANDSHAKE_TRAFFIC_SECRET 6e99c07a3095d2e380afb641ee797a5786107088c629435e42a488e607795b77 66ebeebdeccf6400adb220c54535cdb8da162ac657e8d19d680a3888e58e495c
CLIENT_HANDSHAKE_TRAFFIC_SECRET 6e99c07a3095d2e380afb641ee797a5786107088c629435e42a488e607795b77 5928903a7544bd7b3522d46095ea8f4b65f7cb31834f175f55657c18194773a4
SERVER_TRAFFIC_SECRET_0 6e99c07a3095d2e380afb641ee797a5786107088c629435e42a488e607795b77 b83a6b32a69a5edbf90ab54d9ee6556fd291af4a5bb27b241e9df480f05569a9
CLIENT_TRAFFIC_SECRET_0 6e99c07a3095d2e380afb641ee797a5786107088c629435e42a488e607795b77 bfa603670053f4c7d62bd565bdbea4550b8123dbfb08f4a5a425deccef8f1a39
SERVER_HANDSHAKE_TRAFFIC_SECRET 8dadf526d7256607cd5c1eb0f69fe0e2b1f0fd4618508be9bf2adc8601432f6f 3ce1d52bf4e4856cef290569315e68390f4103311a55e29396ac4eba8155f101
CLIENT_HANDSHAKE_TRAFFIC_SECRET 8dadf526d7256607cd5c1eb0f69fe0e2b1f0fd4618508be9bf2adc8601432f6f db26b7fba566f5437f55ed1dd4427f45ab9e3db540932711b257aefb25e1394b
SERVER_TRAFFIC_SECRET_0 8dadf526d7256607cd5c1eb0f69fe0e2b1f0fd4618508be9bf2adc8601432f6f a283bf2c475fdce32f00909b45412f8fad3425090e8f73f75e0ecfe12194be60
CLIENT_TRAFFIC_SECRET_0 8dadf526d7256607cd5c1eb0f69fe0e2b1f0fd4618508be9bf2adc8601432f6f 3611836153ef7f529a0719ae8297933f9991e56d7f0b51a5891322b6e42c42ed
SERVER_HANDSHAKE_TRAFFIC_SECRET 766d70bf28d80c50c6301242c468f23c262f1b8961d819dce10fa8118dac3394 829fcc48e0de04ac7e3e8592c57a35c83bd629d7b9c748513c5e098711153513
CLIENT_HANDSHAKE_TRAFFIC_SECRET 766d70bf28d80c50c6301242c468f23c262f1b8961d819dce10fa8118dac3394 c18aab61b03058551e644ed5f5d1a64bbfad8972b46c01dee433e8c1004723af
SERVER_TRAFFIC_SECRET_0 766d70bf28d80c50c6301242c468f23c262f1b8961d819dce10fa8118dac3394 b9451044d6f6f8be7ed3893a3eb603120c58f859ab9155bb23e003b42fe187a7
CLIENT_TRAFFIC_SECRET_0 766d70bf28d80c50c6301242c468f23c262f1b8961d819dce10fa8118dac3394 3a77d5d5c27b5863d1a7f84a426e48d72ac2961188ae6da0d42f4e2e84ec19c9
SERVER_HANDSHAKE_TRAFFIC_SECRET 0776377c0b73ef93ff8815893b30de11c62fed298fa72d363f81a1b1608db6ca caad927edf0a4390d0023feca3c0fd8e996c3368beebbee49884b1bd68c51418
CLIENT_HANDSHAKE_TRAFFIC_SECRET 0776377c0b73ef93ff8815893b30de11c62fed298fa72d363f81a1b1608db6ca 96d8559fcd391ff9df1cdb0d57a1462718e637f657a5d04562f6fdaad5b08e59
SERVER_TRAFFIC_SECRET_0 0776377c0b73ef93ff8815893b30de11c62fed298fa72d363f81a1b1608db6ca 780eb98323c139780d01d0bcb0620b896d72f8d3827084be11b8623bce3d7640
CLIENT_TRAFFIC_SECRET_0 0776377c0b73ef93ff8815893b30de11c62fed298fa72d363f81a1b1608db6ca ddf68ea9d86b18e6decfc1fd706f01766c7839771b613e3319deb163b2dc69dd
SERVER_HANDSHAKE_TRAFFIC_SECRET 5527d8a15181b7a56dfa093a43e39889b16b71cc7a472ecee6ff57262fcc669a 0818a886a17c16015e38299aeeb9df72811fa5de9118df23e3a5a4a1f22a8369
CLIENT_HANDSHAKE_TRAFFIC_SECRET 5527d8a15181b7a56dfa093a43e39889b16b71cc7a472ecee6ff57262fcc669a 8c64247c343fd7c94e79bd2d960f1cd0f6f46dee8c9e4523cb2209b309ae2bbe
SERVER_TRAFFIC_SECRET_0 5527d8a15181b7a56dfa093a43e39889b16b71cc7a472ecee6ff57262fcc669a df0d8fd43a67a4d3233ef58cea776084bea680b1e0490b4e6a37fbbcaf466d4b
CLIENT_TRAFFIC_SECRET_0 5527d8a15181b7a56dfa093a43e39889b16b71cc7a472ecee6ff57262fcc669a 725bb7d249dacf270b4824c46e5a06564f7a1f27963ac9ee71533270af0cb21d
SERVER_HANDSHAKE_TRAFFIC_SECRET 6e69350eb2bf4ccf1169a6fa569f079fbe10fac168f776b5bbe5c14bec4289f3 a2cc7223afcfd6ad367d4c37442da82de8e9b80f2484ad3c7e3291474a8b5648
CLIENT_HANDSHAKE_TRAFFIC_SECRET 6e69350eb2bf4ccf1169a6fa569f079fbe10fac168f776b5bbe5c14bec4289f3 0e4b86b81069a003ce9de5a0a9b654a509f0943f25fcea65e19544f12a1abdc6
SERVER_TRAFFIC_SECRET_0 6e69350eb2bf4ccf1169a6fa569f079fbe10fac168f776b5bbe5c14bec4289f3 a0116148cd21f9e319fb60aa73fddbffb356bb65695baa419eb5a537962c30a5
CLIENT_TRAFFIC_SECRET_0 6e69350eb2bf4ccf1169a6fa569f079fbe10fac168f776b5bbe5c14bec4289f3 32c56535111ad09457489fe0798857bd7f8eafb092f9d90b1f5f9b4374b0fe91
SERVER_HANDSHAKE_TRAFFIC_SECRET 8f169f5678af264701c6ca131ad49b10624baa05b57b011aabbe87cad1edf0ee 55dc3ace6690d3c530f439ef099546ffe2a8ec06adcc5e2abb7cd04d5761d0aa
CLIENT_HANDSHAKE_TRAFFIC_SECRET 8f169f5678af264701c6ca131ad49b10624baa05b57b011aabbe87cad1edf0ee 8173ae86a4660c32fdacbfd4ecaa0363bb4e574a67c172e619733defbf7a7e04
SERVER_TRAFFIC_SECRET_0 8f169f5678af264701c6ca131ad49b10624baa05b57b011aabbe87cad1edf0ee e9f4e6fd0355fb4890d0430709ae55ff9030aaabdf2a103cdbb9ef248a9a4cbd
CLIENT_TRAFFIC_SECRET_0 8f169f5678af264701c6ca131ad49b10624baa05b57b011aabbe87cad1edf0ee 5005f22786e6cd515796a04b599b8411bd4881389eb3856ed8dc22116e943ccd
SERVER_HANDSHAKE_TRAFFIC_SECRET e51ad73fdb552de742de957686e8a1e974642f791cc36cc95e6ec47a8a865eca d099bd7e0a7143b1ef0860f80f467046823e0e5d81f35ba23c943d8fe198b55a
CLIENT_HANDSHAKE_TRAFFIC_SECRET e51ad73fdb552de742de957686e8a1e974642f791cc36cc95e6ec47a8a865eca 433a7eaa515373209300e441458641710deaad1bcfd14484ab78ac284c07d539
SERVER_TRAFFIC_SECRET_0 e51ad73fdb552de742de957686e8a1e974642f791cc36cc95e6ec47a8a865eca 8a102a380d71c53804519991d52ec034be3c4782e7a399f5c1a03675c58c5192
CLIENT_TRAFFIC_SECRET_0 e51ad73fdb552de742de957686e8a1e974642f791cc36cc95e6ec47a8a865eca 657c7400a30bbbc73e02de694df18f6c55c2fabfd3d569f7a62942f1e0dd4bc2
SERVER_HANDSHAKE_TRAFFIC_SECRET 1b18792d40a13e32d5bf5be42f5183eeb16c5d400f5b9e18bbf2ca28f1d975ca dd5b19bd494bcc37051d6aac926f03f76c1a983fe4713448740431bbfed0415e
CLIENT_HANDSHAKE_TRAFFIC_SECRET 1b18792d40a13e32d5bf5be42f5183eeb16c5d400f5b9e18bbf2ca28f1d975ca 36a0c498ec29426c0c2a1dc67814056d732455fa4775975c41cb587783d0cad7
SERVER_TRAFFIC_SECRET_0 1b18792d40a13e32d5bf5be42f5183eeb16c5d400f5b9e18bbf2ca28f1d975ca 5f12fb553832ccbc6f32c18cb3a29437fe44c244219d8417dddcfda37b3535ac
CLIENT_TRAFFIC_SECRET_0 1b18792d40a13e32d5bf5be42f5183eeb16c5d400f5b9e18bbf2ca28f1d975ca 89e36f98df2bd0b61e5139a6aba07d0d4dca24ac07df77643d5cdb421169d910
SERVER_HANDSHAKE_TRAFFIC_SECRET 8163ead59d55c1d5d787d2e5aa78c9a78c80a579963209aca549797dff73af63 ed44e79a7da0434456e5d1e0d3915bb335958d1411db194f9bb88020d41d8bbd
CLIENT_HANDSHAKE_TRAFFIC_SECRET 8163ead59d55c1d5d787d2e5aa78c9a78c80a579963209aca549797dff73af63 ad7eef77fc6645ed59628be91246f552bd7933d63c0e92835c00de4947d4f38d
SERVER_TRAFFIC_SECRET_0 8163ead59d55c1d5d787d2e5aa78c9a78c80a579963209aca549797dff73af63 5e7a140463453b0c3fffc1a7edf52aea5a0357915d2ef7ce5232264c621e8fab
CLIENT_TRAFFIC_SECRET_0 8163ead59d55c1d5d787d2e5aa78c9a78c80a579963209aca549797dff73af63 7690f48a831057a779a41b79d806cb090ec8e0f339a3f4951bb2a1f019090fc9
SERVER_HANDSHAKE_TRAFFIC_SECRET 4edaa63e070e3ae6f883d512e9077e808ae50bee938dc642b8de55422c9c3d81 77146932e88118492ddb2c0d15f503a32008658ee869be72c148be2af3986c4a
CLIENT_HANDSHAKE_TRAFFIC_SECRET 4edaa63e070e3ae6f883d512e9077e808ae50bee938dc642b8de55422c9c3d81 33a370f81f86096cf70cedc8a8ede1d617d97d104faad2e6e05ce33d9343759e
SERVER_TRAFFIC_SECRET_0 4edaa63e070e3ae6f883d512e9077e808ae50bee938dc642b8de55422c9c3d81 1a56b120d6e7341327686dc58f14c567feaf2ddec506b15e93ed593d2ca6b4a7
CLIENT_TRAFFIC_SECRET_0 4edaa63e070e3ae6f883d512e9077e808ae50bee938dc642b8de55422c9c3d81 a19928f099b1c9a348d360a611e0a8ab63d67706af1fdafe251c3e3fbd2fed63
SERVER_HANDSHAKE_TRAFFIC_SECRET a201d53bcabb72b7792a8abb055564ff4f909df60c51e94de85c19c7ff69324e b41915fe8c82a56d83eb3d739bce46bfeb7a93853946af220c7b4f0ba0c06911
CLIENT_HANDSHAKE_TRAFFIC_SECRET a201d53bcabb72b7792a8abb055564ff4f909df60c51e94de85c19c7ff69324e 601c382bb4e6221191c6ae38d1be267ce4f207fbf9325cd3d16af4dc557b3a90
SERVER_TRAFFIC_SECRET_0 a201d53bcabb72b7792a8abb055564ff4f909df60c51e94de85c19c7ff69324e 45ef6d3b8b7a12e4a801fb581a9f331301f67cd806e5abbec42a3d9c2f648dcd
CLIENT_TRAFFIC_SECRET_0 a201d53bcabb72b7792a8abb055564ff4f909df60c51e94de85c19c7ff69324e 73bdef70f8853630b9c3eaeef64622e05a6355583003e8be5f90940e5a9833d2
SERVER_HANDSHAKE_TRAFFIC_SECRET cd35fb5f5549358007643c5708fad1329763dc3d26b95853b3043a10aaf0680d 7773cde4d159fe59f01d1208008703d18f731151e3d16f70736d518d286791be
CLIENT_HANDSHAKE_TRAFFIC_SECRET cd35fb5f5549358007643c5708fad1329763dc3d26b95853b3043a10aaf0680d 3f1b15985d33cb23c618a9f90e917a1bfb9a0677991d64026312157431347d1c
SERVER_TRAFFIC_SECRET_0 cd35fb5f5549358007643c5708fad1329763dc3d26b95853b3043a10aaf0680d c9e224be37e725de418bf96892884c65425bc30fd6dcf5676e42a54f6721a7cc
CLIENT_TRAFFIC_SECRET_0 cd35fb5f5549358007643c5708fad1329763dc3d26b95853b3043a10aaf0680d 3f2ff8bb952c57755c47a51923c9b5aab83569d50d8f237465c3bdaaca466241
SERVER_HANDSHAKE_TRAFFIC_SECRET c2d6fb60e9915d9fe5f05f174370b6c1f3422f2bf0fa477ef8f8c48303ca9053 08384927f7481d56ce193b2fc2644a23e5e32cc49fc5dcfef4ecc80bd12148f2
CLIENT_HANDSHAKE_TRAFFIC_SECRET c2d6fb60e9915d9fe5f05f174370b6c1f3422f2bf0fa477ef8f8c48303ca9053 1124f0e4ac2ca8b70cc7f644b8c443b6ba47dca3542df8ae764cc377327f337b
SERVER_TRAFFIC_SECRET_0 c2d6fb60e9915d9fe5f05f174370b6c1f3422f2bf0fa477ef8f8c48303ca9053 f1e3379f759e11a11cbdca0fe1d9e4bd0b9fbbe3fa39b324055df44b75a5f48e
CLIENT_TRAFFIC_SECRET_0 c2d6fb60e9915d9fe5f05f174370b6c1f3422f2bf0fa477ef8f8c48303ca9053 f65f81ab8ad58197aa8a11c6aa9b273b4a3f62382e0906002a9ddd3982b1a9e5
SERVER_HANDSHAKE_TRAFFIC_SECRET 375bb525f3e73f5d3e991485cbf7fe24e6d1a51772d5ef064f83b34589279ba6 d9baff3f4b11657b6778192bdfd6d0c0ee84b588520a42741d5e3dc245271a55
CLIENT_HANDSHAKE_TRAFFIC_SECRET 375bb525f3e73f5d3e991485cbf7fe24e6d1a51772d5ef064f83b34589279ba6 eb4eb9a9f1413fc7c93417d7c1de423470328218d854b743d2b1530cf0939617
SERVER_TRAFFIC_SECRET_0 375bb525f3e73f5d3e991485cbf7fe24e6d1a51772d5ef064f83b34589279ba6 bac41d6d418db10b96675dcecddcc47c9e25b03bb5f4f3bf0954c72d09f4af6a
CLIENT_TRAFFIC_SECRET_0 375bb525f3e73f5d3e991485cbf7fe24e6d1a51772d5ef064f83b34589279ba6 3b6daa9d50e6855fbda96d2969ae72c439169383590b2ec684c19506c7f7f1df
SERVER_HANDSHAKE_TRAFFIC_SECRET 0357a313fc5e1c08f3a069a892c34b496d9770c1ded76ce3a4f5d8d8a58f1995 118e4317d5176ff052a803bdbf81bc33278a0d92b3966fa7635d93c5aed608a8
CLIENT_HANDSHAKE_TRAFFIC_SECRET 0357a313fc5e1c08f3a069a892c34b496d9770c1ded76ce3a4f5d8d8a58f1995 b822d5683bf4ccfdab75fb8023900ccd83f38c9811c9d0c8e3b8b78587dddbe9
SERVER_TRAFFIC_SECRET_0 0357a313fc5e1c08f3a069a892c34b496d9770c1ded76ce3a4f5d8d8a58f1995 f4343ad40c90f1ad24efd6554b5c268cd60a48ec6827c1aebe435acfe7304101
CLIENT_TRAFFIC_SECRET_0 0357a313fc5e1c08f3a069a892c34b496d9770c1ded76ce3a4f5d8d8a58f1995 482413748ac6b6c317e361cf84d71b7173d8db0804d4a9447cf8f8a0137793c5
SERVER_HANDSHAKE_TRAFFIC_SECRET 7b0eaf9694b912e3a99c95e72425975e2fd0a55f4990c20bb169da746d769dd4 058a5d26419e30932091ec2a22e25b98b4bff74acc307410da59fa0d73645771
CLIENT_HANDSHAKE_TRAFFIC_SECRET 7b0eaf9694b912e3a99c95e72425975e2fd0a55f4990c20bb169da746d769dd4 468ecd8fbb640e532687c17d862867c197435ce8df11d422eb96f63dda4a1447
SERVER_TRAFFIC_SECRET_0 7b0eaf9694b912e3a99c95e72425975e2fd0a55f4990c20bb169da746d769dd4 a8056b0122cc3c507a3242ca7f375a7b4fdd12d20a7976307f89617ffcc61327
CLIENT_TRAFFIC_SECRET_0 7b0eaf9694b912e3a99c95e72425975e2fd0a55f4990c20bb169da746d769dd4 fb9e17a513302e674792554960792b1ca525dddb071277fd0e77d82f712ab22f
SERVER_HANDSHAKE_TRAFFIC_SECRET c155a3718edbad028aaaf48bd6277467aa8bced281f164b6a6dfe36175c48a7e f68750fb3b27f743bae7fbcee624ebe7fa4838d40aa1a983e5f86f8bb814b6dc
CLIENT_HANDSHAKE_TRAFFIC_SECRET c155a3718edbad028aaaf48bd6277467aa8bced281f164b6a6dfe36175c48a7e 327efb414ba6bf44c025df6104f3f1bc6934a816e2001c4436421cbc811154f2
SERVER_TRAFFIC_SECRET_0 c155a3718edbad028aaaf48bd6277467aa8bced281f164b6a6dfe36175c48a7e 9a172eaa301644bf5941d7078777c25c2ead2f334348c0617cdf55a4753797d2
CLIENT_TRAFFIC_SECRET_0 c155a3718edbad028aaaf48bd6277467aa8bced281f164b6a6dfe36175c48a7e f9e2aa5ae10035104622375bbfa000b5b2ef1c2d49cfeadc55517b2430f39d80
SERVER_HANDSHAKE_TRAFFIC_SECRET 7fc935501876fd36f6cb857943dda6327f27f313513c53d61e006ddb63a09e52 8a468228cd788b4f8c95a673da087e26d637a365cddc3803a474b1108e2bc769
CLIENT_HANDSHAKE_TRAFFIC_SECRET 7fc935501876fd36f6cb857943dda6327f27f313513c53d61e006ddb63a09e52 7de76ed41e619aa6488b270975f2715f7b7d6dbcaa79b6140abdb621b7f20225
SERVER_TRAFFIC_SECRET_0 7fc935501876fd36f6cb857943dda6327f27f313513c53d61e006ddb63a09e52 7bef123c8b7cf47695d4d84b7f91909ad70b5aabb1d9adfe87afeddab81ca2aa
CLIENT_TRAFFIC_SECRET_0 7fc935501876fd36f6cb857943dda6327f27f313513c53d61e006ddb63a09e52 9ca08ee08948926834239c26abec18c7cbff3a935cab168f13a862c05d198207
SERVER_HANDSHAKE_TRAFFIC_SECRET f6540a5043485c2bd2b3f1091f7170e12f1c0a5f2e850ddcdf146fcf4a4c0db0 3d1d0a6e71445a7840aa85d7e978e8013774142c072582724f766da0bb31220e
CLIENT_HANDSHAKE_TRAFFIC_SECRET f6540a5043485c2bd2b3f1091f7170e12f1c0a5f2e850ddcdf146fcf4a4c0db0 fae89deb8c0a4db1fd47830d82f9b2676e2811191651d00cabb02d065840865d
SERVER_TRAFFIC_SECRET_0 f6540a5043485c2bd2b3f1091f7170e12f1c0a5f2e850ddcdf146fcf4a4c0db0 597c8f7b13b0de8bf1dd474eba33980883356d71de7ed611725970f4e6f73fbd
CLIENT_TRAFFIC_SECRET_0 f6540a5043485c2bd2b3f1091f7170e12f1c0a5f2e850ddcdf146fcf4a4c0db0 4deccd7f0a5f9e1759eb13c45963f12ed658af59388f1d46614239be1aa5bada
SERVER_HANDSHAKE_TRAFFIC_SECRET 97823b49b43c3e04a85e4b2fa50e0a32634b0827fa1f51df893a2448f2fa1dea 0eb8fe418e37da0eeb01b1cebda929db10e5578ab815840f9f6dbd36b2254a69
CLIENT_HANDSHAKE_TRAFFIC_SECRET 97823b49b43c3e04a85e4b2fa50e0a32634b0827fa1f51df893a2448f2fa1dea ee3a47c97980eb3c67d06ca8f6e8b853dcf978b69c74f40eda75ef009b2aba7d
SERVER_TRAFFIC_SECRET_0 97823b49b43c3e04a85e4b2fa50e0a32634b0827fa1f51df893a2448f2fa1dea 014b5ebe42bb31f7b8c65d083cdf5b78243ce51f3a1d4f90e235459cf27aca6d
CLIENT_TRAFFIC_SECRET_0 97823b49b43c3e04a85e4b2fa50e0a32634b0827fa1f51df893a2448f2fa1dea 98bad4b75f3b4577795578d104428b472efed485ba1303f51b5317a7b955b731
SERVER_HANDSHAKE_TRAFFIC_SECRET 67366dd5fb120601d5da319403701372a6e579917d5b6e61d1932b20b669e87d 75c5d7467f43a1e19f9aa4483af4c8c8c79945a82703c3d26a8dfc1aaeaf3d65
CLIENT_HANDSHAKE_TRAFFIC_SECRET 67366dd5fb120601d5da319403701372a6e579917d5b6e61d1932b20b669e87d 798b302206054f869019a678a5d9dfe5fbea4c8093f9a9eac67490d91a286ecc
SERVER_TRAFFIC_SECRET_0 67366dd5fb120601d5da319403701372a6e579917d5b6e61d1932b20b669e87d 7fb1f5a44cfe1b08df90e4c3011a1ff9274ea11300d1adf5087be5fe4f83b8e1
CLIENT_TRAFFIC_SECRET_0 67366dd5fb120601d5da319403701372a6e579917d5b6e61d1932b20b669e87d ada6d04790d1ee332d89a3f4b3be9bf89ccae4ad53583d443a47206e29488f33
SERVER_HANDSHAKE_TRAFFIC_SECRET b95f213d6f789926b791b33cad8156e595d4a3e554636927125a82d3e96ba580 da085e01f886c9286acc8af757a84a59494adfd617ea00ca0f68e2190b7c7e40
CLIENT_HANDSHAKE_TRAFFIC_SECRET b95f213d6f789926b791b33cad8156e595d4a3e554636927125a82d3e96ba580 683aae9cb5d96b0228356bec9ea7694b3744ede01d0af03a4abfa5796bbe7ea1
SERVER_TRAFFIC_SECRET_0 b95f213d6f789926b791b33cad8156e595d4a3e554636927125a82d3e96ba580 cca7d5b3eb8a70a906f757b21bf07a261a12c53944dada1a47a745ffd71aabe9
CLIENT_TRAFFIC_SECRET_0 b95f213d6f789926b791b33cad8156e595d4a3e554636927125a82d3e96ba580 ae1359d26f573de58005e5c185424461b30081f79cacbf71b6f896b63b6f2d81
SERVER_HANDSHAKE_TRAFFIC_SECRET 181c0713633f82e6b18df64d79119f55f7680d50b8ec8337c26e4f6938ce4646 fe8d15be86b027231c68204333d4da0021335013711bd8a497f2a930cc33b303
CLIENT_HANDSHAKE_TRAFFIC_SECRET 181c0713633f82e6b18df64d79119f55f7680d50b8ec8337c26e4f6938ce4646 e531afb0c5aaa6b579dac95a7dee50d6526f4d8f4350d011f994bd88fb4ee265
SERVER_TRAFFIC_SECRET_0 181c0713633f82e6b18df64d79119f55f7680d50b8ec8337c26e4f6938ce4646 e3e86430f838e9df528d27544dc0628696635729d49afe9e1f9f725f3a2c6fe8
CLIENT_TRAFFIC_SECRET_0 181c0713633f82e6b18df64d79119f55f7680d50b8ec8337c26e4f6938ce4646 35c01205d1bdaa16eb074c937d6e9f770de8d94f29bcc8bb78757ee74ef36101
SERVER_HANDSHAKE_TRAFFIC_SECRET 0004dea0cb4e13ea6b2642f3a95b8ad4c0ad1819784bc07d7e279fbabccf47f0 2406a48f90e4a79498ae8b6588a8cfc8b6a7bc1387cf5441a8bbd9c9cba8ea87
CLIENT_HANDSHAKE_TRAFFIC_SECRET 0004dea0cb4e13ea6b2642f3a95b8ad4c0ad1819784bc07d7e279fbabccf47f0 36d12cf2e9f9620f48592d5ed67c15f54b7819530fad06696ab333c85967b720
SERVER_TRAFFIC_SECRET_0 0004dea0cb4e13ea6b2642f3a95b8ad4c0ad1819784bc07d7e279fbabccf47f0 bb37fbcb6db30c43664659c607ac3f21b180b75cdb80b845d5baf49eeda0a153
CLIENT_TRAFFIC_SECRET_0 0004dea0cb4e13ea6b2642f3a95b8ad4c0ad1819784bc07d7e279fbabccf47f0 18e2fb283ac5e299468626475d74f739c6d570ad09e0d9281fe543f45177c150
SERVER_HANDSHAKE_TRAFFIC_SECRET 29ffeea2611f0508199fdbeafa1db468d25910c2557526d8908ec40af8e89d62 462b4c71e58275c970d87fff561ee47e86a60ffced16d63bafe21bfa5498497a
CLIENT_HANDSHAKE_TRAFFIC_SECRET 29ffeea2611f0508199fdbeafa1db468d25910c2557526d8908ec40af8e89d62 978c6dfe863f40698a1ef8f8faf83f205143369a4dbcc2e908e81644ad596b53
SERVER_TRAFFIC_SECRET_0 29ffeea2611f0508199fdbeafa1db468d25910c2557526d8908ec40af8e89d62 d32e1a46808ba187c55bc33b069e882480c6730f4844e2ce5959d69cf924939e
CLIENT_TRAFFIC_SECRET_0 29ffeea2611f0508199fdbeafa1db468d25910c2557526d8908ec40af8e89d62 13c7e966bd6387794b848df5ca0f3b733ab8a48bf566a4d9377d7bf147025cdf
SERVER_HANDSHAKE_TRAFFIC_SECRET 162de245476b4ade4b52ec6f85f6c9c6aeeb94fa6df981ee1c7555c90d45a535 eb44cf2e02024f72c2dff9d8d3628e91089aa34f8f3d893b1eec58c940d93b1e
CLIENT_HANDSHAKE_TRAFFIC_SECRET 162de245476b4ade4b52ec6f85f6c9c6aeeb94fa6df981ee1c7555c90d45a535 d06830108be46e7e712f21b8f085ff4769859a748749ecef0aa2812ee6eb99ef
SERVER_TRAFFIC_SECRET_0 162de245476b4ade4b52ec6f85f6c9c6aeeb94fa6df981ee1c7555c90d45a535 04e97aeb199016863dcf6be4358398aa7da136c727420fde2fcd902ab59d5310
CLIENT_TRAFFIC_SECRET_0 162de245476b4ade4b52ec6f85f6c9c6aeeb94fa6df981ee1c7555c90d45a535 15eaa069fe998b24409c9ba530a89572380ac809c5a85831f45fc4eaee2dbf4d
SERVER_HANDSHAKE_TRAFFIC_SECRET 4017d24580ca850646fa26490d8bf994fd3d4a16e93ef1916ed7e1aecc3cb529 6cb98995696833b7122c1fb714a6aacdd10591abe3febdd7f9b134201301921a
CLIENT_HANDSHAKE_TRAFFIC_SECRET 4017d24580ca850646fa26490d8bf994fd3d4a16e93ef1916ed7e1aecc3cb529 3780d6964153d0f8cde85d11ae47839476a8f0a50da9f8e0805f37e22cbe44f0
SERVER_TRAFFIC_SECRET_0 4017d24580ca850646fa26490d8bf994fd3d4a16e93ef1916ed7e1aecc3cb529 81212ce5efd2c9e7c020b5b9f681ec2aa9a2811e274a2d36687a35d011061eb0
CLIENT_TRAFFIC_SECRET_0 4017d24580ca850646fa26490d8bf994fd3d4a16e93ef1916ed7e1aecc3cb529 d4e1c9d64591b29c90763b6494d1e300d1e0a371e0b71b0f0616f6f80e016e57
SERVER_HANDSHAKE_TRAFFIC_SECRET 298d94dfe288b401d9b0d304af56730660d4592f1546a570d464397f9560801e 13a87946524652a9eb3f7e998361661d328e71bccc86d33719765f497c281892
CLIENT_HANDSHAKE_TRAFFIC_SECRET 298d94dfe288b401d9b0d304af56730660d4592f1546a570d464397f9560801e 9446035985c313d340ebdd3c3c4f1a74f5ef6a71f04c6864ee9409f19a723722
SERVER_TRAFFIC_SECRET_0 298d94dfe288b401d9b0d304af56730660d4592f1546a570d464397f9560801e 25ee60c52d46a16ca52d2bcbce2128ad23fa7d4b412aef435d97064404c0df60
CLIENT_TRAFFIC_SECRET_0 298d94dfe288b401d9b0d304af56730660d4592f1546a570d464397f9560801e 3d057362400ed162db94744ad838d8331fb4270f7d24ec3baf7fdbb5acc63f9b
SERVER_HANDSHAKE_TRAFFIC_SECRET 791084b05ced70a3418b7dac587eae054dbd8fe86c935397e957c65a686310d1 95a97fa07eb6dc9e88fd0e2ab89d61e2bba5fb4cce4bfc613e3ef25294800d42
CLIENT_HANDSHAKE_TRAFFIC_SECRET 791084b05ced70a3418b7dac587eae054dbd8fe86c935397e957c65a686310d1 59fdf6411c507a30c52131f90354b528e423c531e2069863e5911e61071de320
SERVER_TRAFFIC_SECRET_0 791084b05ced70a3418b7dac587eae054dbd8fe86c935397e957c65a686310d1 6d0ed2475a1cfea6b1942f7326b29f7fe6c48254e0fdd55989979595f8801ee9
CLIENT_TRAFFIC_SECRET_0 791084b05ced70a3418b7dac587eae054dbd8fe86c935397e957c65a686310d1 bc5dbe95c7176f7adcc89be629d2b6ed1746031e9e56b58d21a15deeb5887dad
SERVER_HANDSHAKE_TRAFFIC_SECRET 1f9b7771f942b037de20e363b303f7652108dc05452b8851dc2da9f71d1dea57 acec1906ac4b46f0c34f9f8be650aee23167325638c1ad065ae07a18c21c4383
CLIENT_HANDSHAKE_TRAFFIC_SECRET 1f9b7771f942b037de20e363b303f7652108dc05452b8851dc2da9f71d1dea57 92c0003e7f54ebfb6e6aafb4bafcd9d1f86895fd5891a0377c93e18f259b0444
SERVER_TRAFFIC_SECRET_0 1f9b7771f942b037de20e363b303f7652108dc05452b8851dc2da9f71d1dea57 16f0d2bdf87333303b326d162d29e13c2684faa7405eb64e549eb613441c5f90
CLIENT_TRAFFIC_SECRET_0 1f9b7771f942b037de20e363b303f7652108dc05452b8851dc2da9f71d1dea57 6db98c76da1c0c3416530e560dbe0fb0a90e558a21f3e4a9264d49f059ae5f2f
SERVER_HANDSHAKE_TRAFFIC_SECRET aa0a90d2bf30e16e7fd669eee6e28451e12d27e1ea72c2c3faff57ef31c92f40 163b8bd7b49e2c67ec12a9154cc9dc3cbda75879fc2d7f739f532239013b6228
CLIENT_HANDSHAKE_TRAFFIC_SECRET aa0a90d2bf30e16e7fd669eee6e28451e12d27e1ea72c2c3faff57ef31c92f40 95acf9fd8232722dd9afa0fbf8a992526bb3db971d67cdc6cae7fe50caaa7b97
SERVER_TRAFFIC_SECRET_0 aa0a90d2bf30e16e7fd669eee6e28451e12d27e1ea72c2c3faff57ef31c92f40 ee111ee27b8601f537b208b66e6ebc8bb4f355283fb1b60704cbcc05933e8e73
CLIENT_TRAFFIC_SECRET_0 aa0a90d2bf30e16e7fd669eee6e28451e12d27e1ea72c2c3faff57ef31c92f40 fce441c4b965801b9518ecd909b3595fa6bcd18c57e2639bca85b96aaa1d94c6
SERVER_HANDSHAKE_TRAFFIC_SECRET 9918c3d1bf2a35cd6d1ac1e4eb1a5c1a0532e197de59b8f9f3a56601240740c1 1d3b63eefce0e40c2df5cbee18b5986752318545ea0a74a161fa00ac5403d2ff
CLIENT_HANDSHAKE_TRAFFIC_SECRET 9918c3d1bf2a35cd6d1ac1e4eb1a5c1a0532e197de59b8f9f3a56601240740c1 4cca9bbb214174196ec239eab0adeb9a192c906d1380ae3483e8487ae7ba4cd7
SERVER_TRAFFIC_SECRET_0 9918c3d1bf2a35cd6d1ac1e4eb1a5c1a0532e197de59b8f9f3a56601240740c1 3f270f008670826e6189951ce64ba71a3589d5f0d6974702be5397a52937a40d
CLIENT_TRAFFIC_SECRET_0 9918c3d1bf2a35cd6d1ac1e4eb1a5c1a0532e197de59b8f9f3a56601240740c1 73b32574ea6a968f48ae3d6c3c08c95fc6788baffde63e674cd9394a986185d3
SERVER_HANDSHAKE_TRAFFIC_SECRET 0e871cea0f0afdab2d5c4d231097891af3bbdbc8818b6d0d5a321b113bb57448 e2d785416d4c55faf7f1e2b96fa5fe28bc52e0d434f6e69fb843ab5424612e6c
CLIENT_HANDSHAKE_TRAFFIC_SECRET 0e871cea0f0afdab2d5c4d231097891af3bbdbc8818b6d0d5a321b113bb57448 c9b5c8dc304739c9f58fc4d84e295b2e78eb63510dc938726270428a1f3b48d5
SERVER_TRAFFIC_SECRET_0 0e871cea0f0afdab2d5c4d231097891af3bbdbc8818b6d0d5a321b113bb57448 514f5ee63b4074361f7c7bcd6c86132778457982cee6582f1fb3e27db8eaa31c
CLIENT_TRAFFIC_SECRET_0 0e871cea0f0afdab2d5c4d231097891af3bbdbc8818b6d0d5a321b113bb57448 8122f51e96d66f8a170a11878ec9f9b82b747d4d9605195937b6d80b9455eac1
SERVER_HANDSHAKE_TRAFFIC_SECRET fedee23e5f6a0e856489ad4d878e75b6b78af5e593a27dee487c8ed02f65acb0 e4367a88430921440a507195cb480bd171aff147e6408a8c324220608c2518a2
CLIENT_HANDSHAKE_TRAFFIC_SECRET fedee23e5f6a0e856489ad4d878e75b6b78af5e593a27dee487c8ed02f65acb0 80ef798a6e51a1fe86f67425dbd7068de894f993ecb8fea57f7242bd9e886dd3
SERVER_TRAFFIC_SECRET_0 fedee23e5f6a0e856489ad4d878e75b6b78af5e593a27dee487c8ed02f65acb0 fd736492bab0b6ee30c52ac1e6f985b37a2f5a06cc7840ce734b1db7c21315d8
CLIENT_TRAFFIC_SECRET_0 fedee23e5f6a0e856489ad4d878e75b6b78af5e593a27dee487c8ed02f65acb0 1bdf1e83c4a1df520702b86d28d54e679ff602bee5e7dee697c380f7bf1cd1a2
SERVER_HANDSHAKE_TRAFFIC_SECRET 8b0396966123de7c508ca081b12208c489921836a568543fd1aefee91f8e1f55 40746aef1a2a64b00c8dd4ce393ceed35c434f04d953006440ea9227b52c5411
CLIENT_HANDSHAKE_TRAFFIC_SECRET 8b0396966123de7c508ca081b12208c489921836a568543fd1aefee91f8e1f55 9a2e701749fb14cdb1686daf85c10540901f616639759ff365e091a0aa41a496
SERVER_TRAFFIC_SECRET_0 8b0396966123de7c508ca081b12208c489921836a568543fd1aefee91f8e1f55 68170fcaa6ff6d9607fa7c702f142d90b021f6ed4fb8104eafa3d3a9ac3c74f4
CLIENT_TRAFFIC_SECRET_0 8b0396966123de7c508ca081b12208c489921836a568543fd1aefee91f8e1f55 aa62b19613ea25334d22fe138444772eb729f02f92c2545d3136d72b748bc62b
SERVER_HANDSHAKE_TRAFFIC_SECRET e5919fb2ae3ace909acae0e683e5dfd48e13085031d1b2cc1191c6dffbc9387d bf43238d2bcf2c35cb78670a2692ce849a2f391c92bac325dbe41ca49577ff0f
CLIENT_HANDSHAKE_TRAFFIC_SECRET e5919fb2ae3ace909acae0e683e5dfd48e13085031d1b2cc1191c6dffbc9387d 84ec54ac12e53f737079a12511546cbc433da49db5a2a292fec10de83148dd16
SERVER_TRAFFIC_SECRET_0 e5919fb2ae3ace909acae0e683e5dfd48e13085031d1b2cc1191c6dffbc9387d cfd66f7c4a3a376dd2f8355e4d0963d912bf8e1387ce28d622320b006bc29ec3
CLIENT_TRAFFIC_SECRET_0 e5919fb2ae3ace909acae0e683e5dfd48e13085031d1b2cc1191c6dffbc9387d 5a1ebc7d26471ad6a202680f49e8316c7154cca4c7680b4fbdcacc52a45722c0
SERVER_HANDSHAKE_TRAFFIC_SECRET 2dddc3675989d299b4d2d3ff3adb12d6940af9c9c9c13badba3f3ef49eab7beb 2540a56cb1dc7ec47b51c0013f55fd90d83bf1874d3cdaa8272929c4996eef28
CLIENT_HANDSHAKE_TRAFFIC_SECRET 2dddc3675989d299b4d2d3ff3adb12d6940af9c9c9c13badba3f3ef49eab7beb c13c0722750a994fb126b2bdbe18e97e299857f8cbc143401ba55a20cb934723
SERVER_TRAFFIC_SECRET_0 2dddc3675989d299b4d2d3ff3adb12d6940af9c9c9c13badba3f3ef49eab7beb 9c3f1ca0f1e103bbceb768308bba25c5c30b6f3fbfb1712922e343b81edb088f
CLIENT_TRAFFIC_SECRET_0 2dddc3675989d299b4d2d3ff3adb12d6940af9c9c9c13badba3f3ef49eab7beb 1df19ccbea18e4364620486a2909aebf35055c52addd986ad09652680c5a82f0
SERVER_HANDSHAKE_TRAFFIC_SECRET cf42c17da48a045daafd35331dbaf9b768a7e690c3e53ff58632aa677d068435 2ad1f3f3f955fd34801e582dae50292026dc1477193eb7e3a7853244a96eff0a
CLIENT_HANDSHAKE_TRAFFIC_SECRET cf42c17da48a045daafd35331dbaf9b768a7e690c3e53ff58632aa677d068435 a1a5b59a858d6335452e19be01b59ed3eedfabbbe6771dd21aac8bf64e1579a4
SERVER_TRAFFIC_SECRET_0 cf42c17da48a045daafd35331dbaf9b768a7e690c3e53ff58632aa677d068435 7f6c0cbd53bf03146ae79350a213e0990a4cb523e1b96e95db3daadb1ba4c2d8
CLIENT_TRAFFIC_SECRET_0 cf42c17da48a045daafd35331dbaf9b768a7e690c3e53ff58632aa677d068435 6987761b1577b874ffa004a51575aee22278ab3af738f92fa515f535f2d9dce5
SERVER_HANDSHAKE_TRAFFIC_SECRET 62bd0128644f8c101b2438ae57f3b52e3aeff5259037d568387694b34d582790 3570a02d3dda49054b4d920860261752faf7a66ab87d73c50dd7319cd52b2354
CLIENT_HANDSHAKE_TRAFFIC_SECRET 62bd0128644f8c101b2438ae57f3b52e3aeff5259037d568387694b34d582790 c3093650e8ef237084d19f629b13844bf7f8eaad7aa25b8a3a895e956e6a329a
SERVER_TRAFFIC_SECRET_0 62bd0128644f8c101b2438ae57f3b52e3aeff5259037d568387694b34d582790 9550e45557151962b53184a3503145708783de35de40ba1ef832a49b45dcfb29
CLIENT_TRAFFIC_SECRET_0 62bd0128644f8c101b2438ae57f3b52e3aeff5259037d568387694b34d582790 a402b78925966445a65e00b5079a225ba70481ad3f5c258ff618b000042128e5
SERVER_HANDSHAKE_TRAFFIC_SECRET a9681e1141a7462712bcead17ddb7489b1bbbba174298c3bff4d5a23df806229 545f24a5782faf9b462f09b32a4281f3dab169805795a53fbdf908ab59320044
CLIENT_HANDSHAKE_TRAFFIC_SECRET a9681e1141a7462712bcead17ddb7489b1bbbba174298c3bff4d5a23df806229 25be68c0cd43573ef19b3394057f0c7803ef485ac85ca245b11300bd0d725f93
SERVER_TRAFFIC_SECRET_0 a9681e1141a7462712bcead17ddb7489b1bbbba174298c3bff4d5a23df806229 1985214d97d797467508c7c7b017c9afe54753be01fddb9687f9bee45ee8b689
CLIENT_TRAFFIC_SECRET_0 a9681e1141a7462712bcead17ddb7489b1bbbba174298c3bff4d5a23df806229 e04f0437b70210d120e23fd95db2f09e4c43a987a83ddcbfad8bb850c0cccdd5
SERVER_HANDSHAKE_TRAFFIC_SECRET 09dd2aa03e9e5e8f7ec6859f598d8b945ce267675854b9fce5389b428fc74d6e 957e077d2c34102ac42a14cefea0557933980f527eb72c375ba67c9792bcebb2
CLIENT_HANDSHAKE_TRAFFIC_SECRET 09dd2aa03e9e5e8f7ec6859f598d8b945ce267675854b9fce5389b428fc74d6e 795a1e2c71f9da00974329abd865af4d33dd7ca33d8e0a91ff649d9fdf5cde98
SERVER_TRAFFIC_SECRET_0 09dd2aa03e9e5e8f7ec6859f598d8b945ce267675854b9fce5389b428fc74d6e 89ef9bee25d79645249d3a2b38e210dba820724ed6563d7e66313feacf131114
CLIENT_TRAFFIC_SECRET_0 09dd2aa03e9e5e8f7ec6859f598d8b945ce267675854b9fce5389b428fc74d6e cf55feeaaf33db5c4700b17d190acca86eda31713c927e086c15f13c422c9c79
SERVER_HANDSHAKE_TRAFFIC_SECRET 246bfe0bedf4179c5d34bd7f64c2a397aa1e44e3c704fa8eaa4f25285c2c437a c857d85c43206cf7e1b69317fb52557e845e82f18dd8ddbcea0fd9627fee7e6f
CLIENT_HANDSHAKE_TRAFFIC_SECRET 246bfe0bedf4179c5d34bd7f64c2a397aa1e44e3c704fa8eaa4f25285c2c437a 2bf88601c8a08d29b84bc34d60bc94c7a911708b8732b7a18aa4e77fd43ed0c7
SERVER_TRAFFIC_SECRET_0 246bfe0bedf4179c5d34bd7f64c2a397aa1e44e3c704fa8eaa4f25285c2c437a d722e842738db5e72570788182f0e80bdf66dbdae93b8022e1b4edbf47bcbc40
CLIENT_TRAFFIC_SECRET_0 246bfe0bedf4179c5d34bd7f64c2a397aa1e44e3c704fa8eaa4f25285c2c437a 8201e5385ac46b66f9db9cab1c6feb8bd08490f6086aff5c9bb54be8c1e95779
SERVER_HANDSHAKE_TRAFFIC_SECRET ed79f61ee8440f9a01844179539840f52ce4fc055d385487cda51480ade475fa 00ef254c4734706b443c03382feb252e80e4e970768c6e0404991ebbc228b537
CLIENT_HANDSHAKE_TRAFFIC_SECRET ed79f61ee8440f9a01844179539840f52ce4fc055d385487cda51480ade475fa 1edcf5cf80b15c6ed033bcf0ac6b51b987c4cb5d8c690c5bd6d82629272590fc
SERVER_TRAFFIC_SECRET_0 ed79f61ee8440f9a01844179539840f52ce4fc055d385487cda51480ade475fa b17c92a48d0839d021151635ab76774a46c4874a2ed9a182aecff638cdcae7da
CLIENT_TRAFFIC_SECRET_0 ed79f61ee8440f9a01844179539840f52ce4fc055d385487cda51480ade475fa 533064268028a72c9c1aff0c20c67907ee51f00aac99455fec5a5497b97aef4e
SERVER_HANDSHAKE_TRAFFIC_SECRET e911975c889be25e44bae35ad5974af430ac5c50e7bcc219604b3ab7d5c184ad ba43ee3785fcffe87e4f52ef4dfbb159a2ffb12da966b073b42f849660771f4e
CLIENT_HANDSHAKE_TRAFFIC_SECRET e911975c889be25e44bae35ad5974af430ac5c50e7bcc219604b3ab7d5c184ad 03af1cdf538ec752fbcc437a82c51c11d9b5f8576c859334188666c634359809
SERVER_TRAFFIC_SECRET_0 e911975c889be25e44bae35ad5974af430ac5c50e7bcc219604b3ab7d5c184ad f137a461b1cf744ece1d3bc2acf5b2e49af22af84f2ebefeec121ffced0dc460
CLIENT_TRAFFIC_SECRET_0 e911975c889be25e44bae35ad5974af430ac5c50e7bcc219604b3ab7d5c184ad d068c10f33d7d7e3f31cbfd83997a6f2be2626d17aa4f47c4ef50cd45292be95
SERVER_HANDSHAKE_TRAFFIC_SECRET 02db34fdba553d6dcce0458ef69dc4a1592788352d4b9e3eaee2f2ac300dbac5 d5711641a45c763ed6feff0568704726515d982765f2fa9ec299d2d4f75c9cd8
CLIENT_HANDSHAKE_TRAFFIC_SECRET 02db34fdba553d6dcce0458ef69dc4a1592788352d4b9e3eaee2f2ac300dbac5 88389b078a181274c646c87f14ee7af3966e2b8c92aa0cf7e3c0780fd47ce354
SERVER_TRAFFIC_SECRET_0 02db34fdba553d6dcce0458ef69dc4a1592788352d4b9e3eaee2f2ac300dbac5 4a3bbd19f7a00050086047efb985dc168283ad38090dec04e7bb645d33ebb27f
CLIENT_TRAFFIC_SECRET_0 02db34fdba553d6dcce0458ef69dc4a1592788352d4b9e3eaee2f2ac300dbac5 27864d63598e33cbba14bd5a9aba89396b37cb7ea3e7878a7ff2cdb94a22a3cb
SERVER_HANDSHAKE_TRAFFIC_SECRET a0e32ebb2a8380a36bd2deab428ac4b44b5a483290caad06ecf82319908f8433 e32d2ab364d1e54dfb78608d82a0336897cfbb874b651067302e288fe0a639e2
CLIENT_HANDSHAKE_TRAFFIC_SECRET a0e32ebb2a8380a36bd2deab428ac4b44b5a483290caad06ecf82319908f8433 a2abfe396584ac51d875dc433c7f23d6ca0f374171532ee13128f2909a461287
SERVER_TRAFFIC_SECRET_0 a0e32ebb2a8380a36bd2deab428ac4b44b5a483290caad06ecf82319908f8433 b754cb90ee3388790cddf880404a54aa44899bea12032f66d9160f880fa7e8fa
CLIENT_TRAFFIC_SECRET_0 a0e32ebb2a8380a36bd2deab428ac4b44b5a483290caad06ecf82319908f8433 4faddcad57e01f91922a1bc01a9c18cad6ff5f44e6095defa3f1cb1b2d794159
SERVER_HANDSHAKE_TRAFFIC_SECRET 978dc0bd4c3eb6939a99d0f79df76111aeb7f596c11ec038ca018ce6bf52921d 491029a5dc14a7b0e437d02200ff48f56bae5523fb1bad2378ea7c7764f6493c
CLIENT_HANDSHAKE_TRAFFIC_SECRET 978dc0bd4c3eb6939a99d0f79df76111aeb7f596c11ec038ca018ce6bf52921d 44a5bd934c28e7cb11d81ddd81408b93a04b6764f152aee897a2a9758b03bdcd
SERVER_TRAFFIC_SECRET_0 978dc0bd4c3eb6939a99d0f79df76111aeb7f596c11ec038ca018ce6bf52921d 94facaee0cd29ce635ac99fa234b46b71697fa616a576ab9f68aacbb40ce394b
CLIENT_TRAFFIC_SECRET_0 978dc0bd4c3eb6939a99d0f79df76111aeb7f596c11ec038ca018ce6bf52921d d29c62ad3fc242f8ce8faf4a7b06a714ff61b801c2858b3710b6c255e9db0980
SERVER_HANDSHAKE_TRAFFIC_SECRET 2f231eab5b17f4b547ecc68e1343c2c00cb2af7f2a6d8be3de498a4a326131dc daffa70c58b084d30f909ccd27f50706c8e219317cb3e6f63d167cf9547af468
CLIENT_HANDSHAKE_TRAFFIC_SECRET 2f231eab5b17f4b547ecc68e1343c2c00cb2af7f2a6d8be3de498a4a326131dc 39dfbc1008da94e25186cee46aac73ab6356ebaf03afddf3367d64b193dcdbdb
SERVER_TRAFFIC_SECRET_0 2f231eab5b17f4b547ecc68e1343c2c00cb2af7f2a6d8be3de498a4a326131dc 94453ec3e4435784a73f17fc4c7514603fe9443d55db2b48b6a0bc75d4374f3e
CLIENT_TRAFFIC_SECRET_0 2f231eab5b17f4b547ecc68e1343c2c00cb2af7f2a6d8be3de498a4a326131dc ca46328ac6df96bded38cb3f79ee556569bd7a7a905f2b9a933ae2fd2a526264
SERVER_HANDSHAKE_TRAFFIC_SECRET b5c7d8180f246b21069da1117d0e05d5d3f7e14ce890190cea226154ec603fff 357e3c8512bd392696df425332e0f4ba8854716fda045ccfa2ffb5bb1b90b6a7
CLIENT_HANDSHAKE_TRAFFIC_SECRET b5c7d8180f246b21069da1117d0e05d5d3f7e14ce890190cea226154ec603fff 6b68d101c3d359c8b793386d9084703b01f22a453afcfb23638a27d34f1a2500
SERVER_TRAFFIC_SECRET_0 b5c7d8180f246b21069da1117d0e05d5d3f7e14ce890190cea226154ec603fff ae612b9f7c07e12b5a51b5f344aad3a954bef6b3bfe57278f622e780c830c652
CLIENT_TRAFFIC_SECRET_0 b5c7d8180f246b21069da1117d0e05d5d3f7e14ce890190cea226154ec603fff 07e733f0873869d0ec895afeea80d68a36fa64a613a5b9f6da15c8fc45a5e232
SERVER_HANDSHAKE_TRAFFIC_SECRET 81f1b685f8efdd55a3432a6c59f9c317ccb15b6b88dc6d4f7635a0199395c804 207b9a946aa98381eb2fe3d35db508dcc4e710609d137c6a6aeae121eb61cd33
CLIENT_HANDSHAKE_TRAFFIC_SECRET 81f1b685f8efdd55a3432a6c59f9c317ccb15b6b88dc6d4f7635a0199395c804 118b05219cf9cd21ea4b540b1881553ba07f5042b1af38426f5d07b01d0b84b7
SERVER_TRAFFIC_SECRET_0 81f1b685f8efdd55a3432a6c59f9c317ccb15b6b88dc6d4f7635a0199395c804 1b4f5b47e51c0b37af355bd5981b451d86871cdc94158543719d58dd362d8741
CLIENT_TRAFFIC_SECRET_0 81f1b685f8efdd55a3432a6c59f9c317ccb15b6b88dc6d4f7635a0199395c804 019b4f541c93c34117134cb5cd6e68c0606e38d772e7d9e87aa11bd110249fd0
SERVER_HANDSHAKE_TRAFFIC_SECRET e80d43084a12a14399ac31529929aa19adc2ecd3d6e3f3dc022c85ab7c311312 dd19a73d4c449d9c7db3fc57fe23959c4f8a7e58c6fd2d0b39534dae936998e3
CLIENT_HANDSHAKE_TRAFFIC_SECRET e80d43084a12a14399ac31529929aa19adc2ecd3d6e3f3dc022c85ab7c311312 325ed2980a8d22764199f6ad8f36d2aa9379ed32ecc2d1b7ece66e00c8dcf030
SERVER_TRAFFIC_SECRET_0 e80d43084a12a14399ac31529929aa19adc2ecd3d6e3f3dc022c85ab7c311312 2edd457c6a02a5f285f2f8523985fb99453858b5d99ae9754b8954490c989793
CLIENT_TRAFFIC_SECRET_0 e80d43084a12a14399ac31529929aa19adc2ecd3d6e3f3dc022c85ab7c311312 a9678e1fab76ef38afd7c9d7c00c1181e09121377ab8074e843ad10c7ff2d948
SERVER_HANDSHAKE_TRAFFIC_SECRET 9432f6af86606d05865bb16b87858d53dc02f8fc0d7c98e8fd4d037413f2be0c 0653955fd76181a926a1599533c3762c38f334f9feadeec035602bb1b4810c96
CLIENT_HANDSHAKE_TRAFFIC_SECRET 9432f6af86606d05865bb16b87858d53dc02f8fc0d7c98e8fd4d037413f2be0c bd3e4be2f1507e2ccc0da61f665a3680b6c832eae397bab09a627f4662b4d98d
SERVER_TRAFFIC_SECRET_0 9432f6af86606d05865bb16b87858d53dc02f8fc0d7c98e8fd4d037413f2be0c 469232d9fb4417af19acbdf8cbc7d736b08a7b55eddeff4b4204a2715c75e776
CLIENT_TRAFFIC_SECRET_0 9432f6af86606d05865bb16b87858d53dc02f8fc0d7c98e8fd4d037413f2be0c 75724ba022f194d0de3f807c67406574d2de83eb5c7cc5576786c129c5656544
SERVER_HANDSHAKE_TRAFFIC_SECRET 5db3c538302a36455a8d3ff3268e71e3c8e83a60adc6df543b613d616e9d47e6 b3be2cac65970937e1df01e108651f4746d788c3f3b26d00aa018244a3afc36f
CLIENT_HANDSHAKE_TRAFFIC_SECRET 5db3c538302a36455a8d3ff3268e71e3c8e83a60adc6df543b613d616e9d47e6 229757397ee173e8823c1756a702ab40a6a507f322ad3c36f6ac38c442e097ca
SERVER_TRAFFIC_SECRET_0 5db3c538302a36455a8d3ff3268e71e3c8e83a60adc6df543b613d616e9d47e6 f216cd3c9bd8a0bf6668525d17c08f3e614685a0b96d60099884fe23b5fdb3d9
CLIENT_TRAFFIC_SECRET_0 5db3c538302a36455a8d3ff3268e71e3c8e83a60adc6df543b613d616e9d47e6 9fb3a55150aec82bb808a63f2687f09d879cbdbd17a9323573b33c73f406228d
SERVER_HANDSHAKE_TRAFFIC_SECRET 66f4ff5c5b9f386535a548cf45496cd52eb580964a71e05080a3e74cc3f2bb6a cf401ca348b15e59a0fd46c43761d2212f4a86f1c2f090c9a30c5df0dd984045
CLIENT_HANDSHAKE_TRAFFIC_SECRET 66f4ff5c5b9f386535a548cf45496cd52eb580964a71e05080a3e74cc3f2bb6a 110227f263b9e372afc309c0cccca74dd2dc2c22fe88ec369d7a9f65093ff25d
SERVER_TRAFFIC_SECRET_0 66f4ff5c5b9f386535a548cf45496cd52eb580964a71e05080a3e74cc3f2bb6a 31a0dfba8ccdd39cd7635fb2bae8ae04828847d8c14231f61dde5dd6353806fa
CLIENT_TRAFFIC_SECRET_0 66f4ff5c5b9f386535a548cf45496cd52eb580964a71e05080a3e74cc3f2bb6a 8e12b55a13de9d1e7f24f622f58c4b8e3deead00819edaa281f97a42227ccb37
SERVER_HANDSHAKE_TRAFFIC_SECRET 059af8029d985a4aa0cad03a70d1f23cceea84ccc355eb7c00ec1f216c2105bc c7b139c14e98d1bfdc6fdd0a0f5cfafbb5ede0a78b45f02fa7115693c895b4b0
CLIENT_HANDSHAKE_TRAFFIC_SECRET 059af8029d985a4aa0cad03a70d1f23cceea84ccc355eb7c00ec1f216c2105bc a792d5fb5d81b52e140963ed3f1bd3ab5876c0a55f3443078a0f7bcd83d6c886
SERVER_TRAFFIC_SECRET_0 059af8029d985a4aa0cad03a70d1f23cceea84ccc355eb7c00ec1f216c2105bc 73f5c432b60c548692c05ee3a9b5dd273cda4776000ac1a0016937b16615dc62
CLIENT_TRAFFIC_SECRET_0 059af8029d985a4aa0cad03a70d1f23cceea84ccc355eb7c00ec1f216c2105bc b99b941ca20ee4ed6d65f4e45191dd44eaa2c7fda28e923ff17f8270ff34ec82
