SERVER_HANDSHAKE_TRAFFIC_SECRET b9d5cf623a69e3baea554753127fa5c574e5161b9772fc1ca8c6384c7d2f1838 d1a0ffcfe8fb3970f9834ec9371623066244b79cc67f9d1fad3004af89a7fe58
CLIENT_HANDSHAKE_TRAFFIC_SECRET b9d5cf623a69e3baea554753127fa5c574e5161b9772fc1ca8c6384c7d2f1838 5f9529c35b35bef7c7464ce7223d2ee8feb0a53c51b812bcae24f867793b8537
SERVER_TRAFFIC_SECRET_0 b9d5cf623a69e3baea554753127fa5c574e5161b9772fc1ca8c6384c7d2f1838 576ca9bbab6092ade1e0ce01e3c77ab088506d28108e12a1840218f64b51f8d3
CLIENT_TRAFFIC_SECRET_0 b9d5cf623a69e3baea554753127fa5c574e5161b9772fc1ca8c6384c7d2f1838 c559197f6f881d367eaa65b3e8b3c91ef4c971c3269e194334d3db057ff83512
SERVER_HANDSHAKE_TRAFFIC_SECRET db6c1d81f6eff891ced2a268055c1c8d54825100bc5ac214133e566d0920c18e f04c904a37e04226f583e6533be177ea581c01fd673d8bcaa0d985230bc13ecd
CLIENT_HANDSHAKE_TRAFFIC_SECRET db6c1d81f6eff891ced2a268055c1c8d54825100bc5ac214133e566d0920c18e 55aa7e0af3cbe6a0cf63eaab207f80b4682dfb76aa21a9142ccee5c17299435e
SERVER_TRAFFIC_SECRET_0 db6c1d81f6eff891ced2a268055c1c8d54825100bc5ac214133e566d0920c18e 6621e8a55e05435d69a37cbf91363be31d95a385de88c121d049e089e18f3f69
CLIENT_TRAFFIC_SECRET_0 db6c1d81f6eff891ced2a268055c1c8d54825100bc5ac214133e566d0920c18e bffcdd548e36ace888f410ee19082c62ad6c48b4d9156c1ab8cfddded5985c58
SERVER_HANDSHAKE_TRAFFIC_SECRET 5f4edd2f3371e33f310b49dd29fecb647c4a74183f706eb390e9bda332459210 bf41e14ea231a80cdd065c072bdd328dc3db48d81d3ffa213531e2b4a4954692
CLIENT_HANDSHAKE_TRAFFIC_SECRET 5f4edd2f3371e33f310b49dd29fecb647c4a74183f706eb390e9bda332459210 20bad1a47b14fa6bd806c67680448220d734bb900b8ff730bf444a7194c19719
SERVER_TRAFFIC_SECRET_0 5f4edd2f3371e33f310b49dd29fecb647c4a74183f706eb390e9bda332459210 47917a8a85508a9d42c51a2abac1f11371e1e2825a4429ce404dc76023dccc56
CLIENT_TRAFFIC_SECRET_0 5f4edd2f3371e33f310b49dd29fecb647c4a74183f706eb390e9bda332459210 00708071d14a84b97451a741a67429cfb2804fd77810f3a15c8f5ee3b03c56c2
SERVER_HANDSHAKE_TRAFFIC_SECRET 852864292f772553c3f1c4d2a611490469aa29e91b53eba52419afb7be0bbdf4 615a9e1398bfb27da5fa9a74ae76d7851188fc9a2b8a3aeaaf42c51396982b7c
CLIENT_HANDSHAKE_TRAFFIC_SECRET 852864292f772553c3f1c4d2a611490469aa29e91b53eba52419afb7be0bbdf4 05ea3eafadd7f54b186d4b75509565377a54cb578d6a1afd801e24bd02ee08e9
SERVER_TRAFFIC_SECRET_0 852864292f772553c3f1c4d2a611490469aa29e91b53eba52419afb7be0bbdf4 56e75a2fd0742ca8844410634ddd61183d442566080d823dc80c95b1d69864a1
CLIENT_TRAFFIC_SECRET_0 852864292f772553c3f1c4d2a611490469aa29e91b53eba52419afb7be0bbdf4 ec1c97dd5f382bdccefa67e96720559b8296d6318b0f45054ea9b69bd359a2f3
SERVER_HANDSHAKE_TRAFFIC_SECRET f328f55cdadbf8778357882b91955d526e436a5b3a8926eec69005d111aaa404 1525064eede4a4547e2731fbe8ca37402f548feea9600678f96592ac8348b219
CLIENT_HANDSHAKE_TRAFFIC_SECRET f328f55cdadbf8778357882b91955d526e436a5b3a8926eec69005d111aaa404 cd5dcf7a3a6dfb2ec17bb8b748720fbd60c6bbe5a93844ff67c1082bdfa2b54b
SERVER_TRAFFIC_SECRET_0 f328f55cdadbf8778357882b91955d526e436a5b3a8926eec69005d111aaa404 33d867e281e72bacc3ff3328b44756245da8ce303d141fb0ea24e7bcea9ca789
CLIENT_TRAFFIC_SECRET_0 f328f55cdadbf8778357882b91955d526e436a5b3a8926eec69005d111aaa404 d0477e028db5cfe8811da1bf347e24d59c997bc92f4f4d0504b20582e799e29e
SERVER_HANDSHAKE_TRAFFIC_SECRET 04c6fee521509a931f10f394cf8a54a6e1ff78df07ce2eb50512a06c802ba757 c0b06e579eb6c8b127354743d519cf6264cc759ad8e3b78d1fa5024783e84a1a
CLIENT_HANDSHAKE_TRAFFIC_SECRET 04c6fee521509a931f10f394cf8a54a6e1ff78df07ce2eb50512a06c802ba757 b47bbfd7ce3cdb3c08e65973f0ca31cfdff99049c3dcde9c81a85a5cbf300b75
SERVER_TRAFFIC_SECRET_0 04c6fee521509a931f10f394cf8a54a6e1ff78df07ce2eb50512a06c802ba757 06a09ecf395cf901f96162c7babade3df57279c544c08a81af1cbd8002f22828
CLIENT_TRAFFIC_SECRET_0 04c6fee521509a931f10f394cf8a54a6e1ff78df07ce2eb50512a06c802ba757 dcca25810f98d757830f06ce5bd4b276ad7f345e5d61539b4f67e7f7a1d8cb9b
SERVER_HANDSHAKE_TRAFFIC_SECRET 310e9fe608f2207d9b0a1f06bbc5f8c71bdce7ed6a6e40ce6b08cc9ac90090a6 a028ec40829a9489b04a63b2cca29a990fef9410842154a1c4c3caa28035bb31
CLIENT_HANDSHAKE_TRAFFIC_SECRET 310e9fe608f2207d9b0a1f06bbc5f8c71bdce7ed6a6e40ce6b08cc9ac90090a6 1440b7702f9794493559f4d8d523135a152892554a58f067db3637fceed1ec2c
SERVER_TRAFFIC_SECRET_0 310e9fe608f2207d9b0a1f06bbc5f8c71bdce7ed6a6e40ce6b08cc9ac90090a6 07211d5a9350072fe7665cf6a388ec37b7dcc3a35964a2b5af535c6f9531db5a
CLIENT_TRAFFIC_SECRET_0 310e9fe608f2207d9b0a1f06bbc5f8c71bdce7ed6a6e40ce6b08cc9ac90090a6 52dfde07231a851c7d92471ce0cb3f743cc95d579992adbd98852e0f23a69acd
SERVER_HANDSHAKE_TRAFFIC_SECRET 385174cd304067ef9d9eb6a9b30f69b86af2ac2cf8d24ba37c2fc61bdb7c0d4c bd639e1bfbd5bc33fcb075e1829f64e8442c759187beed10815944b8061dad60
CLIENT_HANDSHAKE_TRAFFIC_SECRET 385174cd304067ef9d9eb6a9b30f69b86af2ac2cf8d24ba37c2fc61bdb7c0d4c d4a38e1b7e22357ae3fa1629d11173acc0e2e5dd065a06da2ae1313517e61d70
SERVER_TRAFFIC_SECRET_0 385174cd304067ef9d9eb6a9b30f69b86af2ac2cf8d24ba37c2fc61bdb7c0d4c 04f6df8e3ae5b8a338eaa9e2ef67957cf0def9161d1552b216c7acb15db9a14d
CLIENT_TRAFFIC_SECRET_0 385174cd304067ef9d9eb6a9b30f69b86af2ac2cf8d24ba37c2fc61bdb7c0d4c cd9f8a016425ecf98d17d8d223f4b68b494281ea2c5788b24c0bea03413cd61c
SERVER_HANDSHAKE_TRAFFIC_SECRET a5bdfd6916b3dc2b9f6d1ade6a4fb7b0f4246e2a6bb02a5c58a91867f627270c 2bd080ea04d2eeea019c839c381e6ce5561db3bce07f8c87020a45fd122adc58
CLIENT_HANDSHAKE_TRAFFIC_SECRET a5bdfd6916b3dc2b9f6d1ade6a4fb7b0f4246e2a6bb02a5c58a91867f627270c b9a084c23c2becb39a5ab30f2f0b81fdea27e746f275deca8d87fc6cd612a1fd
SERVER_TRAFFIC_SECRET_0 a5bdfd6916b3dc2b9f6d1ade6a4fb7b0f4246e2a6bb02a5c58a91867f627270c c4e49f328c93a50122291433bc3147bc0499e919713d80153ce109a1c436c901
CLIENT_TRAFFIC_SECRET_0 a5bdfd6916b3dc2b9f6d1ade6a4fb7b0f4246e2a6bb02a5c58a91867f627270c 4c16fbba3b12c3f9ea76df26b2c6ae8205011d92013ed9c156741234b045bbbf
SERVER_HANDSHAKE_TRAFFIC_SECRET e8437d0a0bec922025f8a5433881746eb6294c57c66610fe7e568a1e510a79cb 542e4d9c7d7af8c1917f69f5a2f53c7aa9522f8cf02b357682f96e3467edacd8
CLIENT_HANDSHAKE_TRAFFIC_SECRET e8437d0a0bec922025f8a5433881746eb6294c57c66610fe7e568a1e510a79cb 0d3f7fe42c052a2c6011f289b5a1d89427b5a2f4da62dda438d373f5716cb053
SERVER_TRAFFIC_SECRET_0 e8437d0a0bec922025f8a5433881746eb6294c57c66610fe7e568a1e510a79cb 78a359525e982569f1eaa2d22e3bfd178c89630cd164a2f9b23f014d06a7de87
CLIENT_TRAFFIC_SECRET_0 e8437d0a0bec922025f8a5433881746eb6294c57c66610fe7e568a1e510a79cb 6ae71d3638f5c8c51f1e0cbe14ba64d72c3b136201d319d40772d9e05a047308
SERVER_HANDSHAKE_TRAFFIC_SECRET af5f4d7e2c528582cde8431abd0ab3f5780cf7af53a3d985a53a2476ca798be6 fac1837fa0fd1090aff622bb17de05446b8548dc93e4dcbb61fc232de9d38c22
CLIENT_HANDSHAKE_TRAFFIC_SECRET af5f4d7e2c528582cde8431abd0ab3f5780cf7af53a3d985a53a2476ca798be6 81e03d0b233e44a985063342bb7f0393a59e4bcb60715f04dd8509146d06f29c
SERVER_TRAFFIC_SECRET_0 af5f4d7e2c528582cde8431abd0ab3f5780cf7af53a3d985a53a2476ca798be6 90b22d3a12e49ffe7299dd12acd0d1b6b8e2f557c5a4e2d841a117ed019001ff
CLIENT_TRAFFIC_SECRET_0 af5f4d7e2c528582cde8431abd0ab3f5780cf7af53a3d985a53a2476ca798be6 6858324e049972ca472b21a15b603510c8b49b06b46ed276ecab7fc6ff1348fc
SERVER_HANDSHAKE_TRAFFIC_SECRET 0a1a77f6d0dd5119a08a5c1650030d93816618e73e85778ded0d72099576b3ce b1c0c889622d7df2c071f4edc63ca9a0629749d519110fe6fdff88653049f827
CLIENT_HANDSHAKE_TRAFFIC_SECRET 0a1a77f6d0dd5119a08a5c1650030d93816618e73e85778ded0d72099576b3ce 1b120de45d1cdec1a59aa6b0e94f694d93c213d93a6e4c0deed55537d297d9c7
SERVER_TRAFFIC_SECRET_0 0a1a77f6d0dd5119a08a5c1650030d93816618e73e85778ded0d72099576b3ce 6f396605cb09b16430115efd305f89ea1d58c6a512be248fa19368780372fffa
CLIENT_TRAFFIC_SECRET_0 0a1a77f6d0dd5119a08a5c1650030d93816618e73e85778ded0d72099576b3ce 515911e5a9a39b2e0dd71a30d271c13c0fb477b89056a81eb327c73a7a0eebaa
SERVER_HANDSHAKE_TRAFFIC_SECRET b3d6073c0129323d60e5a308727cfbcb71ccfed29f5b0ba372c2231597e0f51c ed4773c830bc4c0c4de58cc68b8073533b249bfe332c9867c861ccfcebf43247
CLIENT_HANDSHAKE_TRAFFIC_SECRET b3d6073c0129323d60e5a308727cfbcb71ccfed29f5b0ba372c2231597e0f51c 785611dd7e12cf0ef3579fd1c8567e93af89c405e4294156e818af05b31dae65
SERVER_TRAFFIC_SECRET_0 b3d6073c0129323d60e5a308727cfbcb71ccfed29f5b0ba372c2231597e0f51c 67f82712e6e95f4d64cb8a06fabcde7cd6384c174f4928153e331682091457c3
CLIENT_TRAFFIC_SECRET_0 b3d6073c0129323d60e5a308727cfbcb71ccfed29f5b0ba372c2231597e0f51c 9e6fbe548309474dc92856a1eb73754d645b7f281327c605140d6c36bd0e9859
SERVER_HANDSHAKE_TRAFFIC_SECRET dc7eaf84caea93c1822b71de768f503bc2160409251ad498748515ead7fbf20e a0e26eec06775e4fc2d61ddf6a115d9df8dfd4a9e0f1acfe3379b46e02eca3a6
CLIENT_HANDSHAKE_TRAFFIC_SECRET dc7eaf84caea93c1822b71de768f503bc2160409251ad498748515ead7fbf20e 4837dd7632224ad6ab79639d82b21bbae8a7b362128930f6892e17a8e7614367
SERVER_TRAFFIC_SECRET_0 dc7eaf84caea93c1822b71de768f503bc2160409251ad498748515ead7fbf20e 2be3ca6e114d32c9a85f9084c394a1305e1ecd73cbba768fd975bc110f112e0e
CLIENT_TRAFFIC_SECRET_0 dc7eaf84caea93c1822b71de768f503bc2160409251ad498748515ead7fbf20e 9305fb9037d8abcf9f026759610558cac1e5fd94faef323180ee39b6784a644c
SERVER_HANDSHAKE_TRAFFIC_SECRET 5ed30846f3dd5d09d59127db038cca2ee7673a62f92021fe5a96665ffb0a23ed e5bd1352aaa8a02f91d4b444938bc1a601958f66799406bad80f5149257b5231
CLIENT_HANDSHAKE_TRAFFIC_SECRET 5ed30846f3dd5d09d59127db038cca2ee7673a62f92021fe5a96665ffb0a23ed 8f866dbf84e81ea078f813ca1c1cf43f7cdb8fa2311c70be6f4ad8478028a9fe
SERVER_TRAFFIC_SECRET_0 5ed30846f3dd5d09d59127db038cca2ee7673a62f92021fe5a96665ffb0a23ed e46d8f69d80295038b24937d194b0e34a4ae71618f40c57859bed2548824138a
CLIENT_TRAFFIC_SECRET_0 5ed30846f3dd5d09d59127db038cca2ee7673a62f92021fe5a96665ffb0a23ed 35a8145f872f8c2fc0a62ccb5ceb568f9d6a5fc7a6ddfcca6b0e28d0c463558d
SERVER_HANDSHAKE_TRAFFIC_SECRET de8abf842cd47d62ad2309757f50d69fd8d24f55e76f99bc51d27894a4492744 23f9349937d8246c158b7da186386cfffd5c4d3b23b2822352aeb5ac0f56d398
CLIENT_HANDSHAKE_TRAFFIC_SECRET de8abf842cd47d62ad2309757f50d69fd8d24f55e76f99bc51d27894a4492744 6656097fb96ab43b9233c3b9ef8b27b16a7bc109a80f3ac37db291249034dc1e
SERVER_TRAFFIC_SECRET_0 de8abf842cd47d62ad2309757f50d69fd8d24f55e76f99bc51d27894a4492744 e9305b088e7da22a7edc91e2864f8da9cc34c3e7225e20c2e2773f61e2c3cbf5
CLIENT_TRAFFIC_SECRET_0 de8abf842cd47d62ad2309757f50d69fd8d24f55e76f99bc51d27894a4492744 1669cab09ba1f609add3f698cd2de6f6b8eb927b8f203c781b892d886acd1a2c
SERVER_HANDSHAKE_TRAFFIC_SECRET c896281036536ef021d29678a8c4f1a39ca371b5e5660c149e0ab8da50861e49 e3a4628e623f14897911d6fe01c553ec31cba53f0687e65e4600d882c7ca77fc
CLIENT_HANDSHAKE_TRAFFIC_SECRET c896281036536ef021d29678a8c4f1a39ca371b5e5660c149e0ab8da50861e49 5e81d876e919cb05d107e0bbfcc9a0d5113e25c1aa1800ee960b54c7819d0008
SERVER_TRAFFIC_SECRET_0 c896281036536ef021d29678a8c4f1a39ca371b5e5660c149e0ab8da50861e49 c20f34e99afb7cc19e4d248825bc3dd9017ae7c75e8c5f88f4dee4f2db8bfa35
CLIENT_TRAFFIC_SECRET_0 c896281036536ef021d29678a8c4f1a39ca371b5e5660c149e0ab8da50861e49 9a72e67e738cd8c4ddd217c68b89822fafbb8541311e3b34bae201b7f3271d71
SERVER_HANDSHAKE_TRAFFIC_SECRET fe58161a508717a5dca3618a6351199c36ec5040810f1865f0c2085c7e6d6fc6 009d34bfda8c42298ad84aec90bbcb3d22f6e69676425847ac00a5ab6e9e96f2
CLIENT_HANDSHAKE_TRAFFIC_SECRET fe58161a508717a5dca3618a6351199c36ec5040810f1865f0c2085c7e6d6fc6 cb87d0f232b460cec6336aa52ad8af978985739eb168e16ece6567496d6275c5
SERVER_TRAFFIC_SECRET_0 fe58161a508717a5dca3618a6351199c36ec5040810f1865f0c2085c7e6d6fc6 ff4fe269d1e6973759a990909477482016bdebe46488cf220f58b8ce8bfeab0d
CLIENT_TRAFFIC_SECRET_0 fe58161a508717a5dca3618a6351199c36ec5040810f1865f0c2085c7e6d6fc6 54f05a821f901ddbcad2555ba2d13d52c3b838b23d2a8d752b24ad109f44acb5
SERVER_HANDSHAKE_TRAFFIC_SECRET 7cfbeeb729229166b2cd48ec39b5875bdb3d0eeca1c7c549500669e45efc1710 2f3e2460417c08432775cbcc9d9d8ecc768198a786addad14959aa474daf0e98
CLIENT_HANDSHAKE_TRAFFIC_SECRET 7cfbeeb729229166b2cd48ec39b5875bdb3d0eeca1c7c549500669e45efc1710 154d675483bfb88beba19c7f208e9517a1510c3c430f9870fbdbe7072bd81412
SERVER_TRAFFIC_SECRET_0 7cfbeeb729229166b2cd48ec39b5875bdb3d0eeca1c7c549500669e45efc1710 d0a5ecc10b1431449e404e566cfa0d7c289b9f6a4d4c804a7e8b5a51f6e3d694
CLIENT_TRAFFIC_SECRET_0 7cfbeeb729229166b2cd48ec39b5875bdb3d0eeca1c7c549500669e45efc1710 0e95ceb62c751734b5cb21583e5df98a6c27624d85c7231c52c84df8b35b2680
SERVER_HANDSHAKE_TRAFFIC_SECRET de295ddcdee72480c3319ea73835702e0e309cb76259af6c0b3014ebf5abb177 f364994b6454d3e6dd78257f71b3aa5a1480b65a30811e9829beac2f44487072
CLIENT_HANDSHAKE_TRAFFIC_SECRET de295ddcdee72480c3319ea73835702e0e309cb76259af6c0b3014ebf5abb177 7f7e49fcdedd2cced25b23833a74a57eb308c2fdf61b30dc328b7d7efb27ed0e
SERVER_TRAFFIC_SECRET_0 de295ddcdee72480c3319ea73835702e0e309cb76259af6c0b3014ebf5abb177 87189c56ef47dc8d9882ee21554ca4dd73170e3790478cf5f8df2e213f7290fd
CLIENT_TRAFFIC_SECRET_0 de295ddcdee72480c3319ea73835702e0e309cb76259af6c0b3014ebf5abb177 0949075aca162b3c89c029943fea6fc0d128fae12bb39c3421e2ff6db621c626
SERVER_HANDSHAKE_TRAFFIC_SECRET 50d46de902f59d344329fd402ee621457b8f7128593d08044d03c8a5c639af82 ff5abb88641b0c1ca58cb92e352c9e18f3cc9d30de1a9c60a9fb0cff5a88cea5
CLIENT_HANDSHAKE_TRAFFIC_SECRET 50d46de902f59d344329fd402ee621457b8f7128593d08044d03c8a5c639af82 4070b7a1e5b3a4e3b8fadeca5ba5d84cec2fd7528ef5c7fcc5c97e6ae69723e0
SERVER_TRAFFIC_SECRET_0 50d46de902f59d344329fd402ee621457b8f7128593d08044d03c8a5c639af82 640ec219ec3f79e106467133309e935bf68d3c63adcebcfb6ff49363620c4c41
CLIENT_TRAFFIC_SECRET_0 50d46de902f59d344329fd402ee621457b8f7128593d08044d03c8a5c639af82 222c62a09722d2de8f056ce5019e6cce730d6268767638db23af1cf1fb57b11f
SERVER_HANDSHAKE_TRAFFIC_SECRET 36ab46277726914aefdd422360f27b1e1a281a9253da929930af0512b2924cec 8bb198cafb3fb237b52f70cffff665a2121fe8151710d29e7f58140d674dfc54
CLIENT_HANDSHAKE_TRAFFIC_SECRET 36ab46277726914aefdd422360f27b1e1a281a9253da929930af0512b2924cec 8a5ca49a200daea4d8b33724c4be06b7d184ce79b44f0b07010ec70baf844122
SERVER_TRAFFIC_SECRET_0 36ab46277726914aefdd422360f27b1e1a281a9253da929930af0512b2924cec afa757503e7ecb169bc82265ab57b5be4ad6f16d3b5cdcaefe7c295df74cb569
CLIENT_TRAFFIC_SECRET_0 36ab46277726914aefdd422360f27b1e1a281a9253da929930af0512b2924cec d2a6328feded94e3c6c02109d9201ff8555f1ee70e71fa2e92915c28ac0b64e2
SERVER_HANDSHAKE_TRAFFIC_SECRET 8eeecb3dce51e57f503573f33076beac5732cb9d9baf23af2e2c7a64c0b3c6c2 81c0e9d0d8a14481b49293053137b33816bbbc16c47574545b9efb39c763c767
CLIENT_HANDSHAKE_TRAFFIC_SECRET 8eeecb3dce51e57f503573f33076beac5732cb9d9baf23af2e2c7a64c0b3c6c2 8bf90e63885a418bb627526de3fd2e49cbbd37aa7347437cc43679894c43434a
SERVER_TRAFFIC_SECRET_0 8eeecb3dce51e57f503573f33076beac5732cb9d9baf23af2e2c7a64c0b3c6c2 8bb8042b7afceea41855d319b71b2f7b6ff6c17735ab201bf25f46b72ea1464f
CLIENT_TRAFFIC_SECRET_0 8eeecb3dce51e57f503573f33076beac5732cb9d9baf23af2e2c7a64c0b3c6c2 ed17a3548478e09ba14695afa65d5960e12724bfd8aac74d283c0f8c20b8c4ae
SERVER_HANDSHAKE_TRAFFIC_SECRET e325e1a2516f8caad7794e7b503e23825b31af14fc44d311adf88e3cc176ff91 e5bda7a7ed680eb3979970ffd80bc86ab51f747eda8b0acc07cc18c3204ce4cc
CLIENT_HANDSHAKE_TRAFFIC_SECRET e325e1a2516f8caad7794e7b503e23825b31af14fc44d311adf88e3cc176ff91 aefb33f8d6070a535a4e06f6e60fd7e85eeb02b70b70de1bf1620c53f7ded225
SERVER_TRAFFIC_SECRET_0 e325e1a2516f8caad7794e7b503e23825b31af14fc44d311adf88e3cc176ff91 35d61bf19d7e7c4de2181341cc615a5e671a7fd9badcc3eccf48fef87ce15e5a
CLIENT_TRAFFIC_SECRET_0 e325e1a2516f8caad7794e7b503e23825b31af14fc44d311adf88e3cc176ff91 8aa7543c380a389c8e3e99b98e92fe8b59d18fe6796e88883f0d84f14dfaaa12
SERVER_HANDSHAKE_TRAFFIC_SECRET 94a8e1c508582f73353864c4a82e995a76355fa18c7a1b471eef22d06efa0a1c 2d645beefd14f93cc5ee527a4e7873503f1a903c12324b9ee999332dc6af0161
CLIENT_HANDSHAKE_TRAFFIC_SECRET 94a8e1c508582f73353864c4a82e995a76355fa18c7a1b471eef22d06efa0a1c 5b11340488b0ae6f58c14b1e7e71f0f14e959ccb80c6b3edf58454a3c0fd3334
SERVER_TRAFFIC_SECRET_0 94a8e1c508582f73353864c4a82e995a76355fa18c7a1b471eef22d06efa0a1c 1ceb6b8e3a82516e6f836c81584a893864030981b58dcc0746ca1a716442a27e
CLIENT_TRAFFIC_SECRET_0 94a8e1c508582f73353864c4a82e995a76355fa18c7a1b471eef22d06efa0a1c 73baa45b33bcb79e56e733abc3db416e4a79edd08e0e256b2104461376ffb3d9
SERVER_HANDSHAKE_TRAFFIC_SECRET 59723de6ab53aaea5fcbd8a8f0160f6c139cb9b85f8e2051d711043f6273eb92 27ae099ef22a8dd4cc4e5a17333e8f9838f3608046e68efd65a5b084d8f5dc1b
CLIENT_HANDSHAKE_TRAFFIC_SECRET 59723de6ab53aaea5fcbd8a8f0160f6c139cb9b85f8e2051d711043f6273eb92 3998c52bd550b4e2be9c0516bd20e9723303c1bef2e08f1029661b2686b78a09
SERVER_TRAFFIC_SECRET_0 59723de6ab53aaea5fcbd8a8f0160f6c139cb9b85f8e2051d711043f6273eb92 34b84ee62c67820afd305f98173c57cf8d95dad37791c194737bcf069a63a7b7
CLIENT_TRAFFIC_SECRET_0 59723de6ab53aaea5fcbd8a8f0160f6c139cb9b85f8e2051d711043f6273eb92 dc05ff494c77b7872a878da3e784ca3d785a2eabef8ea33d1413731b2364a271
SERVER_HANDSHAKE_TRAFFIC_SECRET 840598f4b181aac8f7966ce0498ac7091b8f3069829c11cd1a95a0f2429279f3 072380f2be0990132c06ebee32ae3f4549641467a33899f5e32158fb1874c051
CLIENT_HANDSHAKE_TRAFFIC_SECRET 840598f4b181aac8f7966ce0498ac7091b8f3069829c11cd1a95a0f2429279f3 cd304157897f6c94db03a957a9683e7800ac1a8afd7cdaba9b0d32e9d1eea214
SERVER_TRAFFIC_SECRET_0 840598f4b181aac8f7966ce0498ac7091b8f3069829c11cd1a95a0f2429279f3 6b8f38e58eb08309a667a5e5b86988679492fb2afa1a013020ab9f33fd50e148
CLIENT_TRAFFIC_SECRET_0 840598f4b181aac8f7966ce0498ac7091b8f3069829c11cd1a95a0f2429279f3 5f9111fb5a3013e27b19cd42011fd4d4d0f6ff00eda0c3b76819a5ecca1263a7
SERVER_HANDSHAKE_TRAFFIC_SECRET 158492e43a0449098129f90a6918a9b4a6fdf5b9515b7780e8ac79fbbed14b84 2ef1737742081af6c01640f1dcc0fdc179ab8f68f17dcf4f38278eddb165f25f
CLIENT_HANDSHAKE_TRAFFIC_SECRET 158492e43a0449098129f90a6918a9b4a6fdf5b9515b7780e8ac79fbbed14b84 bdf25537ac6dd2675d63fbced05d5fd78b537a2e685857f8f6cb7cace1e0aa35
SERVER_TRAFFIC_SECRET_0 158492e43a0449098129f90a6918a9b4a6fdf5b9515b7780e8ac79fbbed14b84 c24f6afb3c4a8010c264453c187dd003171d120f5fe5432e23e69fbfd8de2de0
CLIENT_TRAFFIC_SECRET_0 158492e43a0449098129f90a6918a9b4a6fdf5b9515b7780e8ac79fbbed14b84 7ad0511c7e4b8ab34ff8f36a96e24b177c06242e11cd8823e1f75dd845549e5d
SERVER_HANDSHAKE_TRAFFIC_SECRET fba8b720d81bf6624f026519623f31fad3ffd3d0d426089b738f17e7149fdcf9 408feb94be1d91c10102df5ddf6524709eff5fcf07b9a4611c92fffc94b7f1bf
CLIENT_HANDSHAKE_TRAFFIC_SECRET fba8b720d81bf6624f026519623f31fad3ffd3d0d426089b738f17e7149fdcf9 4ee43daa2a0d5bd10856c162aa16587f583cd653e04d81ad32917b0224b1ab89
SERVER_TRAFFIC_SECRET_0 fba8b720d81bf6624f026519623f31fad3ffd3d0d426089b738f17e7149fdcf9 3c6be61c7717f8c8b077a068e9fc91d7977642346118769f854d36a77b6e5005
CLIENT_TRAFFIC_SECRET_0 fba8b720d81bf6624f026519623f31fad3ffd3d0d426089b738f17e7149fdcf9 aa0529f1a59436c67b6c8e689c181be17a3b6a51a029acc86fbac6a7a14ed06d
SERVER_HANDSHAKE_TRAFFIC_SECRET 05cb758bc502a9324db60074c806dd3aade1c4111b51f85b1533dcb1350e7f9a b634d8fab798c9edb7961d8895ee8478799bc2ab4365c91312249cb98c58549e
CLIENT_HANDSHAKE_TRAFFIC_SECRET 05cb758bc502a9324db60074c806dd3aade1c4111b51f85b1533dcb1350e7f9a ed12471f4efbd90c6a6b4e0d8d39f7e5b17c81b92d78a3c0151bfcd9d43c1e4e
SERVER_TRAFFIC_SECRET_0 05cb758bc502a9324db60074c806dd3aade1c4111b51f85b1533dcb1350e7f9a 2884a710cfdaa43176cb36d98461d18054605af6dbcdbb2e7631a8b5e0b19ce8
CLIENT_TRAFFIC_SECRET_0 05cb758bc502a9324db60074c806dd3aade1c4111b51f85b1533dcb1350e7f9a c8942fd2f3375be8c7e4faab04371aae2c543d7ff887a7a9ba2f2420c338dfa1
SERVER_HANDSHAKE_TRAFFIC_SECRET b56c866e95ee792a3e7154cf9a517f6a3c7c3758a377da9b7662080496afa1bc 2d1578dd33e30d43775c9ccbd81a8788c04fbbece8f31118b611bc7a637f83c9
CLIENT_HANDSHAKE_TRAFFIC_SECRET b56c866e95ee792a3e7154cf9a517f6a3c7c3758a377da9b7662080496afa1bc a7ce3cdbbbb323236f57223e2f71cb123956c56c7e2e8b4530a4420de6370324
SERVER_TRAFFIC_SECRET_0 b56c866e95ee792a3e7154cf9a517f6a3c7c3758a377da9b7662080496afa1bc 3ada43e695a14f0786829a5df8e5b1d9235a1a20ccd9d1e8357ca5b36faca73f
CLIENT_TRAFFIC_SECRET_0 b56c866e95ee792a3e7154cf9a517f6a3c7c3758a377da9b7662080496afa1bc adbc391da1a21e24f1f25c3c5eb7ecb821255bac54d717ab4b31e99fa6a5f718
SERVER_HANDSHAKE_TRAFFIC_SECRET 6974af3d1d6abb066c80f667a66e30cfb5224d01697ece09a8c2b61ba1820c03 12c65b0419c10bec7cab3c79e5808c49ee55d762fb0888e69694e98a5eaadc92
CLIENT_HANDSHAKE_TRAFFIC_SECRET 6974af3d1d6abb066c80f667a66e30cfb5224d01697ece09a8c2b61ba1820c03 887a99f88e0ea9e3d58a343f6cd34a455a4fab0e5759cbcf34bf51823fb56693
SERVER_TRAFFIC_SECRET_0 6974af3d1d6abb066c80f667a66e30cfb5224d01697ece09a8c2b61ba1820c03 6442389af7944a596e7931c87aca3b1cea053231474082707e7b94b45c9552e0
CLIENT_TRAFFIC_SECRET_0 6974af3d1d6abb066c80f667a66e30cfb5224d01697ece09a8c2b61ba1820c03 f75ab3537ec3a801c9e1df6913d663bb1070681df09edaad26f1065cd0360dd3
SERVER_HANDSHAKE_TRAFFIC_SECRET 89d20a08c6b3289af5745d3659f8b34a3afe1d04be518bcdba863b8bd63e1ec4 c4300da0a337de410284aaa5acf908504424728c5c90388717347ee64639120e
CLIENT_HANDSHAKE_TRAFFIC_SECRET 89d20a08c6b3289af5745d3659f8b34a3afe1d04be518bcdba863b8bd63e1ec4 b7413c604b4f31370cc151bb6208da4045ae7efe344710a77ee5658d36e0aec6
SERVER_TRAFFIC_SECRET_0 89d20a08c6b3289af5745d3659f8b34a3afe1d04be518bcdba863b8bd63e1ec4 85b3f2dd49d8899187d065e9f48b9fada101ff9da022233237c1af3acd17c818
CLIENT_TRAFFIC_SECRET_0 89d20a08c6b3289af5745d3659f8b34a3afe1d04be518bcdba863b8bd63e1ec4 5543e71ea3d3b70c504817cb4ae13cffc08d2d36fb2f75904c41de928ceba745
SERVER_HANDSHAKE_TRAFFIC_SECRET f96a1d4cfc940671187b093290a1caf2d3ae9298cf33ed87a5d475b45adf844b c79aed7fc9ba2f50663d254bf887cc28c103792e1fda09fdc4ee03b63e8e2229
CLIENT_HANDSHAKE_TRAFFIC_SECRET f96a1d4cfc940671187b093290a1caf2d3ae9298cf33ed87a5d475b45adf844b ad2ae888d7c929a380431a3f187dc7ab591e16d641c03b7cfa36c15be8d72a41
SERVER_TRAFFIC_SECRET_0 f96a1d4cfc940671187b093290a1caf2d3ae9298cf33ed87a5d475b45adf844b eba02bde6aba1b36fe1d985e43fb2b4463132fa92502966731ecf096631819e3
CLIENT_TRAFFIC_SECRET_0 f96a1d4cfc940671187b093290a1caf2d3ae9298cf33ed87a5d475b45adf844b e71f69b74964938f72490231955b7db35d19a848909f785f83ea70661498a352
SERVER_HANDSHAKE_TRAFFIC_SECRET 87ad67c42c938459f47aff549d712fe78db0dc1a6d74b512560bd3d7fa6daaac 98123bb5d55e60e80f98b5bee9a7d5e7d01e2f6a756de863206b1c9de0b1bb71
CLIENT_HANDSHAKE_TRAFFIC_SECRET 87ad67c42c938459f47aff549d712fe78db0dc1a6d74b512560bd3d7fa6daaac b2bfa4172e21b3dbb7709eba1a5d4bf8d6a1c254b2861677998e7d946e505ee6
SERVER_TRAFFIC_SECRET_0 87ad67c42c938459f47aff549d712fe78db0dc1a6d74b512560bd3d7fa6daaac 688abf3f63c6241216c236f6999d942f4bdef36a2fc336cd528fa21ea65d9523
CLIENT_TRAFFIC_SECRET_0 87ad67c42c938459f47aff549d712fe78db0dc1a6d74b512560bd3d7fa6daaac c39b811d241d4011a1bae216792856e5dd50f38f17f2a8a2d937cf2024b4af56
SERVER_HANDSHAKE_TRAFFIC_SECRET 21d3a6ca8224bbe10ccf9f5c2ef31d2ac575c1c13ccb6ec0f979059a9ec73b8c 16ecbfc985eea5500ab29bb42c41a4a04061c15a7ae51b5fa6ca15f2f96dda16
CLIENT_HANDSHAKE_TRAFFIC_SECRET 21d3a6ca8224bbe10ccf9f5c2ef31d2ac575c1c13ccb6ec0f979059a9ec73b8c a64e72d0bd1a58eeccf617ba13be5b1e695678155945bc43556316b86df5e2a8
SERVER_TRAFFIC_SECRET_0 21d3a6ca8224bbe10ccf9f5c2ef31d2ac575c1c13ccb6ec0f979059a9ec73b8c 4763732495d265a1499808df27e770081d555422c43eeec80868788c3b64f326
CLIENT_TRAFFIC_SECRET_0 21d3a6ca8224bbe10ccf9f5c2ef31d2ac575c1c13ccb6ec0f979059a9ec73b8c 00b26542666470a7597b676d0d01e6872068d49f7be8ed93c3cd7ece726b8380
SERVER_HANDSHAKE_TRAFFIC_SECRET e1f38d5d21e46cea6dc2bbc5c5c7a158033264ab710c533e1dba01218206f01a d459592f2a8b1f7a4e7e09afa273b8156132d7244a115b9ec53c85db40d78094
CLIENT_HANDSHAKE_TRAFFIC_SECRET e1f38d5d21e46cea6dc2bbc5c5c7a158033264ab710c533e1dba01218206f01a 67eec74f8fe073f8b06cb542652c6bec8a2e656ef965aa8cc126a514ccba0f33
SERVER_TRAFFIC_SECRET_0 e1f38d5d21e46cea6dc2bbc5c5c7a158033264ab710c533e1dba01218206f01a e78e39db1131f463956126d73d17c03086f86eb36dbc505a1ed8817b43a9e7d0
CLIENT_TRAFFIC_SECRET_0 e1f38d5d21e46cea6dc2bbc5c5c7a158033264ab710c533e1dba01218206f01a 42b5cbb55f8ee7847ebebeca02de6448ba316e2a3bac7d7e9f4a50e272ae2eb0
SERVER_HANDSHAKE_TRAFFIC_SECRET 6c2af12c8242cd84ec821f452cc97eea3a0ca8e2633649c8c678e8b78af5f228 0772dfc94b4f2c905359c71149358af2e8254d413eae6960ced911298c00f07a
CLIENT_HANDSHAKE_TRAFFIC_SECRET 6c2af12c8242cd84ec821f452cc97eea3a0ca8e2633649c8c678e8b78af5f228 0fd1a31e2c42569bd6ae7d7b2f8a2b433b2b90de376cab4fe65a5f8fdc158f11
SERVER_TRAFFIC_SECRET_0 6c2af12c8242cd84ec821f452cc97eea3a0ca8e2633649c8c678e8b78af5f228 81bad60e4d2b3108342b0caa74373cb41e451dae7ae8f057ec02785b7ec4d7ac
CLIENT_TRAFFIC_SECRET_0 6c2af12c8242cd84ec821f452cc97eea3a0ca8e2633649c8c678e8b78af5f228 78318300ae0ae085a9a3c7fd198f72885f40825fe88c08c33e3bc9f3561e0d32
SERVER_HANDSHAKE_TRAFFIC_SECRET 38867a3c113fa8773b50fdc5325c1f6cf7dab65a625ba359629912bc36cf5bca 9e96ecb864eebf8c84067a99f35c1d903fa486871d14865d5537b3969502e99d
CLIENT_HANDSHAKE_TRAFFIC_SECRET 38867a3c113fa8773b50fdc5325c1f6cf7dab65a625ba359629912bc36cf5bca 6e58f518e0a5d2265a70221923635a71a95e85ad554b754619553bb087b009f4
SERVER_TRAFFIC_SECRET_0 38867a3c113fa8773b50fdc5325c1f6cf7dab65a625ba359629912bc36cf5bca 3e88b60ef191748b7fdc650665902ed27cdc1f5a668ab5044e6daf13abe5e728
CLIENT_TRAFFIC_SECRET_0 38867a3c113fa8773b50fdc5325c1f6cf7dab65a625ba359629912bc36cf5bca 38109f40829a08cfa5e09c8b0d8b21fb90169297224b55d0e4d8c4e97a90c955
SERVER_HANDSHAKE_TRAFFIC_SECRET 8890ce88752aad8f7fc826bd7470538b33fa7e248550bb5e32db12d805ad407c cf881972d03794306a3b340b993eee20fa5a8fe7d539edf65371e023cadbe572
CLIENT_HANDSHAKE_TRAFFIC_SECRET 8890ce88752aad8f7fc826bd7470538b33fa7e248550bb5e32db12d805ad407c 89ff9a5f4ba115cc5669b6c781d9f7dd6c6b140783a36c2dfa6164f57da2a5a5
SERVER_TRAFFIC_SECRET_0 8890ce88752aad8f7fc826bd7470538b33fa7e248550bb5e32db12d805ad407c e11fdad2c8671371b8250ef2e8d31ff7233f119d0db9cfe7cc72f5b1127a1bea
CLIENT_TRAFFIC_SECRET_0 8890ce88752aad8f7fc826bd7470538b33fa7e248550bb5e32db12d805ad407c 3d69351af95ca3c7a7a6a376fadc29512f7061965cb05c27064cb66eafc03392
SERVER_HANDSHAKE_TRAFFIC_SECRET abcd3f22fc595e0c1c4909619bf2cfc7ac4b216b3d707087bd6f043608fbd7dd 412993b1aa4587bd7ae99c16264c58df958657c7532497b09e5c55a402195067
CLIENT_HANDSHAKE_TRAFFIC_SECRET abcd3f22fc595e0c1c4909619bf2cfc7ac4b216b3d707087bd6f043608fbd7dd ef34165350d4376697e41291d8c0aca9232b51ba0a81d4797a5af6d249ae2a54
SERVER_TRAFFIC_SECRET_0 abcd3f22fc595e0c1c4909619bf2cfc7ac4b216b3d707087bd6f043608fbd7dd 412737c3ddea1feb6cc3218d4b82bacc697a4bc9cf4bdee859b332a1bee2d869
CLIENT_TRAFFIC_SECRET_0 abcd3f22fc595e0c1c4909619bf2cfc7ac4b216b3d707087bd6f043608fbd7dd 159a0a9aa8885b09130b5e7c9d49a009c5db885577b989f82e44d801ab6a44ec
SERVER_HANDSHAKE_TRAFFIC_SECRET 1191288a03d3716799369a2211a17fc94bd784433ac7f329ae6d7fb4b2eeb1db 20654e7fa9781ed4103c0ac01ee50a395fc03370a6aae2ffb48df5c1711ce1ac
CLIENT_HANDSHAKE_TRAFFIC_SECRET 1191288a03d3716799369a2211a17fc94bd784433ac7f329ae6d7fb4b2eeb1db 5e0450de703ca1d055c020c4d5f1b64f3653b6d8d93d1cdeac4eec31f67bd862
SERVER_TRAFFIC_SECRET_0 1191288a03d3716799369a2211a17fc94bd784433ac7f329ae6d7fb4b2eeb1db ae255aad0a11731ee39e8d495a579d9b21aabbec046b5c7cbe7737b76480d948
CLIENT_TRAFFIC_SECRET_0 1191288a03d3716799369a2211a17fc94bd784433ac7f329ae6d7fb4b2eeb1db 16ae771692df14944b6ed578d1ffd6cb6fa4ec0940c192ddf0fce88375e55c51
SERVER_HANDSHAKE_TRAFFIC_SECRET 5b1a4fb109496f05c7660e90810c6d9a780b09234f091cc185a8ce0666612954 ef5279ac107bf963efcf2152604bf0b03d255236d7ddc0e3930682b3ce4bda04
CLIENT_HANDSHAKE_TRAFFIC_SECRET 5b1a4fb109496f05c7660e90810c6d9a780b09234f091cc185a8ce0666612954 3bfec035ddfafee6e08931e4c005248b6c594a646a7343c399e8f296162e931c
SERVER_TRAFFIC_SECRET_0 5b1a4fb109496f05c7660e90810c6d9a780b09234f091cc185a8ce0666612954 195835986a3f4b37c4ddd4476cf843c2fd8a35ad11e760b1b9f02ef49aad91a3
CLIENT_TRAFFIC_SECRET_0 5b1a4fb109496f05c7660e90810c6d9a780b09234f091cc185a8ce0666612954 f2d32a1bbdcdd260800ca5efce3e4f6cd222f7f9c73520e655fdcddacdbcb646
SERVER_HANDSHAKE_TRAFFIC_SECRET 3a21a736b1cde8d0952e4590c94eeeaa181ee1db4a860db51c49dfee473c16cb e1b20c2448512eca023afc3a97dd1a3706b2b15b821a63f0f63be28cc07b3a68
CLIENT_HANDSHAKE_TRAFFIC_SECRET 3a21a736b1cde8d0952e4590c94eeeaa181ee1db4a860db51c49dfee473c16cb c52217d5c5d4791af3096ce5ee6161918ac3565d4eabe34daab617deb503092c
SERVER_TRAFFIC_SECRET_0 3a21a736b1cde8d0952e4590c94eeeaa181ee1db4a860db51c49dfee473c16cb 29776e0e5522aaece064120545e4d02c89bab106e1a7d8ffe14c2e6f3aea20ac
CLIENT_TRAFFIC_SECRET_0 3a21a736b1cde8d0952e4590c94eeeaa181ee1db4a860db51c49dfee473c16cb 86338067495db367d8c883d3159adcbebd52c0c78bc707133fb10837703f0ef1
SERVER_HANDSHAKE_TRAFFIC_SECRET 82b2269f5d6c2f1891ce4f5ff0933cbe3863bb1daa16179736c288cf689d7e99 223dd2186736148cec366f7c853b836fe670a5291c5017da74ce827fb5a5969c
CLIENT_HANDSHAKE_TRAFFIC_SECRET 82b2269f5d6c2f1891ce4f5ff0933cbe3863bb1daa16179736c288cf689d7e99 a6da21cdd6995fb1535130c36e2800ba485e9edda47f6dea241d5a54b005413b
SERVER_TRAFFIC_SECRET_0 82b2269f5d6c2f1891ce4f5ff0933cbe3863bb1daa16179736c288cf689d7e99 b1c1d021c38aa0f9d1323b48aef079d9adca9e34bfb593464b60854c083d1095
CLIENT_TRAFFIC_SECRET_0 82b2269f5d6c2f1891ce4f5ff0933cbe3863bb1daa16179736c288cf689d7e99 17cef70c0d6577130de6bc50f309ccfa48bb685e49532e2904c483d84b132b3b
SERVER_HANDSHAKE_TRAFFIC_SECRET 5603c1403225c666ebca69ec1938527af2270ed8cb3d4e2491ca9d865631862a 6a888fe4f33d1550c5710162826f796855bc900c191f37a949f264f9dba2b902
CLIENT_HANDSHAKE_TRAFFIC_SECRET 5603c1403225c666ebca69ec1938527af2270ed8cb3d4e2491ca9d865631862a 367bd631c40e2bf2bd24de8649be6f180a8c05d85a9a460bbd3ebc2c6a217dda
SERVER_TRAFFIC_SECRET_0 5603c1403225c666ebca69ec1938527af2270ed8cb3d4e2491ca9d865631862a e5f4495883e46a8c308637845703cb0f669c538f0cde536766bc62781d778682
CLIENT_TRAFFIC_SECRET_0 5603c1403225c666ebca69ec1938527af2270ed8cb3d4e2491ca9d865631862a 6394566e7adf2e1e8a2a5f45ff16750ffcfe17fe7d08d147048455429bc54bb9
SERVER_HANDSHAKE_TRAFFIC_SECRET b304a4f69f98e5a94f6e010cc40580c897f0152f7211ac5c7ab00aa0ff2a0ee5 02acaf240ada913f57bbbff19760345451cea942aed4e5567b2f5dca8e36f067
CLIENT_HANDSHAKE_TRAFFIC_SECRET b304a4f69f98e5a94f6e010cc40580c897f0152f7211ac5c7ab00aa0ff2a0ee5 ab4db69adb979785564a456d6e84632c6cdd7bedc270f9956f5b03ea6236a9fc
SERVER_TRAFFIC_SECRET_0 b304a4f69f98e5a94f6e010cc40580c897f0152f7211ac5c7ab00aa0ff2a0ee5 9891bd68088526f9ffd22e7fb184f1ff3889ce3c40fb12506f21580d9fe8b762
CLIENT_TRAFFIC_SECRET_0 b304a4f69f98e5a94f6e010cc40580c897f0152f7211ac5c7ab00aa0ff2a0ee5 cbc0065fbadbc3618949dc114791c010a070c3e32e42b4fb667318b5276aaea7
SERVER_HANDSHAKE_TRAFFIC_SECRET 285628ba5110924bd30ab44717155c13cbab503c6213fe14a360222253e0c34e b390b9e6b3432feab5bb5e68af1fe277a60c161773f5dc85048a2f927c65699b
CLIENT_HANDSHAKE_TRAFFIC_SECRET 285628ba5110924bd30ab44717155c13cbab503c6213fe14a360222253e0c34e 682c799f2d1285c7f9495de9bc513383e29e61deb28d87e84bd4b019d1bbdeac
SERVER_TRAFFIC_SECRET_0 285628ba5110924bd30ab44717155c13cbab503c6213fe14a360222253e0c34e f70c8db696f5e1ec3cfe676330ac2401b58034fa4f17ce6432aaebb7e290386a
CLIENT_TRAFFIC_SECRET_0 285628ba5110924bd30ab44717155c13cbab503c6213fe14a360222253e0c34e cccebcb64e2901cba4d69abf7d5608a753331cf273b4166652ef9fb00ffee671
SERVER_HANDSHAKE_TRAFFIC_SECRET 92d6dc2f607f6c261b43ea6207ce435fe9bbab8c95e419bddf26a0ba7280ef16 69f984428259062c9fe0ea2b1ace20af08799d8fa6e5caeadf70bff55ee0b8cb
CLIENT_HANDSHAKE_TRAFFIC_SECRET 92d6dc2f607f6c261b43ea6207ce435fe9bbab8c95e419bddf26a0ba7280ef16 fdbaac1f7fc6e00eef431261c74c5bdba091fbe95ce4a3b053e486fa270e8225
SERVER_TRAFFIC_SECRET_0 92d6dc2f607f6c261b43ea6207ce435fe9bbab8c95e419bddf26a0ba7280ef16 9899b072902212adfc5cb0e89b10ca7800e85ff0dc59546b5799dcae9e42b007
CLIENT_TRAFFIC_SECRET_0 92d6dc2f607f6c261b43ea6207ce435fe9bbab8c95e419bddf26a0ba7280ef16 491aa771339dd08ea15b889b240cc3de7a8594413f5217b75087fc71b21d4596
SERVER_HANDSHAKE_TRAFFIC_SECRET 8b50b3e2e47a4f694ef0855185341a2d7255a5c0c185c98514ad5ea9bf37df5a 7633c7dd244f12286376e7b77d0a652744442974da2e9b7eddd6127bcc56932a
CLIENT_HANDSHAKE_TRAFFIC_SECRET 8b50b3e2e47a4f694ef0855185341a2d7255a5c0c185c98514ad5ea9bf37df5a 3de29073a9ecf72c4f057561f54e4d6248ec039d536bf7e5347d4fdc3b6b1da5
SERVER_TRAFFIC_SECRET_0 8b50b3e2e47a4f694ef0855185341a2d7255a5c0c185c98514ad5ea9bf37df5a 2ed65cab74c96634e69d7a259bfe95150bb502272961ecb7786e389238ce7645
CLIENT_TRAFFIC_SECRET_0 8b50b3e2e47a4f694ef0855185341a2d7255a5c0c185c98514ad5ea9bf37df5a efa3140839452434266ed0b22e9c90042e32750c59b99f30429cf0f23ecdf513
SERVER_HANDSHAKE_TRAFFIC_SECRET aae1b02b1281f92668db7ec15dd6b1d25d8ad76b09a2412b75188c4dd68de944 a3e542f4ec88856548327c58fa91948fc75e4fb1b3d3635f07ef7469b370124a
CLIENT_HANDSHAKE_TRAFFIC_SECRET aae1b02b1281f92668db7ec15dd6b1d25d8ad76b09a2412b75188c4dd68de944 1a127cd34dd064b8cacd6609342650746d87b70ec95d30b686b8b9ed49e536da
SERVER_TRAFFIC_SECRET_0 aae1b02b1281f92668db7ec15dd6b1d25d8ad76b09a2412b75188c4dd68de944 312f79f3ed1230601dccfe030768621f74756d8bf3573190eb9d6451466508a9
CLIENT_TRAFFIC_SECRET_0 aae1b02b1281f92668db7ec15dd6b1d25d8ad76b09a2412b75188c4dd68de944 08901d2b1f91f2dcce1d42ab894802f8f393837cad60e1c0b75d3b3096718654
SERVER_HANDSHAKE_TRAFFIC_SECRET 24fd5c199f1d3b919c413baf108c4309fa62dde09bbe62c352bc02590771e1d9 4ff1d3da377fe8ec9c3b099587460cb1b73b203173c68f21de00531703341a73
CLIENT_HANDSHAKE_TRAFFIC_SECRET 24fd5c199f1d3b919c413baf108c4309fa62dde09bbe62c352bc02590771e1d9 6aa6cf73fcab979e6299106363f47beaaf04a877b42cba3883d7b046d6567e17
SERVER_TRAFFIC_SECRET_0 24fd5c199f1d3b919c413baf108c4309fa62dde09bbe62c352bc02590771e1d9 37a7b1f13f1ccc46cc8725f6b954965011e822bb0139e9863f138a0d3b55d7e2
CLIENT_TRAFFIC_SECRET_0 24fd5c199f1d3b919c413baf108c4309fa62dde09bbe62c352bc02590771e1d9 b64e9d14166daa45c777de24f8da8478541cd4153c5e538d47e9ca48b318c4e3
SERVER_HANDSHAKE_TRAFFIC_SECRET 0f12f622bd03be580284b0686bb93bc6027ba68eeb3c17ec5fec89a15b742535 1ead534f09c17b15e15aed37e18559a62c94a62929201266479d5abf48c83ff8
CLIENT_HANDSHAKE_TRAFFIC_SECRET 0f12f622bd03be580284b0686bb93bc6027ba68eeb3c17ec5fec89a15b742535 61c4809766e014fe80a2c7b1c37989ca865069ea3b948eae290b394ee73608d7
SERVER_TRAFFIC_SECRET_0 0f12f622bd03be580284b0686bb93bc6027ba68eeb3c17ec5fec89a15b742535 1da2f90c07be3fe1d8350b45e3eabb3750503f74cc92f09c1ae21b6f71c20fca
CLIENT_TRAFFIC_SECRET_0 0f12f622bd03be580284b0686bb93bc6027ba68eeb3c17ec5fec89a15b742535 54b376993e02dcc3012f27d614ec790ebb47776f891a5db38bccb7a1d8ea3e34
SERVER_HANDSHAKE_TRAFFIC_SECRET 062d7ae31f8c4d58d38f07f5204453ab649b27ac07c145bbe4a3de2f01ee369f 264baf0e57a47db4615f96a2924fc216d805e50773179e6df40f0cc1acccf814
CLIENT_HANDSHAKE_TRAFFIC_SECRET 062d7ae31f8c4d58d38f07f5204453ab649b27ac07c145bbe4a3de2f01ee369f d57d6e8387b256eec2a6f4b75201d323e42a8bd5cc363f18eae3947a6dd748f9
SERVER_TRAFFIC_SECRET_0 062d7ae31f8c4d58d38f07f5204453ab649b27ac07c145bbe4a3de2f01ee369f c7a8a0f9a2821b4738e6a04a6ae998df161241692024105f20b4969c92a0e5ec
CLIENT_TRAFFIC_SECRET_0 062d7ae31f8c4d58d38f07f5204453ab649b27ac07c145bbe4a3de2f01ee369f 0afbeccf9ceae202097fc1e9857776b90b1467591e881bc21362f4fc557407e9
SERVER_HANDSHAKE_TRAFFIC_SECRET fc21b440bf3c647e80ef3e3fa5d1210067344871f8d2fc3f8ffbeb35c8f85f02 aeb808dab2129ddda418fdc60c47842b2a548c0dea2ec8774d2c6cd793d49277
CLIENT_HANDSHAKE_TRAFFIC_SECRET fc21b440bf3c647e80ef3e3fa5d1210067344871f8d2fc3f8ffbeb35c8f85f02 be43382e4e5ef97b47decb6e3649a5da276f05bd77ca93ce112c1524bec58ca6
SERVER_TRAFFIC_SECRET_0 fc21b440bf3c647e80ef3e3fa5d1210067344871f8d2fc3f8ffbeb35c8f85f02 10af76202b7c7c66b3b985c060189cdf4c6f62313d57ba85abfcffebf14d6a9b
CLIENT_TRAFFIC_SECRET_0 fc21b440bf3c647e80ef3e3fa5d1210067344871f8d2fc3f8ffbeb35c8f85f02 02f9f0808004404d7e336da2ba4740369d7950aca44626f62de40aec1b282f53
SERVER_HANDSHAKE_TRAFFIC_SECRET ec13dde479655340de6b3e973675baf4b0e0d92ec9004e23f1c4052bcef6cfd6 6e3d3a7e1fa534225acb7e6a25fae8ec75663532edc155ef88185f9b401b46d3
CLIENT_HANDSHAKE_TRAFFIC_SECRET ec13dde479655340de6b3e973675baf4b0e0d92ec9004e23f1c4052bcef6cfd6 8dd738ce79c5ded9162264dece5449c99412c42576081a33eaa34cd184fc4bf7
SERVER_TRAFFIC_SECRET_0 ec13dde479655340de6b3e973675baf4b0e0d92ec9004e23f1c4052bcef6cfd6 3e4b0de28bc1094e70a900b5356bdddc20d18f90912fcbe38a120ad7116d109b
CLIENT_TRAFFIC_SECRET_0 ec13dde479655340de6b3e973675baf4b0e0d92ec9004e23f1c4052bcef6cfd6 7be182459d3984aa5d1a50ed132068e2d9f1f53c3cb867c32d392c8e16463768
SERVER_HANDSHAKE_TRAFFIC_SECRET b28fafd7878ef6746846ce37fed6be4a5a78e189665c75961a559608bd38e4aa 812fb20d138084ba9a07dee9ab4387b204fce89013935ad5fc31cc19bc57c235
CLIENT_HANDSHAKE_TRAFFIC_SECRET b28fafd7878ef6746846ce37fed6be4a5a78e189665c75961a559608bd38e4aa 148aeae08aefb64b23d19ddda7984a3a67537d5216f5b31d60310eefa071ef40
SERVER_TRAFFIC_SECRET_0 b28fafd7878ef6746846ce37fed6be4a5a78e189665c75961a559608bd38e4aa 6db224ceacc2dc3d8b042a169ea0be930b453b719c747886483ded2b633240b7
CLIENT_TRAFFIC_SECRET_0 b28fafd7878ef6746846ce37fed6be4a5a78e189665c75961a559608bd38e4aa ffd7ea371844ba69b80a15fd9041120ddd0509c9142e8c6c7ecbaaeda5d5450c
SERVER_HANDSHAKE_TRAFFIC_SECRET 7b6958e94543e3f43c6e8eb2ef22a0d09eb18b1649551acdc3b1056ac5278f4f a8c64ef722b9c6f874eafd006dd8be5c4d0241579d95d8312c549a606131a7b2
CLIENT_HANDSHAKE_TRAFFIC_SECRET 7b6958e94543e3f43c6e8eb2ef22a0d09eb18b1649551acdc3b1056ac5278f4f fb26f5374e4864d792cd8370af2e099359e0f9ad531c012b1accdb2a39fd9088
SERVER_TRAFFIC_SECRET_0 7b6958e94543e3f43c6e8eb2ef22a0d09eb18b1649551acdc3b1056ac5278f4f f35bcd3877803ae295f1fec750fe45850bf94bcd8696313a808e8779ab3c66c0
CLIENT_TRAFFIC_SECRET_0 7b6958e94543e3f43c6e8eb2ef22a0d09eb18b1649551acdc3b1056ac5278f4f 76c242a61224cebce4ae44a97c85aee0a855cb835b66416f4955e12469e138e2
SERVER_HANDSHAKE_TRAFFIC_SECRET 238d7f1dff58c9b6b07f022552cedf51ec8c445d3cdd2b2a708a6fda2f81150e 248cf625b5ded5b748820a14db6c8bfa2d57dcb73bcef34e45f3d0cf15c2ad23
CLIENT_HANDSHAKE_TRAFFIC_SECRET 238d7f1dff58c9b6b07f022552cedf51ec8c445d3cdd2b2a708a6fda2f81150e cbfa01f2270c28b41f98f59386a05c9d3defa631fa7906354a6b0391535ea3a0
SERVER_TRAFFIC_SECRET_0 238d7f1dff58c9b6b07f022552cedf51ec8c445d3cdd2b2a708a6fda2f81150e 86aeb24854c1a5e18dc868f104729db5dcf9cd505ac33a298428626ff9376f41
CLIENT_TRAFFIC_SECRET_0 238d7f1dff58c9b6b07f022552cedf51ec8c445d3cdd2b2a708a6fda2f81150e bbeb2fe0f9e2164cb86bdcc28d6c8117ef10550fed188d5fe2a9e433a03b6cd9
SERVER_HANDSHAKE_TRAFFIC_SECRET e690c2f4c06cf1dcf252779c0db3f6fc9b3297d8f0ab279382bf1089341fc7f9 0bc74b62c693f7aa6d1bb6081d30e0149a8e8b63a3f6d16f53e34c4f4c80106e
CLIENT_HANDSHAKE_TRAFFIC_SECRET e690c2f4c06cf1dcf252779c0db3f6fc9b3297d8f0ab279382bf1089341fc7f9 27051d02c10394d60d73b60900ec50fc8f104c4ee2ecd769801031362b3b7fdc
SERVER_TRAFFIC_SECRET_0 e690c2f4c06cf1dcf252779c0db3f6fc9b3297d8f0ab279382bf1089341fc7f9 b9608279d51b92f98d5ecd71cc027926f59deb0078f09a54024455d7221ed2ae
CLIENT_TRAFFIC_SECRET_0 e690c2f4c06cf1dcf252779c0db3f6fc9b3297d8f0ab279382bf1089341fc7f9 54982c4ce7473e2dc48554c568ed8983a57249322872310476f71b7bab6173c8
SERVER_HANDSHAKE_TRAFFIC_SECRET 0aef13703cd0e95674af0a3981d304f10c2a5dd97fd4618c1ed1110b2d410ad5 9a41de525448d53c5e5dd3efb85419f022ee0c6f392703751d506c2882b78cb8
CLIENT_HANDSHAKE_TRAFFIC_SECRET 0aef13703cd0e95674af0a3981d304f10c2a5dd97fd4618c1ed1110b2d410ad5 2c9ec4336763bd595604e45b50721761281e4b3d40ec1e4d47e1e56035527341
SERVER_TRAFFIC_SECRET_0 0aef13703cd0e95674af0a3981d304f10c2a5dd97fd4618c1ed1110b2d410ad5 f312eef4f6c1ae5f264223a673c346fca208300706f9fc49ca46ee6c559a7685
CLIENT_TRAFFIC_SECRET_0 0aef13703cd0e95674af0a3981d304f10c2a5dd97fd4618c1ed1110b2d410ad5 5728ca0a7891187d512fda4815db8dbd020744050e9e795076acf79a36d05738
SERVER_HANDSHAKE_TRAFFIC_SECRET 2bc61aeba06c260b36f33dcf3bf5ed7333d7362dfc8155e72c30c7b324c11202 586fe3386104a5b408703d6ebe03354a4dc5a5e2bfec69479414ff3f32188397
CLIENT_HANDSHAKE_TRAFFIC_SECRET 2bc61aeba06c260b36f33dcf3bf5ed7333d7362dfc8155e72c30c7b324c11202 0c44a4e751c3f7f49cf6f2cda9e20c8a12ccf1fbaa223bf487daad530ef71f6d
SERVER_TRAFFIC_SECRET_0 2bc61aeba06c260b36f33dcf3bf5ed7333d7362dfc8155e72c30c7b324c11202 a35764efc54f3c14180f06eab8fa8f5ea022018f6036db66b8c3930e3464b392
CLIENT_TRAFFIC_SECRET_0 2bc61aeba06c260b36f33dcf3bf5ed7333d7362dfc8155e72c30c7b324c11202 4d11cc489974503349d51181d7702e5e39269537b4191e5a202d7abb52903071
SERVER_HANDSHAKE_TRAFFIC_SECRET 5951f05f1573ccebd277b4971910520947ce342044f64331e5a8d3aa72bd758c 661bc7a426cc1501b544336e0e2a3a8b027534b65b73c5c93786a4b965dcb62e
CLIENT_HANDSHAKE_TRAFFIC_SECRET 5951f05f1573ccebd277b4971910520947ce342044f64331e5a8d3aa72bd758c 2990b577d1b6209e86fe65ff244676a12798d0286f65092da3ab3641bb429cf2
SERVER_TRAFFIC_SECRET_0 5951f05f1573ccebd277b4971910520947ce342044f64331e5a8d3aa72bd758c 47266b8aab845a453a3e9584c59c4c435925f4df99d5f892a0f2203e01f619e9
CLIENT_TRAFFIC_SECRET_0 5951f05f1573ccebd277b4971910520947ce342044f64331e5a8d3aa72bd758c abf278aea4b98ecf0efd795e333b3662891f0909b1dbd4a35d68fa02ca115a71
SERVER_HANDSHAKE_TRAFFIC_SECRET 0b1a4da4659dbbee2979a8e108d18b03891b4ad828c149bcd43e4e969a38f8ef 63a6c2e28ffe85aac98bdbde956ff54a40b37aac952aa2cc2118a769580340cc
CLIENT_HANDSHAKE_TRAFFIC_SECRET 0b1a4da4659dbbee2979a8e108d18b03891b4ad828c149bcd43e4e969a38f8ef 247b5a360f5aebe812004689a7f0c694f028e6620f22c73cccb612fdf6207f04
SERVER_TRAFFIC_SECRET_0 0b1a4da4659dbbee2979a8e108d18b03891b4ad828c149bcd43e4e969a38f8ef db26825b911e1f6178827229125d6c24f89ed2e4bb91cb5792ef703edcce6cf7
CLIENT_TRAFFIC_SECRET_0 0b1a4da4659dbbee2979a8e108d18b03891b4ad828c149bcd43e4e969a38f8ef 9a9c347438a122f325f54b7536afc5ab2d1c3eebe717fa619eed9880b1476632
SERVER_HANDSHAKE_TRAFFIC_SECRET 88f6fb13ca5f0042ea9e9e783d8c05a50bdb6d084c8defcf0e4b8d5d5ee6f9d9 af0c2432363dc14aa45c0ff59bc6390c9f6899fc2fbf4b672e9cea617454ac6e
CLIENT_HANDSHAKE_TRAFFIC_SECRET 88f6fb13ca5f0042ea9e9e783d8c05a50bdb6d084c8defcf0e4b8d5d5ee6f9d9 66e48ad6652943b58d3e39bb8dc25855854994a2380f0c4cd0985dfe98e61036
SERVER_TRAFFIC_SECRET_0 88f6fb13ca5f0042ea9e9e783d8c05a50bdb6d084c8defcf0e4b8d5d5ee6f9d9 cfd92b300e4e33eecfcf301ab9aba9c95b92cb422598c1e548265b08cebdf966
CLIENT_TRAFFIC_SECRET_0 88f6fb13ca5f0042ea9e9e783d8c05a50bdb6d084c8defcf0e4b8d5d5ee6f9d9 cf9d532a67453c4a90dfca491c69ed5218b57ebc1f2b8c25e2c97a0e78355011
SERVER_HANDSHAKE_TRAFFIC_SECRET eea6ca35303f5f9523b93898a08d60e44e78ee69f73679c5f295b2c62e362c33 8493ea0eeafc45b168d6c871caf2fec0c77638d71103dcffe407420a279987b2
CLIENT_HANDSHAKE_TRAFFIC_SECRET eea6ca35303f5f9523b93898a08d60e44e78ee69f73679c5f295b2c62e362c33 72f643fb33ad62f8f20c635da48366a137663d63d21a744cf1bfb1e250a030de
SERVER_TRAFFIC_SECRET_0 eea6ca35303f5f9523b93898a08d60e44e78ee69f73679c5f295b2c62e362c33 8de4942fac9a71648710361d2c8b198a67d6fe9d8898adf625b80e2237a653ed
CLIENT_TRAFFIC_SECRET_0 eea6ca35303f5f9523b93898a08d60e44e78ee69f73679c5f295b2c62e362c33 14d0b62e39f20291ad2cc696e1f7ca310d7846bd9ddaa1b8d442254b9c84aaba
SERVER_HANDSHAKE_TRAFFIC_SECRET c916c2985e593db27839528fe0b12788fbcdfcc70bb09752049232525f4ab765 49eb9c1f0517b89d419b6cbe6f28a20886bfb4ba8987ed78b86b18f7ed1e16b3
CLIENT_HANDSHAKE_TRAFFIC_SECRET c916c2985e593db27839528fe0b12788fbcdfcc70bb09752049232525f4ab765 f3f269f8f8a18db519f62524367636fc398af1a2fe861ffce900aac745a4691b
SERVER_TRAFFIC_SECRET_0 c916c2985e593db27839528fe0b12788fbcdfcc70bb09752049232525f4ab765 95966320282b27b1b42be99eb939b2c4801d97c369bed1c35f9359bc6060cdd6
CLIENT_TRAFFIC_SECRET_0 c916c2985e593db27839528fe0b12788fbcdfcc70bb09752049232525f4ab765 46990e3e61733a0c76f527d9e3bbb1da675a5411b64d0a90e350c853e15a9273
SERVER_HANDSHAKE_TRAFFIC_SECRET 13b3ae445cee9df191508540d87af6d3389459b2f9b7451f0342cdad8bfc026d 4c87591188bb56f6f15daaddb7d65cabbb71782f4aa659d7e3413aca2951ee40
CLIENT_HANDSHAKE_TRAFFIC_SECRET 13b3ae445cee9df191508540d87af6d3389459b2f9b7451f0342cdad8bfc026d 173eee18420c813113b8fcef0d69e2d70e98a18b3804df6d694e713757ce66d5
SERVER_TRAFFIC_SECRET_0 13b3ae445cee9df191508540d87af6d3389459b2f9b7451f0342cdad8bfc026d cc648259f892afddc1de90ed94957f541f36295f89f0d730f473e4a752053acb
CLIENT_TRAFFIC_SECRET_0 13b3ae445cee9df191508540d87af6d3389459b2f9b7451f0342cdad8bfc026d 021304c6883173919ad61a8b75169f1192c7c13908728880f72010b50e3c3b5f
SERVER_HANDSHAKE_TRAFFIC_SECRET 87d1b3af7e27de1753c825549bac0ad6a356aeef266213df241b90538e332edb 2a2aedd95fff2dc3d87a70242bf8bab42a79ea7aaf05b7d04a1de32e3edacaad
CLIENT_HANDSHAKE_TRAFFIC_SECRET 87d1b3af7e27de1753c825549bac0ad6a356aeef266213df241b90538e332edb e7cb59dd9741483bbc1fb1af63fd455a59e04e42966ba1ac7155da5ee60d553f
SERVER_TRAFFIC_SECRET_0 87d1b3af7e27de1753c825549bac0ad6a356aeef266213df241b90538e332edb dd54c9bc98f7fdd57b41dd19bcf2a1c57fbba30fe8d5314c132901d5f94d315a
CLIENT_TRAFFIC_SECRET_0 87d1b3af7e27de1753c825549bac0ad6a356aeef266213df241b90538e332edb fffd913f71d6dc6e6771099506b786555f6912c49063ca972b000ba8c0c119e7
SERVER_HANDSHAKE_TRAFFIC_SECRET 1f11fad3d2a8dd1d876021b20b00753dd54416d9777b8d9860b2c56981545138 c3e188d2f4d21eb42b1f845b88671106b8f574fd32905abe5906806f584fba97
CLIENT_HANDSHAKE_TRAFFIC_SECRET 1f11fad3d2a8dd1d876021b20b00753dd54416d9777b8d9860b2c56981545138 6cc08e5bfd6afcb8008e80fda05e3dd908ee2194a5d80d934a423235a91c2edf
SERVER_TRAFFIC_SECRET_0 1f11fad3d2a8dd1d876021b20b00753dd54416d9777b8d9860b2c56981545138 30928c556b116cdd8f238735e30e02b4896b160a3a69c9c87c5df0cc64ac280b
CLIENT_TRAFFIC_SECRET_0 1f11fad3d2a8dd1d876021b20b00753dd54416d9777b8d9860b2c56981545138 04cdd711f4d391bd6c499d520b5dd75bf1590c32be7a6993dc1b2dd78affcb29
SERVER_HANDSHAKE_TRAFFIC_SECRET f601b31434d144b66f2cdde2d9cd307679c1699f07e590fc0438300e70ecac0d a1c15f850892c6bbd0abcd2eee04a2174632dd5bc41b9e48526c2b068c5d82e0
CLIENT_HANDSHAKE_TRAFFIC_SECRET f601b31434d144b66f2cdde2d9cd307679c1699f07e590fc0438300e70ecac0d 009dc78c498df642e11ffea5d4be68c124de02b91bc559899433f2f92a0cdfba
SERVER_TRAFFIC_SECRET_0 f601b31434d144b66f2cdde2d9cd307679c1699f07e590fc0438300e70ecac0d 63ed58897af0d603975bfaaf5ac4858117a93e5dece0f9810c07494f0a3f46d1
CLIENT_TRAFFIC_SECRET_0 f601b31434d144b66f2cdde2d9cd307679c1699f07e590fc0438300e70ecac0d d59b806bb752f33ed436469eed6b63cad006f187532ce58b14d6e802d44bcf4f
SERVER_HANDSHAKE_TRAFFIC_SECRET 8af23e4aa1c39e474651433d4a85a56ba26e5bb55b8f5ba2bb0c803b565d89e7 332b45e7638544a7a2fdcd7c7def3eeeb80eee44688733ef3f3aefced742051a
CLIENT_HANDSHAKE_TRAFFIC_SECRET 8af23e4aa1c39e474651433d4a85a56ba26e5bb55b8f5ba2bb0c803b565d89e7 2c5e7172ba99794f65e5275275f852444dfa0267e97be61854da6919777da42e
SERVER_TRAFFIC_SECRET_0 8af23e4aa1c39e474651433d4a85a56ba26e5bb55b8f5ba2bb0c803b565d89e7 4b48f132ec47d04bfb03598e9c9ce45a5e5ad85734b42a23c7ae20a60fec5f8b
CLIENT_TRAFFIC_SECRET_0 8af23e4aa1c39e474651433d4a85a56ba26e5bb55b8f5ba2bb0c803b565d89e7 5ef15349ae8b0d0057a15ec095c5c43f4c0a183de557c6d3eb81fe49df5fda2a
SERVER_HANDSHAKE_TRAFFIC_SECRET daea4c2704c1bac53aaffd4db7c0f359375df8c44b37fe3dfa554c8622c56ba5 c3c5f36484ffecb4db04b14a4a184e958b664c726686e8904f2881cdc137cee2
CLIENT_HANDSHAKE_TRAFFIC_SECRET daea4c2704c1bac53aaffd4db7c0f359375df8c44b37fe3dfa554c8622c56ba5 09a82664623e1dd603532eec937104a47423970cb47de9f41419ac7f5307a3e8
SERVER_TRAFFIC_SECRET_0 daea4c2704c1bac53aaffd4db7c0f359375df8c44b37fe3dfa554c8622c56ba5 43a036813eb37cf599cd3d3840d9e04479f15c819fab57218647ffe10a32a14c
CLIENT_TRAFFIC_SECRET_0 daea4c2704c1bac53aaffd4db7c0f359375df8c44b37fe3dfa554c8622c56ba5 0f3341eeda246ba2ee67443067973b5301c85bf2146716e6b7dc8bdf86032adb
SERVER_HANDSHAKE_TRAFFIC_SECRET 137842543e88141cae9bd4ae557d2dd059b706623ecfa6517a23de42d784bd6c 34ad7378dc447a34c350f18661db9560d5113e5597c79dab01bfc74cefef30be
CLIENT_HANDSHAKE_TRAFFIC_SECRET 137842543e88141cae9bd4ae557d2dd059b706623ecfa6517a23de42d784bd6c 051a86c6ae5cd0b8e0805849c2d04295793d326c24677fd3a80dd29c93fa7c9d
SERVER_TRAFFIC_SECRET_0 137842543e88141cae9bd4ae557d2dd059b706623ecfa6517a23de42d784bd6c b6fab821f914024845819f843dea3ccd03789a980d6f31e1cf8919e6a1185e50
CLIENT_TRAFFIC_SECRET_0 137842543e88141cae9bd4ae557d2dd059b706623ecfa6517a23de42d784bd6c f5dc2808abaabd7d95d1e7af78bddb5e6bf0fd33d1b3fa5cfe5d2bd5c6b48942
SERVER_HANDSHAKE_TRAFFIC_SECRET f5d112607466c3412d756f872f4c534cac9e72e829dd677af848bcd9feb703f2 50bd7f6db68fbe1c296d95241176b37ed6293b99305a8003c7cded04526bb06a
CLIENT_HANDSHAKE_TRAFFIC_SECRET f5d112607466c3412d756f872f4c534cac9e72e829dd677af848bcd9feb703f2 a245370dde0481717e4ae921f0c32715a0e8a0e8148528d74b74ff6e9542d73e
SERVER_TRAFFIC_SECRET_0 f5d112607466c3412d756f872f4c534cac9e72e829dd677af848bcd9feb703f2 2d5d8c39d28bfe5dfa108971e2b034d586ea7e2725a05465a660f66549bcc97f
CLIENT_TRAFFIC_SECRET_0 f5d112607466c3412d756f872f4c534cac9e72e829dd677af848bcd9feb703f2 f6f6692fee864ba7cbedd1828f92a0b7f535bf5a2662d2d9db922c7a7275424f
SERVER_HANDSHAKE_TRAFFIC_SECRET 6df1f9b5ea92751f66b094fae67aed7c6b1b28af069d152d799edcb4016a58b8 bb1d8e32500810c3d45b7164a484413d30ed81e5daa36719ce76a6d48d92f8cf
CLIENT_HANDSHAKE_TRAFFIC_SECRET 6df1f9b5ea92751f66b094fae67aed7c6b1b28af069d152d799edcb4016a58b8 b6958f7f3854f335d37df82ed4ce5643f55a21421e6a02989a15543b8a0d05dc
SERVER_TRAFFIC_SECRET_0 6df1f9b5ea92751f66b094fae67aed7c6b1b28af069d152d799edcb4016a58b8 cb437fec0d94b3797963c0b0db26d8bf67fbbc343d683771419447e6008c1d23
CLIENT_TRAFFIC_SECRET_0 6df1f9b5ea92751f66b094fae67aed7c6b1b28af069d152d799edcb4016a58b8 1b063f844dbbf08aa17dacdfdd04042bb001df3913b49be33abc5a6049d26fa8
SERVER_HANDSHAKE_TRAFFIC_SECRET 2c64cbd361a6ccf658a779bfc4d95bbc867725194cadd2fb4d3e51bfef79bab1 9bfe72b3d22ab3c66ebcb0c658511f7f072cb85bf849a36b811798b66667efe6
CLIENT_HANDSHAKE_TRAFFIC_SECRET 2c64cbd361a6ccf658a779bfc4d95bbc867725194cadd2fb4d3e51bfef79bab1 115200066ae0f0a5537e4f62617f33df9da63207af288d0a81ecb3e3ad299f73
SERVER_TRAFFIC_SECRET_0 2c64cbd361a6ccf658a779bfc4d95bbc867725194cadd2fb4d3e51bfef79bab1 c8b676b1fddcf37739eddd1e8bff598f8a3313556f2e751ff3f98b4efe664ca8
CLIENT_TRAFFIC_SECRET_0 2c64cbd361a6ccf658a779bfc4d95bbc867725194cadd2fb4d3e51bfef79bab1 c9b7fa1a99f0e1cf05750a879cc8b0bc5f10ec769b9c3bdb3e7e38ee38dc5bdf
SERVER_HANDSHAKE_TRAFFIC_SECRET 8e7aa599ef8eec64eab1d800da71df47ca5660d829a2aae50f291a3d472bb0f7 b0eeb1c78cfe1ed3f3f63cb79e18711239810378e57805808af8ce6b905c9ded
CLIENT_HANDSHAKE_TRAFFIC_SECRET 8e7aa599ef8eec64eab1d800da71df47ca5660d829a2aae50f291a3d472bb0f7 d025c38cbdfced2d1e345721c6a4350d1cd7fa1f0ebdc325fd45d440e93693f0
SERVER_TRAFFIC_SECRET_0 8e7aa599ef8eec64eab1d800da71df47ca5660d829a2aae50f291a3d472bb0f7 d3d303d29f1f19b7784090adf86a41c96ab9a938b2d798d82703fec700f59c77
CLIENT_TRAFFIC_SECRET_0 8e7aa599ef8eec64eab1d800da71df47ca5660d829a2aae50f291a3d472bb0f7 9b095e617638ac750115126debddb5e9cb80d70b8af1e2c5d09e8a0517dfd70d
SERVER_HANDSHAKE_TRAFFIC_SECRET df426cca127056295546f6b241ee8abc9b65d20512da07623a70d3340a57a7f7 119995a4777eb87a1faf601b5341822a1cbc1d4a883d4a5cd2ad5946d17a6f69
CLIENT_HANDSHAKE_TRAFFIC_SECRET df426cca127056295546f6b241ee8abc9b65d20512da07623a70d3340a57a7f7 d1bd96e55e242f9b2b23d6e5f8f0192aca5598ab090fe1f84324d14edbda1709
SERVER_TRAFFIC_SECRET_0 df426cca127056295546f6b241ee8abc9b65d20512da07623a70d3340a57a7f7 39c81bb6fea5be616ff73c571bad9956e387b2fd522667d055c6fc2f2157c620
CLIENT_TRAFFIC_SECRET_0 df426cca127056295546f6b241ee8abc9b65d20512da07623a70d3340a57a7f7 28464c25bff216169cb11e57231bac52fc57c0c02e0a887969f0fbc3b6fb989b
SERVER_HANDSHAKE_TRAFFIC_SECRET e2edeaad76386b9d3fb1c5d701ddd05252cc4a2aea2d38bf1b748680cae5acb1 e6f275179fd4d3f0769cb1549e709e50a032d31ace858d61585e395cbd7981a9
CLIENT_HANDSHAKE_TRAFFIC_SECRET e2edeaad76386b9d3fb1c5d701ddd05252cc4a2aea2d38bf1b748680cae5acb1 c0a60bfc486798af116f8e3e2a704ab94641947fce03e516c233a10ad40ca05c
SERVER_TRAFFIC_SECRET_0 e2edeaad76386b9d3fb1c5d701ddd05252cc4a2aea2d38bf1b748680cae5acb1 6c333836a52802ba8437cf8b9d524c11da4a52a2994ad55d0d41d2a399da7362
CLIENT_TRAFFIC_SECRET_0 e2edeaad76386b9d3fb1c5d701ddd05252cc4a2aea2d38bf1b748680cae5acb1 354e44e52e0a35dac02e351ad0d8a4844ca9567c5a81312cc43eb365d6fc338e
SERVER_HANDSHAKE_TRAFFIC_SECRET 7549d3e664c2b54930ba24e4c6c8d16f829f4f10f12b012bbc985f14718c25f0 24d04e028fc54116d5c2f9bb296375e74cfbabebfee0d6242083d077b7cab822
CLIENT_HANDSHAKE_TRAFFIC_SECRET 7549d3e664c2b54930ba24e4c6c8d16f829f4f10f12b012bbc985f14718c25f0 a9320902ceefb3bad7616a17825deae714bc78945f6d9564d900f839899dedd3
SERVER_TRAFFIC_SECRET_0 7549d3e664c2b54930ba24e4c6c8d16f829f4f10f12b012bbc985f14718c25f0 bb9f97a743364d351ae4d256dcf36ba07b6c4ac4c799d973dbcd243ada63874b
CLIENT_TRAFFIC_SECRET_0 7549d3e664c2b54930ba24e4c6c8d16f829f4f10f12b012bbc985f14718c25f0 7eb2948bdef5c3c2a8288908add504f9b0a2f8e57bd8658cee800ba3f86b6fbe
SERVER_HANDSHAKE_TRAFFIC_SECRET 327166f5189e3de866edefda6cc13a3019ebe671782409bfe5663b2bdf17e123 b66dc3d08f8297bc074dfdf759285e84bcca63a9a2d17bb78575d9fa5bc41d50
CLIENT_HANDSHAKE_TRAFFIC_SECRET 327166f5189e3de866edefda6cc13a3019ebe671782409bfe5663b2bdf17e123 1744f2a5f4ea5438c78f1ccbdfee03d076caa766bf52edebb5998bd3d9fd8303
SERVER_TRAFFIC_SECRET_0 327166f5189e3de866edefda6cc13a3019ebe671782409bfe5663b2bdf17e123 50aa101be52a23e51bba9c693292a0169e157dc3b29edc7baa27918163db7bc8
CLIENT_TRAFFIC_SECRET_0 327166f5189e3de866edefda6cc13a3019ebe671782409bfe5663b2bdf17e123 a4227eb8b44b59a8900a9f3e69b63eb637a36ff73bf72880cd79aea0ead162d2
SERVER_HANDSHAKE_TRAFFIC_SECRET 06d3be528ac0b549885cc54f9047929005eb31f6b648a4ca16fe5a5397ea7680 680bf932d6b032e849cfcc5b581c66de2aa7dfc45434b98bd2a1a663731730b7
CLIENT_HANDSHAKE_TRAFFIC_SECRET 06d3be528ac0b549885cc54f9047929005eb31f6b648a4ca16fe5a5397ea7680 bc15539b4fcc58eb11f84428a5025d00b3e5500ecf869f7c3bf677afb601317a
SERVER_TRAFFIC_SECRET_0 06d3be528ac0b549885cc54f9047929005eb31f6b648a4ca16fe5a5397ea7680 cfea6bedd66749e59af4d4d9d690c731bc5ff7d65f75de3d3db8fec32b953ef9
CLIENT_TRAFFIC_SECRET_0 06d3be528ac0b549885cc54f9047929005eb31f6b648a4ca16fe5a5397ea7680 8a5902f6fe9ecc95f63823dab38562879c9be86039ceda74947e241f751ad00c
SERVER_HANDSHAKE_TRAFFIC_SECRET 117b635187867ab9816730faf824331bb1e19a99a881d109d4e041b655cbfcab 6b20496bf39020d3a2a1692787637d220acba35d19952a9e622304afa670c6b0
CLIENT_HANDSHAKE_TRAFFIC_SECRET 117b635187867ab9816730faf824331bb1e19a99a881d109d4e041b655cbfcab 4b6fa4d4ca29f57a974c6a944af8528ad2edc092498bf060842e574373d07882
SERVER_TRAFFIC_SECRET_0 117b635187867ab9816730faf824331bb1e19a99a881d109d4e041b655cbfcab d046074402667de34edee8c4f15307580a5d4fcb75d44cdc4f626fb2cb88b493
CLIENT_TRAFFIC_SECRET_0 117b635187867ab9816730faf824331bb1e19a99a881d109d4e041b655cbfcab f5140dac1e7feb58d8295fef871d8ba4da6d411775f54949d1e6cc2768de1a4d
SERVER_HANDSHAKE_TRAFFIC_SECRET f698799750004248e4b0dcb071a994d2149b962d0662e8ec490110be422f88c0 42590723487c5ebd72e7851a58abbf2ffa8dd8235ea82d197f7e723b8509d0ab
CLIENT_HANDSHAKE_TRAFFIC_SECRET f698799750004248e4b0dcb071a994d2149b962d0662e8ec490110be422f88c0 a1ccd26f35459b0e6d2ae186a103303d6582a43cdd9c9aa6c2b01d7e80cbcaca
SERVER_TRAFFIC_SECRET_0 f698799750004248e4b0dcb071a994d2149b962d0662e8ec490110be422f88c0 70794fd5b0e00d4ed9dfa68cc486499ef83cb0dd90d7deb5d70d0fea9af410d2
CLIENT_TRAFFIC_SECRET_0 f698799750004248e4b0dcb071a994d2149b962d0662e8ec490110be422f88c0 ac94614a37b536767fc1348f7015803b1e077dcce5b92d233244c02726ed490c
SERVER_HANDSHAKE_TRAFFIC_SECRET 02692f7802703294cad4e03da95b2815a69f19f06d2010adc66726da5fd23f48 8ef12638f6b6347d86b1877cb967c0c557a32a7c3518e368c3e55c3d4f8229c0
CLIENT_HANDSHAKE_TRAFFIC_SECRET 02692f7802703294cad4e03da95b2815a69f19f06d2010adc66726da5fd23f48 482cd14cc00d6489658e80deda26f7fc602a8ac30eaed2e3d734f0650785105a
SERVER_TRAFFIC_SECRET_0 02692f7802703294cad4e03da95b2815a69f19f06d2010adc66726da5fd23f48 0a32e00fa305a492aa93c2ca92285b79664af51f8a699d7ebf17d51e71b9f5ea
CLIENT_TRAFFIC_SECRET_0 02692f7802703294cad4e03da95b2815a69f19f06d2010adc66726da5fd23f48 860905648b1e1e229519f162cf571943063443bc52222b5cb78adf5287657546
SERVER_HANDSHAKE_TRAFFIC_SECRET f6cf95ffea9033ed3237767da42c9f60b2b121f6ca3855522849148f89eeb16e e3b354674421c6959a52c0c499294f2cbcec4c22d808167e74bc57542759bbc2
CLIENT_HANDSHAKE_TRAFFIC_SECRET f6cf95ffea9033ed3237767da42c9f60b2b121f6ca3855522849148f89eeb16e 7239d224741ff209da4b33ce30e25f9be623a11165deb3971712ee73ab363035
SERVER_TRAFFIC_SECRET_0 f6cf95ffea9033ed3237767da42c9f60b2b121f6ca3855522849148f89eeb16e 3c0d9529e2fd2790bdd87890b6928f04a2e373437535992c9ebd106fb1a181d6
CLIENT_TRAFFIC_SECRET_0 f6cf95ffea9033ed3237767da42c9f60b2b121f6ca3855522849148f89eeb16e 1578827fe74774fc1d2c5e61df8e8a633a98be226452ebf16bd38338e2ffc7ef
SERVER_HANDSHAKE_TRAFFIC_SECRET bf91817f69412a56471ef518e048e15081c21f72f1cdcab52f07bd576e8afa81 be353ce1a9df211865ceaf4107828283693401d98823dff4aff52acb377f79de
CLIENT_HANDSHAKE_TRAFFIC_SECRET bf91817f69412a56471ef518e048e15081c21f72f1cdcab52f07bd576e8afa81 fb38fdd82be53808d8f36d13529cf0d7eb2ede83176097c8c57de0da3b95ad64
SERVER_TRAFFIC_SECRET_0 bf91817f69412a56471ef518e048e15081c21f72f1cdcab52f07bd576e8afa81 5c8a4e03c81a7d1c8f6c07c6a6453b3bab8fec97b84d3fb7193e9847f2612681
CLIENT_TRAFFIC_SECRET_0 bf91817f69412a56471ef518e048e15081c21f72f1cdcab52f07bd576e8afa81 9697f858cd1700c68900d0793b327f8fd339e2fabc4332bf4ba8d679c4224a36
SERVER_HANDSHAKE_TRAFFIC_SECRET ad6bb5939e599d90d7853184e0b69debe887a0c368ab4282c6a312b0e54f79d8 461fecad4b92266e740df0cbcd9a79d57c71d0c80bf1315cd194db1701b44c5c
CLIENT_HANDSHAKE_TRAFFIC_SECRET ad6bb5939e599d90d7853184e0b69debe887a0c368ab4282c6a312b0e54f79d8 7c59aadcd16ea6e05799bd6dcdf047ff047baf01731a45ed2df7c9464dca3074
SERVER_TRAFFIC_SECRET_0 ad6bb5939e599d90d7853184e0b69debe887a0c368ab4282c6a312b0e54f79d8 2b44226f05544dc677185280291dd80693e9012c0a9f404ea49386655bfe4132
CLIENT_TRAFFIC_SECRET_0 ad6bb5939e599d90d7853184e0b69debe887a0c368ab4282c6a312b0e54f79d8 217889f87a3f5efb06805498b382122b319513a7280598099fce40dcc81a7d65
SERVER_HANDSHAKE_TRAFFIC_SECRET 5294652eaa9814741bb7ccfed7832ef4a1753c07163fbf9c3b36eb556405258b 0d2b6761949c48cd2e17d7a894c28a5913ec5b2da99759446e29980dfcc8180d
CLIENT_HANDSHAKE_TRAFFIC_SECRET 5294652eaa9814741bb7ccfed7832ef4a1753c07163fbf9c3b36eb556405258b e37beb2b9137ec077cc6bf682c3dbf45aa4472fac2d8798801d1b757c671018e
SERVER_TRAFFIC_SECRET_0 5294652eaa9814741bb7ccfed7832ef4a1753c07163fbf9c3b36eb556405258b 1f24970ca0040ff900c0d421f2b4aafc3d8b7f557b5cb81f06098b9524868ffe
CLIENT_TRAFFIC_SECRET_0 5294652eaa9814741bb7ccfed7832ef4a1753c07163fbf9c3b36eb556405258b 395c0276c3ce796aab042c17482481f7b3051c52837ca5a87e3c74b6849428c9
SERVER_HANDSHAKE_TRAFFIC_SECRET 1ce9abf855d6f12c636bbe1add8e51ed64a75becc9189e85d677ac77f4b9c96c 55a6eae6fb1fdeb5ded0af70b9dc3ba1f6321659aed6da9f8ef157ef2ff2de57
CLIENT_HANDSHAKE_TRAFFIC_SECRET 1ce9abf855d6f12c636bbe1add8e51ed64a75becc9189e85d677ac77f4b9c96c 53ec35099ed938d04dd6a0608cca9677e668f2b5f223c827abd84d3e22aac829
SERVER_TRAFFIC_SECRET_0 1ce9abf855d6f12c636bbe1add8e51ed64a75becc9189e85d677ac77f4b9c96c 52f61ec086a8cc04c2628777fae9837c3337146db7bfa814cbc81018388231e5
CLIENT_TRAFFIC_SECRET_0 1ce9abf855d6f12c636bbe1add8e51ed64a75becc9189e85d677ac77f4b9c96c 9e18c6d7373fe7f659362d8295ad92a46048540d7967121088c56a528ca34c18
SERVER_HANDSHAKE_TRAFFIC_SECRET 62fb9a5a62e02e7f127ab3a6a8de2db60ee5688470d652d245b0d31e45b12542 a96bb12896d2bbed0151cd83f36859a6976954eeb90c363b9488715a13fab0ad
CLIENT_HANDSHAKE_TRAFFIC_SECRET 62fb9a5a62e02e7f127ab3a6a8de2db60ee5688470d652d245b0d31e45b12542 1e157e24a9e4570aa143cedbfd981ee776b4cdcaf637c19e3bbcbc90aff3727a
SERVER_TRAFFIC_SECRET_0 62fb9a5a62e02e7f127ab3a6a8de2db60ee5688470d652d245b0d31e45b12542 d3abef3ed91087ed9d3b5121aab846b4b7a3648308acd54574b3b09f71ea5298
CLIENT_TRAFFIC_SECRET_0 62fb9a5a62e02e7f127ab3a6a8de2db60ee5688470d652d245b0d31e45b12542 5550e5f979a5b06787f02353109d1869f6c21a7d6c37e2248606ce0751e8abd4
SERVER_HANDSHAKE_TRAFFIC_SECRET 0afe6babbe0325ced7ffead37845ac63e2f094bdcaa0bb9a1e4b8665e0fc828d c4647404b9751a9a4a14c0efbc665eb5d0b82a629246b674fdeed9dcc63c041e
CLIENT_HANDSHAKE_TRAFFIC_SECRET 0afe6babbe0325ced7ffead37845ac63e2f094bdcaa0bb9a1e4b8665e0fc828d 4e0f6560ba2442b1b28f5c961b251d8c1c1e5e200251cba91d25e5ea923fcd90
SERVER_TRAFFIC_SECRET_0 0afe6babbe0325ced7ffead37845ac63e2f094bdcaa0bb9a1e4b8665e0fc828d 458006a99d3eaac548774eac76167b737b1c526524a010c45b0019f489c0ee00
CLIENT_TRAFFIC_SECRET_0 0afe6babbe0325ced7ffead37845ac63e2f094bdcaa0bb9a1e4b8665e0fc828d 2ffa84fda50d519d9a0d8d00632ec8d660ebac14025f66488598559179309b8a
SERVER_HANDSHAKE_TRAFFIC_SECRET 00fed2850c3874694f0deeee344df463ff7774e1002891bdbbccb47fe89fecac 2650db460ead9ddca7acce0644baf82dc13a559a986b1b5212a31754b37d713b
CLIENT_HANDSHAKE_TRAFFIC_SECRET 00fed2850c3874694f0deeee344df463ff7774e1002891bdbbccb47fe89fecac 7a3275e7f784f7c59835ed8bcce2d4fbc340f855c948f4358215ffd0d08b4f69
SERVER_TRAFFIC_SECRET_0 00fed2850c3874694f0deeee344df463ff7774e1002891bdbbccb47fe89fecac d97f0f5ce0e24586f7abc44a8abe2a3cbc48afe5bb1180f9e8d80d0d3be9ef9e
CLIENT_TRAFFIC_SECRET_0 00fed2850c3874694f0deeee344df463ff7774e1002891bdbbccb47fe89fecac 30e569639c5846a51f77d4b0bc921b86164912db8cbb04acedaf434936e59145
SERVER_HANDSHAKE_TRAFFIC_SECRET a8dccfa49b75d30d35c8bea8357dfe1ce073a48cf05b78c2a829709af9937625 55d764cc9de83031648228088598d99cb592450354f648c2cf783ff93fd70e22
CLIENT_HANDSHAKE_TRAFFIC_SECRET a8dccfa49b75d30d35c8bea8357dfe1ce073a48cf05b78c2a829709af9937625 9f14700c14e24a98a6bb0af8d264b6e7f724ef0141a68cb5c701e00f96dd4271
SERVER_TRAFFIC_SECRET_0 a8dccfa49b75d30d35c8bea8357dfe1ce073a48cf05b78c2a829709af9937625 5ac3c6cbdf14eedd96ea17b6b987f6ebc36c07e5b5275ed5e4906ccec82a7ea0
CLIENT_TRAFFIC_SECRET_0 a8dccfa49b75d30d35c8bea8357dfe1ce073a48cf05b78c2a829709af9937625 a042597487f2bb959ec5933c677ddce8ecaf2ae9cebad29b1df159d39079f5e2
SERVER_HANDSHAKE_TRAFFIC_SECRET 0ad9564ad7e540d0ddf8fc77700be9900f3e79cff2cd9743481ba9a296dc91ab c8b3ede4ae4cc83a0057f64ada978c78d394e58e922a99fe298530a3c31268a0
CLIENT_HANDSHAKE_TRAFFIC_SECRET 0ad9564ad7e540d0ddf8fc77700be9900f3e79cff2cd9743481ba9a296dc91ab 4de199250c5754d218307a192eb6793413b4b2e5f8103e853eca5e6ad2c81bd8
SERVER_TRAFFIC_SECRET_0 0ad9564ad7e540d0ddf8fc77700be9900f3e79cff2cd9743481ba9a296dc91ab 6863c272fdae8fc32f1071a48811f7330e60275965afa16f036e69fa213e560d
CLIENT_TRAFFIC_SECRET_0 0ad9564ad7e540d0ddf8fc77700be9900f3e79cff2cd9743481ba9a296dc91ab 13b64f8d40a399a4bdf239fd794bb5e940e67efb9af2efc249ed53add1330f46
SERVER_HANDSHAKE_TRAFFIC_SECRET 854b227b66f5557852f6666419d39669092dcf563830ef88a6b53ba7d119df13 b3ed597dae1aef021358b4ebf0d081569c9d8f1cfe94531c1869195bb26a6648
CLIENT_HANDSHAKE_TRAFFIC_SECRET 854b227b66f5557852f6666419d39669092dcf563830ef88a6b53ba7d119df13 c5ff154b0343e082b384fe6f0b2e50a1dcd4bb7c447fd260b3d165e98a37fc97
SERVER_TRAFFIC_SECRET_0 854b227b66f5557852f6666419d39669092dcf563830ef88a6b53ba7d119df13 07d8b4ba0fe00997b8383d4c4ef051f8da08cfc66df023e0887c004b661a105d
CLIENT_TRAFFIC_SECRET_0 854b227b66f5557852f6666419d39669092dcf563830ef88a6b53ba7d119df13 8ccb41abc86a2412aeb9b21dca1a494b43d2bbf2539e5bea024ddaa9c526032b
SERVER_HANDSHAKE_TRAFFIC_SECRET 89b3dae429eee91d3c96608e2a0e48cadafaeb8776d74de3405c25fd892a3e69 a5fd8d80b05489a9e28ec6712545aa916d7a13cf9f7e5ce1b29783107bb10f0b
CLIENT_HANDSHAKE_TRAFFIC_SECRET 89b3dae429eee91d3c96608e2a0e48cadafaeb8776d74de3405c25fd892a3e69 637f36fcd113fdd7dab8f65089d437ee45bf838c6369b05441f61cb292943252
SERVER_TRAFFIC_SECRET_0 89b3dae429eee91d3c96608e2a0e48cadafaeb8776d74de3405c25fd892a3e69 e6ad14625489dfc336da346d0916ef12d9b93f1539b375849c9be7e25da636c5
CLIENT_TRAFFIC_SECRET_0 89b3dae429eee91d3c96608e2a0e48cadafaeb8776d74de3405c25fd892a3e69 91d0ef35a2d2ff01d648205418ecf9b850de976fddb3ec1b9e17fe56dbbe7ad8
SERVER_HANDSHAKE_TRAFFIC_SECRET 1158a8912471a23df7ccfee23d9f3ce5075a0dbf1def1fa062ce98743d1514a1 b479f254dfb6e6843eb80999010f362c2b80d065def0114d4e7cd70256f38206
CLIENT_HANDSHAKE_TRAFFIC_SECRET 1158a8912471a23df7ccfee23d9f3ce5075a0dbf1def1fa062ce98743d1514a1 920984c4adc6b38d1a974176ba3b8abafef3c6d32ae4448f0c8d9d85632926be
SERVER_TRAFFIC_SECRET_0 1158a8912471a23df7ccfee23d9f3ce5075a0dbf1def1fa062ce98743d1514a1 4d108af13c2465ddb975a171ed6b572bcfe0845f35071cb2f6f3dfbed984fdbf
CLIENT_TRAFFIC_SECRET_0 1158a8912471a23df7ccfee23d9f3ce5075a0dbf1def1fa062ce98743d1514a1 60e3f7d9ddcbb61e60cda83692c0b9e6ffe9dea6d0ea28a8ddff4b6d176f55bc
SERVER_HANDSHAKE_TRAFFIC_SECRET 6a6aed01352b8885d71a938a2752072a4e92383c8cb71b11e508256f0ef490bc 9aa93279c7e49275bd2ff191c4d2406b5d8d29a49b40865b4868911d5f4fb17f
CLIENT_HANDSHAKE_TRAFFIC_SECRET 6a6aed01352b8885d71a938a2752072a4e92383c8cb71b11e508256f0ef490bc c0586f77b92f5d7b6517a3ee1f3cac189094215668c1616cd5c27c2d5fba7d41
SERVER_TRAFFIC_SECRET_0 6a6aed01352b8885d71a938a2752072a4e92383c8cb71b11e508256f0ef490bc 6dbb5484618d06a5abd32aba01f178e986d381d21203dec53f3cbbe179e310b7
CLIENT_TRAFFIC_SECRET_0 6a6aed01352b8885d71a938a2752072a4e92383c8cb71b11e508256f0ef490bc ee4a34f762875e4c8bcc817f051d792ca7c409c4a93df9eabce072190ceda038
