SERVER_HANDSHAKE_TRAFFIC_SECRET 65679ebd67c7ec79969dedb7398364cc13c7cf98693cfea2802a0f598ebcc489 7545834b48b0902c181b35a41d4330e4d3b3bed7e2c2be3adec5f7da3f4dcd6c
CLIENT_HANDSHAKE_TRAFFIC_SECRET 65679ebd67c7ec79969dedb7398364cc13c7cf98693cfea2802a0f598ebcc489 e6d50452fe73b0db36f3c4d29920d016996afe0ce531baf800705fa7e6826164
SERVER_TRAFFIC_SECRET_0 65679ebd67c7ec79969dedb7398364cc13c7cf98693cfea2802a0f598ebcc489 e2cf5d9301bf2e3dbc076cdf885a631e7b684e269a39594dd9fab99617576ac9
SERVER_HANDSHAKE_TRAFFIC_SECRET 65679ebd67c7ec79969dedb7398364cc13c7cf98693cfea2802a0f598ebcc489 7545834b48b0902c181b35a41d4330e4d3b3bed7e2c2be3adec5f7da3f4dcd6c
CLIENT_HANDSHAKE_TRAFFIC_SECRET 65679ebd67c7ec79969dedb7398364cc13c7cf98693cfea2802a0f598ebcc489 e6d50452fe73b0db36f3c4d29920d016996afe0ce531baf800705fa7e6826164
SERVER_TRAFFIC_SECRET_0 65679ebd67c7ec79969dedb7398364cc13c7cf98693cfea2802a0f598ebcc489 e2cf5d9301bf2e3dbc076cdf885a631e7b684e269a39594dd9fab99617576ac9
CLIENT_TRAFFIC_SECRET_0 65679ebd67c7ec79969dedb7398364cc13c7cf98693cfea2802a0f598ebcc489 ff9ad184cc85c2c8a97cf949ac3b68e222f6d95594a364d7fb7f5924a39a6626
CLIENT_TRAFFIC_SECRET_0 65679ebd67c7ec79969dedb7398364cc13c7cf98693cfea2802a0f598ebcc489 ff9ad184cc85c2c8a97cf949ac3b68e222f6d95594a364d7fb7f5924a39a6626
SERVER_HANDSHAKE_TRAFFIC_SECRET 0c3ab447abd15eb239a830e0964cd02813f59a9402057e122c12439a9aeae21d a26523e6b97bd6aeb1ebc1331bbe551dc1f1d7c7e9d3e8ad30a32f81e60a397c
CLIENT_HANDSHAKE_TRAFFIC_SECRET 0c3ab447abd15eb239a830e0964cd02813f59a9402057e122c12439a9aeae21d 01b61d152f69b9d025bc903294560436e6a0e78fcc9c634a93f4552484bbbc1b
SERVER_TRAFFIC_SECRET_0 0c3ab447abd15eb239a830e0964cd02813f59a9402057e122c12439a9aeae21d 6d76fdd17128cb59725267b34cd95c0ec453795a05ac62d79e45d02e826bcc37
SERVER_HANDSHAKE_TRAFFIC_SECRET 0c3ab447abd15eb239a830e0964cd02813f59a9402057e122c12439a9aeae21d a26523e6b97bd6aeb1ebc1331bbe551dc1f1d7c7e9d3e8ad30a32f81e60a397c
CLIENT_HANDSHAKE_TRAFFIC_SECRET 0c3ab447abd15eb239a830e0964cd02813f59a9402057e122c12439a9aeae21d 01b61d152f69b9d025bc903294560436e6a0e78fcc9c634a93f4552484bbbc1b
SERVER_TRAFFIC_SECRET_0 0c3ab447abd15eb239a830e0964cd02813f59a9402057e122c12439a9aeae21d 6d76fdd17128cb59725267b34cd95c0ec453795a05ac62d79e45d02e826bcc37
CLIENT_TRAFFIC_SECRET_0 0c3ab447abd15eb239a830e0964cd02813f59a9402057e122c12439a9aeae21d a412ede08f6cc61d8d82223d536d684f15b6c5ccf209da3ee74544afc528162c
CLIENT_TRAFFIC_SECRET_0 0c3ab447abd15eb239a830e0964cd02813f59a9402057e122c12439a9aeae21d a412ede08f6cc61d8d82223d536d684f15b6c5ccf209da3ee74544afc528162c
SERVER_HANDSHAKE_TRAFFIC_SECRET 206ab9ba6bd738ee1f06127082012cb092d3cbecba12c696bd6aca0c5ed8263f af0cf44f76008384f27205eae01a38704913e4d4c2ada2cdeb239453fcf41427
CLIENT_HANDSHAKE_TRAFFIC_SECRET 206ab9ba6bd738ee1f06127082012cb092d3cbecba12c696bd6aca0c5ed8263f 1d639f735d66207ee48b88f2029400a1afe80f8bc0be804bdec360d6a0da8c6b
SERVER_TRAFFIC_SECRET_0 206ab9ba6bd738ee1f06127082012cb092d3cbecba12c696bd6aca0c5ed8263f bac15840cac2c10d78221aeafb6e7aad9c243c664c57eb2268bbf61e9d8f1d5a
SERVER_HANDSHAKE_TRAFFIC_SECRET 206ab9ba6bd738ee1f06127082012cb092d3cbecba12c696bd6aca0c5ed8263f af0cf44f76008384f27205eae01a38704913e4d4c2ada2cdeb239453fcf41427
CLIENT_HANDSHAKE_TRAFFIC_SECRET 206ab9ba6bd738ee1f06127082012cb092d3cbecba12c696bd6aca0c5ed8263f 1d639f735d66207ee48b88f2029400a1afe80f8bc0be804bdec360d6a0da8c6b
SERVER_TRAFFIC_SECRET_0 206ab9ba6bd738ee1f06127082012cb092d3cbecba12c696bd6aca0c5ed8263f bac15840cac2c10d78221aeafb6e7aad9c243c664c57eb2268bbf61e9d8f1d5a
CLIENT_TRAFFIC_SECRET_0 206ab9ba6bd738ee1f06127082012cb092d3cbecba12c696bd6aca0c5ed8263f e58a241569c5f154f0374a2267d39f2f674cfe9c35707411f08e99d40952edb3
CLIENT_TRAFFIC_SECRET_0 206ab9ba6bd738ee1f06127082012cb092d3cbecba12c696bd6aca0c5ed8263f e58a241569c5f154f0374a2267d39f2f674cfe9c35707411f08e99d40952edb3
SERVER_HANDSHAKE_TRAFFIC_SECRET d2eb5f781d1fca487e7614e1fed7ad4e4e27bad78eaafde22e505244bac7f786 9c079560286166e1853d2658babcba9584f291b0ce0b6d2f5e7ee88e0055d478
CLIENT_HANDSHAKE_TRAFFIC_SECRET d2eb5f781d1fca487e7614e1fed7ad4e4e27bad78eaafde22e505244bac7f786 cca68269817e9de2ee7fb6de5882e8442cb93fc2748a85eb69729003da48c1ca
SERVER_TRAFFIC_SECRET_0 d2eb5f781d1fca487e7614e1fed7ad4e4e27bad78eaafde22e505244bac7f786 fb5f4b36d3fd661cef2f0e60cfa91471156dd5be4535119d95ea1aac8cc071d3
SERVER_HANDSHAKE_TRAFFIC_SECRET d2eb5f781d1fca487e7614e1fed7ad4e4e27bad78eaafde22e505244bac7f786 9c079560286166e1853d2658babcba9584f291b0ce0b6d2f5e7ee88e0055d478
CLIENT_HANDSHAKE_TRAFFIC_SECRET d2eb5f781d1fca487e7614e1fed7ad4e4e27bad78eaafde22e505244bac7f786 cca68269817e9de2ee7fb6de5882e8442cb93fc2748a85eb69729003da48c1ca
SERVER_TRAFFIC_SECRET_0 d2eb5f781d1fca487e7614e1fed7ad4e4e27bad78eaafde22e505244bac7f786 fb5f4b36d3fd661cef2f0e60cfa91471156dd5be4535119d95ea1aac8cc071d3
CLIENT_TRAFFIC_SECRET_0 d2eb5f781d1fca487e7614e1fed7ad4e4e27bad78eaafde22e505244bac7f786 c8e12ee74ca7857996b005f05ff2d806d877efcabd473d9d0aab16b483d13a20
CLIENT_TRAFFIC_SECRET_0 d2eb5f781d1fca487e7614e1fed7ad4e4e27bad78eaafde22e505244bac7f786 c8e12ee74ca7857996b005f05ff2d806d877efcabd473d9d0aab16b483d13a20
SERVER_HANDSHAKE_TRAFFIC_SECRET 03ef75b9a14f1b90c039deed2e9dfae4380ca1b635f9204f187f6b2a353133aa 8386d2b8f245813b3d95489405a84faf23616547fe9145dd71644e5799c5396d
CLIENT_HANDSHAKE_TRAFFIC_SECRET 03ef75b9a14f1b90c039deed2e9dfae4380ca1b635f9204f187f6b2a353133aa d20413e37dcc0c24a664e65f7d10d102e73f18fc04a15dae9f9473f06aedccf0
SERVER_TRAFFIC_SECRET_0 03ef75b9a14f1b90c039deed2e9dfae4380ca1b635f9204f187f6b2a353133aa 59cd8bcb10ac9acb70f406b39992ffdd7d2a5fbbaf4b0b758dd0ad2a5447139f
SERVER_HANDSHAKE_TRAFFIC_SECRET 03ef75b9a14f1b90c039deed2e9dfae4380ca1b635f9204f187f6b2a353133aa 8386d2b8f245813b3d95489405a84faf23616547fe9145dd71644e5799c5396d
CLIENT_HANDSHAKE_TRAFFIC_SECRET 03ef75b9a14f1b90c039deed2e9dfae4380ca1b635f9204f187f6b2a353133aa d20413e37dcc0c24a664e65f7d10d102e73f18fc04a15dae9f9473f06aedccf0
SERVER_TRAFFIC_SECRET_0 03ef75b9a14f1b90c039deed2e9dfae4380ca1b635f9204f187f6b2a353133aa 59cd8bcb10ac9acb70f406b39992ffdd7d2a5fbbaf4b0b758dd0ad2a5447139f
CLIENT_TRAFFIC_SECRET_0 03ef75b9a14f1b90c039deed2e9dfae4380ca1b635f9204f187f6b2a353133aa 367c688d149e50204ab262e6a3e25b92980cb6c2b9e029cbeaa20059de024ab2
CLIENT_TRAFFIC_SECRET_0 03ef75b9a14f1b90c039deed2e9dfae4380ca1b635f9204f187f6b2a353133aa 367c688d149e50204ab262e6a3e25b92980cb6c2b9e029cbeaa20059de024ab2
SERVER_HANDSHAKE_TRAFFIC_SECRET 2ce2dd2182b9ded3ea99add9def5bbea22bf04e036b375fedba2ae6927d319db acddf5de45dc0710ca55c6e7fc200164a42aeeb61318b457b69ec710a9b794bb
CLIENT_HANDSHAKE_TRAFFIC_SECRET 2ce2dd2182b9ded3ea99add9def5bbea22bf04e036b375fedba2ae6927d319db 2ae024e45de21eca0ba792900bf98a3d24b32bf662ec9a17b61eac22ab6668ac
SERVER_TRAFFIC_SECRET_0 2ce2dd2182b9ded3ea99add9def5bbea22bf04e036b375fedba2ae6927d319db a7ef974f71f6c925fce26d22c4b823bf15815fcc460a43e15a83b88a4b7d3c72
SERVER_HANDSHAKE_TRAFFIC_SECRET 2ce2dd2182b9ded3ea99add9def5bbea22bf04e036b375fedba2ae6927d319db acddf5de45dc0710ca55c6e7fc200164a42aeeb61318b457b69ec710a9b794bb
CLIENT_HANDSHAKE_TRAFFIC_SECRET 2ce2dd2182b9ded3ea99add9def5bbea22bf04e036b375fedba2ae6927d319db 2ae024e45de21eca0ba792900bf98a3d24b32bf662ec9a17b61eac22ab6668ac
SERVER_TRAFFIC_SECRET_0 2ce2dd2182b9ded3ea99add9def5bbea22bf04e036b375fedba2ae6927d319db a7ef974f71f6c925fce26d22c4b823bf15815fcc460a43e15a83b88a4b7d3c72
CLIENT_TRAFFIC_SECRET_0 2ce2dd2182b9ded3ea99add9def5bbea22bf04e036b375fedba2ae6927d319db 6193b01b3ad240b95ec71598389038ccdb79c76b2a1814e0f27192e708ffd824
CLIENT_TRAFFIC_SECRET_0 2ce2dd2182b9ded3ea99add9def5bbea22bf04e036b375fedba2ae6927d319db 6193b01b3ad240b95ec71598389038ccdb79c76b2a1814e0f27192e708ffd824
SERVER_HANDSHAKE_TRAFFIC_SECRET 36a9f2c359060918dffab26d3c749ebbc141c5946272c4d637465aeb416730ba fb868d89665da93e4c2f694be9b069d8733eaeb8f45f6ec485b5a9e259861289
CLIENT_HANDSHAKE_TRAFFIC_SECRET 36a9f2c359060918dffab26d3c749ebbc141c5946272c4d637465aeb416730ba 5062b43f1580bb1742c8bccf3a86cfb80bcf3d9374033751849e9221c6a91e84
SERVER_TRAFFIC_SECRET_0 36a9f2c359060918dffab26d3c749ebbc141c5946272c4d637465aeb416730ba 47a8d5b09d4280660a0a62e8c315494f5d9db7303165f1ed2a5856f632a7988b
SERVER_HANDSHAKE_TRAFFIC_SECRET 36a9f2c359060918dffab26d3c749ebbc141c5946272c4d637465aeb416730ba fb868d89665da93e4c2f694be9b069d8733eaeb8f45f6ec485b5a9e259861289
CLIENT_HANDSHAKE_TRAFFIC_SECRET 36a9f2c359060918dffab26d3c749ebbc141c5946272c4d637465aeb416730ba 5062b43f1580bb1742c8bccf3a86cfb80bcf3d9374033751849e9221c6a91e84
SERVER_TRAFFIC_SECRET_0 36a9f2c359060918dffab26d3c749ebbc141c5946272c4d637465aeb416730ba 47a8d5b09d4280660a0a62e8c315494f5d9db7303165f1ed2a5856f632a7988b
CLIENT_TRAFFIC_SECRET_0 36a9f2c359060918dffab26d3c749ebbc141c5946272c4d637465aeb416730ba c7f08aba33dfbf660a304afd7e10cb34394c6e02501e95140107830f7ea8559a
CLIENT_TRAFFIC_SECRET_0 36a9f2c359060918dffab26d3c749ebbc141c5946272c4d637465aeb416730ba c7f08aba33dfbf660a304afd7e10cb34394c6e02501e95140107830f7ea8559a
SERVER_HANDSHAKE_TRAFFIC_SECRET c47fca4d63451e23e8c4449972b11103f821e2c2e1986c9210994b388904c483 f8c484638885f6ff9996f3845f398eea68ec8ffd5ab63c572f90ed55f05cce59
CLIENT_HANDSHAKE_TRAFFIC_SECRET c47fca4d63451e23e8c4449972b11103f821e2c2e1986c9210994b388904c483 04f94e1132338d1fe99f5655dbe8fde1bf67dfd72158551776cc5505410b14b7
SERVER_TRAFFIC_SECRET_0 c47fca4d63451e23e8c4449972b11103f821e2c2e1986c9210994b388904c483 1fe7b0d46542a1a97c99e9b2e92f392c5374dcc83a82a0805caac0b46341b5a1
SERVER_HANDSHAKE_TRAFFIC_SECRET c47fca4d63451e23e8c4449972b11103f821e2c2e1986c9210994b388904c483 f8c484638885f6ff9996f3845f398eea68ec8ffd5ab63c572f90ed55f05cce59
CLIENT_HANDSHAKE_TRAFFIC_SECRET c47fca4d63451e23e8c4449972b11103f821e2c2e1986c9210994b388904c483 04f94e1132338d1fe99f5655dbe8fde1bf67dfd72158551776cc5505410b14b7
SERVER_TRAFFIC_SECRET_0 c47fca4d63451e23e8c4449972b11103f821e2c2e1986c9210994b388904c483 1fe7b0d46542a1a97c99e9b2e92f392c5374dcc83a82a0805caac0b46341b5a1
CLIENT_TRAFFIC_SECRET_0 c47fca4d63451e23e8c4449972b11103f821e2c2e1986c9210994b388904c483 96615251527f2ab49fe044fbc107f1e5d2143934526ae2debb93d7ab557d75d9
CLIENT_TRAFFIC_SECRET_0 c47fca4d63451e23e8c4449972b11103f821e2c2e1986c9210994b388904c483 96615251527f2ab49fe044fbc107f1e5d2143934526ae2debb93d7ab557d75d9
SERVER_HANDSHAKE_TRAFFIC_SECRET 1281441685cff221c39ceb3e89b1d69809f679737334021251532c860a964bd4 5ab537001177fcdcbf544baaeb0235c3b2a8c317f4bffabfe995c033fb064157
CLIENT_HANDSHAKE_TRAFFIC_SECRET 1281441685cff221c39ceb3e89b1d69809f679737334021251532c860a964bd4 2adb65352038d19a72642081735b5c5defc549e7e7b035c01fb4c5dac6bef2d2
SERVER_TRAFFIC_SECRET_0 1281441685cff221c39ceb3e89b1d69809f679737334021251532c860a964bd4 edfecefcc77f7f50f2c8f77452207382daa556e2d4d09a3df316e87cb4b30dfd
SERVER_HANDSHAKE_TRAFFIC_SECRET 1281441685cff221c39ceb3e89b1d69809f679737334021251532c860a964bd4 5ab537001177fcdcbf544baaeb0235c3b2a8c317f4bffabfe995c033fb064157
CLIENT_HANDSHAKE_TRAFFIC_SECRET 1281441685cff221c39ceb3e89b1d69809f679737334021251532c860a964bd4 2adb65352038d19a72642081735b5c5defc549e7e7b035c01fb4c5dac6bef2d2
SERVER_TRAFFIC_SECRET_0 1281441685cff221c39ceb3e89b1d69809f679737334021251532c860a964bd4 edfecefcc77f7f50f2c8f77452207382daa556e2d4d09a3df316e87cb4b30dfd
CLIENT_TRAFFIC_SECRET_0 1281441685cff221c39ceb3e89b1d69809f679737334021251532c860a964bd4 cd73b559a95364a9c93de6e5c766606d478aff9931d8f8964ce25f0d9382d3b6
CLIENT_TRAFFIC_SECRET_0 1281441685cff221c39ceb3e89b1d69809f679737334021251532c860a964bd4 cd73b559a95364a9c93de6e5c766606d478aff9931d8f8964ce25f0d9382d3b6
SERVER_HANDSHAKE_TRAFFIC_SECRET e0bdc1d56fd0a056e89bc7bc2a3c7c14210141aa0faf183b7f949891d66528c3 a14d62d2f71be6fbbc6165e44bdd3b37c5890a0fc59d7d80827d09efe745c6bd
CLIENT_HANDSHAKE_TRAFFIC_SECRET e0bdc1d56fd0a056e89bc7bc2a3c7c14210141aa0faf183b7f949891d66528c3 9ff74523526e2d675fb7a511f32f8f1cd9a344d21302ec2a52a84a51a1bf3e70
SERVER_TRAFFIC_SECRET_0 e0bdc1d56fd0a056e89bc7bc2a3c7c14210141aa0faf183b7f949891d66528c3 87e04a2d4a301f2308bdbead4e88296b1062c5fd52999925d0832e5bdc718792
SERVER_HANDSHAKE_TRAFFIC_SECRET e0bdc1d56fd0a056e89bc7bc2a3c7c14210141aa0faf183b7f949891d66528c3 a14d62d2f71be6fbbc6165e44bdd3b37c5890a0fc59d7d80827d09efe745c6bd
CLIENT_HANDSHAKE_TRAFFIC_SECRET e0bdc1d56fd0a056e89bc7bc2a3c7c14210141aa0faf183b7f949891d66528c3 9ff74523526e2d675fb7a511f32f8f1cd9a344d21302ec2a52a84a51a1bf3e70
SERVER_TRAFFIC_SECRET_0 e0bdc1d56fd0a056e89bc7bc2a3c7c14210141aa0faf183b7f949891d66528c3 87e04a2d4a301f2308bdbead4e88296b1062c5fd52999925d0832e5bdc718792
CLIENT_TRAFFIC_SECRET_0 e0bdc1d56fd0a056e89bc7bc2a3c7c14210141aa0faf183b7f949891d66528c3 401087fad8448594f58d478434eb7c20c1e12eff81c6cfaafa124b8ed5c62abe
CLIENT_TRAFFIC_SECRET_0 e0bdc1d56fd0a056e89bc7bc2a3c7c14210141aa0faf183b7f949891d66528c3 401087fad8448594f58d478434eb7c20c1e12eff81c6cfaafa124b8ed5c62abe
SERVER_HANDSHAKE_TRAFFIC_SECRET b7bdc96e48faa31cb00e7a71ebc72f6ab4af467debab6df84ec5ddd30f52bb1d 3273be26077b9d7b62934b98c9a2d1bebe852f8926477a00d5d5c42e63466f3c
CLIENT_HANDSHAKE_TRAFFIC_SECRET b7bdc96e48faa31cb00e7a71ebc72f6ab4af467debab6df84ec5ddd30f52bb1d d9301d884e8d3c64140749e7907d209fc4e1f15f2d01bb1a28e1a179c6831ef3
SERVER_TRAFFIC_SECRET_0 b7bdc96e48faa31cb00e7a71ebc72f6ab4af467debab6df84ec5ddd30f52bb1d c157035f2743983e6472a610cb668f4ef630a72a2901f11ef2f8aa8e89b6acfd
SERVER_HANDSHAKE_TRAFFIC_SECRET b7bdc96e48faa31cb00e7a71ebc72f6ab4af467debab6df84ec5ddd30f52bb1d 3273be26077b9d7b62934b98c9a2d1bebe852f8926477a00d5d5c42e63466f3c
CLIENT_HANDSHAKE_TRAFFIC_SECRET b7bdc96e48faa31cb00e7a71ebc72f6ab4af467debab6df84ec5ddd30f52bb1d d9301d884e8d3c64140749e7907d209fc4e1f15f2d01bb1a28e1a179c6831ef3
SERVER_TRAFFIC_SECRET_0 b7bdc96e48faa31cb00e7a71ebc72f6ab4af467debab6df84ec5ddd30f52bb1d c157035f2743983e6472a610cb668f4ef630a72a2901f11ef2f8aa8e89b6acfd
CLIENT_TRAFFIC_SECRET_0 b7bdc96e48faa31cb00e7a71ebc72f6ab4af467debab6df84ec5ddd30f52bb1d 3ec1cbc2d681529a06a842e97a23365634182a34b4a3676e2570176472d793e6
CLIENT_TRAFFIC_SECRET_0 b7bdc96e48faa31cb00e7a71ebc72f6ab4af467debab6df84ec5ddd30f52bb1d 3ec1cbc2d681529a06a842e97a23365634182a34b4a3676e2570176472d793e6
SERVER_HANDSHAKE_TRAFFIC_SECRET 374a71ca58b7735d493f3be3e3ac4a76756d9ef8f5e6133d8891f028bdb356e7 3bc9a73e2fffaf7173fe8d1802b1263bb18b15bd1c2277a41631b51f08649037
CLIENT_HANDSHAKE_TRAFFIC_SECRET 374a71ca58b7735d493f3be3e3ac4a76756d9ef8f5e6133d8891f028bdb356e7 8aa514bdee80c00867bbe030e5e7d2de75724e3ddd6372f302dabcbbd916584a
SERVER_TRAFFIC_SECRET_0 374a71ca58b7735d493f3be3e3ac4a76756d9ef8f5e6133d8891f028bdb356e7 a5fb72a81705f9ebec049398ca52e594769a5b113b715b717f5a03477f44bc86
SERVER_HANDSHAKE_TRAFFIC_SECRET 374a71ca58b7735d493f3be3e3ac4a76756d9ef8f5e6133d8891f028bdb356e7 3bc9a73e2fffaf7173fe8d1802b1263bb18b15bd1c2277a41631b51f08649037
CLIENT_HANDSHAKE_TRAFFIC_SECRET 374a71ca58b7735d493f3be3e3ac4a76756d9ef8f5e6133d8891f028bdb356e7 8aa514bdee80c00867bbe030e5e7d2de75724e3ddd6372f302dabcbbd916584a
SERVER_TRAFFIC_SECRET_0 374a71ca58b7735d493f3be3e3ac4a76756d9ef8f5e6133d8891f028bdb356e7 a5fb72a81705f9ebec049398ca52e594769a5b113b715b717f5a03477f44bc86
CLIENT_TRAFFIC_SECRET_0 374a71ca58b7735d493f3be3e3ac4a76756d9ef8f5e6133d8891f028bdb356e7 e496044e7b81906b2848ee3254ecb75f732ce71c300c9a4a559fa3093b5b1ad1
CLIENT_TRAFFIC_SECRET_0 374a71ca58b7735d493f3be3e3ac4a76756d9ef8f5e6133d8891f028bdb356e7 e496044e7b81906b2848ee3254ecb75f732ce71c300c9a4a559fa3093b5b1ad1
SERVER_HANDSHAKE_TRAFFIC_SECRET 2b900969c5ab6a6797a45f0545052a75f94967414ed776a2c1182f34aa8c8718 71e7dc508d866e037f17c2ee01784fb70932880c0b636d8ad2500b6fb74137a1
CLIENT_HANDSHAKE_TRAFFIC_SECRET 2b900969c5ab6a6797a45f0545052a75f94967414ed776a2c1182f34aa8c8718 f4d68aa1d6cd90ab846db5fbad5cd099d9138051d56b24b8b7680d304273a00c
SERVER_TRAFFIC_SECRET_0 2b900969c5ab6a6797a45f0545052a75f94967414ed776a2c1182f34aa8c8718 d756170dd8c4c94c454cce7eb6e268c660a9bfe27f748216a4ed5ffdcee80dc0
SERVER_HANDSHAKE_TRAFFIC_SECRET 2b900969c5ab6a6797a45f0545052a75f94967414ed776a2c1182f34aa8c8718 71e7dc508d866e037f17c2ee01784fb70932880c0b636d8ad2500b6fb74137a1
CLIENT_HANDSHAKE_TRAFFIC_SECRET 2b900969c5ab6a6797a45f0545052a75f94967414ed776a2c1182f34aa8c8718 f4d68aa1d6cd90ab846db5fbad5cd099d9138051d56b24b8b7680d304273a00c
SERVER_TRAFFIC_SECRET_0 2b900969c5ab6a6797a45f0545052a75f94967414ed776a2c1182f34aa8c8718 d756170dd8c4c94c454cce7eb6e268c660a9bfe27f748216a4ed5ffdcee80dc0
CLIENT_TRAFFIC_SECRET_0 2b900969c5ab6a6797a45f0545052a75f94967414ed776a2c1182f34aa8c8718 4520a36aa73f7510872a49178b8683a74c848e719d5446022e2c2d71a2a056fa
CLIENT_TRAFFIC_SECRET_0 2b900969c5ab6a6797a45f0545052a75f94967414ed776a2c1182f34aa8c8718 4520a36aa73f7510872a49178b8683a74c848e719d5446022e2c2d71a2a056fa
SERVER_HANDSHAKE_TRAFFIC_SECRET 94b6bfcc02aa298ec7b580b9ecbb72b9183ba6325a0606f851e93bed115aad98 3d43020c6b1bdd1d4b6d5c15a0812a2833a6439b437c6b891e9a08503b35ee4c
CLIENT_HANDSHAKE_TRAFFIC_SECRET 94b6bfcc02aa298ec7b580b9ecbb72b9183ba6325a0606f851e93bed115aad98 0d77a48287b67beb3bdc887a93f92c95c2d4e57ccec46b48d5abd3d86ed288ef
SERVER_TRAFFIC_SECRET_0 94b6bfcc02aa298ec7b580b9ecbb72b9183ba6325a0606f851e93bed115aad98 72483ec13034a26088c124724871c24e6362e9bf7d29d32af4e87bd074fc91bc
SERVER_HANDSHAKE_TRAFFIC_SECRET 94b6bfcc02aa298ec7b580b9ecbb72b9183ba6325a0606f851e93bed115aad98 3d43020c6b1bdd1d4b6d5c15a0812a2833a6439b437c6b891e9a08503b35ee4c
CLIENT_HANDSHAKE_TRAFFIC_SECRET 94b6bfcc02aa298ec7b580b9ecbb72b9183ba6325a0606f851e93bed115aad98 0d77a48287b67beb3bdc887a93f92c95c2d4e57ccec46b48d5abd3d86ed288ef
SERVER_TRAFFIC_SECRET_0 94b6bfcc02aa298ec7b580b9ecbb72b9183ba6325a0606f851e93bed115aad98 72483ec13034a26088c124724871c24e6362e9bf7d29d32af4e87bd074fc91bc
CLIENT_TRAFFIC_SECRET_0 94b6bfcc02aa298ec7b580b9ecbb72b9183ba6325a0606f851e93bed115aad98 34dc630df0d5096f962588a5e0d000f6edbf3ad495e0603345b7bd2eb5de29ba
CLIENT_TRAFFIC_SECRET_0 94b6bfcc02aa298ec7b580b9ecbb72b9183ba6325a0606f851e93bed115aad98 34dc630df0d5096f962588a5e0d000f6edbf3ad495e0603345b7bd2eb5de29ba
SERVER_HANDSHAKE_TRAFFIC_SECRET 14ca468703ff8692f97f1e073e4b7b7f1a55717ae8c2c38902cc963dc74d297d 53a97be5862f1c96394484cdb0f9d96823bfe793afee93e1ddfb770e54b6216b
CLIENT_HANDSHAKE_TRAFFIC_SECRET 14ca468703ff8692f97f1e073e4b7b7f1a55717ae8c2c38902cc963dc74d297d a0b7a72a23d4b5e798ea5c6c810774db447c9051d4c69c8d1aed3dc0445c0024
SERVER_TRAFFIC_SECRET_0 14ca468703ff8692f97f1e073e4b7b7f1a55717ae8c2c38902cc963dc74d297d c5dbabfd1934f3842f2da122f33e110eb82a70b71d5ae96227db4c4a40932697
SERVER_HANDSHAKE_TRAFFIC_SECRET 14ca468703ff8692f97f1e073e4b7b7f1a55717ae8c2c38902cc963dc74d297d 53a97be5862f1c96394484cdb0f9d96823bfe793afee93e1ddfb770e54b6216b
CLIENT_HANDSHAKE_TRAFFIC_SECRET 14ca468703ff8692f97f1e073e4b7b7f1a55717ae8c2c38902cc963dc74d297d a0b7a72a23d4b5e798ea5c6c810774db447c9051d4c69c8d1aed3dc0445c0024
SERVER_TRAFFIC_SECRET_0 14ca468703ff8692f97f1e073e4b7b7f1a55717ae8c2c38902cc963dc74d297d c5dbabfd1934f3842f2da122f33e110eb82a70b71d5ae96227db4c4a40932697
CLIENT_TRAFFIC_SECRET_0 14ca468703ff8692f97f1e073e4b7b7f1a55717ae8c2c38902cc963dc74d297d 40f4e11343b74001f8e45e0302fa16cbc4c7b489c59c8474e060ae4fb698079f
CLIENT_TRAFFIC_SECRET_0 14ca468703ff8692f97f1e073e4b7b7f1a55717ae8c2c38902cc963dc74d297d 40f4e11343b74001f8e45e0302fa16cbc4c7b489c59c8474e060ae4fb698079f
SERVER_HANDSHAKE_TRAFFIC_SECRET bb865343a2479bdad8ea0ad34c583d5a358c0a93cdeb2d457f025f6ddd8a46e8 02f5b8419d92ad139978eae140966107e3e65e6a26a93992655f053f838a5b42
CLIENT_HANDSHAKE_TRAFFIC_SECRET bb865343a2479bdad8ea0ad34c583d5a358c0a93cdeb2d457f025f6ddd8a46e8 063ccfa56da5c8994f8f333e1add1a820e6a3ec95cf00e6d3a64d70bad209bc0
SERVER_TRAFFIC_SECRET_0 bb865343a2479bdad8ea0ad34c583d5a358c0a93cdeb2d457f025f6ddd8a46e8 8c6cea03f04b7a09ac498eb227606b16d8f2721837ba2a25e5e8bf7543a019c9
SERVER_HANDSHAKE_TRAFFIC_SECRET bb865343a2479bdad8ea0ad34c583d5a358c0a93cdeb2d457f025f6ddd8a46e8 02f5b8419d92ad139978eae140966107e3e65e6a26a93992655f053f838a5b42
CLIENT_HANDSHAKE_TRAFFIC_SECRET bb865343a2479bdad8ea0ad34c583d5a358c0a93cdeb2d457f025f6ddd8a46e8 063ccfa56da5c8994f8f333e1add1a820e6a3ec95cf00e6d3a64d70bad209bc0
SERVER_TRAFFIC_SECRET_0 bb865343a2479bdad8ea0ad34c583d5a358c0a93cdeb2d457f025f6ddd8a46e8 8c6cea03f04b7a09ac498eb227606b16d8f2721837ba2a25e5e8bf7543a019c9
CLIENT_TRAFFIC_SECRET_0 bb865343a2479bdad8ea0ad34c583d5a358c0a93cdeb2d457f025f6ddd8a46e8 07f8c7a6fb1f8be63e237ff5379434cbd7f2511e118a6951a1c3805faa22a797
CLIENT_TRAFFIC_SECRET_0 bb865343a2479bdad8ea0ad34c583d5a358c0a93cdeb2d457f025f6ddd8a46e8 07f8c7a6fb1f8be63e237ff5379434cbd7f2511e118a6951a1c3805faa22a797
SERVER_HANDSHAKE_TRAFFIC_SECRET ac344100e1d7682b173bf0fe34b06cac12a16b83b1a7f454897653e5415c1712 3c9b748104f1c650a5757a4e2105a382a5f8d3e42a71d5417827578ed1fd24e1
CLIENT_HANDSHAKE_TRAFFIC_SECRET ac344100e1d7682b173bf0fe34b06cac12a16b83b1a7f454897653e5415c1712 f26145cb23f9227828bee157f1bfbffbd84923fa70a21ed75c50250ff2e4d183
SERVER_TRAFFIC_SECRET_0 ac344100e1d7682b173bf0fe34b06cac12a16b83b1a7f454897653e5415c1712 c9c18f7302a29d919dc9a85a306cca198995b8d43c18bea147a92ece4b930eda
SERVER_HANDSHAKE_TRAFFIC_SECRET ac344100e1d7682b173bf0fe34b06cac12a16b83b1a7f454897653e5415c1712 3c9b748104f1c650a5757a4e2105a382a5f8d3e42a71d5417827578ed1fd24e1
CLIENT_HANDSHAKE_TRAFFIC_SECRET ac344100e1d7682b173bf0fe34b06cac12a16b83b1a7f454897653e5415c1712 f26145cb23f9227828bee157f1bfbffbd84923fa70a21ed75c50250ff2e4d183
SERVER_TRAFFIC_SECRET_0 ac344100e1d7682b173bf0fe34b06cac12a16b83b1a7f454897653e5415c1712 c9c18f7302a29d919dc9a85a306cca198995b8d43c18bea147a92ece4b930eda
CLIENT_TRAFFIC_SECRET_0 ac344100e1d7682b173bf0fe34b06cac12a16b83b1a7f454897653e5415c1712 35656b2fc602f3ed90d6eed1f8e85f3cba6b39ebe86cbe1ade96a2b5caaaaed3
CLIENT_TRAFFIC_SECRET_0 ac344100e1d7682b173bf0fe34b06cac12a16b83b1a7f454897653e5415c1712 35656b2fc602f3ed90d6eed1f8e85f3cba6b39ebe86cbe1ade96a2b5caaaaed3
SERVER_HANDSHAKE_TRAFFIC_SECRET fd0e5d7fa5985a8b400dff1897a8369e4438b303a617577b2f84ac2c247bef56 4eca902ad7bb238e154fcb463beed3c293582186d1d5ee3e7d0e8c985270c198
CLIENT_HANDSHAKE_TRAFFIC_SECRET fd0e5d7fa5985a8b400dff1897a8369e4438b303a617577b2f84ac2c247bef56 2865f34b1ce89c834b6bd4ebd3d2666c5d582c914ee95061c38569c5f3f4c208
SERVER_TRAFFIC_SECRET_0 fd0e5d7fa5985a8b400dff1897a8369e4438b303a617577b2f84ac2c247bef56 d928b2fb0d0cb3f7bed237b829c8eddfff6ce5b34e22b7798465025417a55d4b
SERVER_HANDSHAKE_TRAFFIC_SECRET fd0e5d7fa5985a8b400dff1897a8369e4438b303a617577b2f84ac2c247bef56 4eca902ad7bb238e154fcb463beed3c293582186d1d5ee3e7d0e8c985270c198
CLIENT_HANDSHAKE_TRAFFIC_SECRET fd0e5d7fa5985a8b400dff1897a8369e4438b303a617577b2f84ac2c247bef56 2865f34b1ce89c834b6bd4ebd3d2666c5d582c914ee95061c38569c5f3f4c208
SERVER_TRAFFIC_SECRET_0 fd0e5d7fa5985a8b400dff1897a8369e4438b303a617577b2f84ac2c247bef56 d928b2fb0d0cb3f7bed237b829c8eddfff6ce5b34e22b7798465025417a55d4b
CLIENT_TRAFFIC_SECRET_0 fd0e5d7fa5985a8b400dff1897a8369e4438b303a617577b2f84ac2c247bef56 39d22820ec9e9f42e0d6c8f7dcaabe810fb2e8850b3083fe10e0fa36271e9739
CLIENT_TRAFFIC_SECRET_0 fd0e5d7fa5985a8b400dff1897a8369e4438b303a617577b2f84ac2c247bef56 39d22820ec9e9f42e0d6c8f7dcaabe810fb2e8850b3083fe10e0fa36271e9739
SERVER_HANDSHAKE_TRAFFIC_SECRET c065e13e2ce5e415054f62f8ef721b2c55135d977171b28cb79493b107f8b4bd acd2bcf57278f48a068c5eb7ee032f45741b8f04b38f1a90f40097042eaed25f
CLIENT_HANDSHAKE_TRAFFIC_SECRET c065e13e2ce5e415054f62f8ef721b2c55135d977171b28cb79493b107f8b4bd 0695dda4b8046e684313edae80fb312364e3bd701d2820aa4e19e060b327f1ec
SERVER_TRAFFIC_SECRET_0 c065e13e2ce5e415054f62f8ef721b2c55135d977171b28cb79493b107f8b4bd 7a1aab580ad1538e766d68172b59748856e6af3b360dc28a5cbd8ba88abd76f6
SERVER_HANDSHAKE_TRAFFIC_SECRET e45e9e3bf562b7af1ec5b6e347829f2af3ce9d1dcedf76a60362f67fc96850da 9a48106fa011eeb28c899534edc1f49db1a559c985bc30d83b8908ac9fa69d82
CLIENT_HANDSHAKE_TRAFFIC_SECRET e45e9e3bf562b7af1ec5b6e347829f2af3ce9d1dcedf76a60362f67fc96850da ea72458f2cc0b7c30801914b542b5cc766992d8328840fd3e43782e209a0909d
SERVER_TRAFFIC_SECRET_0 e45e9e3bf562b7af1ec5b6e347829f2af3ce9d1dcedf76a60362f67fc96850da 984289099cb71d9a16ae7fb13718d4a4597e1fb33c77b05014959a9b4db6ca6d
SERVER_HANDSHAKE_TRAFFIC_SECRET e45e9e3bf562b7af1ec5b6e347829f2af3ce9d1dcedf76a60362f67fc96850da 9a48106fa011eeb28c899534edc1f49db1a559c985bc30d83b8908ac9fa69d82
CLIENT_HANDSHAKE_TRAFFIC_SECRET e45e9e3bf562b7af1ec5b6e347829f2af3ce9d1dcedf76a60362f67fc96850da ea72458f2cc0b7c30801914b542b5cc766992d8328840fd3e43782e209a0909d
SERVER_TRAFFIC_SECRET_0 e45e9e3bf562b7af1ec5b6e347829f2af3ce9d1dcedf76a60362f67fc96850da 984289099cb71d9a16ae7fb13718d4a4597e1fb33c77b05014959a9b4db6ca6d
CLIENT_TRAFFIC_SECRET_0 e45e9e3bf562b7af1ec5b6e347829f2af3ce9d1dcedf76a60362f67fc96850da 582cc5ff3e7f7baf1374e8cd7495fe5ac75d7e9c110a8916398fc7f6192369d4
CLIENT_TRAFFIC_SECRET_0 e45e9e3bf562b7af1ec5b6e347829f2af3ce9d1dcedf76a60362f67fc96850da 582cc5ff3e7f7baf1374e8cd7495fe5ac75d7e9c110a8916398fc7f6192369d4
SERVER_HANDSHAKE_TRAFFIC_SECRET f89d3de7096fd6663cdece29fd48cf8f22f5034a6fd753fbbaec4cb7f299d56a c56b921e6eeb5c0d2bd6074fe31c4396abc690d67bc4737b1544b2ad502b9fae
CLIENT_HANDSHAKE_TRAFFIC_SECRET f89d3de7096fd6663cdece29fd48cf8f22f5034a6fd753fbbaec4cb7f299d56a e758abfaf4e817b9c54d71e94a03235135062e5fb9be470dcec63a5c2115da79
SERVER_TRAFFIC_SECRET_0 f89d3de7096fd6663cdece29fd48cf8f22f5034a6fd753fbbaec4cb7f299d56a c6d09adbb04668221d8a77fe199f1e4ed5704580209db5fa1032291a7d929d90
SERVER_HANDSHAKE_TRAFFIC_SECRET f89d3de7096fd6663cdece29fd48cf8f22f5034a6fd753fbbaec4cb7f299d56a c56b921e6eeb5c0d2bd6074fe31c4396abc690d67bc4737b1544b2ad502b9fae
CLIENT_HANDSHAKE_TRAFFIC_SECRET f89d3de7096fd6663cdece29fd48cf8f22f5034a6fd753fbbaec4cb7f299d56a e758abfaf4e817b9c54d71e94a03235135062e5fb9be470dcec63a5c2115da79
SERVER_TRAFFIC_SECRET_0 f89d3de7096fd6663cdece29fd48cf8f22f5034a6fd753fbbaec4cb7f299d56a c6d09adbb04668221d8a77fe199f1e4ed5704580209db5fa1032291a7d929d90
CLIENT_TRAFFIC_SECRET_0 f89d3de7096fd6663cdece29fd48cf8f22f5034a6fd753fbbaec4cb7f299d56a 3c319dc023bd297ef68d47da467604bb1dce19d727604c71643b8899f7b40465
CLIENT_TRAFFIC_SECRET_0 f89d3de7096fd6663cdece29fd48cf8f22f5034a6fd753fbbaec4cb7f299d56a 3c319dc023bd297ef68d47da467604bb1dce19d727604c71643b8899f7b40465
SERVER_HANDSHAKE_TRAFFIC_SECRET 099f26c033c1208c6749d56332580331ad7260e20a2d7297d01f4596284813ed a213c2ad11a95941c876bf03fcb14eadf981e1a283fbadf220889d51befcb5f5
CLIENT_HANDSHAKE_TRAFFIC_SECRET 099f26c033c1208c6749d56332580331ad7260e20a2d7297d01f4596284813ed d6aece4763f980dc0244a1d2511f4b904ad727fd46e2dcbcc77c28ca05cc86f5
SERVER_TRAFFIC_SECRET_0 099f26c033c1208c6749d56332580331ad7260e20a2d7297d01f4596284813ed 02434e2a121091ee52d1f26c471391655ac10ba557066b4f47a086f5a97d771c
SERVER_HANDSHAKE_TRAFFIC_SECRET 099f26c033c1208c6749d56332580331ad7260e20a2d7297d01f4596284813ed a213c2ad11a95941c876bf03fcb14eadf981e1a283fbadf220889d51befcb5f5
CLIENT_HANDSHAKE_TRAFFIC_SECRET 099f26c033c1208c6749d56332580331ad7260e20a2d7297d01f4596284813ed d6aece4763f980dc0244a1d2511f4b904ad727fd46e2dcbcc77c28ca05cc86f5
SERVER_TRAFFIC_SECRET_0 099f26c033c1208c6749d56332580331ad7260e20a2d7297d01f4596284813ed 02434e2a121091ee52d1f26c471391655ac10ba557066b4f47a086f5a97d771c
CLIENT_TRAFFIC_SECRET_0 099f26c033c1208c6749d56332580331ad7260e20a2d7297d01f4596284813ed f38f218cc2ec02167a6ddf8dfdab744bc84a84c980749c495d3f3dfddfbe23d6
CLIENT_TRAFFIC_SECRET_0 099f26c033c1208c6749d56332580331ad7260e20a2d7297d01f4596284813ed f38f218cc2ec02167a6ddf8dfdab744bc84a84c980749c495d3f3dfddfbe23d6
SERVER_HANDSHAKE_TRAFFIC_SECRET 3d8f23aa7a843db0a6f3a9cf965cafef2851c35ad2a191265481003582ec0fab 3d3f125b3a6c2e37497bd83984755dee3dcf440bd8c61149ad3dcf05fa558367
CLIENT_HANDSHAKE_TRAFFIC_SECRET 3d8f23aa7a843db0a6f3a9cf965cafef2851c35ad2a191265481003582ec0fab 67cf573898b895b020a715062dd408f3fa0517a0f6ccfeca938661c58ade81cd
SERVER_TRAFFIC_SECRET_0 3d8f23aa7a843db0a6f3a9cf965cafef2851c35ad2a191265481003582ec0fab 8dd2951e16448d1c4744387f32ee1a68c01dbf3dc2af0bac82c933698b32ad83
SERVER_HANDSHAKE_TRAFFIC_SECRET 3d8f23aa7a843db0a6f3a9cf965cafef2851c35ad2a191265481003582ec0fab 3d3f125b3a6c2e37497bd83984755dee3dcf440bd8c61149ad3dcf05fa558367
CLIENT_HANDSHAKE_TRAFFIC_SECRET 3d8f23aa7a843db0a6f3a9cf965cafef2851c35ad2a191265481003582ec0fab 67cf573898b895b020a715062dd408f3fa0517a0f6ccfeca938661c58ade81cd
SERVER_TRAFFIC_SECRET_0 3d8f23aa7a843db0a6f3a9cf965cafef2851c35ad2a191265481003582ec0fab 8dd2951e16448d1c4744387f32ee1a68c01dbf3dc2af0bac82c933698b32ad83
CLIENT_TRAFFIC_SECRET_0 3d8f23aa7a843db0a6f3a9cf965cafef2851c35ad2a191265481003582ec0fab 24f3b02849c3b3adc70b8b4b3ac1ff011ffe01cf7afb2de36c5510b9f1baaa65
CLIENT_TRAFFIC_SECRET_0 3d8f23aa7a843db0a6f3a9cf965cafef2851c35ad2a191265481003582ec0fab 24f3b02849c3b3adc70b8b4b3ac1ff011ffe01cf7afb2de36c5510b9f1baaa65
SERVER_HANDSHAKE_TRAFFIC_SECRET 255da9f4b26a157374bd322851726b16505430a47041e6815be40f7d8726363e 894f7e2f87811829b70872aa2b99c843557437f86ecd1e2d69d3e6a770ea89f2
CLIENT_HANDSHAKE_TRAFFIC_SECRET 255da9f4b26a157374bd322851726b16505430a47041e6815be40f7d8726363e 828317ddfe4d9115f44d3d33b054d7056b6bb5fc99e9328130d0abb027c2ba9b
SERVER_TRAFFIC_SECRET_0 255da9f4b26a157374bd322851726b16505430a47041e6815be40f7d8726363e e77166815da1f5aa1b0d1da3ed4b716c9afad62491838cfbfc414456791a0d1d
SERVER_HANDSHAKE_TRAFFIC_SECRET 255da9f4b26a157374bd322851726b16505430a47041e6815be40f7d8726363e 894f7e2f87811829b70872aa2b99c843557437f86ecd1e2d69d3e6a770ea89f2
CLIENT_HANDSHAKE_TRAFFIC_SECRET 255da9f4b26a157374bd322851726b16505430a47041e6815be40f7d8726363e 828317ddfe4d9115f44d3d33b054d7056b6bb5fc99e9328130d0abb027c2ba9b
SERVER_TRAFFIC_SECRET_0 255da9f4b26a157374bd322851726b16505430a47041e6815be40f7d8726363e e77166815da1f5aa1b0d1da3ed4b716c9afad62491838cfbfc414456791a0d1d
CLIENT_TRAFFIC_SECRET_0 255da9f4b26a157374bd322851726b16505430a47041e6815be40f7d8726363e c88faf3c5872639eaec699144eb296afb2e339dd2ba2939f67634e62a2abc316
CLIENT_TRAFFIC_SECRET_0 255da9f4b26a157374bd322851726b16505430a47041e6815be40f7d8726363e c88faf3c5872639eaec699144eb296afb2e339dd2ba2939f67634e62a2abc316
SERVER_HANDSHAKE_TRAFFIC_SECRET b5e2ede12c6d26ed062e047c6ee2704b90d3cd5908b537eee03325efd7aa963a bfffed355ba3c24d0b3f6405cf8537a32f3ca0fede84c74d4209387e83c3b274
CLIENT_HANDSHAKE_TRAFFIC_SECRET b5e2ede12c6d26ed062e047c6ee2704b90d3cd5908b537eee03325efd7aa963a 1827ee7ece1b589b05ed7446c30b2bbb4cf6a9de2668e4f9558fb7c13db4252c
SERVER_TRAFFIC_SECRET_0 b5e2ede12c6d26ed062e047c6ee2704b90d3cd5908b537eee03325efd7aa963a b7ef1c4a539ed0dfe81ded66dc1cbb17d4eaed61f79a46aaf4401d06e53c679b
SERVER_HANDSHAKE_TRAFFIC_SECRET b5e2ede12c6d26ed062e047c6ee2704b90d3cd5908b537eee03325efd7aa963a bfffed355ba3c24d0b3f6405cf8537a32f3ca0fede84c74d4209387e83c3b274
CLIENT_HANDSHAKE_TRAFFIC_SECRET b5e2ede12c6d26ed062e047c6ee2704b90d3cd5908b537eee03325efd7aa963a 1827ee7ece1b589b05ed7446c30b2bbb4cf6a9de2668e4f9558fb7c13db4252c
SERVER_TRAFFIC_SECRET_0 b5e2ede12c6d26ed062e047c6ee2704b90d3cd5908b537eee03325efd7aa963a b7ef1c4a539ed0dfe81ded66dc1cbb17d4eaed61f79a46aaf4401d06e53c679b
CLIENT_TRAFFIC_SECRET_0 b5e2ede12c6d26ed062e047c6ee2704b90d3cd5908b537eee03325efd7aa963a de9dffeb7336cbf2da9541fae8999112e989b1e94302212402451998d8907c14
CLIENT_TRAFFIC_SECRET_0 b5e2ede12c6d26ed062e047c6ee2704b90d3cd5908b537eee03325efd7aa963a de9dffeb7336cbf2da9541fae8999112e989b1e94302212402451998d8907c14
SERVER_HANDSHAKE_TRAFFIC_SECRET 99ce3273fdb5d95666d167b028c7cf13dec37379b18ed198d8d3e38b1c55ccd4 ec3d7e3d2be794c0b7a5ff07abbdd31b386f624e030572a2ecb0451a4f24b464
CLIENT_HANDSHAKE_TRAFFIC_SECRET 99ce3273fdb5d95666d167b028c7cf13dec37379b18ed198d8d3e38b1c55ccd4 2a0eaf1d6e552783fb2b46d46c06893b6cf7ed2d4ac40615b73dc2c5cbe41720
SERVER_TRAFFIC_SECRET_0 99ce3273fdb5d95666d167b028c7cf13dec37379b18ed198d8d3e38b1c55ccd4 a1e7a6fcdfb802a4e141a42ded165f04cc37a82941edce715aac268c9a36df30
SERVER_HANDSHAKE_TRAFFIC_SECRET 99ce3273fdb5d95666d167b028c7cf13dec37379b18ed198d8d3e38b1c55ccd4 ec3d7e3d2be794c0b7a5ff07abbdd31b386f624e030572a2ecb0451a4f24b464
CLIENT_HANDSHAKE_TRAFFIC_SECRET 99ce3273fdb5d95666d167b028c7cf13dec37379b18ed198d8d3e38b1c55ccd4 2a0eaf1d6e552783fb2b46d46c06893b6cf7ed2d4ac40615b73dc2c5cbe41720
SERVER_TRAFFIC_SECRET_0 99ce3273fdb5d95666d167b028c7cf13dec37379b18ed198d8d3e38b1c55ccd4 a1e7a6fcdfb802a4e141a42ded165f04cc37a82941edce715aac268c9a36df30
CLIENT_TRAFFIC_SECRET_0 99ce3273fdb5d95666d167b028c7cf13dec37379b18ed198d8d3e38b1c55ccd4 8bc5e0668e90bbb4832967eae754529716ed519a695b79f53c29080f40281579
CLIENT_TRAFFIC_SECRET_0 99ce3273fdb5d95666d167b028c7cf13dec37379b18ed198d8d3e38b1c55ccd4 8bc5e0668e90bbb4832967eae754529716ed519a695b79f53c29080f40281579
SERVER_HANDSHAKE_TRAFFIC_SECRET 91528222d88862287d5a399cc061ac608f607b187b63b4c3367029482efdcfd2 83dcc52b16860acf82b0f7a0862c4c8aa696de6dcc731ec5300835b167d18469
CLIENT_HANDSHAKE_TRAFFIC_SECRET 91528222d88862287d5a399cc061ac608f607b187b63b4c3367029482efdcfd2 de20c6e59a69c58f4bdbc607c88812b2505951b5e92445917887d8b98383fafe
SERVER_TRAFFIC_SECRET_0 91528222d88862287d5a399cc061ac608f607b187b63b4c3367029482efdcfd2 8e3db650ec68ba9ab9c62daa6037c2e8e71fc5cc48d52a018d20277a87ce8088
SERVER_HANDSHAKE_TRAFFIC_SECRET fad1aaccde2947fe72b047f12fef543ae1934f716ac6cf25cf9cb43532b63575 a20547c631fbf0b971233c705e96aec3846685aba0b76720d13ca42f1ecdd375
CLIENT_HANDSHAKE_TRAFFIC_SECRET fad1aaccde2947fe72b047f12fef543ae1934f716ac6cf25cf9cb43532b63575 a8afecce62ffe61dfd0b77f05fbf71264ce95ddeaa4a264e9cda37516c5861c1
SERVER_TRAFFIC_SECRET_0 fad1aaccde2947fe72b047f12fef543ae1934f716ac6cf25cf9cb43532b63575 5b8abc1949f6e4785d76d57bc84f340e42db566eba079ffcbeb02d1229d1615f
SERVER_HANDSHAKE_TRAFFIC_SECRET fad1aaccde2947fe72b047f12fef543ae1934f716ac6cf25cf9cb43532b63575 a20547c631fbf0b971233c705e96aec3846685aba0b76720d13ca42f1ecdd375
CLIENT_HANDSHAKE_TRAFFIC_SECRET fad1aaccde2947fe72b047f12fef543ae1934f716ac6cf25cf9cb43532b63575 a8afecce62ffe61dfd0b77f05fbf71264ce95ddeaa4a264e9cda37516c5861c1
SERVER_TRAFFIC_SECRET_0 fad1aaccde2947fe72b047f12fef543ae1934f716ac6cf25cf9cb43532b63575 5b8abc1949f6e4785d76d57bc84f340e42db566eba079ffcbeb02d1229d1615f
CLIENT_TRAFFIC_SECRET_0 fad1aaccde2947fe72b047f12fef543ae1934f716ac6cf25cf9cb43532b63575 58014d6ee66ce9ae11b57e4801e89315941195f06775bae573627e6bd5bd8d62
CLIENT_TRAFFIC_SECRET_0 fad1aaccde2947fe72b047f12fef543ae1934f716ac6cf25cf9cb43532b63575 58014d6ee66ce9ae11b57e4801e89315941195f06775bae573627e6bd5bd8d62
SERVER_HANDSHAKE_TRAFFIC_SECRET c6da6c430581da3860e34da8f75858c07cb7a9bcb25d6bbba33c4e0d9c8e582e 708003b3a99105a1e4cb4099827c91fb21458cdc8da0bc9a13d85e23d490f710
CLIENT_HANDSHAKE_TRAFFIC_SECRET c6da6c430581da3860e34da8f75858c07cb7a9bcb25d6bbba33c4e0d9c8e582e a107d1da1bf56e0494637bbdafc76fb379d94a7b790d4b596bc8894bfeb030b7
SERVER_TRAFFIC_SECRET_0 c6da6c430581da3860e34da8f75858c07cb7a9bcb25d6bbba33c4e0d9c8e582e b9925afaa33ba8939623ae9200166943bbb84a7781b99894c6b231d876afb5a1
SERVER_HANDSHAKE_TRAFFIC_SECRET c6da6c430581da3860e34da8f75858c07cb7a9bcb25d6bbba33c4e0d9c8e582e 708003b3a99105a1e4cb4099827c91fb21458cdc8da0bc9a13d85e23d490f710
CLIENT_HANDSHAKE_TRAFFIC_SECRET c6da6c430581da3860e34da8f75858c07cb7a9bcb25d6bbba33c4e0d9c8e582e a107d1da1bf56e0494637bbdafc76fb379d94a7b790d4b596bc8894bfeb030b7
SERVER_TRAFFIC_SECRET_0 c6da6c430581da3860e34da8f75858c07cb7a9bcb25d6bbba33c4e0d9c8e582e b9925afaa33ba8939623ae9200166943bbb84a7781b99894c6b231d876afb5a1
CLIENT_TRAFFIC_SECRET_0 c6da6c430581da3860e34da8f75858c07cb7a9bcb25d6bbba33c4e0d9c8e582e 18ead283fb89fb382eb362887c686e647ccb5f55823f7446de6ca78023dd4e74
CLIENT_TRAFFIC_SECRET_0 c6da6c430581da3860e34da8f75858c07cb7a9bcb25d6bbba33c4e0d9c8e582e 18ead283fb89fb382eb362887c686e647ccb5f55823f7446de6ca78023dd4e74
SERVER_HANDSHAKE_TRAFFIC_SECRET dfed2c7d204830cd5f4cd3737736aebe85cd1eec41ea5a5f2a9a6fb6eeb4f44b 6bd03ae07b91ae08d68d72763da2c60b6f0f123ce1dc468be999673b8f7c148f
CLIENT_HANDSHAKE_TRAFFIC_SECRET dfed2c7d204830cd5f4cd3737736aebe85cd1eec41ea5a5f2a9a6fb6eeb4f44b b085d2aba7ed5579ac8d1c07699cdb96e59f424c9a7bd5d7a858d28eb94f226a
SERVER_TRAFFIC_SECRET_0 dfed2c7d204830cd5f4cd3737736aebe85cd1eec41ea5a5f2a9a6fb6eeb4f44b 3a654f2bddeffe75ab425a73d51389972469577dbb203b225179f1614e17c2c1
SERVER_HANDSHAKE_TRAFFIC_SECRET dfed2c7d204830cd5f4cd3737736aebe85cd1eec41ea5a5f2a9a6fb6eeb4f44b 6bd03ae07b91ae08d68d72763da2c60b6f0f123ce1dc468be999673b8f7c148f
CLIENT_HANDSHAKE_TRAFFIC_SECRET dfed2c7d204830cd5f4cd3737736aebe85cd1eec41ea5a5f2a9a6fb6eeb4f44b b085d2aba7ed5579ac8d1c07699cdb96e59f424c9a7bd5d7a858d28eb94f226a
SERVER_TRAFFIC_SECRET_0 dfed2c7d204830cd5f4cd3737736aebe85cd1eec41ea5a5f2a9a6fb6eeb4f44b 3a654f2bddeffe75ab425a73d51389972469577dbb203b225179f1614e17c2c1
CLIENT_TRAFFIC_SECRET_0 dfed2c7d204830cd5f4cd3737736aebe85cd1eec41ea5a5f2a9a6fb6eeb4f44b 9df9bdcd00e25595d3352a0c692134f8211fd3e66c9ae8ed30ea3fbb0549f201
CLIENT_TRAFFIC_SECRET_0 dfed2c7d204830cd5f4cd3737736aebe85cd1eec41ea5a5f2a9a6fb6eeb4f44b 9df9bdcd00e25595d3352a0c692134f8211fd3e66c9ae8ed30ea3fbb0549f201
SERVER_HANDSHAKE_TRAFFIC_SECRET 8f45cb1ea73ffe129e138b8e7ba1a29de96d08743ae0ceb18c813f459240c535 f25943292b6dcac95a90da09aaaefada5c9e43f30648d4ba696c3c2bf4cfe934
CLIENT_HANDSHAKE_TRAFFIC_SECRET 8f45cb1ea73ffe129e138b8e7ba1a29de96d08743ae0ceb18c813f459240c535 1f49e3c089c0e6ac933b025d4c1ab25698f64daf1b21afc31839f9e26a94f623
SERVER_TRAFFIC_SECRET_0 8f45cb1ea73ffe129e138b8e7ba1a29de96d08743ae0ceb18c813f459240c535 c14db6f54f2cce21baffd9322ad19e2e6003d6c226dbee166c49dffa3b2eef6b
SERVER_HANDSHAKE_TRAFFIC_SECRET 8f45cb1ea73ffe129e138b8e7ba1a29de96d08743ae0ceb18c813f459240c535 f25943292b6dcac95a90da09aaaefada5c9e43f30648d4ba696c3c2bf4cfe934
CLIENT_HANDSHAKE_TRAFFIC_SECRET 8f45cb1ea73ffe129e138b8e7ba1a29de96d08743ae0ceb18c813f459240c535 1f49e3c089c0e6ac933b025d4c1ab25698f64daf1b21afc31839f9e26a94f623
SERVER_TRAFFIC_SECRET_0 8f45cb1ea73ffe129e138b8e7ba1a29de96d08743ae0ceb18c813f459240c535 c14db6f54f2cce21baffd9322ad19e2e6003d6c226dbee166c49dffa3b2eef6b
CLIENT_TRAFFIC_SECRET_0 8f45cb1ea73ffe129e138b8e7ba1a29de96d08743ae0ceb18c813f459240c535 d646b61e9b1b53d06db889c81e00fc1fe63c1aad622f3de323c70382de439d99
CLIENT_TRAFFIC_SECRET_0 8f45cb1ea73ffe129e138b8e7ba1a29de96d08743ae0ceb18c813f459240c535 d646b61e9b1b53d06db889c81e00fc1fe63c1aad622f3de323c70382de439d99
SERVER_HANDSHAKE_TRAFFIC_SECRET 72bdafe069140fd905bd7329dffc78fed768b90da284e3c49c17f5f0a7ad0203 d5360660ae0a9d7f8bda60cb104dad34474a61752ce672f1527ff702d343e02c
CLIENT_HANDSHAKE_TRAFFIC_SECRET 72bdafe069140fd905bd7329dffc78fed768b90da284e3c49c17f5f0a7ad0203 fce453222232e9d057cd64d31e8fec714aaa94070e9c387b213850b5d50993f8
SERVER_TRAFFIC_SECRET_0 72bdafe069140fd905bd7329dffc78fed768b90da284e3c49c17f5f0a7ad0203 d7c27a05508d650f7c343307653ef55023b97b2bcb725abb76566a703d8e65af
SERVER_HANDSHAKE_TRAFFIC_SECRET 72bdafe069140fd905bd7329dffc78fed768b90da284e3c49c17f5f0a7ad0203 d5360660ae0a9d7f8bda60cb104dad34474a61752ce672f1527ff702d343e02c
CLIENT_HANDSHAKE_TRAFFIC_SECRET 72bdafe069140fd905bd7329dffc78fed768b90da284e3c49c17f5f0a7ad0203 fce453222232e9d057cd64d31e8fec714aaa94070e9c387b213850b5d50993f8
SERVER_TRAFFIC_SECRET_0 72bdafe069140fd905bd7329dffc78fed768b90da284e3c49c17f5f0a7ad0203 d7c27a05508d650f7c343307653ef55023b97b2bcb725abb76566a703d8e65af
CLIENT_TRAFFIC_SECRET_0 72bdafe069140fd905bd7329dffc78fed768b90da284e3c49c17f5f0a7ad0203 0eda3e1c32ffb553b7e71372c43579ea68d66ee9945303ed76d85f250deac8a6
CLIENT_TRAFFIC_SECRET_0 72bdafe069140fd905bd7329dffc78fed768b90da284e3c49c17f5f0a7ad0203 0eda3e1c32ffb553b7e71372c43579ea68d66ee9945303ed76d85f250deac8a6
SERVER_HANDSHAKE_TRAFFIC_SECRET 54b02ac93ce180538cdbc6b44f3d76d7b81bba0ce336beb7776007ba94b0df21 b67a987942d52820c6a9e70fae1e836d048961795b57c4716f8e0b0eff762ad7
CLIENT_HANDSHAKE_TRAFFIC_SECRET 54b02ac93ce180538cdbc6b44f3d76d7b81bba0ce336beb7776007ba94b0df21 05b49a2de4f4a2f908d9b4b047404a9ce1057a31422e2c32d5c2c1bf8cc812ca
SERVER_TRAFFIC_SECRET_0 54b02ac93ce180538cdbc6b44f3d76d7b81bba0ce336beb7776007ba94b0df21 96faef830ae4188d3b62986e0eb85bd4ce56dd3fef130c8425ebd783f477a7c6
SERVER_HANDSHAKE_TRAFFIC_SECRET 54b02ac93ce180538cdbc6b44f3d76d7b81bba0ce336beb7776007ba94b0df21 b67a987942d52820c6a9e70fae1e836d048961795b57c4716f8e0b0eff762ad7
CLIENT_HANDSHAKE_TRAFFIC_SECRET 54b02ac93ce180538cdbc6b44f3d76d7b81bba0ce336beb7776007ba94b0df21 05b49a2de4f4a2f908d9b4b047404a9ce1057a31422e2c32d5c2c1bf8cc812ca
SERVER_TRAFFIC_SECRET_0 54b02ac93ce180538cdbc6b44f3d76d7b81bba0ce336beb7776007ba94b0df21 96faef830ae4188d3b62986e0eb85bd4ce56dd3fef130c8425ebd783f477a7c6
CLIENT_TRAFFIC_SECRET_0 54b02ac93ce180538cdbc6b44f3d76d7b81bba0ce336beb7776007ba94b0df21 f99aa9116cb4d7239ded30ae13579f6617f4ad332841b8eeb19963497be8c86b
CLIENT_TRAFFIC_SECRET_0 54b02ac93ce180538cdbc6b44f3d76d7b81bba0ce336beb7776007ba94b0df21 f99aa9116cb4d7239ded30ae13579f6617f4ad332841b8eeb19963497be8c86b
SERVER_HANDSHAKE_TRAFFIC_SECRET c083ae25216cc6e680ad57906bcf6dd41e6571f0166698b45721e954907e0120 950535931c5a65dea06aaa893aeb83c4879cc799ec39dc554035b7dbcb2ed44c
CLIENT_HANDSHAKE_TRAFFIC_SECRET c083ae25216cc6e680ad57906bcf6dd41e6571f0166698b45721e954907e0120 2c21d53f5896391b43378c94b94088e4cc1312bdae948c64aabca2d407745ebc
SERVER_TRAFFIC_SECRET_0 c083ae25216cc6e680ad57906bcf6dd41e6571f0166698b45721e954907e0120 eee076ec111a15c97b6d1f7d3e6c71ba41f289f2d9fc19e99b6c505eb2f6fe7a
SERVER_HANDSHAKE_TRAFFIC_SECRET c083ae25216cc6e680ad57906bcf6dd41e6571f0166698b45721e954907e0120 950535931c5a65dea06aaa893aeb83c4879cc799ec39dc554035b7dbcb2ed44c
CLIENT_HANDSHAKE_TRAFFIC_SECRET c083ae25216cc6e680ad57906bcf6dd41e6571f0166698b45721e954907e0120 2c21d53f5896391b43378c94b94088e4cc1312bdae948c64aabca2d407745ebc
SERVER_TRAFFIC_SECRET_0 c083ae25216cc6e680ad57906bcf6dd41e6571f0166698b45721e954907e0120 eee076ec111a15c97b6d1f7d3e6c71ba41f289f2d9fc19e99b6c505eb2f6fe7a
CLIENT_TRAFFIC_SECRET_0 c083ae25216cc6e680ad57906bcf6dd41e6571f0166698b45721e954907e0120 13bd808573fc596e42d4572c4c9d0d274934f138d27a51cff6402014cd9e4933
CLIENT_TRAFFIC_SECRET_0 c083ae25216cc6e680ad57906bcf6dd41e6571f0166698b45721e954907e0120 13bd808573fc596e42d4572c4c9d0d274934f138d27a51cff6402014cd9e4933
SERVER_HANDSHAKE_TRAFFIC_SECRET 5ca3e6f6e42edd87bb0087ea9bc067d7642e927bf460ccb3fb7899fe59b9ea2b 741f531bd552a2b9bd5c6bfab15f3ca11b177b7ad3f2b8257430e6458867a057
CLIENT_HANDSHAKE_TRAFFIC_SECRET 5ca3e6f6e42edd87bb0087ea9bc067d7642e927bf460ccb3fb7899fe59b9ea2b 2ece72ddda1bf68d6cd790a10d67bfe215294eaef82db17bc0cb4507e3af072e
SERVER_TRAFFIC_SECRET_0 5ca3e6f6e42edd87bb0087ea9bc067d7642e927bf460ccb3fb7899fe59b9ea2b 2657b3454f63102594ad235701fa6295bdd15fece6dcc31a27b13baf57ea6991
SERVER_HANDSHAKE_TRAFFIC_SECRET 5ca3e6f6e42edd87bb0087ea9bc067d7642e927bf460ccb3fb7899fe59b9ea2b 741f531bd552a2b9bd5c6bfab15f3ca11b177b7ad3f2b8257430e6458867a057
CLIENT_HANDSHAKE_TRAFFIC_SECRET 5ca3e6f6e42edd87bb0087ea9bc067d7642e927bf460ccb3fb7899fe59b9ea2b 2ece72ddda1bf68d6cd790a10d67bfe215294eaef82db17bc0cb4507e3af072e
SERVER_TRAFFIC_SECRET_0 5ca3e6f6e42edd87bb0087ea9bc067d7642e927bf460ccb3fb7899fe59b9ea2b 2657b3454f63102594ad235701fa6295bdd15fece6dcc31a27b13baf57ea6991
CLIENT_TRAFFIC_SECRET_0 5ca3e6f6e42edd87bb0087ea9bc067d7642e927bf460ccb3fb7899fe59b9ea2b 5ba6c078d0876121b10ca4cceed4c53faf23b852aca0d19797f90285fcacbbf4
CLIENT_TRAFFIC_SECRET_0 5ca3e6f6e42edd87bb0087ea9bc067d7642e927bf460ccb3fb7899fe59b9ea2b 5ba6c078d0876121b10ca4cceed4c53faf23b852aca0d19797f90285fcacbbf4
SERVER_HANDSHAKE_TRAFFIC_SECRET fa36616a196687ead165018eeee25a2a246746ac6bbb8cb3a0801bdfd1f356cd 341db921f5863fc581496161e8f51ba22affe77a840880505e4f1f3d95565967
CLIENT_HANDSHAKE_TRAFFIC_SECRET fa36616a196687ead165018eeee25a2a246746ac6bbb8cb3a0801bdfd1f356cd 3d679b586d43ea5423b777567b875e8323da4fa0cb29574d886c0a11f51e59bc
SERVER_TRAFFIC_SECRET_0 fa36616a196687ead165018eeee25a2a246746ac6bbb8cb3a0801bdfd1f356cd 704755febd952de9d7d207793946846cd0f28dbd3205ad51463af31619e22cbe
SERVER_HANDSHAKE_TRAFFIC_SECRET fa36616a196687ead165018eeee25a2a246746ac6bbb8cb3a0801bdfd1f356cd 341db921f5863fc581496161e8f51ba22affe77a840880505e4f1f3d95565967
CLIENT_HANDSHAKE_TRAFFIC_SECRET fa36616a196687ead165018eeee25a2a246746ac6bbb8cb3a0801bdfd1f356cd 3d679b586d43ea5423b777567b875e8323da4fa0cb29574d886c0a11f51e59bc
SERVER_TRAFFIC_SECRET_0 fa36616a196687ead165018eeee25a2a246746ac6bbb8cb3a0801bdfd1f356cd 704755febd952de9d7d207793946846cd0f28dbd3205ad51463af31619e22cbe
CLIENT_TRAFFIC_SECRET_0 fa36616a196687ead165018eeee25a2a246746ac6bbb8cb3a0801bdfd1f356cd bb5fc177d757307d8c0ca562aab4652834fccf8578fc6fa5accc40df8122a8ca
CLIENT_TRAFFIC_SECRET_0 fa36616a196687ead165018eeee25a2a246746ac6bbb8cb3a0801bdfd1f356cd bb5fc177d757307d8c0ca562aab4652834fccf8578fc6fa5accc40df8122a8ca
SERVER_HANDSHAKE_TRAFFIC_SECRET a4d204b96ec7b10996b815230c2fcdd09de60e7189d0479f70bc2ca8410446ff 8423af5eb4703b9f6347f0a3dd2cf827dbc10e5f3d88c6ca9e55fb068ec7e38b
CLIENT_HANDSHAKE_TRAFFIC_SECRET a4d204b96ec7b10996b815230c2fcdd09de60e7189d0479f70bc2ca8410446ff 492534d51f51dbd2b4144eaadfa1f59346bbfaa8292e50610a522e7524ca614e
SERVER_TRAFFIC_SECRET_0 a4d204b96ec7b10996b815230c2fcdd09de60e7189d0479f70bc2ca8410446ff cde35bab807e25525c86faae45db7ad009d47f281e0f1a3c5f5801a9bd7c613f
SERVER_HANDSHAKE_TRAFFIC_SECRET b64bef532018efd6a5750799795910d02987a1dccc34c03aac775eeb3045dab0 4a7e4f623011050ecf923197357379acd59d0839b7c7826109b61a5a8060414d
CLIENT_HANDSHAKE_TRAFFIC_SECRET b64bef532018efd6a5750799795910d02987a1dccc34c03aac775eeb3045dab0 bb0256bcfb8c76ff35e73a6fa9ae0df2272dbdc6b61cd4674bab5c0df285cbc7
SERVER_TRAFFIC_SECRET_0 b64bef532018efd6a5750799795910d02987a1dccc34c03aac775eeb3045dab0 36061105aad33ea666e518247a608dfa85a9a27cf9a2bef7867173ec07773564
SERVER_HANDSHAKE_TRAFFIC_SECRET b64bef532018efd6a5750799795910d02987a1dccc34c03aac775eeb3045dab0 4a7e4f623011050ecf923197357379acd59d0839b7c7826109b61a5a8060414d
CLIENT_HANDSHAKE_TRAFFIC_SECRET b64bef532018efd6a5750799795910d02987a1dccc34c03aac775eeb3045dab0 bb0256bcfb8c76ff35e73a6fa9ae0df2272dbdc6b61cd4674bab5c0df285cbc7
SERVER_TRAFFIC_SECRET_0 b64bef532018efd6a5750799795910d02987a1dccc34c03aac775eeb3045dab0 36061105aad33ea666e518247a608dfa85a9a27cf9a2bef7867173ec07773564
CLIENT_TRAFFIC_SECRET_0 b64bef532018efd6a5750799795910d02987a1dccc34c03aac775eeb3045dab0 aee7fb0a29cb2fcbc3e71658dcba54a661e5f912d1a65f1879e2ee5286d8b3aa
CLIENT_TRAFFIC_SECRET_0 b64bef532018efd6a5750799795910d02987a1dccc34c03aac775eeb3045dab0 aee7fb0a29cb2fcbc3e71658dcba54a661e5f912d1a65f1879e2ee5286d8b3aa
SERVER_HANDSHAKE_TRAFFIC_SECRET 3ce0fbbadeeb65a3cc9e572f37b3bef8f81995edf6e35f7f5ac0ac45072cfc7d ffab1d9ab2ef1dbf81b0c6e3754e32b738b77914a3fbde4f4f766e136951a7b3
CLIENT_HANDSHAKE_TRAFFIC_SECRET 3ce0fbbadeeb65a3cc9e572f37b3bef8f81995edf6e35f7f5ac0ac45072cfc7d 036bbda0316165a8307170f776e5f6fff62e9e563fb043d6b2f526dfc9a3fad7
SERVER_TRAFFIC_SECRET_0 3ce0fbbadeeb65a3cc9e572f37b3bef8f81995edf6e35f7f5ac0ac45072cfc7d 6e4a5768c1c02e5beb24195f1ce2c8e69235f3ca236cd22295848d3774b0721a
SERVER_HANDSHAKE_TRAFFIC_SECRET 3ce0fbbadeeb65a3cc9e572f37b3bef8f81995edf6e35f7f5ac0ac45072cfc7d ffab1d9ab2ef1dbf81b0c6e3754e32b738b77914a3fbde4f4f766e136951a7b3
CLIENT_HANDSHAKE_TRAFFIC_SECRET 3ce0fbbadeeb65a3cc9e572f37b3bef8f81995edf6e35f7f5ac0ac45072cfc7d 036bbda0316165a8307170f776e5f6fff62e9e563fb043d6b2f526dfc9a3fad7
SERVER_TRAFFIC_SECRET_0 3ce0fbbadeeb65a3cc9e572f37b3bef8f81995edf6e35f7f5ac0ac45072cfc7d 6e4a5768c1c02e5beb24195f1ce2c8e69235f3ca236cd22295848d3774b0721a
CLIENT_TRAFFIC_SECRET_0 3ce0fbbadeeb65a3cc9e572f37b3bef8f81995edf6e35f7f5ac0ac45072cfc7d 30f48a88006e41047f25fc14017807916adab525223aa77e9828b94deb8b75c1
CLIENT_TRAFFIC_SECRET_0 3ce0fbbadeeb65a3cc9e572f37b3bef8f81995edf6e35f7f5ac0ac45072cfc7d 30f48a88006e41047f25fc14017807916adab525223aa77e9828b94deb8b75c1
SERVER_HANDSHAKE_TRAFFIC_SECRET a9b09de000e6c1f3acc13c7e0056c75363276214e6cac9d8ea43655c8595027f 53abe690602443c2cd59f91b6c36fda60a0e2a580b1e6381e153a0b5f99313a2
CLIENT_HANDSHAKE_TRAFFIC_SECRET a9b09de000e6c1f3acc13c7e0056c75363276214e6cac9d8ea43655c8595027f 72f83a1b4d79508d93d9432bbdbc6602502afeb422196931e0af9148d0279825
SERVER_TRAFFIC_SECRET_0 a9b09de000e6c1f3acc13c7e0056c75363276214e6cac9d8ea43655c8595027f 463d34e6366aa846e946914e73739348795f5ea5b8611ab2c46e8bca7ad76f50
SERVER_HANDSHAKE_TRAFFIC_SECRET e0cf80a0b9956142ac8caa9f34d711a82f6d38c64115b1a7d97c9253295c6ac2 3b4338112e5004ca3a47ec72e9b27466d38350b4df353115d3ee4091ff54971b
CLIENT_HANDSHAKE_TRAFFIC_SECRET e0cf80a0b9956142ac8caa9f34d711a82f6d38c64115b1a7d97c9253295c6ac2 486a13c24d613ab83f13d250487c36f950711b9c0c2d22b7e70cfbf76a912913
SERVER_TRAFFIC_SECRET_0 e0cf80a0b9956142ac8caa9f34d711a82f6d38c64115b1a7d97c9253295c6ac2 302f56f4dcf74e86c91b260fe8ff98c930a3542e3ed7d3f06b84247aa6567a28
SERVER_HANDSHAKE_TRAFFIC_SECRET e0cf80a0b9956142ac8caa9f34d711a82f6d38c64115b1a7d97c9253295c6ac2 3b4338112e5004ca3a47ec72e9b27466d38350b4df353115d3ee4091ff54971b
CLIENT_HANDSHAKE_TRAFFIC_SECRET e0cf80a0b9956142ac8caa9f34d711a82f6d38c64115b1a7d97c9253295c6ac2 486a13c24d613ab83f13d250487c36f950711b9c0c2d22b7e70cfbf76a912913
SERVER_TRAFFIC_SECRET_0 e0cf80a0b9956142ac8caa9f34d711a82f6d38c64115b1a7d97c9253295c6ac2 302f56f4dcf74e86c91b260fe8ff98c930a3542e3ed7d3f06b84247aa6567a28
CLIENT_TRAFFIC_SECRET_0 e0cf80a0b9956142ac8caa9f34d711a82f6d38c64115b1a7d97c9253295c6ac2 4d4ab0b468aa0095822bf950562aa8be1c86c2bd48461c9471fc61cabf95a010
CLIENT_TRAFFIC_SECRET_0 e0cf80a0b9956142ac8caa9f34d711a82f6d38c64115b1a7d97c9253295c6ac2 4d4ab0b468aa0095822bf950562aa8be1c86c2bd48461c9471fc61cabf95a010
SERVER_HANDSHAKE_TRAFFIC_SECRET b7a87dae7d2aaabc04bc7b208f3469730401cb82f89104f35ee97636cc47c3c0 d38267e8e536856132bb0ee03aafffb46726ca38df3452902da354eca597a744
CLIENT_HANDSHAKE_TRAFFIC_SECRET b7a87dae7d2aaabc04bc7b208f3469730401cb82f89104f35ee97636cc47c3c0 d51d07b0e6cb61ae9c17b8d0a645035d91567e759782d80836499d9b4d87afcc
SERVER_TRAFFIC_SECRET_0 b7a87dae7d2aaabc04bc7b208f3469730401cb82f89104f35ee97636cc47c3c0 6676b574ee14cb6f746862ca0c9345d156b3b435f1e23218fceb69be4bae3848
SERVER_HANDSHAKE_TRAFFIC_SECRET b7a87dae7d2aaabc04bc7b208f3469730401cb82f89104f35ee97636cc47c3c0 d38267e8e536856132bb0ee03aafffb46726ca38df3452902da354eca597a744
CLIENT_HANDSHAKE_TRAFFIC_SECRET b7a87dae7d2aaabc04bc7b208f3469730401cb82f89104f35ee97636cc47c3c0 d51d07b0e6cb61ae9c17b8d0a645035d91567e759782d80836499d9b4d87afcc
SERVER_TRAFFIC_SECRET_0 b7a87dae7d2aaabc04bc7b208f3469730401cb82f89104f35ee97636cc47c3c0 6676b574ee14cb6f746862ca0c9345d156b3b435f1e23218fceb69be4bae3848
CLIENT_TRAFFIC_SECRET_0 b7a87dae7d2aaabc04bc7b208f3469730401cb82f89104f35ee97636cc47c3c0 1a1678faf4f0fd8e07cf5a3dbe4739d625f85c877ac7435bb1f7cae7340c7c31
CLIENT_TRAFFIC_SECRET_0 b7a87dae7d2aaabc04bc7b208f3469730401cb82f89104f35ee97636cc47c3c0 1a1678faf4f0fd8e07cf5a3dbe4739d625f85c877ac7435bb1f7cae7340c7c31
SERVER_HANDSHAKE_TRAFFIC_SECRET c72d03756d2c45e8a74387134796d7d74e908ace51ee667aef5bd0d649b4a870 f8266244e6fc7809baa7a028f721678ee8b54719c6bcf643abac2d2a4e734411
CLIENT_HANDSHAKE_TRAFFIC_SECRET c72d03756d2c45e8a74387134796d7d74e908ace51ee667aef5bd0d649b4a870 c867b8413040bec46779e66e59dbec9e3fa36708cdd3fbcc3b4a4ec27535c843
SERVER_TRAFFIC_SECRET_0 c72d03756d2c45e8a74387134796d7d74e908ace51ee667aef5bd0d649b4a870 56ad041a46fbfe8f3157a9d2cd7271e5caecbd0d2d23925b62a3f6811a2fa6b4
SERVER_HANDSHAKE_TRAFFIC_SECRET c72d03756d2c45e8a74387134796d7d74e908ace51ee667aef5bd0d649b4a870 f8266244e6fc7809baa7a028f721678ee8b54719c6bcf643abac2d2a4e734411
CLIENT_HANDSHAKE_TRAFFIC_SECRET c72d03756d2c45e8a74387134796d7d74e908ace51ee667aef5bd0d649b4a870 c867b8413040bec46779e66e59dbec9e3fa36708cdd3fbcc3b4a4ec27535c843
SERVER_TRAFFIC_SECRET_0 c72d03756d2c45e8a74387134796d7d74e908ace51ee667aef5bd0d649b4a870 56ad041a46fbfe8f3157a9d2cd7271e5caecbd0d2d23925b62a3f6811a2fa6b4
CLIENT_TRAFFIC_SECRET_0 c72d03756d2c45e8a74387134796d7d74e908ace51ee667aef5bd0d649b4a870 c33a3b20419ace1890006a3e16f80ae4437888958ec1d2688f344720e2723ba2
CLIENT_TRAFFIC_SECRET_0 c72d03756d2c45e8a74387134796d7d74e908ace51ee667aef5bd0d649b4a870 c33a3b20419ace1890006a3e16f80ae4437888958ec1d2688f344720e2723ba2
SERVER_HANDSHAKE_TRAFFIC_SECRET 7d1c2ff3371e886a9d0496f9a7cb25f81fd43441ae8761b5322a0398c06a289f e05c614000c0d41f1c3b2c4b71a6ec0d1a0fb6233744f4eef6b00d02aa3a1f80
CLIENT_HANDSHAKE_TRAFFIC_SECRET 7d1c2ff3371e886a9d0496f9a7cb25f81fd43441ae8761b5322a0398c06a289f 799bc29bb57753e49a3076c72c64fd04ee827549abbbf907609df100a9223efb
SERVER_TRAFFIC_SECRET_0 7d1c2ff3371e886a9d0496f9a7cb25f81fd43441ae8761b5322a0398c06a289f 06a1f36e0f521d1a4139f0e791b6ea764253dd7a657318c94f0560bdb767975d
SERVER_HANDSHAKE_TRAFFIC_SECRET 7d1c2ff3371e886a9d0496f9a7cb25f81fd43441ae8761b5322a0398c06a289f e05c614000c0d41f1c3b2c4b71a6ec0d1a0fb6233744f4eef6b00d02aa3a1f80
CLIENT_HANDSHAKE_TRAFFIC_SECRET 7d1c2ff3371e886a9d0496f9a7cb25f81fd43441ae8761b5322a0398c06a289f 799bc29bb57753e49a3076c72c64fd04ee827549abbbf907609df100a9223efb
SERVER_TRAFFIC_SECRET_0 7d1c2ff3371e886a9d0496f9a7cb25f81fd43441ae8761b5322a0398c06a289f 06a1f36e0f521d1a4139f0e791b6ea764253dd7a657318c94f0560bdb767975d
CLIENT_TRAFFIC_SECRET_0 7d1c2ff3371e886a9d0496f9a7cb25f81fd43441ae8761b5322a0398c06a289f 8104cc05bb2e1f4781c3d2afcb61972eff48730e6ee10c26b8f550b1683ce2a9
CLIENT_TRAFFIC_SECRET_0 7d1c2ff3371e886a9d0496f9a7cb25f81fd43441ae8761b5322a0398c06a289f 8104cc05bb2e1f4781c3d2afcb61972eff48730e6ee10c26b8f550b1683ce2a9
SERVER_HANDSHAKE_TRAFFIC_SECRET 451d2036d03464587c6c574b580e8c2c1ba4c15a0fc7d1b5362994a03c54e5df 1e9d939fa24e32232b45878b4f31d43c0199486876fbf2a19c309a863fdb269a
CLIENT_HANDSHAKE_TRAFFIC_SECRET 451d2036d03464587c6c574b580e8c2c1ba4c15a0fc7d1b5362994a03c54e5df af5656488c691b7e7dbb4dc3012994b3395427f11d22fbf4017a716b3a9a190b
SERVER_TRAFFIC_SECRET_0 451d2036d03464587c6c574b580e8c2c1ba4c15a0fc7d1b5362994a03c54e5df 2d4eb362ed9675a3d7d1ce65bb1941df4c1377c6b23db759e14e087ae59d93d3
SERVER_HANDSHAKE_TRAFFIC_SECRET 451d2036d03464587c6c574b580e8c2c1ba4c15a0fc7d1b5362994a03c54e5df 1e9d939fa24e32232b45878b4f31d43c0199486876fbf2a19c309a863fdb269a
CLIENT_HANDSHAKE_TRAFFIC_SECRET 451d2036d03464587c6c574b580e8c2c1ba4c15a0fc7d1b5362994a03c54e5df af5656488c691b7e7dbb4dc3012994b3395427f11d22fbf4017a716b3a9a190b
SERVER_TRAFFIC_SECRET_0 451d2036d03464587c6c574b580e8c2c1ba4c15a0fc7d1b5362994a03c54e5df 2d4eb362ed9675a3d7d1ce65bb1941df4c1377c6b23db759e14e087ae59d93d3
CLIENT_TRAFFIC_SECRET_0 451d2036d03464587c6c574b580e8c2c1ba4c15a0fc7d1b5362994a03c54e5df cf2da54a0fa4df85a5bfb0891382e995ed7ed087fea9305974d77ee53d2a063b
CLIENT_TRAFFIC_SECRET_0 451d2036d03464587c6c574b580e8c2c1ba4c15a0fc7d1b5362994a03c54e5df cf2da54a0fa4df85a5bfb0891382e995ed7ed087fea9305974d77ee53d2a063b
SERVER_HANDSHAKE_TRAFFIC_SECRET 115eb592cd0a33bd5b4523b3ce1065f0ce997eea29fea6d00e192857616841fe cf637c5e25b60b7f81ebfcc64b98a7ce679316ff58d19afc08511c882ef5b90c
CLIENT_HANDSHAKE_TRAFFIC_SECRET 115eb592cd0a33bd5b4523b3ce1065f0ce997eea29fea6d00e192857616841fe 3c3ed7bcdf499e58e943f5f44f37ce484e25af422e84a8f40831b8b611426e63
SERVER_TRAFFIC_SECRET_0 115eb592cd0a33bd5b4523b3ce1065f0ce997eea29fea6d00e192857616841fe 854fd8eb2a1434bbda1663469e6764622ca769ea7030470dd7f7185eb1adeaa7
SERVER_HANDSHAKE_TRAFFIC_SECRET 115eb592cd0a33bd5b4523b3ce1065f0ce997eea29fea6d00e192857616841fe cf637c5e25b60b7f81ebfcc64b98a7ce679316ff58d19afc08511c882ef5b90c
CLIENT_HANDSHAKE_TRAFFIC_SECRET 115eb592cd0a33bd5b4523b3ce1065f0ce997eea29fea6d00e192857616841fe 3c3ed7bcdf499e58e943f5f44f37ce484e25af422e84a8f40831b8b611426e63
SERVER_TRAFFIC_SECRET_0 115eb592cd0a33bd5b4523b3ce1065f0ce997eea29fea6d00e192857616841fe 854fd8eb2a1434bbda1663469e6764622ca769ea7030470dd7f7185eb1adeaa7
CLIENT_TRAFFIC_SECRET_0 115eb592cd0a33bd5b4523b3ce1065f0ce997eea29fea6d00e192857616841fe fc4b79423c98c088d8fe57e913334181ec80a52f0acb777bba6e0a8c2b85700e
CLIENT_TRAFFIC_SECRET_0 115eb592cd0a33bd5b4523b3ce1065f0ce997eea29fea6d00e192857616841fe fc4b79423c98c088d8fe57e913334181ec80a52f0acb777bba6e0a8c2b85700e
SERVER_HANDSHAKE_TRAFFIC_SECRET 5efb0239ac6aaa99836a24ffece6da912d93cfc927818c45fc6bd7d492556305 652d19ccd2f35ba209eaca072e3405878670ed552793bd7087f03121ea1fe894
CLIENT_HANDSHAKE_TRAFFIC_SECRET 5efb0239ac6aaa99836a24ffece6da912d93cfc927818c45fc6bd7d492556305 e37a522c036e8178bdffdf5be0152a0bb369a9c0caae2668a8d4618238b1a5df
SERVER_TRAFFIC_SECRET_0 5efb0239ac6aaa99836a24ffece6da912d93cfc927818c45fc6bd7d492556305 0b596151b5c1d9196f29536d572117abac568d56f29911aa5027e12a66c3e7f4
SERVER_HANDSHAKE_TRAFFIC_SECRET 5efb0239ac6aaa99836a24ffece6da912d93cfc927818c45fc6bd7d492556305 652d19ccd2f35ba209eaca072e3405878670ed552793bd7087f03121ea1fe894
CLIENT_HANDSHAKE_TRAFFIC_SECRET 5efb0239ac6aaa99836a24ffece6da912d93cfc927818c45fc6bd7d492556305 e37a522c036e8178bdffdf5be0152a0bb369a9c0caae2668a8d4618238b1a5df
SERVER_TRAFFIC_SECRET_0 5efb0239ac6aaa99836a24ffece6da912d93cfc927818c45fc6bd7d492556305 0b596151b5c1d9196f29536d572117abac568d56f29911aa5027e12a66c3e7f4
CLIENT_TRAFFIC_SECRET_0 5efb0239ac6aaa99836a24ffece6da912d93cfc927818c45fc6bd7d492556305 8d2841ad67cf30c8414f296c21df23f36b2921b534170629d3348952551b1cad
CLIENT_TRAFFIC_SECRET_0 5efb0239ac6aaa99836a24ffece6da912d93cfc927818c45fc6bd7d492556305 8d2841ad67cf30c8414f296c21df23f36b2921b534170629d3348952551b1cad
SERVER_HANDSHAKE_TRAFFIC_SECRET f53f1d58d359a92d86ae4b6fee273dcc5fc8c27224b0f094211d7524dfb9e01b a7feea9764d7e1878a4a2f4e9af40d75a43d32910a537d9e5d04a48a8276ed66
CLIENT_HANDSHAKE_TRAFFIC_SECRET f53f1d58d359a92d86ae4b6fee273dcc5fc8c27224b0f094211d7524dfb9e01b 40ae50c731742acab175e17e154a716d01bacaadb070131ae710af059580c59d
SERVER_TRAFFIC_SECRET_0 f53f1d58d359a92d86ae4b6fee273dcc5fc8c27224b0f094211d7524dfb9e01b 2b9013105ee044dd6fe86af3b1b7041bd0596f9fd03c92fc8bcce19ddf4da4b2
SERVER_HANDSHAKE_TRAFFIC_SECRET f53f1d58d359a92d86ae4b6fee273dcc5fc8c27224b0f094211d7524dfb9e01b a7feea9764d7e1878a4a2f4e9af40d75a43d32910a537d9e5d04a48a8276ed66
CLIENT_HANDSHAKE_TRAFFIC_SECRET f53f1d58d359a92d86ae4b6fee273dcc5fc8c27224b0f094211d7524dfb9e01b 40ae50c731742acab175e17e154a716d01bacaadb070131ae710af059580c59d
SERVER_TRAFFIC_SECRET_0 f53f1d58d359a92d86ae4b6fee273dcc5fc8c27224b0f094211d7524dfb9e01b 2b9013105ee044dd6fe86af3b1b7041bd0596f9fd03c92fc8bcce19ddf4da4b2
CLIENT_TRAFFIC_SECRET_0 f53f1d58d359a92d86ae4b6fee273dcc5fc8c27224b0f094211d7524dfb9e01b 64d60e519c81182ba4a7450c944b94ecba559a751198c61465457bb2d4248f03
CLIENT_TRAFFIC_SECRET_0 f53f1d58d359a92d86ae4b6fee273dcc5fc8c27224b0f094211d7524dfb9e01b 64d60e519c81182ba4a7450c944b94ecba559a751198c61465457bb2d4248f03
SERVER_HANDSHAKE_TRAFFIC_SECRET 2b335c97c07caf8851ee33fff3b05d52c2334ea8af23c9015256e53d9f0c7798 334d1eff0bb73d0900b46a90696cead5f2be2408441cba7188a3a9078cd3dc12
CLIENT_HANDSHAKE_TRAFFIC_SECRET 2b335c97c07caf8851ee33fff3b05d52c2334ea8af23c9015256e53d9f0c7798 277744fc12a1a58944750dbdce3e081b88f2db65b04125fcaa0864cf4d734c94
SERVER_TRAFFIC_SECRET_0 2b335c97c07caf8851ee33fff3b05d52c2334ea8af23c9015256e53d9f0c7798 81f431e0dab3de5682a1f97f634fba8ea5ade7ff790fd53c300d5c83feb9e7f9
SERVER_HANDSHAKE_TRAFFIC_SECRET 2b335c97c07caf8851ee33fff3b05d52c2334ea8af23c9015256e53d9f0c7798 334d1eff0bb73d0900b46a90696cead5f2be2408441cba7188a3a9078cd3dc12
CLIENT_HANDSHAKE_TRAFFIC_SECRET 2b335c97c07caf8851ee33fff3b05d52c2334ea8af23c9015256e53d9f0c7798 277744fc12a1a58944750dbdce3e081b88f2db65b04125fcaa0864cf4d734c94
SERVER_TRAFFIC_SECRET_0 2b335c97c07caf8851ee33fff3b05d52c2334ea8af23c9015256e53d9f0c7798 81f431e0dab3de5682a1f97f634fba8ea5ade7ff790fd53c300d5c83feb9e7f9
CLIENT_TRAFFIC_SECRET_0 2b335c97c07caf8851ee33fff3b05d52c2334ea8af23c9015256e53d9f0c7798 f78eb53d620af9d3d96db3f4509a2253f3ad1cb6a30668a951480721e0133eaf
CLIENT_TRAFFIC_SECRET_0 2b335c97c07caf8851ee33fff3b05d52c2334ea8af23c9015256e53d9f0c7798 f78eb53d620af9d3d96db3f4509a2253f3ad1cb6a30668a951480721e0133eaf
SERVER_HANDSHAKE_TRAFFIC_SECRET 8f5cb75bf4f4b038d932d5b5637a7cfec06c8783535592ff7de2859ad2493f2c be6ff098554a9eb52f7baadef83e4df406d0640410ab2e9e5279d22a7ec0283c
CLIENT_HANDSHAKE_TRAFFIC_SECRET 8f5cb75bf4f4b038d932d5b5637a7cfec06c8783535592ff7de2859ad2493f2c 1f767b976f6bbb51d9646881582c15d26345201b42fdb783849e61237bba8857
SERVER_TRAFFIC_SECRET_0 8f5cb75bf4f4b038d932d5b5637a7cfec06c8783535592ff7de2859ad2493f2c 9ee7f1361289af3d4e31af45785ccacc4143ff433c72fb869be2c4ec995c4e4a
SERVER_HANDSHAKE_TRAFFIC_SECRET 8f5cb75bf4f4b038d932d5b5637a7cfec06c8783535592ff7de2859ad2493f2c be6ff098554a9eb52f7baadef83e4df406d0640410ab2e9e5279d22a7ec0283c
CLIENT_HANDSHAKE_TRAFFIC_SECRET 8f5cb75bf4f4b038d932d5b5637a7cfec06c8783535592ff7de2859ad2493f2c 1f767b976f6bbb51d9646881582c15d26345201b42fdb783849e61237bba8857
SERVER_TRAFFIC_SECRET_0 8f5cb75bf4f4b038d932d5b5637a7cfec06c8783535592ff7de2859ad2493f2c 9ee7f1361289af3d4e31af45785ccacc4143ff433c72fb869be2c4ec995c4e4a
CLIENT_TRAFFIC_SECRET_0 8f5cb75bf4f4b038d932d5b5637a7cfec06c8783535592ff7de2859ad2493f2c ea83abb5a9acc42a15d71b058035501bfca806e40c9a6fc5d7f8ebd39f56dd4d
CLIENT_TRAFFIC_SECRET_0 8f5cb75bf4f4b038d932d5b5637a7cfec06c8783535592ff7de2859ad2493f2c ea83abb5a9acc42a15d71b058035501bfca806e40c9a6fc5d7f8ebd39f56dd4d
SERVER_HANDSHAKE_TRAFFIC_SECRET 2a180c1a299b9902c3579f11374924f3da1eb65f21dd1a025a4219d0d1f59563 430819d32de5dd4145a3a1d7e59ab14afa28d6d5c6b79b03f5d92c02d9b51649
CLIENT_HANDSHAKE_TRAFFIC_SECRET 2a180c1a299b9902c3579f11374924f3da1eb65f21dd1a025a4219d0d1f59563 e227ed8d971c2988a7c77e273038786e9271b35ed300696a9beaab3e153769f1
SERVER_TRAFFIC_SECRET_0 2a180c1a299b9902c3579f11374924f3da1eb65f21dd1a025a4219d0d1f59563 cfcd4b1b1c98865bc195ce2848c3a065092a0905fe3d5f607215fbb86f190f2e
SERVER_HANDSHAKE_TRAFFIC_SECRET 2a180c1a299b9902c3579f11374924f3da1eb65f21dd1a025a4219d0d1f59563 430819d32de5dd4145a3a1d7e59ab14afa28d6d5c6b79b03f5d92c02d9b51649
CLIENT_HANDSHAKE_TRAFFIC_SECRET 2a180c1a299b9902c3579f11374924f3da1eb65f21dd1a025a4219d0d1f59563 e227ed8d971c2988a7c77e273038786e9271b35ed300696a9beaab3e153769f1
SERVER_TRAFFIC_SECRET_0 2a180c1a299b9902c3579f11374924f3da1eb65f21dd1a025a4219d0d1f59563 cfcd4b1b1c98865bc195ce2848c3a065092a0905fe3d5f607215fbb86f190f2e
CLIENT_TRAFFIC_SECRET_0 2a180c1a299b9902c3579f11374924f3da1eb65f21dd1a025a4219d0d1f59563 2fcd9ff58053af60c5f5d596070051fbc97e6bdb413359efc1cf4c4fe650de71
CLIENT_TRAFFIC_SECRET_0 2a180c1a299b9902c3579f11374924f3da1eb65f21dd1a025a4219d0d1f59563 2fcd9ff58053af60c5f5d596070051fbc97e6bdb413359efc1cf4c4fe650de71
SERVER_HANDSHAKE_TRAFFIC_SECRET 999e01eb9ac130a40862851e7701e9ab0a036995b157910cd7bef1cc64858e66 2e3c990f95a2067d990af8de097cc580c26e684360e20e8940599fd0231c8a34
CLIENT_HANDSHAKE_TRAFFIC_SECRET 999e01eb9ac130a40862851e7701e9ab0a036995b157910cd7bef1cc64858e66 0afdbcbdc61d01db109dd0878888d2269fb2dfa677c5b2c6ecb15806abe0df28
SERVER_TRAFFIC_SECRET_0 999e01eb9ac130a40862851e7701e9ab0a036995b157910cd7bef1cc64858e66 93f38481ce2dcd7a501fdf2aa50b6900f9fe3443fe799157cb2b57c0dd67d7d7
SERVER_HANDSHAKE_TRAFFIC_SECRET 999e01eb9ac130a40862851e7701e9ab0a036995b157910cd7bef1cc64858e66 2e3c990f95a2067d990af8de097cc580c26e684360e20e8940599fd0231c8a34
CLIENT_HANDSHAKE_TRAFFIC_SECRET 999e01eb9ac130a40862851e7701e9ab0a036995b157910cd7bef1cc64858e66 0afdbcbdc61d01db109dd0878888d2269fb2dfa677c5b2c6ecb15806abe0df28
SERVER_TRAFFIC_SECRET_0 999e01eb9ac130a40862851e7701e9ab0a036995b157910cd7bef1cc64858e66 93f38481ce2dcd7a501fdf2aa50b6900f9fe3443fe799157cb2b57c0dd67d7d7
CLIENT_TRAFFIC_SECRET_0 999e01eb9ac130a40862851e7701e9ab0a036995b157910cd7bef1cc64858e66 2d65a0c78a1efe18f6e7a63148b1f38b7c1f8d9dcfb957bcdc1927e3fdf2131c
CLIENT_TRAFFIC_SECRET_0 999e01eb9ac130a40862851e7701e9ab0a036995b157910cd7bef1cc64858e66 2d65a0c78a1efe18f6e7a63148b1f38b7c1f8d9dcfb957bcdc1927e3fdf2131c
SERVER_HANDSHAKE_TRAFFIC_SECRET 8b1729a4a14fb5488eeaf8f4a883d7a828c1222c97e40dd6afbf5b3f1c7655dc 14aa54d50c2a00eb9a0f52aee2a01a9c0827919f0bb788ffc2e6011aa3d710db
CLIENT_HANDSHAKE_TRAFFIC_SECRET 8b1729a4a14fb5488eeaf8f4a883d7a828c1222c97e40dd6afbf5b3f1c7655dc 9f4ebe40434077441d6ea5c19291df9801a71248917e334db7009f845f73f15e
SERVER_TRAFFIC_SECRET_0 8b1729a4a14fb5488eeaf8f4a883d7a828c1222c97e40dd6afbf5b3f1c7655dc b6308c386d5fe68565fcdb82e0b04db2901844ac8ebb433184cad976d82aca3b
SERVER_HANDSHAKE_TRAFFIC_SECRET 8b1729a4a14fb5488eeaf8f4a883d7a828c1222c97e40dd6afbf5b3f1c7655dc 14aa54d50c2a00eb9a0f52aee2a01a9c0827919f0bb788ffc2e6011aa3d710db
CLIENT_HANDSHAKE_TRAFFIC_SECRET 8b1729a4a14fb5488eeaf8f4a883d7a828c1222c97e40dd6afbf5b3f1c7655dc 9f4ebe40434077441d6ea5c19291df9801a71248917e334db7009f845f73f15e
SERVER_TRAFFIC_SECRET_0 8b1729a4a14fb5488eeaf8f4a883d7a828c1222c97e40dd6afbf5b3f1c7655dc b6308c386d5fe68565fcdb82e0b04db2901844ac8ebb433184cad976d82aca3b
CLIENT_TRAFFIC_SECRET_0 8b1729a4a14fb5488eeaf8f4a883d7a828c1222c97e40dd6afbf5b3f1c7655dc b4c8f59a31802ff30e2d23ee46e353d0ee8f9794f2c1f1d7716e85b2eaf138fd
CLIENT_TRAFFIC_SECRET_0 8b1729a4a14fb5488eeaf8f4a883d7a828c1222c97e40dd6afbf5b3f1c7655dc b4c8f59a31802ff30e2d23ee46e353d0ee8f9794f2c1f1d7716e85b2eaf138fd
SERVER_HANDSHAKE_TRAFFIC_SECRET 67e525a9a64732235c11b450ea4ce51c5b505db1e73ecf2ce5fc234a225afcf5 d7368e255c76185a79abf53738253ec8037b5805b98a4bf050c432f48a71f1de
CLIENT_HANDSHAKE_TRAFFIC_SECRET 67e525a9a64732235c11b450ea4ce51c5b505db1e73ecf2ce5fc234a225afcf5 094055f0bc2df8e53ccef3e35903867043103fc931fbc0f991da45eb474c65ff
SERVER_TRAFFIC_SECRET_0 67e525a9a64732235c11b450ea4ce51c5b505db1e73ecf2ce5fc234a225afcf5 80c1ee11f0cf55faa6363d854e5663cab7342d614e99c10ed8f99e3626cd29fc
SERVER_HANDSHAKE_TRAFFIC_SECRET 67e525a9a64732235c11b450ea4ce51c5b505db1e73ecf2ce5fc234a225afcf5 d7368e255c76185a79abf53738253ec8037b5805b98a4bf050c432f48a71f1de
CLIENT_HANDSHAKE_TRAFFIC_SECRET 67e525a9a64732235c11b450ea4ce51c5b505db1e73ecf2ce5fc234a225afcf5 094055f0bc2df8e53ccef3e35903867043103fc931fbc0f991da45eb474c65ff
SERVER_TRAFFIC_SECRET_0 67e525a9a64732235c11b450ea4ce51c5b505db1e73ecf2ce5fc234a225afcf5 80c1ee11f0cf55faa6363d854e5663cab7342d614e99c10ed8f99e3626cd29fc
CLIENT_TRAFFIC_SECRET_0 67e525a9a64732235c11b450ea4ce51c5b505db1e73ecf2ce5fc234a225afcf5 3dcf1ac816a2ccd2faad4b7a28a754582d5e3dd8e6113f81c29c398ad2739918
CLIENT_TRAFFIC_SECRET_0 67e525a9a64732235c11b450ea4ce51c5b505db1e73ecf2ce5fc234a225afcf5 3dcf1ac816a2ccd2faad4b7a28a754582d5e3dd8e6113f81c29c398ad2739918
SERVER_HANDSHAKE_TRAFFIC_SECRET 91792261799d0c1463b482217255f048dc33b12e6f0e25c9c56a593824fc1e6d 5a6c043e476ac3624975685a057e04d582954976d0f7439cc1de095b7044f776
CLIENT_HANDSHAKE_TRAFFIC_SECRET 91792261799d0c1463b482217255f048dc33b12e6f0e25c9c56a593824fc1e6d 0f0435c23715ef00c95c03c43b6d44b67788d095d4f349be6628587b1848fec6
SERVER_TRAFFIC_SECRET_0 91792261799d0c1463b482217255f048dc33b12e6f0e25c9c56a593824fc1e6d fd36913caad3e83a0d6cd05449bcb8c75ada57b0bce5618493d5a8535b7b911d
SERVER_HANDSHAKE_TRAFFIC_SECRET 91792261799d0c1463b482217255f048dc33b12e6f0e25c9c56a593824fc1e6d 5a6c043e476ac3624975685a057e04d582954976d0f7439cc1de095b7044f776
CLIENT_HANDSHAKE_TRAFFIC_SECRET 91792261799d0c1463b482217255f048dc33b12e6f0e25c9c56a593824fc1e6d 0f0435c23715ef00c95c03c43b6d44b67788d095d4f349be6628587b1848fec6
SERVER_TRAFFIC_SECRET_0 91792261799d0c1463b482217255f048dc33b12e6f0e25c9c56a593824fc1e6d fd36913caad3e83a0d6cd05449bcb8c75ada57b0bce5618493d5a8535b7b911d
CLIENT_TRAFFIC_SECRET_0 91792261799d0c1463b482217255f048dc33b12e6f0e25c9c56a593824fc1e6d 865bd7185be38c14bac9d64eb76ddeedb8962df4da34d75406c0e9667bc764a0
CLIENT_TRAFFIC_SECRET_0 91792261799d0c1463b482217255f048dc33b12e6f0e25c9c56a593824fc1e6d 865bd7185be38c14bac9d64eb76ddeedb8962df4da34d75406c0e9667bc764a0
