CLIENT_HANDSHAKE_TRAFFIC_SECRET 5f0fb1d2634f3e87eff224c9df8a2b46b98409d0f6457dcdc0e7fdfa9208b72d d6062da88c9f730b5e0afe8b4973c9ad7cd6d2d68a04681f47cba39d1447c228a80559506919526886851a03cbfed2e1
SERVER_HANDSHAKE_TRAFFIC_SECRET 5f0fb1d2634f3e87eff224c9df8a2b46b98409d0f6457dcdc0e7fdfa9208b72d 1f90989a73fd6e6a55961dbbb63b7b20bf02bd2f446193ef6059d189af44d937a065734066b8a9fd1305ad089a93dc18
CLIENT_TRAFFIC_SECRET_0 5f0fb1d2634f3e87eff224c9df8a2b46b98409d0f6457dcdc0e7fdfa9208b72d 12bbd866c07087c5579341d1a647ed52d24446d1b77202ba4ed14128097a46a079fc10b8f5154fa50e1146b7355134db
SERVER_TRAFFIC_SECRET_0 5f0fb1d2634f3e87eff224c9df8a2b46b98409d0f6457dcdc0e7fdfa9208b72d 7b691f3e69a45201969f8ef30ab06cc678be652511bf8f6a1c9fe481512d2254b6cb2754290c55cfcb75d56450a7b276
SERVER_HANDSHAKE_TRAFFIC_SECRET 8280634667f2b3ab0c284dbb531bf0df29212dcbc080ccdf52609da53de6d1fa 32964555ef4d68f7e3d2e0e5c8a36939cd6e611729dcae68f57edcc4f2cd6a05c8fc8a463cd0022f5c57616d8ad0ab0c
CLIENT_HANDSHAKE_TRAFFIC_SECRET 8280634667f2b3ab0c284dbb531bf0df29212dcbc080ccdf52609da53de6d1fa 08b4ee274397e0c0679166c5a9b04c383858b1b3019f042ca9cb60741ffe9fc353bad878e3c3e3ea171ff44687557a1f
SERVER_TRAFFIC_SECRET_0 8280634667f2b3ab0c284dbb531bf0df29212dcbc080ccdf52609da53de6d1fa 56dd8f636db5c8217468738c3ecf898e01e212bd3080b25d54bd2ac29242c5a45dc454e25a7d544157b35a1c397b3957
CLIENT_TRAFFIC_SECRET_0 8280634667f2b3ab0c284dbb531bf0df29212dcbc080ccdf52609da53de6d1fa b26c4dfb5cd28f6ea54fc85e73fa0f6ad84ebf1bf1331051779efd7374ed496810b8f286e476aa80407a17ea5c13ce3e
SERVER_HANDSHAKE_TRAFFIC_SECRET 9a36c5f01b711baa221905171bed3e4fb674fe5860b66c550f51b9d1fa2c6c42 14ba2fb9cb303b06a7a03f711213b1508fda8a4c8a1b874053602b42c50fc8bcf2967fe466379d54b1f3b31fa40668ea
CLIENT_HANDSHAKE_TRAFFIC_SECRET 9a36c5f01b711baa221905171bed3e4fb674fe5860b66c550f51b9d1fa2c6c42 378bcc71aa0457579d98a676a3b1ea3ccdc11607954339c2d7fda7f4535e12e1a3477df02e4dca8dc2dcdf8ecda4f9b2
SERVER_TRAFFIC_SECRET_0 9a36c5f01b711baa221905171bed3e4fb674fe5860b66c550f51b9d1fa2c6c42 d8479d1f54566dacce56c49c9803df25c305707301f84e4f0429b1fcd41aac4744646249d7bd62fd65d9f18a17b91205
CLIENT_TRAFFIC_SECRET_0 9a36c5f01b711baa221905171bed3e4fb674fe5860b66c550f51b9d1fa2c6c42 902ec2410fc2cc2f1f20347d4463c1ae4a54c59ad84fc14e982fc4ba6d9a42b9a0a42c848f35df3cf3b56f0fa8ff7403
SERVER_HANDSHAKE_TRAFFIC_SECRET 7a0042fb12368a84d97cb266a988bd9903e22f704c5adc4724219c31517e64f9 3c7b92a64257b3fc5562b3fdb9642704619d561f6d9f74422be06c325a51dafab4b11131c370ae9715fb163835090b3d
CLIENT_HANDSHAKE_TRAFFIC_SECRET 7a0042fb12368a84d97cb266a988bd9903e22f704c5adc4724219c31517e64f9 1205237d2229cfd5f5d23291c2cc34f7b8271e869ff24f48b00ecc243f9f5134490546c36aa94489bc6cb4cff4b30038
SERVER_TRAFFIC_SECRET_0 7a0042fb12368a84d97cb266a988bd9903e22f704c5adc4724219c31517e64f9 125d01d0ef09c6a71d2778211a5590ffaf6022de68c9dfd5c8a6c3d89eb3e7c3e5175611ddeeccc07a720a1bcbeec0a7
CLIENT_TRAFFIC_SECRET_0 7a0042fb12368a84d97cb266a988bd9903e22f704c5adc4724219c31517e64f9 c801180cf6c14264c6f91198dc7348a61541a2ea716b904fb262ad75711d15b78816d01b066d4c2e268b6fdc8b110dfa
SERVER_HANDSHAKE_TRAFFIC_SECRET 9a57da3e546d5ec5622461c37a7a3f3ecd2c84d1cb6face6b9592087ca993dd1 1d180a4a49e9e0ff78deaf22900635c2f1614ea8cf8df617a22a59336aac46c96978cd9476002cb18f5f6a70a6e966ac
CLIENT_HANDSHAKE_TRAFFIC_SECRET 9a57da3e546d5ec5622461c37a7a3f3ecd2c84d1cb6face6b9592087ca993dd1 3bd3ebd273cc2db627dad2e1cbac8f1eadf92bf187fe5a7580901a09b0d71a043f52aaf22568faa4df28edf37e714682
SERVER_TRAFFIC_SECRET_0 9a57da3e546d5ec5622461c37a7a3f3ecd2c84d1cb6face6b9592087ca993dd1 900f4fd8053aeabec097d0ee7b4df23cfa9a2afc3faa2da63748bfaa526ab9c5caa0b255bb95ad13cedf9af6b2e86751
CLIENT_TRAFFIC_SECRET_0 9a57da3e546d5ec5622461c37a7a3f3ecd2c84d1cb6face6b9592087ca993dd1 b5821f877d81e563092ef8e0d211f3f38c3e705d39c0a3a38d3e9ef16706ebc111a4c4e3a4e33e48206a5993c0a4b977
SERVER_HANDSHAKE_TRAFFIC_SECRET 0d4e643f64c612458240115166f3e247d990d242d18e51b2738559a85c1de3b6 120373dd1dac8057aa118a118919d8c1ce5cb98896723284023a6e37691cc40012e7a29f83cf1f5c99965caf897a3a84
CLIENT_HANDSHAKE_TRAFFIC_SECRET 0d4e643f64c612458240115166f3e247d990d242d18e51b2738559a85c1de3b6 5f17e1c5c28a28115230a45c74ca28609962621f432b4a45e37226b27a6f5073ab2a2843e0bb9a50f8f41255270c8132
SERVER_TRAFFIC_SECRET_0 0d4e643f64c612458240115166f3e247d990d242d18e51b2738559a85c1de3b6 2bcd3c01ac1edb5837705880899995e3a3b664a2f278a8df838a37bda6a737935c728229762a93c37e30f297b7e49769
CLIENT_TRAFFIC_SECRET_0 0d4e643f64c612458240115166f3e247d990d242d18e51b2738559a85c1de3b6 8b21b019033f91b6e8d4fc3fa63ae1817c73df9b79f9a9cb385f5627a59413da865e6549b5522ec79a5bf3db0679d8a5
SERVER_HANDSHAKE_TRAFFIC_SECRET 5876183b3702dcc470260f4bb784cd76e5f22d0d144d045a2662fc306108a4a9 324b67f335a315841d5e82fe7992898e04e9bc3bdd52db60187c3ec4ae82451e3298327b3ed9f2fd9f15bef7d93d0b1a
CLIENT_HANDSHAKE_TRAFFIC_SECRET 5876183b3702dcc470260f4bb784cd76e5f22d0d144d045a2662fc306108a4a9 2d0e19f12b072c00be5e3c97c06d785c5c22f687a4287c18c2548ecfb82649df5a4a039b2702bd40e413df3111357743
SERVER_TRAFFIC_SECRET_0 5876183b3702dcc470260f4bb784cd76e5f22d0d144d045a2662fc306108a4a9 59fd5df7bab67deb51143ad629235d3adae724f0a098a08fda57f830ca11a148e3d9c83211d99e22be2b38fb0a50fb52
CLIENT_TRAFFIC_SECRET_0 5876183b3702dcc470260f4bb784cd76e5f22d0d144d045a2662fc306108a4a9 019f907d3adea2102ff0b638d5897c37f06c329e5f08d2599f364d96234205d96d8c68ac3ae743b27632b3e45a702f57
SERVER_HANDSHAKE_TRAFFIC_SECRET d8eb127743d97ae49294240434de5f5985d20cd25b28c7b3acea09a5b9e1a2ef cfcb1eb3a66dd07096e674481d01fd80b98a52f5d1b8014d551ed09214f8aa5b9f624cffacae2707315c84f1ecc256f7
CLIENT_HANDSHAKE_TRAFFIC_SECRET d8eb127743d97ae49294240434de5f5985d20cd25b28c7b3acea09a5b9e1a2ef 4803cb877b29a8863d3689509bc9e379609dbf27bc44914c3599be25ac3d5919b48037bb9aee3985b58bd7f7bc43799e
SERVER_TRAFFIC_SECRET_0 d8eb127743d97ae49294240434de5f5985d20cd25b28c7b3acea09a5b9e1a2ef 250a32a4bc5e8d1125363965229384be93ce3882bd879131c0c97b8e2ed5e7c44759776c60315fc2b4990f0a236d423f
CLIENT_TRAFFIC_SECRET_0 d8eb127743d97ae49294240434de5f5985d20cd25b28c7b3acea09a5b9e1a2ef 4aacdbaf69e0c257bd04bdba0afb76a730184439fad5f58e59b457632f309900554ff7fbb7ac6e3e8d0fdca5d3b536d6
SERVER_HANDSHAKE_TRAFFIC_SECRET 517c6af2f95475f0058f31d7047dd71390236c104f7dbd4e9255285cd4a1371f 4dbd69338055d989a19dad1be7e315aca924aa691102c80e1bcec537089ba61fc4f731c275afa509e499323d38f87821
CLIENT_HANDSHAKE_TRAFFIC_SECRET 517c6af2f95475f0058f31d7047dd71390236c104f7dbd4e9255285cd4a1371f 3ff644a3cb0e2aa954d955f93507d313d41ecc71b4b9729fa3a900062457471b5bf6dbcc0f9f65aa9feb189f0eff02ab
SERVER_TRAFFIC_SECRET_0 517c6af2f95475f0058f31d7047dd71390236c104f7dbd4e9255285cd4a1371f d4ae4f228bcefbfa8d99646b9387445f5014cd67160b6ffb5649db3c817a8c01f537b2196d53239a3e301e181a214483
CLIENT_TRAFFIC_SECRET_0 517c6af2f95475f0058f31d7047dd71390236c104f7dbd4e9255285cd4a1371f f9c4cafad8c01ae0839971dfeb9f43ae5e4169e69d5ad7b31b9803e498a6309b6fc2173601d82ca236e7a3c4f8c07ae8
SERVER_HANDSHAKE_TRAFFIC_SECRET c05072e7d82dc027adcad6de6e5d84a03d372ced462380bb9fa0f532d574ebfa da9cb2f62aadbfe416733d8772654b8cc9f936a518e19f1e473a5527ffa379560863eebab828946cfe636d292b213924
CLIENT_HANDSHAKE_TRAFFIC_SECRET c05072e7d82dc027adcad6de6e5d84a03d372ced462380bb9fa0f532d574ebfa 54a787e07e0e947d8b97f45b15ae4e958c00a0086f446ea54815b8b716ea3005fb86bc364ba429070e303affcc73f57e
SERVER_TRAFFIC_SECRET_0 c05072e7d82dc027adcad6de6e5d84a03d372ced462380bb9fa0f532d574ebfa a200652a5c031f4feafc0ef61e2c68e00d60c2934884e37e5a5b0cf076b5304bf9acc2b89b42b398bde3fcf6ad3826ce
CLIENT_TRAFFIC_SECRET_0 c05072e7d82dc027adcad6de6e5d84a03d372ced462380bb9fa0f532d574ebfa d5b7bf20c52a054144bcbc0bfdcf5a8509eecbb28cc801bd28194554a73204f092e063a3297734b7f22fb1897d4c14ca
SERVER_HANDSHAKE_TRAFFIC_SECRET ca1eea937b36b455afb8e24576b17a4e35a8b0e948a7a3f687551995460f8cd7 2336e6c7c89affc2d1b40acfcde7fd64e986f5d049a9b03e77210a54bc741f5df9307be0d779b19bd5e30eb4ae0fffcb
CLIENT_HANDSHAKE_TRAFFIC_SECRET ca1eea937b36b455afb8e24576b17a4e35a8b0e948a7a3f687551995460f8cd7 eb497ea1fbd780ac5828137717466301f6a33d609f2bb64b29d9ff3d95c772b4b0e44dfc79150a92afd6a596ab602bea
SERVER_TRAFFIC_SECRET_0 ca1eea937b36b455afb8e24576b17a4e35a8b0e948a7a3f687551995460f8cd7 274fab34291dd7dabc25a7a616be307d6b7ab545e8db9997749bfbd0004c9b98a37e32a42bba96656aef6487c0aa925e
CLIENT_TRAFFIC_SECRET_0 ca1eea937b36b455afb8e24576b17a4e35a8b0e948a7a3f687551995460f8cd7 5cc5a89d62df9279c6e1acd0438f84aa114977576179219b16f791d917c2f8394c83b730dd3fd64f42a91f209a4ec9aa
SERVER_HANDSHAKE_TRAFFIC_SECRET 8f8f177517478520de68f0453c087872c5259287d68f3a2bf74f24ce99cf7309 bda38dbcac2c2f43ec601720c168a897afdb27a1552a1c8748e450c9ad4b25f8ebc9cb58077ec702df0d6f7b10058d89
CLIENT_HANDSHAKE_TRAFFIC_SECRET 8f8f177517478520de68f0453c087872c5259287d68f3a2bf74f24ce99cf7309 5df6bbe9cca358433d349b93f6e046d8c7c5499f5d2476d676df18fce5db91ccb9c19a3dd1c8a2bf26ee5bfc3b1b44fd
SERVER_TRAFFIC_SECRET_0 8f8f177517478520de68f0453c087872c5259287d68f3a2bf74f24ce99cf7309 5555263bd1e5f856b6fc3fff25f0faef83b66f463a699bf6c666fe94cbcdeb303896dacce7c2f326bc40a3be17d99fab
CLIENT_TRAFFIC_SECRET_0 8f8f177517478520de68f0453c087872c5259287d68f3a2bf74f24ce99cf7309 c035938aeeab660f71ebd29fa53b346e71f5a8487280f48b55f0f997cc46dfc34640eb284b7032e80d83f296c1bce7e1
SERVER_HANDSHAKE_TRAFFIC_SECRET 2c428c579fd699cfedaa34d80793db38f2b17df0265ad6e4440a8141034ff969 d852d2805665c970e246067682cc011e83bd3524267b318b82d751dca7df803a5825ce5f971eaea367a32f6bbf1cb61c
CLIENT_HANDSHAKE_TRAFFIC_SECRET 2c428c579fd699cfedaa34d80793db38f2b17df0265ad6e4440a8141034ff969 73b80096f313f0f742dfdcc179df9c21e86d273ab61630ed0bf5d7ab677920e06b2f0a47dbcf0014d93288523a185afd
SERVER_TRAFFIC_SECRET_0 2c428c579fd699cfedaa34d80793db38f2b17df0265ad6e4440a8141034ff969 d3bfece877b7f11c915a70017bcdb205b59b039f28c554430b01a134b41ac994ddfb439725dfa794ce9175dd73557d51
CLIENT_TRAFFIC_SECRET_0 2c428c579fd699cfedaa34d80793db38f2b17df0265ad6e4440a8141034ff969 c03862b21855c53685c6e65f94cdd564cb52f29adaf99269209d1be770d2a6064521b5f50fbf1860aac6490e8bd27140
SERVER_HANDSHAKE_TRAFFIC_SECRET a75b01e64d7af0aa4e8edd9165fcdf90a0365c798a91fc05c8ff4e4e6ae1155c d2829e08a83c5bd6a290a2b57f60e8bfbb312f0812897266220855a978090d61b2444d52f17210dff4d609a89b34917b
CLIENT_HANDSHAKE_TRAFFIC_SECRET a75b01e64d7af0aa4e8edd9165fcdf90a0365c798a91fc05c8ff4e4e6ae1155c 1df23b54898c0123adfd9bea5915eccafe076966f316bfeef2d4ef4fb03c4a190166f9f46d18d285ebb90fb38e045da3
SERVER_TRAFFIC_SECRET_0 a75b01e64d7af0aa4e8edd9165fcdf90a0365c798a91fc05c8ff4e4e6ae1155c 88353b9e311437fb983d2ab98675133d2485bd6cd3496e4df1b70f70f58602d6a6f0415d6c3bde9c5121dcc30485d055
CLIENT_TRAFFIC_SECRET_0 a75b01e64d7af0aa4e8edd9165fcdf90a0365c798a91fc05c8ff4e4e6ae1155c 96c99cead8ad3974f6dfb188a7044803d04b465322b6203076bb10d48a5704c46ceec35f1e3de3f4245e7c570033a6f8
SERVER_HANDSHAKE_TRAFFIC_SECRET c0b4795b3b4345569579ebf45e993b87b641176d7f043cef457cf62604761021 0f2bc741d6449923439d62818a21a34a5cd117c5eeb082d1b42b68d9c2934c22f7d2aeb8bbaf34f772a31ce08cd4222f
CLIENT_HANDSHAKE_TRAFFIC_SECRET c0b4795b3b4345569579ebf45e993b87b641176d7f043cef457cf62604761021 60b66e79a60fe022b5e0a96e39b433a6b304d539a9bd83f88230b4cbcd1600570bd6c4a36177d77ab38c93cb943f1292
SERVER_TRAFFIC_SECRET_0 c0b4795b3b4345569579ebf45e993b87b641176d7f043cef457cf62604761021 513de4ed34b5a8e2cb76be672bc9c7ffa508be29c14920251455b27fd76ca6c01b258de5076ada4c68c413bca6c985e6
CLIENT_TRAFFIC_SECRET_0 c0b4795b3b4345569579ebf45e993b87b641176d7f043cef457cf62604761021 1d99e3f1516c11dcd2c35a82ce46a54df686579905f261d14fe11d4c84fc2001a24f96ee3f72549b0e937510e55036e4
SERVER_HANDSHAKE_TRAFFIC_SECRET 0c92d601c0635908ca9131f5e6af9ea965007c6be291404dc3632eb3185020ab aa4a5a454c53a5c326bebe83957de5fc20d67abd64dedc6bfa06914c60e2101a428c4a656e26b34029aecc67c8469a37
CLIENT_HANDSHAKE_TRAFFIC_SECRET 0c92d601c0635908ca9131f5e6af9ea965007c6be291404dc3632eb3185020ab dbe51992151738d1415c82bd08d4c2a323ba2e64de9b5715f1c0cebb883fe5cc793b96838b28f8e4d235bc910133a5b2
SERVER_TRAFFIC_SECRET_0 0c92d601c0635908ca9131f5e6af9ea965007c6be291404dc3632eb3185020ab 7093bda56d2af8c632a5592958af74727d5476e11e4b67b5c7b8c300458b8097eaa7b50a42eb5573281a02126626df97
CLIENT_TRAFFIC_SECRET_0 0c92d601c0635908ca9131f5e6af9ea965007c6be291404dc3632eb3185020ab 8801b79205db7769fd2bac975f16c71d4b1e8a5289a3e1430764e4630f2b5b3c870f56fc6243d4a46b9f227302aceb5d
SERVER_HANDSHAKE_TRAFFIC_SECRET 7459d6fe85bfbbc9f711a77719973ebc4eac42c9a222fc5b619b507057f9dbb3 1c1e3a3ceca2a247dbc01f02fb174d3d1fb89856451d86162c0eda82b3887aed411043885ec84aaaa664a2843aa361ed
CLIENT_HANDSHAKE_TRAFFIC_SECRET 7459d6fe85bfbbc9f711a77719973ebc4eac42c9a222fc5b619b507057f9dbb3 47a34ec0586e1c2fb343a342b709519627aa0a5a168c73d57167bb90be11c186ce0ce4653be0c152ed785a5cd738d736
SERVER_TRAFFIC_SECRET_0 7459d6fe85bfbbc9f711a77719973ebc4eac42c9a222fc5b619b507057f9dbb3 4c923f5a3631f08e72fcc2bf69834f832be7d3892039b1a4aa6a1c926e6f3cd992003fedd617a1787a29522206590241
CLIENT_TRAFFIC_SECRET_0 7459d6fe85bfbbc9f711a77719973ebc4eac42c9a222fc5b619b507057f9dbb3 f4f5f264f8404e537c6fc5eb75b8528f1e6f3aec2b9fcdd589400e38081c2f827318fc06203e0a6865dc4fb6c405f8cb
SERVER_HANDSHAKE_TRAFFIC_SECRET da857a90deedb3ab62f92ae56f24304acf9522f63186393a3810ce88564ed10d 8141977970269c377d9fa062da43146d1c98567d92a3f412c13471680664aa64ad34c8a21b2d73e82dddcb1bdc4a8dc9
CLIENT_HANDSHAKE_TRAFFIC_SECRET da857a90deedb3ab62f92ae56f24304acf9522f63186393a3810ce88564ed10d 936f7b0b2d2b3cec23cef7140f6f0bb30322ec346e14cd1c5e50dee581e546329dde4ab84fc120f8e879b78e51241cf6
SERVER_TRAFFIC_SECRET_0 da857a90deedb3ab62f92ae56f24304acf9522f63186393a3810ce88564ed10d 7d54fc604558a28afa04bac6f0ebe5f0f6247fe3d579c4b11a627ccb9447a83f0b4ea191c6eaf4c7b5d6aad7d86bc647
CLIENT_TRAFFIC_SECRET_0 da857a90deedb3ab62f92ae56f24304acf9522f63186393a3810ce88564ed10d a976a4c01af9133e15d03b7391cfba69b329ad6fb7de0c94d4317fc78d3a091e30f9a5ba7917ba23721dfb95b17bf57d
SERVER_HANDSHAKE_TRAFFIC_SECRET 8e18b3e35f6c6cbb3ca6b8f79e3934254ca649cf4d69359367c253fb1da85e88 bb4c6646fdeac6afde35e3ffd334b75ad1dce5366d45bc239daa5ef3183ead5947192743aaf3fd0fed5cf6e30d17d75a
CLIENT_HANDSHAKE_TRAFFIC_SECRET 8e18b3e35f6c6cbb3ca6b8f79e3934254ca649cf4d69359367c253fb1da85e88 5be83a6ef38e404dff7b30726b43f4faf6a1a3a958499fc1738968fa339896818af79cbaab3db63cc3c4b21646e08792
SERVER_TRAFFIC_SECRET_0 8e18b3e35f6c6cbb3ca6b8f79e3934254ca649cf4d69359367c253fb1da85e88 c41efd7e5af414cf7a3d747b13049e4e4ad452f1aa6ad26900677ba17520074f0f0f4c2fb9eb63264c808ac2d074c3c2
CLIENT_TRAFFIC_SECRET_0 8e18b3e35f6c6cbb3ca6b8f79e3934254ca649cf4d69359367c253fb1da85e88 c26a9998d214484b8a45968668e7a9d5ceee281c3dafafb1cab1c10df38c58744dd76896ce62a80678804ab90fb08bdb
SERVER_HANDSHAKE_TRAFFIC_SECRET c3b5e6eec9d1b9db3a780e1e6fc0e91b148560aed66b1440014c62d02fd3e16e 5763d3616ebb7458baa63c68e0a38ff9f984044838fab8bed345645b8577098fbc26535ae4b44657d78ffd93974940aa
CLIENT_HANDSHAKE_TRAFFIC_SECRET c3b5e6eec9d1b9db3a780e1e6fc0e91b148560aed66b1440014c62d02fd3e16e be71ed1c5721ecfc126f9283206d76defed27859727e5fe8df8ce7ac9c02cd76fc94425c195fdd46253a07b651acec42
SERVER_TRAFFIC_SECRET_0 c3b5e6eec9d1b9db3a780e1e6fc0e91b148560aed66b1440014c62d02fd3e16e a97b92396bc5811f4f4bfa8b92fad9d3a0c6261ccb84bde6babc73a91de0e723d21b9e6f1499357b06b6f4ca0846ca03
CLIENT_TRAFFIC_SECRET_0 c3b5e6eec9d1b9db3a780e1e6fc0e91b148560aed66b1440014c62d02fd3e16e d0a550a0591305b8514c13615339dfafdb824f664677b8244e5341d88eed8d2000ca84f7e09bf6dcc9a18a8ae4dbbc3e
SERVER_HANDSHAKE_TRAFFIC_SECRET fa142c8ac02adc09ee374429f3b186568f29d086519631fb621991c8e35398c8 264a9fe62063976a450dd03514a7c8bdef122c512fd0991304029169837602e5c0a24e093627d5fd6f35bae0ba36d1da
CLIENT_HANDSHAKE_TRAFFIC_SECRET fa142c8ac02adc09ee374429f3b186568f29d086519631fb621991c8e35398c8 65a50fa3c9842a3951222c475b0252ffd90975b2b07e719253e8c0f217c746b141ceab613005825e600649e2350d4475
SERVER_TRAFFIC_SECRET_0 fa142c8ac02adc09ee374429f3b186568f29d086519631fb621991c8e35398c8 8816b10e7f6443517a38f6d08af1d34d4e4c3fe6d9f686b7376de8cd3f6a53d6a1a37f4d5532861a785d46da38d892c4
CLIENT_TRAFFIC_SECRET_0 fa142c8ac02adc09ee374429f3b186568f29d086519631fb621991c8e35398c8 068eff10e457ff28e3fed627635d4adca175e7bf9b93ecadef68b4c3c12db3bb3f61706e974cb6f139eb7b85dc8b59cd
SERVER_HANDSHAKE_TRAFFIC_SECRET 4abea39d2ad5f952ac4d77b2e84475752637237e5c05a87606422cdac851d08d 2f7afe4efdbf9552e7edb100144ce041159767a63108bb25cdc3c3d378691bdd2acec336088e0fb87f73b50d668731ca
CLIENT_HANDSHAKE_TRAFFIC_SECRET 4abea39d2ad5f952ac4d77b2e84475752637237e5c05a87606422cdac851d08d 4f0e16c80ae76a55dea96c996e4906663de56761edbd639b55c5764674e9e075deab078d375739732a6d3a10370607bf
SERVER_TRAFFIC_SECRET_0 4abea39d2ad5f952ac4d77b2e84475752637237e5c05a87606422cdac851d08d 687db7d53e0d62c6fe00451611c54a501298571d54524f6adb25c0f8f1bf1d74336816eabee403f6c786ba3cf9d6f0d5
CLIENT_TRAFFIC_SECRET_0 4abea39d2ad5f952ac4d77b2e84475752637237e5c05a87606422cdac851d08d 30cfc4f12b8441ce501c631600ffce281b70295bd0e1db39bf6a9b5ea0af68f0a2ab27a815b3815cd3ade886f0184f88
SERVER_HANDSHAKE_TRAFFIC_SECRET f2de033f528d08821eb1ea47b3f1ba273741ecaaa088a44fea3967e366e55658 e77e7199e9824d70b420c90107a55489132979abfd27d617427c39394596b9b00b9df1567d52b67c3eae31ae4c2bf00f
CLIENT_HANDSHAKE_TRAFFIC_SECRET f2de033f528d08821eb1ea47b3f1ba273741ecaaa088a44fea3967e366e55658 60df4957c733fc9349bf05c6aa93b2a3e401226c3714b039aabf305c9ef69a63fd288f62391424d82dafbc09e011a552
SERVER_TRAFFIC_SECRET_0 f2de033f528d08821eb1ea47b3f1ba273741ecaaa088a44fea3967e366e55658 a64aee0e7773bfb982434261d76845c0e27583d02790963de1825fe8160c60e5aa3216616be3d84dae1ae5dc856e4af1
CLIENT_TRAFFIC_SECRET_0 f2de033f528d08821eb1ea47b3f1ba273741ecaaa088a44fea3967e366e55658 6a2bf18eea8f8c8974c5629199026dea96a9684d104c2adb38356671df05b7929a70a7bc26a24c12986504305edec56d
SERVER_HANDSHAKE_TRAFFIC_SECRET 0e9dac1b99a7fda9ec2d36eb9019a9195b5e90be74e59ccb76c73761d5846732 edc288d853d3e7dc5e3d8d27d032c94bdde978cd3dd4239817ad2e66dce45a4752f62b2fdd36cfb62b3815b0986cb089
CLIENT_HANDSHAKE_TRAFFIC_SECRET 0e9dac1b99a7fda9ec2d36eb9019a9195b5e90be74e59ccb76c73761d5846732 54f550235abbf9657ca7d68ce58565b2d954feb0837976b2e436197a81e639404b98d89d6541ef541dc967dc2b63dcde
SERVER_TRAFFIC_SECRET_0 0e9dac1b99a7fda9ec2d36eb9019a9195b5e90be74e59ccb76c73761d5846732 4a1ce1b95baceb4f8ae351709417473bb05dc981ff4475a5a5725342f54c8c74a9902db998a3cce43e0b8a9aa59018d8
CLIENT_TRAFFIC_SECRET_0 0e9dac1b99a7fda9ec2d36eb9019a9195b5e90be74e59ccb76c73761d5846732 845dabd42936390f06adadf6f700e93ca04c80b423ddff8b6ba66d168d206d0d9d0cb6418a984c6a69ccc3924e97385e
SERVER_HANDSHAKE_TRAFFIC_SECRET d776a4ad8124e6ebd0b2248d3dd378ff8fc1ae05eb0e189311887a24653ac677 2c855a064c47e344efc445f65b472c8c62a32a84caaa1490552438073dd03a1abb749ffe082ae4fa2e8468d39b425b11
CLIENT_HANDSHAKE_TRAFFIC_SECRET d776a4ad8124e6ebd0b2248d3dd378ff8fc1ae05eb0e189311887a24653ac677 7bed302376e4baa5bd54b481d60f4b4ccb719985aa534016553bd13cd4286fc10e8d44800216e6c3c84b4a15ca1550ef
SERVER_TRAFFIC_SECRET_0 d776a4ad8124e6ebd0b2248d3dd378ff8fc1ae05eb0e189311887a24653ac677 9eaded599144b3874bac9d7c0c5dabd5ca7660fca7af0b82f3b5600f285a64649df0a7d1f8f462e141a06466f703bbc5
CLIENT_TRAFFIC_SECRET_0 d776a4ad8124e6ebd0b2248d3dd378ff8fc1ae05eb0e189311887a24653ac677 eaad3ddf0cc923e6c4d15ab63a055d765a758985f394bd84d93b817723b3afc6afab5c1d3b7e7c26a794b11850988c3a
SERVER_HANDSHAKE_TRAFFIC_SECRET 695139d2bc949f2ba5f563ff1a0210cdd541045576de906dba5b7063d2f2d95b 1da4152153f3bdf5bd3fde0e6e25ee40226c524bc4b04e38b6e0e4def557a6ae622a98d450d908f74e39f103691d2355
CLIENT_HANDSHAKE_TRAFFIC_SECRET 695139d2bc949f2ba5f563ff1a0210cdd541045576de906dba5b7063d2f2d95b 486f012556e185b3629710f6a5bf90cd3c849466fcc2ae64d9a48a5074c032698dcbbf8cfb6576b8a880a5ff8727fbef
SERVER_TRAFFIC_SECRET_0 695139d2bc949f2ba5f563ff1a0210cdd541045576de906dba5b7063d2f2d95b ab471d49cb24c328870e8b543a47f19be3ab7b6e69a38b251de435f62246cd5c7bbf018ab948f6d0cbbfd41aa05adaa2
CLIENT_TRAFFIC_SECRET_0 695139d2bc949f2ba5f563ff1a0210cdd541045576de906dba5b7063d2f2d95b eeee2e2aba996ae9ad47d219af475a702eeb5935bbafdbd6bb054421a8848c53b05ff2a7389911f7074c407b3f65476d
SERVER_HANDSHAKE_TRAFFIC_SECRET a90e03f690d21697cd54cb81f037e61256f524bd4050ed36ff7beec3bcf71cf0 35ee4c7da1f651b6438bca69c0feb462fc58f43894e405b73ec151a25d1a83b16780e4a59b430a42f3d9b0aa755661bc
CLIENT_HANDSHAKE_TRAFFIC_SECRET a90e03f690d21697cd54cb81f037e61256f524bd4050ed36ff7beec3bcf71cf0 fa2749c7d8245b8216fe4b962174656a5f68164d05f11e26290bdad2faf1c890627170c682298cb0ffb28652f94b948c
SERVER_TRAFFIC_SECRET_0 a90e03f690d21697cd54cb81f037e61256f524bd4050ed36ff7beec3bcf71cf0 afbd0e3ac42c367dad03d6ada191c82f7f54c695603ebaf29b958ba4c3addda18f3d3895cac7df4d2321ff0c6cecc704
CLIENT_TRAFFIC_SECRET_0 a90e03f690d21697cd54cb81f037e61256f524bd4050ed36ff7beec3bcf71cf0 a26a7eb6021baaec223b9bcd5a381c4d75d2970429c1a5c8b2d9399be9ba8f03bf10f2b6f5ad2f6cb8e13d00c53fa559
SERVER_HANDSHAKE_TRAFFIC_SECRET 014cb6dd6abc8b562cb4fd1860b2e4af06236d73c93ade563b306995571bd361 8b478a5d0de7a518307925897faaa5f66c3c60f53f530030ee265331994063df31bf2d723837bfabdf9dab1267c10dce
CLIENT_HANDSHAKE_TRAFFIC_SECRET 014cb6dd6abc8b562cb4fd1860b2e4af06236d73c93ade563b306995571bd361 254d78fec465dbc6fce8568fbd27b6867bd37731deeb2fee2fa0fcb48c74e12a99c4700a5aaec9bcb70fd16af85a7bb6
SERVER_TRAFFIC_SECRET_0 014cb6dd6abc8b562cb4fd1860b2e4af06236d73c93ade563b306995571bd361 75826b9a09c5449d10b3a1c3523fb631e497b9b9c438974eb72e4c4f4c71a52cb0214727c15367a1a533f2dc3053af9c
CLIENT_TRAFFIC_SECRET_0 014cb6dd6abc8b562cb4fd1860b2e4af06236d73c93ade563b306995571bd361 e6e5ce3538b6c2bdfdbc624026a0b3f2dec1a6625931a581fdce223f3b609f51375932431e760d649ac27395baf267df
SERVER_HANDSHAKE_TRAFFIC_SECRET 0584afb32a9294636547fa859223d600790fad7e30bd0be4d7093f01c8b829eb af2b5df296489124dfe3c95a14641701d27b722b7d379bdc0454d9c903dde27d732376b86acc9cbc2324624582ad7ef0
CLIENT_HANDSHAKE_TRAFFIC_SECRET 0584afb32a9294636547fa859223d600790fad7e30bd0be4d7093f01c8b829eb 2ac746e84731d5fade84e93a19a5c68da37dd7cfdc0bc5e90790fee49ac4b90d52c338b0f15e026a6d07801b38f0cf58
SERVER_TRAFFIC_SECRET_0 0584afb32a9294636547fa859223d600790fad7e30bd0be4d7093f01c8b829eb f4fde1ad9dcd9986d882f1ca2e69a41ec0236182a4c14002902dc93e8c412c0c1b400997e1ee067c5457dbb1797f5a94
CLIENT_TRAFFIC_SECRET_0 0584afb32a9294636547fa859223d600790fad7e30bd0be4d7093f01c8b829eb a68fba09a380a010fd0480f436228cd84a9de1a30028c2886f59aa8573f13cc94c9eed05eda5d090b1af57afd16edb92
SERVER_HANDSHAKE_TRAFFIC_SECRET 7b819dd08fb37e84834c5458436227c303da9c2a42b2190f025cacfdb61d2a7d 55781333181b3364f6c921d037e147d8219c7e546881a5851289d9616f692a09e70623b397a63460007ca2c326373d1c
CLIENT_HANDSHAKE_TRAFFIC_SECRET 7b819dd08fb37e84834c5458436227c303da9c2a42b2190f025cacfdb61d2a7d dd38041ac2efc3131e2e59baed313f78672fb811fc269f5dbbb470ea777437593234ce55b6ca926dd871e71c088e0604
SERVER_TRAFFIC_SECRET_0 7b819dd08fb37e84834c5458436227c303da9c2a42b2190f025cacfdb61d2a7d 58bc7e9c20bfcce4bef47dc249a4e634d2c96a441a8e12a7d10f636b34006d314a64028d0e69b11155d738c4002481cc
CLIENT_TRAFFIC_SECRET_0 7b819dd08fb37e84834c5458436227c303da9c2a42b2190f025cacfdb61d2a7d b4eb4d580706dc9435617bab715ebfe3408b242d0b2cf1cb32ced940d367ca20991ce27687cc5a74eb7513f4a2c19d60
SERVER_HANDSHAKE_TRAFFIC_SECRET 6508113f71188d91e02a823569957a27463f4254c4c7fc7d4a9fcfc481d832f7 8ffcac29f379d20af7db982efb8e767f9f6f59b03b6e46322ed083e596e0b31101e54ea3a7ad76b9ecfb565ac639780c
CLIENT_HANDSHAKE_TRAFFIC_SECRET 6508113f71188d91e02a823569957a27463f4254c4c7fc7d4a9fcfc481d832f7 e87c1dc761e5a019ac6082dafbf8032fc856ed3d2055287e822e619312e883930d40376b7f3f90e85e5053602e9921f2
SERVER_TRAFFIC_SECRET_0 6508113f71188d91e02a823569957a27463f4254c4c7fc7d4a9fcfc481d832f7 8e7d71de1817bc7dcd68b2d7d1c4e52d4d1a4d44495ce82efb658ffe1859aed0ce8303d4aeb9a670b3364bba4c94d5e0
CLIENT_TRAFFIC_SECRET_0 6508113f71188d91e02a823569957a27463f4254c4c7fc7d4a9fcfc481d832f7 85337135981996982c05e280abd781f000c9f112640249d562129220f3058b14231eaef14d4f61627c643dc079683ee7
SERVER_HANDSHAKE_TRAFFIC_SECRET c8c85f92b4b4ca4d0ca4c787a7abe4cff3f08cca698f31837451540ec7c0108e ea5985940d0349f932156c7e0641ed5cc99b198054646441ab6d3aeee1ba5f1f94420c174e9b2715b5a8e654c27d0bb0
CLIENT_HANDSHAKE_TRAFFIC_SECRET c8c85f92b4b4ca4d0ca4c787a7abe4cff3f08cca698f31837451540ec7c0108e b14b537c040cb8057c96cc13db3c7af7c4744e42e57c219485c8fc64a4fefcd7d2cbb2fe6548dcc7237d5d6ab6776f8c
SERVER_TRAFFIC_SECRET_0 c8c85f92b4b4ca4d0ca4c787a7abe4cff3f08cca698f31837451540ec7c0108e 13e2ff252dd767de273218a12861c599eef04acd423a27d69963f7abb2beb6ccd4cf7eb956afb0b78bcd1341540e0032
CLIENT_TRAFFIC_SECRET_0 c8c85f92b4b4ca4d0ca4c787a7abe4cff3f08cca698f31837451540ec7c0108e 7a1b7e136041b1ba879fbe5f015d6390b83caa854158882bdc72d72bf6f0c9d4d0b3628a0693c152c5640cc96c28cdc3
SERVER_HANDSHAKE_TRAFFIC_SECRET a663a36dbdb84bd62e8dc70c4a92758d430a19971da35c37ff5fff0e4de6e326 2ccb4d12f8fea39a4742fcd7845dd08216f0d0fb73bce8b70b8ec7faf7fe74d7eef08c63a43680b08b2f293e0327e4a5
CLIENT_HANDSHAKE_TRAFFIC_SECRET a663a36dbdb84bd62e8dc70c4a92758d430a19971da35c37ff5fff0e4de6e326 4602953f93b8e4d3f539106e9259fd3f94a664aae9cef8d1d59c7b0152bf50a8ad8d177d59c2ea346769db84a6528980
SERVER_TRAFFIC_SECRET_0 a663a36dbdb84bd62e8dc70c4a92758d430a19971da35c37ff5fff0e4de6e326 4fb704a7a1acce21d4a56175797fdadd71f7e10340ad57bccd3f5ad8ab5ec717513f4ceede77770074fc99aae09eeb5c
CLIENT_TRAFFIC_SECRET_0 a663a36dbdb84bd62e8dc70c4a92758d430a19971da35c37ff5fff0e4de6e326 ea7c186753e19a148f3b5fbce021470aee512fb77d3a371ac91e75433a76f116d89e5c8617c2ffe3c9dea7c0ef7eb70c
SERVER_HANDSHAKE_TRAFFIC_SECRET eb8f72eb3a0b82e52ba28f6f492e4a32451a5028b2f9bdf956930588cacaae4a 028021b8dc6736dab9be0f932ffe5c83f9551f9ba6da0b4176a4a8b7637c9d85752b5110ded2d3bb1b24a7e8864ff6ea
CLIENT_HANDSHAKE_TRAFFIC_SECRET eb8f72eb3a0b82e52ba28f6f492e4a32451a5028b2f9bdf956930588cacaae4a 8e705e748dd62f984f2d0b9773da365350c2b14292f8c1eb9d808de90140d086d0158377d24f762b8a003e7e2d84c9d9
SERVER_TRAFFIC_SECRET_0 eb8f72eb3a0b82e52ba28f6f492e4a32451a5028b2f9bdf956930588cacaae4a 4ad870d10ed6b7a3727525248bdb380d319c30b0c628eff985b413f6466f1b89ef381dc4fb31be80c9b5b7fcf698c923
CLIENT_TRAFFIC_SECRET_0 eb8f72eb3a0b82e52ba28f6f492e4a32451a5028b2f9bdf956930588cacaae4a 8b7b4cf0225b89766649298ed68f39412bf6d8248aad6e02620b2a9a83dad39f9efff021a5073bceb80800519e80875a
SERVER_HANDSHAKE_TRAFFIC_SECRET e80777be78bb993098d657e5e405927b97e9cd891b5737e870f393072a46cba4 ca829ec812a593bdd1e07ba9d348403de95753b2035954fb89c44882f4ce8f23602f2e776c9e3b92569679534f53d3d3
CLIENT_HANDSHAKE_TRAFFIC_SECRET e80777be78bb993098d657e5e405927b97e9cd891b5737e870f393072a46cba4 5e91ce03ba1fb355083c4656a88ea438b3ba24b4b57d9065538d408f612a4184f1a52f1a8c71cc8c2b68f4df82f9131a
SERVER_TRAFFIC_SECRET_0 e80777be78bb993098d657e5e405927b97e9cd891b5737e870f393072a46cba4 a943db9e8c5a813d58cf1e48760d253ff0fb56f867945a74d311e0eb62576807c29d6aec448d9e27953145d3369589d7
CLIENT_TRAFFIC_SECRET_0 e80777be78bb993098d657e5e405927b97e9cd891b5737e870f393072a46cba4 ff74a41d799c901194da974f5149bab6e4c72d1aae7544e3f178c36e1f25c674d0fb94f83ff1ac140924d7506b7ca382
SERVER_HANDSHAKE_TRAFFIC_SECRET ec1528c65efe054814d57bb205eaa8bcf2dfd609e09b7dd16a9f1343fabcf20d 1ea60e78ea931f43119ad327a44f40277b825fa944df363ef51d7cf9a44e9077d05f45c445f5cee6f1ef11c806159905
CLIENT_HANDSHAKE_TRAFFIC_SECRET ec1528c65efe054814d57bb205eaa8bcf2dfd609e09b7dd16a9f1343fabcf20d 12f337da2db044295d203819d8597b42a7c4448a764e6e29a2e1f860156899fc7227357a2e8184a3825514c539df7873
SERVER_TRAFFIC_SECRET_0 ec1528c65efe054814d57bb205eaa8bcf2dfd609e09b7dd16a9f1343fabcf20d b35b8b63f50173eca61f8022f7db995c0c9808ec72a835b4413bfe68ccfcf0ac48d379a643c409984963dd21f1c73d42
CLIENT_TRAFFIC_SECRET_0 ec1528c65efe054814d57bb205eaa8bcf2dfd609e09b7dd16a9f1343fabcf20d 25739b93b0242e04f4d710965d999b7e193844ac6a6acfa0f45c92a7fdf05084c1d79266c2f01431d7d6d3dd841c69e7
SERVER_HANDSHAKE_TRAFFIC_SECRET 208708783ec0978e015c89836d6906149217e088026f22476833afa693d25f31 0eecc7c7ab8b78e34b1c49b949f81a7e039c2b780faa925d2134e587f021142cda44e086303f0c07635f8e5e82c7ca36
CLIENT_HANDSHAKE_TRAFFIC_SECRET 208708783ec0978e015c89836d6906149217e088026f22476833afa693d25f31 a30312942e0a5ab4f95ae546d7736317eaf953766a0ab95666a70eb61cde8e7332249f226f15159e518d75d9dbbad9f6
SERVER_TRAFFIC_SECRET_0 208708783ec0978e015c89836d6906149217e088026f22476833afa693d25f31 6003f29a4ce649d40ff0a7e9021055f1f5ad2cd74ef21ad898c24efc98af472b2df8d643284946cc32e4a6f64a6587d0
CLIENT_TRAFFIC_SECRET_0 208708783ec0978e015c89836d6906149217e088026f22476833afa693d25f31 d4edc3bc6e1fb9fac08693c69049dca009fc37d09cd99aacb7ac9a52013479d98035fa2cc45f0ed9ce97481ed26a8d35
SERVER_HANDSHAKE_TRAFFIC_SECRET 0de21952f4f1b457bc72fa051dc23bf29f55488ad171702a748f971866001e64 758f793c7d8fda0e6df98ba844891989293f8e0c2f1afc58252a94c92336a239b65ab0127cdecf028853485a23e71bcb
CLIENT_HANDSHAKE_TRAFFIC_SECRET 0de21952f4f1b457bc72fa051dc23bf29f55488ad171702a748f971866001e64 a1a4aebdb2b4e6a84b83d6090cae312483dff6683a8f19ebdc958e3bb06f305dd18ba29c002e88140025ef10d823d5dd
SERVER_TRAFFIC_SECRET_0 0de21952f4f1b457bc72fa051dc23bf29f55488ad171702a748f971866001e64 1aceea7ea14aadfcbde6fd92287d11fb9ae69277341410ea497c182404cd5c1d139b8fddd8689ff9321fdcad54e435c8
CLIENT_TRAFFIC_SECRET_0 0de21952f4f1b457bc72fa051dc23bf29f55488ad171702a748f971866001e64 f5154dd320dc5f1e7c9214ff6c8cf58a0858ef5e7c426c225ecf45014b39502ac6e3d65fee18b30333df8de60022357a
CLIENT_HANDSHAKE_TRAFFIC_SECRET b01dd9897ccabbea4559e0a2c0ce57e6f718da1a78174179c51010fa035076f8 87cb0addfdaaf30adb0fc8ebfb9bd6d04f0df25b7947a55d94d7a2c3643c81ca8aeac67f328fd1343019c3b94b55b6d2
SERVER_HANDSHAKE_TRAFFIC_SECRET b01dd9897ccabbea4559e0a2c0ce57e6f718da1a78174179c51010fa035076f8 c51e5692df4459a26f54ae6e4cacc218a56cb90e09fd6757a4b0d10015c025ced9bf6aeb6ffa23b7e2bd4e65470d8230
CLIENT_TRAFFIC_SECRET_0 b01dd9897ccabbea4559e0a2c0ce57e6f718da1a78174179c51010fa035076f8 06dafc94cb9620aee2e686352efc8473f09661d43813adc9a0a15b6d61af1d7e093a46aa7910bd76d40dc590e01abb19
SERVER_TRAFFIC_SECRET_0 b01dd9897ccabbea4559e0a2c0ce57e6f718da1a78174179c51010fa035076f8 8b05358144b024ec438252835bf10540635e86da0671176426891d288575298f19aa34186ddb9aba9072abfcd2984e5d
EXPORTER_SECRET b01dd9897ccabbea4559e0a2c0ce57e6f718da1a78174179c51010fa035076f8 ea0de8aed7307ec7d9144e9312ace0484c6193c6984374f4fc9c2038a8eb031d2d2daae4eab9beef52a2e083c600b766
CLIENT_HANDSHAKE_TRAFFIC_SECRET 04e50d78136ba93607215da5be803b198f3e0a540f7135c3201adc18e9004c5f 62d9c46a28d6b67932d21823c703d38d68cc6e5779216b0fdf77de62a7f8d00382bb8bff3d669e5e8a56235b6a1ef754
SERVER_HANDSHAKE_TRAFFIC_SECRET 04e50d78136ba93607215da5be803b198f3e0a540f7135c3201adc18e9004c5f 4e38fa8d9e7ec2db421015b140399b53fe90cf8715dec157ebc3f3bfb2055e162691c042468e7bf732d9a54bcf74840c
CLIENT_TRAFFIC_SECRET_0 04e50d78136ba93607215da5be803b198f3e0a540f7135c3201adc18e9004c5f cb53aaae2dc547aab4cd47f39d7b7cf9c4800a84003aacafeb3baacdfad354d8ce282958df75c6a2ee885524989a6f45
SERVER_TRAFFIC_SECRET_0 04e50d78136ba93607215da5be803b198f3e0a540f7135c3201adc18e9004c5f 6ececc2f88223fd2e5ce1a29a4b116745bec57713f61f9dcb373c154f22d88e696f365185029cf802d416e9253d7658e
EXPORTER_SECRET 04e50d78136ba93607215da5be803b198f3e0a540f7135c3201adc18e9004c5f ca3c02de25e02ed605afe5544e8cb611b1404554a724f7245a26af2fee5225368d210a7437f638d826fdeecd932fee0f
CLIENT_HANDSHAKE_TRAFFIC_SECRET 51363fc340b5e78cd250d6e41e1873ed3766e26670ab941d90fd80044f8e64b4 753b16549bf08fbd17d131d17e181227bff2157b19be8c3f9ffccee426d885f6f56479948d28f2ce0dab2e07f1c213e5
SERVER_HANDSHAKE_TRAFFIC_SECRET 51363fc340b5e78cd250d6e41e1873ed3766e26670ab941d90fd80044f8e64b4 059e29c46b219bf81bc2beb7d546e5d637d527babd1e038865ab6659a98568c55d0ef8dfaae2dd4a14934459142cc6e6
CLIENT_TRAFFIC_SECRET_0 51363fc340b5e78cd250d6e41e1873ed3766e26670ab941d90fd80044f8e64b4 681e5c96a003c4410372516fdcba7a1e737c41cac4cd2d51aee77e9dae55b140a34a30f1c38af46d49f3c94c53683190
SERVER_TRAFFIC_SECRET_0 51363fc340b5e78cd250d6e41e1873ed3766e26670ab941d90fd80044f8e64b4 3d5991c81f5c69eb767820c6d01dbbbbf6e842d4387a9dd90903b3e036a6a069900e4cae15d658410d5fdb0dd8c64cf5
EXPORTER_SECRET 51363fc340b5e78cd250d6e41e1873ed3766e26670ab941d90fd80044f8e64b4 b294e953f959220e39942f4bcfe53ca05865e3308ce07e0a7d3718717f01275c8d6c40e5d114d89258db4b2d0805e839
CLIENT_HANDSHAKE_TRAFFIC_SECRET d9d852e8c66797daaa549b045e16f031bce630935eaf148ad4a38ec3503337ae c63c1ff6ddb7d8f06e89687d1e52b12b8f6a07500b0e8d0e56796ba87c3191931a9763cd1777923030282d8956ddb042
SERVER_HANDSHAKE_TRAFFIC_SECRET d9d852e8c66797daaa549b045e16f031bce630935eaf148ad4a38ec3503337ae bce8a64c7b2c3f0f050240a1b3d3db8ab562d1ee1241230c3fde15e2879e279cb8398efa799e8d5bfa9d6b4f1657912c
CLIENT_TRAFFIC_SECRET_0 d9d852e8c66797daaa549b045e16f031bce630935eaf148ad4a38ec3503337ae e2c41bfceec3791faf29f8bcf8664f4f77a66b7e7b61ee7cf9d8d378f6f9add31602aceb24ef24ea5a2b860d5ae194bc
SERVER_TRAFFIC_SECRET_0 d9d852e8c66797daaa549b045e16f031bce630935eaf148ad4a38ec3503337ae 47d66d56e8850968df424156295a4bbcf6c6141a4e4abbea71cac8405915b1a59679efc295061909a65411a9516bd87a
EXPORTER_SECRET d9d852e8c66797daaa549b045e16f031bce630935eaf148ad4a38ec3503337ae 1b82933a5c0f7e202cb05b9b1645c6d102dd7794288918d0cd4e3f758b5e00f53b9391f18a705fce388dfe03f68015f4
CLIENT_HANDSHAKE_TRAFFIC_SECRET 397ca074986e2b058520014a66542939cf20222dcb70ef2a1a6f0fafcdde5526 6f8f28e529b43be6917e55dd4d170acd9679440b11c725bfa8404543dffcb85c7aa0f1edb3e90d237ebb2d6a3214157c
SERVER_HANDSHAKE_TRAFFIC_SECRET 397ca074986e2b058520014a66542939cf20222dcb70ef2a1a6f0fafcdde5526 ef14cd5945eddb2b7f4a1c71aa1ab3b6a0d1b9a45c863731021b3e578580759d65f62efc07779c8f01535484dce5168a
CLIENT_TRAFFIC_SECRET_0 397ca074986e2b058520014a66542939cf20222dcb70ef2a1a6f0fafcdde5526 89298653c2d868585baa062bc11c966e972411602d15e0c3d14db65f1da56c7c3a06079d62043b35eb4b7f82faeacd93
SERVER_TRAFFIC_SECRET_0 397ca074986e2b058520014a66542939cf20222dcb70ef2a1a6f0fafcdde5526 b7e03e4fdad53c669e7fb21c6803827c5a86a5bb8d4079e9f33002877381dfaa5f6f04241455dacd01bdf30e2dd0878f
EXPORTER_SECRET 397ca074986e2b058520014a66542939cf20222dcb70ef2a1a6f0fafcdde5526 3a89628a748c0be2443e4af87d9665cc6fb1ae314c879e8b17d9caa51a7b30e52c536d747f73dc6928acc314a06f4e7b
CLIENT_HANDSHAKE_TRAFFIC_SECRET 0d9eabeb6e67ea1dc0f6e9e2880ee534b3ec71973f7b6e442fe05ccbf969076c d1976b30d0a4aa6d0bcea638412904e3de4a0a089d8a671398e0a03a25f89404b929aebe4f0ea596decf7feeb496b0eb
SERVER_HANDSHAKE_TRAFFIC_SECRET 0d9eabeb6e67ea1dc0f6e9e2880ee534b3ec71973f7b6e442fe05ccbf969076c 75f704964e84e3187723743013307ff0af796343474d012ebcb5ba62117c2347de37ef5b38643438a8c5ffb8a447d904
CLIENT_TRAFFIC_SECRET_0 0d9eabeb6e67ea1dc0f6e9e2880ee534b3ec71973f7b6e442fe05ccbf969076c 1e2e3139a3d3b4cba3967448ab249186737a01fd47dd49d2d55156dbd733dec49bf7040472b14912e6a6f20787abe85e
SERVER_TRAFFIC_SECRET_0 0d9eabeb6e67ea1dc0f6e9e2880ee534b3ec71973f7b6e442fe05ccbf969076c a5572491414f1560df78a03fe36bbc43452b9358ba6d2c370f86b52a8d0f09d5a6bbdb6ad7ec156887206c8a45ea4caf
EXPORTER_SECRET 0d9eabeb6e67ea1dc0f6e9e2880ee534b3ec71973f7b6e442fe05ccbf969076c e3d691cb0e17d561e2ece71af55e1e1a0b1130f8d32a49c887f11044ba5c02604a6e57d6fd0a521e4f836eb33e1f9f72
CLIENT_HANDSHAKE_TRAFFIC_SECRET cfdc6a69cdd271149a7b81b9e1f62e31bbf4521f934e3853ac86261c7ca9895e b313c1f697eef440d259a0e52a4d84dbf1926855681112386a5d40673bdb87b96328ba1aae2e808f14c03a0b1914597b
SERVER_HANDSHAKE_TRAFFIC_SECRET cfdc6a69cdd271149a7b81b9e1f62e31bbf4521f934e3853ac86261c7ca9895e 1391567bf868190da0dc6ac9f1231cad56f67857019bb0ccbb641e8c42dae260ad058783d7e12ee5813fe0fd1948cfda
CLIENT_TRAFFIC_SECRET_0 cfdc6a69cdd271149a7b81b9e1f62e31bbf4521f934e3853ac86261c7ca9895e e61af53983490d80152ce0fbf9d444d22c9a80b8f42998a5bb49f777715ae0788fd062025ef020a361e29c80bc813481
SERVER_TRAFFIC_SECRET_0 cfdc6a69cdd271149a7b81b9e1f62e31bbf4521f934e3853ac86261c7ca9895e a5e5e12fce879a36cd1c2edf7fc69db7bae9a5d57939245a1b21e16365e647c0f751491ca59044d47dbc7e6be71f1bf2
EXPORTER_SECRET cfdc6a69cdd271149a7b81b9e1f62e31bbf4521f934e3853ac86261c7ca9895e 43c8bde7993c999ad2333d57ebd1345f81e7ce2803c945be4d17d0cbafb2c3a067d5078e5c61790d24a541c990b70407
CLIENT_HANDSHAKE_TRAFFIC_SECRET ef06b51d383318ab1c8507e55f444d5795c0e82249df2638c413df58b1fb3ef0 7d5a2cc18fa1a7c8e2c5acbc89c2cd0cbd0225f501f9dd0d64b66067fbf6b3d5b5d882c87860d86ce24cd9d3d90503de
SERVER_HANDSHAKE_TRAFFIC_SECRET ef06b51d383318ab1c8507e55f444d5795c0e82249df2638c413df58b1fb3ef0 6f583118ef88ff5444b429383aa9e5951e8044cd319de8b4be915cdc88c2a1d6253089801f404fbaa8ce290cd47f22cd
CLIENT_TRAFFIC_SECRET_0 ef06b51d383318ab1c8507e55f444d5795c0e82249df2638c413df58b1fb3ef0 f6b95f0ab6e46ce73dd008116c8c51af32baa50c3b7085317b3394026d070567ebbc06b5010224f68717f6ab16a60ab6
SERVER_TRAFFIC_SECRET_0 ef06b51d383318ab1c8507e55f444d5795c0e82249df2638c413df58b1fb3ef0 6ea82c4ee5e37ae9fdeffd0348d7c61366d50d7226780a8b7045ca8d19fb91e505865d1912372ab9bd6a193a7af7b140
EXPORTER_SECRET ef06b51d383318ab1c8507e55f444d5795c0e82249df2638c413df58b1fb3ef0 9900a4a4a9d488e8024a8fc0740fece5684eeb8fa833690012e53ab383bebd763ddef07605996a97fbb41839158cb933
CLIENT_HANDSHAKE_TRAFFIC_SECRET df5aedaba9bd88e2e2c3a71e318b9367b53f5cb5e19e582eccfa06d6dc267463 7963988796d75e0c31afa96a1119f13340ea3678f539b4efc8c702d5630786a70d39c1cab17422a6b5d9496b75e1c37b
SERVER_HANDSHAKE_TRAFFIC_SECRET df5aedaba9bd88e2e2c3a71e318b9367b53f5cb5e19e582eccfa06d6dc267463 bd3470ca776664748f9f85e2cd677def9d4cbadffefeda702064d47353e9f718cd8efefdeab98918a3dea3101e455cb7
CLIENT_TRAFFIC_SECRET_0 df5aedaba9bd88e2e2c3a71e318b9367b53f5cb5e19e582eccfa06d6dc267463 d6cef93fdd7c484c403aac11ffe99fd21eb541420c52578554098ad3f597bacf98602fdcdb3f3dee51169fe3089100ac
SERVER_TRAFFIC_SECRET_0 df5aedaba9bd88e2e2c3a71e318b9367b53f5cb5e19e582eccfa06d6dc267463 618a070ac944e4ab90f8879bfa99f03bb70d1e0e0cfb2271ad89a0ba0bb4fab5d93ac91462a3ca64634c34e149266958
EXPORTER_SECRET df5aedaba9bd88e2e2c3a71e318b9367b53f5cb5e19e582eccfa06d6dc267463 c82f99dbf06866e01851417c6f30224197f89fa1d052ca8528749926361dc862390ab03f1a82ace2f4c6cbbe0ee4133d
CLIENT_HANDSHAKE_TRAFFIC_SECRET 78cd955d000c52cdcadd3b94e6f7bf9a5bf0f63855861397aaa25c3c3c364929 86902ec727b86d82611b2d9fa8f2f1004d98186db4ec9c2194e1d155c7558949cfd1c91c87d497cd58fb2b987b61f066
SERVER_HANDSHAKE_TRAFFIC_SECRET 78cd955d000c52cdcadd3b94e6f7bf9a5bf0f63855861397aaa25c3c3c364929 0be66fbbf4c04fdc77ee2787c44c90e115ab83a2a9624b656089ba63696117fa3ad716238def63923cca609031f02f4c
CLIENT_TRAFFIC_SECRET_0 78cd955d000c52cdcadd3b94e6f7bf9a5bf0f63855861397aaa25c3c3c364929 0ba508aa598c6f99559cea0e753cb35aadcf129987ffed265b767b025439491f4d966a8ed44f1dfd5cdbe38c886b6309
SERVER_TRAFFIC_SECRET_0 78cd955d000c52cdcadd3b94e6f7bf9a5bf0f63855861397aaa25c3c3c364929 d7820406de33b9023e96a8d729c3865e17fdafd9ce33e114236e8ebce266c184a1ce98ed49d2dd74ed0b2e81a72a29a3
EXPORTER_SECRET 78cd955d000c52cdcadd3b94e6f7bf9a5bf0f63855861397aaa25c3c3c364929 6fdf3206127c3f76cc6d287c6a22ea57df571634593d393daaf70d9c06e93ee181f87ed1754f1fdaf3241d656fd61225
CLIENT_HANDSHAKE_TRAFFIC_SECRET 0d83a7034a7648b3e0ee5eb056b26c0784e304cf968ef843a948e0f9e4c58171 5356d8eff33f13c8b041ed0b58d4891bd9dc679921677c7a97c97f050750cf42e9d6db8043d4335602084e8693db7be2
SERVER_HANDSHAKE_TRAFFIC_SECRET 0d83a7034a7648b3e0ee5eb056b26c0784e304cf968ef843a948e0f9e4c58171 4b7614bce70b056a57501bf91a9c677e250d4b2b481fbed38d6aa5b6ca914c4c9f9a64821aa751ac450f2447a5d88557
CLIENT_TRAFFIC_SECRET_0 0d83a7034a7648b3e0ee5eb056b26c0784e304cf968ef843a948e0f9e4c58171 19089f0bf018946a815e605f4181815649a3d2b8911a54f75d9e3cf654ecf34d5d0106b0fa64af2f2117b655b048e981
SERVER_TRAFFIC_SECRET_0 0d83a7034a7648b3e0ee5eb056b26c0784e304cf968ef843a948e0f9e4c58171 81ab64c8d342ec6b9b8701d78406f38904999438b08a2ff6b70b2050b55bb7bcea2ae130b0b507b3d7139dc81e9bca97
EXPORTER_SECRET 0d83a7034a7648b3e0ee5eb056b26c0784e304cf968ef843a948e0f9e4c58171 dffb3ada71d610841f21851cf4e063835e330112d7fa2238221c1099d8ace490849dc8a5d784f185325a623086cda44d
CLIENT_HANDSHAKE_TRAFFIC_SECRET 2f84978d24c8a716fe0779b8f2530da94d53a06c3491fbfc5f0583d7adf5677a 53467b8dd4d0fe7dd5eb11bc0a742abe8964d1475eb83f38f5eb74900f53a55d00dd8a50e3a8c293a3ed776dcb8cf93e
SERVER_HANDSHAKE_TRAFFIC_SECRET 2f84978d24c8a716fe0779b8f2530da94d53a06c3491fbfc5f0583d7adf5677a 0a366c5396186f8bfd5fd82814bb141a36a789bdedb93f07e418d4d07fbcfbe8f959ddb9e7d5844830ac473d20021d1b
CLIENT_TRAFFIC_SECRET_0 2f84978d24c8a716fe0779b8f2530da94d53a06c3491fbfc5f0583d7adf5677a 4f94aa152d49cb9d7c6ae012d86f2af0df13dcace7b73940ffe9c885196149f9ea5c42a823f1e7e694c17adf7cce149f
SERVER_TRAFFIC_SECRET_0 2f84978d24c8a716fe0779b8f2530da94d53a06c3491fbfc5f0583d7adf5677a cee43d1631020cd6ef00d63eb1ba31a48c7303e6f944cc7dd03914dde3403e1ef6355ae51e0ddb4a0d6b6ebeaf4bce19
EXPORTER_SECRET 2f84978d24c8a716fe0779b8f2530da94d53a06c3491fbfc5f0583d7adf5677a bfe11f8a3a6db174953546ba0d2140d880ecfa61c82305652fb15937002516f4eb478225f75b5c42e55dc44be3c5b6f3
CLIENT_HANDSHAKE_TRAFFIC_SECRET 7064ceb13ed669fa4905ce3cbdf48f0364e2b090c7403021b16c28a5ca99870a 250f7ed23a0b470caeb6a87b86b15953fa0108d48610bf343eeab4e496baaf69d052c29fa88a28319d355bb590cf24d9
SERVER_HANDSHAKE_TRAFFIC_SECRET 7064ceb13ed669fa4905ce3cbdf48f0364e2b090c7403021b16c28a5ca99870a ef4c1938f80091121e33923396f9ab1f7f1110e9c735d770aa07429523ce247380e428fda7d29a376aea0e0419b7987f
CLIENT_TRAFFIC_SECRET_0 7064ceb13ed669fa4905ce3cbdf48f0364e2b090c7403021b16c28a5ca99870a 1ee3da7da401f398018dc46d5d55f7aea1fe8ce0463275f2784d5460c6e7b3ce063b789e506550b20bdd7a224ba49b01
SERVER_TRAFFIC_SECRET_0 7064ceb13ed669fa4905ce3cbdf48f0364e2b090c7403021b16c28a5ca99870a fbd0433726283362a86ee1908733554dc2409d787ff1271232f1883f0c664d80ba51e901a02551ccd73fac3a948d55a4
EXPORTER_SECRET 7064ceb13ed669fa4905ce3cbdf48f0364e2b090c7403021b16c28a5ca99870a 0077b2c3b4fb1a745ec7604d93e0d2aa62815e92f09067a5d7f7a4eec7097817e92a48f865c5a129e5e89d73674cef4e
CLIENT_HANDSHAKE_TRAFFIC_SECRET e4101d43b09cf85b8ac05893ee5b5e96ace14ad66f8f5529b826df19d31d44f5 0e4763739fed76d730743090285793f420f6e57731cac300d3d7273ff16d87097f0ebc13bfd4fb978f4145b3571820c7
SERVER_HANDSHAKE_TRAFFIC_SECRET e4101d43b09cf85b8ac05893ee5b5e96ace14ad66f8f5529b826df19d31d44f5 0f9fdefd68f3a4da896ba70fa6b4474c54af4727f6ff342e7bde4fed754fcfd4a544c3ae72005306b65bd7afb5241a79
CLIENT_TRAFFIC_SECRET_0 e4101d43b09cf85b8ac05893ee5b5e96ace14ad66f8f5529b826df19d31d44f5 718dcf3e82355925d9f083e5ca033cf888decfc122c9c43c10dfe7c6dd4675c9bde21ac3522c86372b29bd03df5f9e0a
SERVER_TRAFFIC_SECRET_0 e4101d43b09cf85b8ac05893ee5b5e96ace14ad66f8f5529b826df19d31d44f5 deec4a80e7ba3a4557a1b29be4454e40e72d5de2441ae563fed706ca8a7bc1d0aa5cf29989d8ef3d8c0b93e0d861632f
EXPORTER_SECRET e4101d43b09cf85b8ac05893ee5b5e96ace14ad66f8f5529b826df19d31d44f5 0d7f9cb6d99f7f0592fae45259d4306e83dc76a850e9c0a655fcbe9f20a7086a2d520b69aa518a7d0854f99f89d52e10
CLIENT_HANDSHAKE_TRAFFIC_SECRET c03dc2dfddc444fb566d2e250c627cce479b261ac1ec5429cfc565238acd4fe1 b20005c68314cdfdbc76bbb97af649c849fdd8376cb8ff260f29f7383d3fefa9453a55fa1cb6a126fec13c209a785967
SERVER_HANDSHAKE_TRAFFIC_SECRET c03dc2dfddc444fb566d2e250c627cce479b261ac1ec5429cfc565238acd4fe1 4ce85de203365972eccf225223e3aa552ff7b5b64e3957e78c8be509db29b9b81eaccae325042b8c4945e6af667ec3c3
CLIENT_TRAFFIC_SECRET_0 c03dc2dfddc444fb566d2e250c627cce479b261ac1ec5429cfc565238acd4fe1 375c0772277e52faca9433b9b12bff400cd6560c6984862e8d095cb02f504e9ca81b254b17a5bf29b6bb9ad21e96e901
SERVER_TRAFFIC_SECRET_0 c03dc2dfddc444fb566d2e250c627cce479b261ac1ec5429cfc565238acd4fe1 a9b82ccdc5f652e11d1040c9d2a5e6ce52c32d21e04467151b27183cc947ee0452cb4087de1e6b21e8a56dcaa66e5ca3
EXPORTER_SECRET c03dc2dfddc444fb566d2e250c627cce479b261ac1ec5429cfc565238acd4fe1 eda6384a79176b601e7faff29cbeeaecde2c69b81639f66a11231dc4bccf281e5828f8402614a6fb9324a889e2236800
CLIENT_HANDSHAKE_TRAFFIC_SECRET 2415f6ec8f793cd4603d7fa019c5dd26a73666cda51980861bbe2ac11ea1b39a 7b6733a279bdabfc1290d3141fbdd56a6ab7fec7faf3932904d4fc6596fda142376f7212d311cf03ec17253c523eb26a
SERVER_HANDSHAKE_TRAFFIC_SECRET 2415f6ec8f793cd4603d7fa019c5dd26a73666cda51980861bbe2ac11ea1b39a 82654a98a3b8940ee0571639e91f7fd7288a8d2528827cd36b4e017f87324671153c2192d7a20db34f868477d957a820
CLIENT_TRAFFIC_SECRET_0 2415f6ec8f793cd4603d7fa019c5dd26a73666cda51980861bbe2ac11ea1b39a 7de0ffff2e6091c2c77c5c2c0e0b0a4433250e26935d1e5e874452d63a40b17c6db345208440d0676c48ba7c450bf3a2
SERVER_TRAFFIC_SECRET_0 2415f6ec8f793cd4603d7fa019c5dd26a73666cda51980861bbe2ac11ea1b39a 1175262fb9032ebbb3ea5de29864eb31fec9f39def02d8d337831d53a7ee7ebc4dbcc4dfe9be4c365f42861fed6ef7b8
EXPORTER_SECRET 2415f6ec8f793cd4603d7fa019c5dd26a73666cda51980861bbe2ac11ea1b39a 3326a0965b0244538a742c541fe0595642093dd9bab49856244aa275207c13f5cec0e7badd65a29e58618b2c950f8d48
CLIENT_HANDSHAKE_TRAFFIC_SECRET 9ad7917ac55793b3af85d57e3707c5a5c94806e3699c64a94c1f83e7b7520d75 641fbaf64bd80bc6c6ac7349432c8a380bc796e7bead7ebbde614425deb9635d8c6c4080059998a22a220dc5f32b11b5
SERVER_HANDSHAKE_TRAFFIC_SECRET 9ad7917ac55793b3af85d57e3707c5a5c94806e3699c64a94c1f83e7b7520d75 ba2a86aefb26326a99d4680d4e4b4b8711aee301703fc7085c6e9512cbfc6098904451b2698d238624a993e302892cc0
CLIENT_TRAFFIC_SECRET_0 9ad7917ac55793b3af85d57e3707c5a5c94806e3699c64a94c1f83e7b7520d75 a475fb8afe60db9702940f65d0ac4bd523525d53c263d041eaf3a987cf8cf3528fe0d09ace059db321145d2f91c9c4fe
SERVER_TRAFFIC_SECRET_0 9ad7917ac55793b3af85d57e3707c5a5c94806e3699c64a94c1f83e7b7520d75 635f13c6d26ab3c3a168d7fffc2155106510869bd5e20f37a75f02c1bd0efff4f08b218b1ab88f4e73f0990531b46d5c
EXPORTER_SECRET 9ad7917ac55793b3af85d57e3707c5a5c94806e3699c64a94c1f83e7b7520d75 7dc00848e734e46af675b41f92cd565d2c29e04b7f180bc843bf9fd2dc48ce6edc385023fb29907b97917fb288a3f881
CLIENT_HANDSHAKE_TRAFFIC_SECRET 9e0fc9af1edfafcc81f2142fb58a2fdcfbca4dfb0f190caf584dda062ee42445 9909e607b8a4d8d250207f49cfd951f4d0c831039620d2829c78f0b87be7a3178872d412e4e9a9690a75ff21ca2201ec
SERVER_HANDSHAKE_TRAFFIC_SECRET 9e0fc9af1edfafcc81f2142fb58a2fdcfbca4dfb0f190caf584dda062ee42445 330734ea2398bdb63b3ad2c71f26ebcea22197ba8f8d2e39a265130635d458c243fd938cbb5e25138615353cdcee3f5a
CLIENT_TRAFFIC_SECRET_0 9e0fc9af1edfafcc81f2142fb58a2fdcfbca4dfb0f190caf584dda062ee42445 ed31449d20b402330644d221704156c33f306e7810089f98611274997e2587eb854347c4c6ff8191db8830c093952ff0
SERVER_TRAFFIC_SECRET_0 9e0fc9af1edfafcc81f2142fb58a2fdcfbca4dfb0f190caf584dda062ee42445 189fa93c866125442fa32f90fd24e9a9845cdf6322e69e2bb0fcffc417da8061854e19b6890a393d08daad6f22a5e96a
EXPORTER_SECRET 9e0fc9af1edfafcc81f2142fb58a2fdcfbca4dfb0f190caf584dda062ee42445 a57f7fe756c97a25dd09516c95fa439a7a3a57809eb7b1e7e4d5980f17de0f46f33eaf88216ddd14c41c6bdabaa148f6
CLIENT_HANDSHAKE_TRAFFIC_SECRET 4affe7c49c0a3a53e0349fbba53a5e8f9e5e18f5ad224277622d4e1f4b88d107 70f12b46184c1c3b6cc7b4bb760973db8b0f129a450bf21b1a7f9c174b02a6fd7a36c63571bb8f4962963370a759d022
SERVER_HANDSHAKE_TRAFFIC_SECRET 4affe7c49c0a3a53e0349fbba53a5e8f9e5e18f5ad224277622d4e1f4b88d107 4374f93f101f52ea43cce5e1712112e5c30597da4444755b6d9a3941c562bb53a3483f514406882e758ac434e32715ce
CLIENT_TRAFFIC_SECRET_0 4affe7c49c0a3a53e0349fbba53a5e8f9e5e18f5ad224277622d4e1f4b88d107 f40de99400735e2dea5a2e9d86037ccbd91ae9c63190962d84d66d69f7d66ab4fcecd25ecb68ccd0f3790b2e169dce0f
SERVER_TRAFFIC_SECRET_0 4affe7c49c0a3a53e0349fbba53a5e8f9e5e18f5ad224277622d4e1f4b88d107 194a7c8d7f3bd41d7d3586419e6c70a0bee4d96b7be96aeca7e4f4b81c251f27e6a203eed320b8b6a030e1394fd95d86
EXPORTER_SECRET 4affe7c49c0a3a53e0349fbba53a5e8f9e5e18f5ad224277622d4e1f4b88d107 b00241df119cc8f968384718a2a25756438e7ade86313c9c3bd08c62520263c645b2d78b8c4badf839bad77d04244260
SERVER_HANDSHAKE_TRAFFIC_SECRET e2eacc9dd16a611a2eb42b66ba099f745109cd35e2d9ba8a03342c8ac6436d8e b3e80bca263967409279d430322662667479f781c84212933aa7c661011d77f4297cf555f20bf87216ebe16abd3bbe7d
CLIENT_HANDSHAKE_TRAFFIC_SECRET e2eacc9dd16a611a2eb42b66ba099f745109cd35e2d9ba8a03342c8ac6436d8e 0b5e0efa03f8b1c24c62df7ca64d4d300ab5c3498c7f6354a8aae6678e0f4132876c17346939d055a66dc58ed8596150
SERVER_TRAFFIC_SECRET_0 e2eacc9dd16a611a2eb42b66ba099f745109cd35e2d9ba8a03342c8ac6436d8e 961286c3a862e6d4bbaeded8e23df4fcdcd59e8b57c7a114b773933bb60ca7069acbd95af543cd91b5b5faf0b3206de1
CLIENT_TRAFFIC_SECRET_0 e2eacc9dd16a611a2eb42b66ba099f745109cd35e2d9ba8a03342c8ac6436d8e 845d95c88c758faf355ed05966b2bb828b2ca18ba9ec21ca557bc17b252a384ce58531b01f5aa4f481ecc1c2a41df13d
SERVER_HANDSHAKE_TRAFFIC_SECRET 25a5f10c72048875ba350ab5e5b0836fc81974b6e549094a8fe604feda9f898b 6a04a558375f4268edc1a2ffcad2858c812eb5785f22365ea99955751c21caebbb06de9ab62b913260c05dfc5d432397
CLIENT_HANDSHAKE_TRAFFIC_SECRET 25a5f10c72048875ba350ab5e5b0836fc81974b6e549094a8fe604feda9f898b 9950ab3d75f0f5e62e25adaad14686bb3dec1ea12b3acb52aa23c09c21338e804223661d65345ae5df2690140e175b10
SERVER_TRAFFIC_SECRET_0 25a5f10c72048875ba350ab5e5b0836fc81974b6e549094a8fe604feda9f898b 075d5e1970e3f993cbe428f698c3e3b2412f124690b6c1894b56a305879e82263419bf66c897728287bc9a6ef977fc8e
CLIENT_TRAFFIC_SECRET_0 25a5f10c72048875ba350ab5e5b0836fc81974b6e549094a8fe604feda9f898b 05ddafeaf98c70cbdb6149eef98772cdeb353b64c3b1df96a90a968eeeec884bf0e2bc1b0c369c5db0a6783b58f2e4f7
SERVER_HANDSHAKE_TRAFFIC_SECRET f2b3defce9d14c50b2276df5d63488038e2cfce2068edf6899d88c01a218b935 6aa5f18c5d127187d5d3302598bf3d0f1ccff994fec69be2bf575f70b05d10b03a9a9380e14e737f955bbd81faa2b263
CLIENT_HANDSHAKE_TRAFFIC_SECRET f2b3defce9d14c50b2276df5d63488038e2cfce2068edf6899d88c01a218b935 8d7a9dfdd23c7b3c5b9e3527aa18ac62d7229a2b382e8d588dede487efd0f610c95ef450ce2d80fd055464c852711ec4
SERVER_TRAFFIC_SECRET_0 f2b3defce9d14c50b2276df5d63488038e2cfce2068edf6899d88c01a218b935 19ca6a870bc0db84b484d15563d4addc779f7796937a4fe8df69fd1ea6055e56122203088b45bf740861b1ece3185767
SERVER_HANDSHAKE_TRAFFIC_SECRET 0df21627712e330c8bf5883d73ed1acf8d63108366ac8408860ad3bbc0acde7b 9bad211adba2a1396fd6dc2d2b32b8cb82c621d02d707bf976902359134e4ca856dafea417114c58255eda440d2641b1
CLIENT_HANDSHAKE_TRAFFIC_SECRET 0df21627712e330c8bf5883d73ed1acf8d63108366ac8408860ad3bbc0acde7b c40930d3c5930f3c0ca067e105ebe074ece22c81fce7d838bf456f7f5a4679d7bda1564049c443c3ac277d0dbd9720bf
SERVER_TRAFFIC_SECRET_0 0df21627712e330c8bf5883d73ed1acf8d63108366ac8408860ad3bbc0acde7b b6343aa45c01d1fe637edb124af909076db25847b44524fa7aad064d1766cf1148b80584db8b7816d2cbf84fb162d659
SERVER_HANDSHAKE_TRAFFIC_SECRET 935e23ab1f0e965b7f186f212f8c0cab58d85785eef2f519d1567ae1ce9c0c7c 7b22004aabe32bde4706e509752b4088c9606ff4ebb5cd90a1288d06cce5ae4ea4cb26d3fb94b338be2313c9f8fce5d0
CLIENT_HANDSHAKE_TRAFFIC_SECRET 935e23ab1f0e965b7f186f212f8c0cab58d85785eef2f519d1567ae1ce9c0c7c ecaad7cd87746177dd626236332d6ff00ad04e8894abe5ca91865b1d8bb860be2ef732f0d98e659310bb11bbf746781e
SERVER_TRAFFIC_SECRET_0 935e23ab1f0e965b7f186f212f8c0cab58d85785eef2f519d1567ae1ce9c0c7c 964a32b5dbe19a5b8bc3e1698ee8b3039993bc738730e181283c16f5f12bbdd201999cb7b3458378b1ae48a4eccb6a2c
CLIENT_TRAFFIC_SECRET_0 935e23ab1f0e965b7f186f212f8c0cab58d85785eef2f519d1567ae1ce9c0c7c d85de2da2a1f3654d45d76c9895fe085b33d46ac632b572d01b1c4a1ee19af835facb6e4ebeb8e789b6b611750b184c8
SERVER_HANDSHAKE_TRAFFIC_SECRET 78467ba434eb19c82dd8740f51cb9cfd9bd2c949e7871adc30d65e64cc3f7b7e 1b461a9735d2197052cccf5ae8fac0e6e327451f7389ef478ca8d9a6cc6fbf5b3df7663d9e55e095799d2565c00f4709
CLIENT_HANDSHAKE_TRAFFIC_SECRET 78467ba434eb19c82dd8740f51cb9cfd9bd2c949e7871adc30d65e64cc3f7b7e 90010132de789b78b1e973f14f61b558df2d877f600f5fcbb18c674a1ee87004e34159954a1f76d58e8788e53c913bf2
SERVER_TRAFFIC_SECRET_0 78467ba434eb19c82dd8740f51cb9cfd9bd2c949e7871adc30d65e64cc3f7b7e af2093dd803c8c361a01494ed38cfe2953d28ff4406a0dcb6bc64048ef76e3ff65c15f68fd697be2cb3ce9afc43a95b1
SERVER_HANDSHAKE_TRAFFIC_SECRET 1176814c5e481efc3af5d98e3ae5f98713a722ae2793431df5fbf4542f260678 9d995f698aaef94f0216544069962ad1c9584bc683b61d0d03cfe7a01731f4eaf4ffa67c90a84dc7b2135fdb1a8d67b5
CLIENT_HANDSHAKE_TRAFFIC_SECRET 1176814c5e481efc3af5d98e3ae5f98713a722ae2793431df5fbf4542f260678 e45777869c4a4aafdf8f6985991dab13d81ed841102fda0d545ecece8905b9cf31214bffad017770ff104e0a0a0d8c4f
SERVER_TRAFFIC_SECRET_0 1176814c5e481efc3af5d98e3ae5f98713a722ae2793431df5fbf4542f260678 4d9737b56f37775cd2e9ae1fc83062befd5f6a828d3f1cb112ad27062590156c3f0713f1d62a7be59da9c527ee00dbcf
SERVER_HANDSHAKE_TRAFFIC_SECRET 99c30a3a2ea685abf60426936f47b75eb68072dbc750130b8719d206ba172dd6 02d85eabc53aa9c29e6ffcd30694f2e076c046b433f0409a4421f0c2bcf515b4f8dadb2b769d847dd70061257337b061
CLIENT_HANDSHAKE_TRAFFIC_SECRET 99c30a3a2ea685abf60426936f47b75eb68072dbc750130b8719d206ba172dd6 e50dcf9bccf8549a8968aef99635e2807b3e1b414beff39ddeb3f7b468a957f894af52d3811bf22f5b753eac73ba903b
SERVER_TRAFFIC_SECRET_0 99c30a3a2ea685abf60426936f47b75eb68072dbc750130b8719d206ba172dd6 1ea378856a102e48279676d89d8d06a6582fd4d0ac12a50c3e0fe9e670d5aa24e2f0a04795681b84e72056bec2d56472
SERVER_HANDSHAKE_TRAFFIC_SECRET 2fafc302d14b35860931ebd67432efe9491e8ae43db6915ba5cdd482412f96b1 411dd9577712ad8414733e9be48e0292f25da1989db90ff5645241f08429f85cd13347f810dc3fe65107e4f7c0c3a607
CLIENT_HANDSHAKE_TRAFFIC_SECRET 2fafc302d14b35860931ebd67432efe9491e8ae43db6915ba5cdd482412f96b1 1d91706e9f4144ddba7a4bf1ff08c19c0408cdd17d948ee4d2c632dbccab78ccb78f18d28a9d197221d3f58954c76a40
SERVER_TRAFFIC_SECRET_0 2fafc302d14b35860931ebd67432efe9491e8ae43db6915ba5cdd482412f96b1 6eafb9e22a846ddd1f8611d455f6255d83ac790b0c5f91d87c996ec5b76f22cfa61f18cd62839017c07e80d75f6ed564
SERVER_HANDSHAKE_TRAFFIC_SECRET 9d4f75c8aa6d7532cfa9a44fe1649d86a2bc1fc705f5d5bee93ef67f622c7ad9 bb8629152817cfb0cba0241b5c86870519676cf4798d3588f213e773fe59eda53d397e3177cd6de22d809f3f5c83fcf7
CLIENT_HANDSHAKE_TRAFFIC_SECRET 9d4f75c8aa6d7532cfa9a44fe1649d86a2bc1fc705f5d5bee93ef67f622c7ad9 e6859a5a10d25d46919f9860bdd62111f0e036456d9d407c4466f6923e935006a0e4a5abef498681bbaa68a40acddc4c
SERVER_TRAFFIC_SECRET_0 9d4f75c8aa6d7532cfa9a44fe1649d86a2bc1fc705f5d5bee93ef67f622c7ad9 c0bfb9bf46240ec8566e8ec84d395e3a35be3ba7439b5e1a0fe96e07b4a1985d32c4c965a48f1953aa912b5c8ee4afce
SERVER_HANDSHAKE_TRAFFIC_SECRET 153193f958d35b0e686240ff2786c7a49f5ddb98fff240d68ff5d774996914b5 4e3dd46b0df3deea6d9a43ea43bf948d96d710302a86b15326b9037a06cbd155f9d7cbdc4559f1f1b1a98faf348feaab
CLIENT_HANDSHAKE_TRAFFIC_SECRET 153193f958d35b0e686240ff2786c7a49f5ddb98fff240d68ff5d774996914b5 361a5a51f4500c53e8e077a018bdb110df1d99801a8f8727de8d1fb2673e7235d1c53ea8f8c160e825b4e1873696015a
SERVER_TRAFFIC_SECRET_0 153193f958d35b0e686240ff2786c7a49f5ddb98fff240d68ff5d774996914b5 8216c0fc4bd3ebabab38d90f6b34c3962d10b2d101637e23b4ab0d69cdc2ba8fd886a26dd9b97c3fd1970a5fedafa3c2
SERVER_HANDSHAKE_TRAFFIC_SECRET 4efa885c21e9e1ba9e79c11f02aa45201bee69f54eb0268f5d4e917386d8ab0e ecc9371080a8122af5337ac2c813b920c604c988c37b89e279f8d47092c635711c3bdfe3a161e84f9084c6addd15f5da
CLIENT_HANDSHAKE_TRAFFIC_SECRET 4efa885c21e9e1ba9e79c11f02aa45201bee69f54eb0268f5d4e917386d8ab0e a92ac7c16ea964080a1d84e0bda6d4feda8c606ff5536f58c51551dd41ea056dceb080a99040c4ae869bf4ec48715b1d
SERVER_TRAFFIC_SECRET_0 4efa885c21e9e1ba9e79c11f02aa45201bee69f54eb0268f5d4e917386d8ab0e f921cd0acaed67ce44f065acf0d8542fd2810a3191bccde1c3bdc66e943b95b08eddb303c47b2eca6a585d74e6904d6a
SERVER_HANDSHAKE_TRAFFIC_SECRET 985e664bbd8b606c94d28e9bba085dd90e72761cf1824b277064642df9f9f594 178602db0303be519420d5cd614eeeea57171af41eb189e288b8415d04d7d028805b37eaea0aeeab931c6a4acffc125e
CLIENT_HANDSHAKE_TRAFFIC_SECRET 985e664bbd8b606c94d28e9bba085dd90e72761cf1824b277064642df9f9f594 0620c9889ff9179d646b041dcc9af863276a3771e3ca8ff9d256e920c161b5db4ac91be550344fb4ed454ef3d6ac845e
SERVER_TRAFFIC_SECRET_0 985e664bbd8b606c94d28e9bba085dd90e72761cf1824b277064642df9f9f594 434aa11a567ba08e80279f70fab41e89cc2766c52fc0f51aa2b18f2c7a2e45656a79e7069fb9a5963dc5fb3b933002cc
SERVER_HANDSHAKE_TRAFFIC_SECRET e8fcb9fd212fb02282e14a9372bff2d79eef0489ee53e28aea70624bbe1959bb 271c0d0209abd68464df4d6e15e7e09527097d953cd8291942bdee3c27be85c4946db27726723b5d187f88b3952d042f
CLIENT_HANDSHAKE_TRAFFIC_SECRET e8fcb9fd212fb02282e14a9372bff2d79eef0489ee53e28aea70624bbe1959bb 4fb72297c81797383d86e6a2cc08a99e43867e387d1bd1dcf5c43ce10ebb93c20fab76136fc83d311b337082c0fb1a11
SERVER_TRAFFIC_SECRET_0 e8fcb9fd212fb02282e14a9372bff2d79eef0489ee53e28aea70624bbe1959bb af5984b462418496559983828360f277997e5224920131e11fafd135af2011871bdd9ba6f8f3121e94e33b173c8c3ed4
SERVER_HANDSHAKE_TRAFFIC_SECRET 4c74d759644a79b9b60b028537518ce2aef9b6816e06723b6650720f44bd430e 6231fe72481bf23b485a80e3d083c3069a72e1df09ab45edc6be92a932bef60658984897f3cb441239b5f4f7dd134abd
CLIENT_HANDSHAKE_TRAFFIC_SECRET 4c74d759644a79b9b60b028537518ce2aef9b6816e06723b6650720f44bd430e fa77b63f6e841cf338165ac7c427db1fc41c2268456013d65a212abba8c5be3a09f9576a7ff43735d9f3b8c26622ee4f
SERVER_TRAFFIC_SECRET_0 4c74d759644a79b9b60b028537518ce2aef9b6816e06723b6650720f44bd430e 2a3961ba5bada1431f010b8f1bf30b52359ea530db3a1ea3de1c5725810cd7f77c73431dbfa3501790f78a0938ad1db3
SERVER_HANDSHAKE_TRAFFIC_SECRET 714fe924cd9a7e44bc7f73edfa479b3f20fee3e333e5a78189578bbb523ae9da a99d4a79bf9382e6284ca0692a0b6a0c25c8ac00c92aaf5c29fc079833a7e6822f47bc3f88400cbf2f3f79de285151b7
CLIENT_HANDSHAKE_TRAFFIC_SECRET 714fe924cd9a7e44bc7f73edfa479b3f20fee3e333e5a78189578bbb523ae9da 16dde27bc9f2745cb693e74d63fcfbe0215b45681c6c4aab50abc24f52548452667f6a8ce64cbcb2e93f12fd1f338bb0
SERVER_TRAFFIC_SECRET_0 714fe924cd9a7e44bc7f73edfa479b3f20fee3e333e5a78189578bbb523ae9da f91b51203740ddd8b996be9f318a99b2e57b4824701fff18b09b3fd151bee8b60bf54065b9cae3d61bac36e4bffc7977
CLIENT_TRAFFIC_SECRET_0 714fe924cd9a7e44bc7f73edfa479b3f20fee3e333e5a78189578bbb523ae9da 592b7794bff898d3ecaaa5cf7953e5aa8ffd859231e26f9f26838191d9c5206b0fc787f4c7bacdfbd1e352ac6ddb691f
SERVER_HANDSHAKE_TRAFFIC_SECRET 8b85a45d54d14e8b35067c578b2c1539e1bf0f8108e76aab9f5a1e5164184ab1 fe5f5d0072e2b35cc26722ccaea73ecf318796094d6cc5a10b1d4ec5fe235c1255f70d2b96d21a7a1ba1d84da29f9d42
CLIENT_HANDSHAKE_TRAFFIC_SECRET 8b85a45d54d14e8b35067c578b2c1539e1bf0f8108e76aab9f5a1e5164184ab1 7a22da7db4a0b7bd3de10b9a0af29be73fe24157fe72a0c536c0e1e20a10739ec86f07e3a054ae36700e4ba905a8084d
SERVER_TRAFFIC_SECRET_0 8b85a45d54d14e8b35067c578b2c1539e1bf0f8108e76aab9f5a1e5164184ab1 026ac69f03b0c5a099c64c00f44cad86954b37c7e7c9b0d0c760ad17f0d3a4b566e73d8fc771f1c5fee9341468b3a83b
CLIENT_TRAFFIC_SECRET_0 8b85a45d54d14e8b35067c578b2c1539e1bf0f8108e76aab9f5a1e5164184ab1 3d57bee71476b2733906bf250cfa932c7118b33e16502c62d654b8ed716f74edb51602811c33e5ce30eec8560f524bce
SERVER_HANDSHAKE_TRAFFIC_SECRET b46024eda16239c12ae95a15b72a8474e2ef1af5a9d8e3f5ece2e9772096cabe 3ee1373e6c1c6ed2802204bf35ca9b1c629e3b4a3eea48b47b4f7401645478a96d893725a957282ebec96085a9fa3b63
CLIENT_HANDSHAKE_TRAFFIC_SECRET b46024eda16239c12ae95a15b72a8474e2ef1af5a9d8e3f5ece2e9772096cabe 4f0823dd3df4839ec09fd93d6dad4c4d73d2ef65b23ff972f9d979abd935678d289ab950e84767fda1a9cfd079c00394
SERVER_TRAFFIC_SECRET_0 b46024eda16239c12ae95a15b72a8474e2ef1af5a9d8e3f5ece2e9772096cabe 3adb67158be2902a858668c6a4af766740e59c81c214995932ecc39f768ba4493214af35d9ffe76b99adb9b22c5c0687
CLIENT_TRAFFIC_SECRET_0 b46024eda16239c12ae95a15b72a8474e2ef1af5a9d8e3f5ece2e9772096cabe 36b92b27b52b384e57158565b9d51472994b4774363c2cab092260f2ef3a45a561e850e4e57457388d4f609758b0aa09
SERVER_HANDSHAKE_TRAFFIC_SECRET 10ca3b1dd675ed4f14ab4d7b01e8980e4c6b36f083a177a714d48be23d7c99b5 dea967beff1b8b221a5ac9dd44b60127f3604b7ffcabcc84786cc02421ec47e844665af5761a64ffc82c69b91b8c39f0
CLIENT_HANDSHAKE_TRAFFIC_SECRET 10ca3b1dd675ed4f14ab4d7b01e8980e4c6b36f083a177a714d48be23d7c99b5 97b5d4112aa8f2d8e2e857c63f603e95505c6fe66349e2bd44c40e6a20806faad5e16ff68880f1e9b69188dc69f1dd57
SERVER_TRAFFIC_SECRET_0 10ca3b1dd675ed4f14ab4d7b01e8980e4c6b36f083a177a714d48be23d7c99b5 390df0c057bacbac55aef86d1918ac1eb30697cc9e47b895505435b8e6c4405ceea7237e3ad53c9251669b6723c2d834
CLIENT_TRAFFIC_SECRET_0 10ca3b1dd675ed4f14ab4d7b01e8980e4c6b36f083a177a714d48be23d7c99b5 83e4de0ec11ec87b35821b434701cb4ef2a2ad1e2df55a8aa8413abc0c409ea9199687e0cd79114919fdb1624913a316
SERVER_HANDSHAKE_TRAFFIC_SECRET a755b3a0b62c95ae76731d49be5038b86fd37efa995d71b1fcea043682d5ffc2 2eb30f8e1e364aea0d784302e034959476954c604495dae198d924e874145bf84a52bdd5a5530d7af07817edf94f85bc
CLIENT_HANDSHAKE_TRAFFIC_SECRET a755b3a0b62c95ae76731d49be5038b86fd37efa995d71b1fcea043682d5ffc2 6e1750a384325d5503ce0ced680596ac0c06b4d2dbb783fc28104767f8de252047b1e6bf5bdb4571b6446c8480dab92b
SERVER_TRAFFIC_SECRET_0 a755b3a0b62c95ae76731d49be5038b86fd37efa995d71b1fcea043682d5ffc2 7b429601db818d67eb823a2056edfddefc0d864b92173303846290b3c10a1dc3cf942674bf1705d96c17c7b82b4c1b17
CLIENT_TRAFFIC_SECRET_0 a755b3a0b62c95ae76731d49be5038b86fd37efa995d71b1fcea043682d5ffc2 182654bcd83782b0aaea7fa0662fc079d1a9e8c1c232ec4d96487735b01a40074055e4493dd3c091feeb22f7f50e27b6
SERVER_HANDSHAKE_TRAFFIC_SECRET 3ea43a016b97fe98d8193f0f2651b2562a87c62da66db1f63548605fa95b8055 9cfbb46237e192f05da3a696fda71bde018bd5d37d68acced86b1616220c4775c9829ce0ed93cc1c54307f3a7fe22dcd
CLIENT_HANDSHAKE_TRAFFIC_SECRET 3ea43a016b97fe98d8193f0f2651b2562a87c62da66db1f63548605fa95b8055 e4a846062700f7e888932a969be0b42fbf89c74f0003b782f4c6e5ca3eabcdc037a515510e4aa17427b5ebf07a0a561d
SERVER_TRAFFIC_SECRET_0 3ea43a016b97fe98d8193f0f2651b2562a87c62da66db1f63548605fa95b8055 72a3d00cf5ddbc55c8e9273ee40f0ea57611cbbaa5ec9290842b2b9e752631fbdfb79cd62ba66bc9810939878b0a5e56
CLIENT_TRAFFIC_SECRET_0 3ea43a016b97fe98d8193f0f2651b2562a87c62da66db1f63548605fa95b8055 34ee89c4fbb7f241281ff4c3cdcde7adbdfbb72ed76b54a0bd9fe5b06f50bb067a875607935231dba0adf39a2a7105be
SERVER_HANDSHAKE_TRAFFIC_SECRET 10acab20d5355df65baf069f885f65d8e4cff71a4b3f65a9975faf70a0ca4715 7850e4154823857e68e4691aa14e461707f54b9e0c34dfe4dab15b4bf3b35b734e98f8fcd3ea3074b15a9c9dfd13472e
CLIENT_HANDSHAKE_TRAFFIC_SECRET 10acab20d5355df65baf069f885f65d8e4cff71a4b3f65a9975faf70a0ca4715 80e694a0157a7ec2008ce833ed37efffac7fb61e65ed62e92b00a5dd5b3b28fafa8ec21fd8a88d8316446547116a9130
SERVER_TRAFFIC_SECRET_0 10acab20d5355df65baf069f885f65d8e4cff71a4b3f65a9975faf70a0ca4715 b126287813198dc7df7a56ea192e6bb5a77d48310623e79bf6a0305b82a58cddf4c16e60338664a7bcf5657652c17ce5
CLIENT_TRAFFIC_SECRET_0 10acab20d5355df65baf069f885f65d8e4cff71a4b3f65a9975faf70a0ca4715 2a71650bf6dcd145d5ac46a3794d4996538622e4dd139b522d7b0d16b5ed24c05011d8013203585eab572952ec1bfe2a
SERVER_HANDSHAKE_TRAFFIC_SECRET c73aa87f2468e05ef20e655df87802dc7ec80d6ccff7322e29c939cc67aa7321 052a44e5c4c51a6aee713eb0d55791914340e6dc896792610d7f4f9fdab836c5e51d02144957c02ae34b15f054ae7460
CLIENT_HANDSHAKE_TRAFFIC_SECRET c73aa87f2468e05ef20e655df87802dc7ec80d6ccff7322e29c939cc67aa7321 636499ba21477154d69a7180ba1c0e4a50de27b3a4f8d6c30acc2ce56a75db988838c2f3a6fb4cd54216160831e46299
SERVER_TRAFFIC_SECRET_0 c73aa87f2468e05ef20e655df87802dc7ec80d6ccff7322e29c939cc67aa7321 ec1006bbeb846c48f87ceebb5ca8c178f0d6d0e6ddfcd3c127cb4ce75655384341b705d80954737c46943dfb4a68f2b4
CLIENT_TRAFFIC_SECRET_0 c73aa87f2468e05ef20e655df87802dc7ec80d6ccff7322e29c939cc67aa7321 e67c1bbeb2132581a090c5a577f347431e8b313969c0be0142959507d427c40077af2676dcbff0acd9e1216234d010e9
SERVER_HANDSHAKE_TRAFFIC_SECRET 3b6037964a8c1c661776985b7cd78f7368ee40bbb245c564fd2e4a83b57327b9 dffe169b6664d11d46359d8b75cb92a342514c6d6407a97056c00e176148e96d2be41bc0861907b3d1e81c047a3808e6
CLIENT_HANDSHAKE_TRAFFIC_SECRET 3b6037964a8c1c661776985b7cd78f7368ee40bbb245c564fd2e4a83b57327b9 ea33b6caba67a8cf95efb6d6aa12e744554988b86c3b91e756aaa5f8ad814b8db84f626383b21079884253dc0964ea84
SERVER_TRAFFIC_SECRET_0 3b6037964a8c1c661776985b7cd78f7368ee40bbb245c564fd2e4a83b57327b9 b9fafe31fe175e5eb4dafd6376db720c051273676660136b2eb70266fdd28a80bb7eb78920523892a2173126cf8e3278
CLIENT_TRAFFIC_SECRET_0 3b6037964a8c1c661776985b7cd78f7368ee40bbb245c564fd2e4a83b57327b9 4a6d77022a56e367651440c2e1d0a194b993bb3bb501c57d967225fb13c047a9d6b7ab6610980d73fdcd64d977eae461
SERVER_HANDSHAKE_TRAFFIC_SECRET 92c5d6843d8ebea1b0457fd62ab806e024325752359c4396614fc4a43ba57f2d 078af1a41be618c8ce92b5ac27c4e5c7a3a0d9c0fe7464807df61cedaad47034d153dc0d16668e9c6ff6e1cc932c79ea
CLIENT_HANDSHAKE_TRAFFIC_SECRET 92c5d6843d8ebea1b0457fd62ab806e024325752359c4396614fc4a43ba57f2d 9ba1656a11e168bbc982a6fe9ada3ce28cbee4e1b32d6971fe75cb1814bc9306f91964b3b6f49f45345b107243cfe34b
SERVER_TRAFFIC_SECRET_0 92c5d6843d8ebea1b0457fd62ab806e024325752359c4396614fc4a43ba57f2d 5e6f52e23a0e7c8959d570937bf1b2aa46c8e47b33f4a5fd91c2cc027327e67a6533d5e380f2351034488ec11a990c31
CLIENT_TRAFFIC_SECRET_0 92c5d6843d8ebea1b0457fd62ab806e024325752359c4396614fc4a43ba57f2d 2539b237e4efb06475ad26a09f25e8f2e46bf4fc65ba9b34c3fdf1bc671867ad0c002ad78091c767b37a33ea046624db
SERVER_HANDSHAKE_TRAFFIC_SECRET 2ac6a972020824dee523df71f9753f65696be21473d4af048d168828cf8ba236 32d261c7b236bcd5cb2e37a21761336575a0ae926a2b22ddfb56dedef055574fef90caa8957d77654a98c753756f0cfe
CLIENT_HANDSHAKE_TRAFFIC_SECRET 2ac6a972020824dee523df71f9753f65696be21473d4af048d168828cf8ba236 68655e2a58cfef1532394570e26e424dfca39c88ef26bcd71dc6f285061af2f9584ced0b5d81c73be225a5f1c35dbdf5
SERVER_TRAFFIC_SECRET_0 2ac6a972020824dee523df71f9753f65696be21473d4af048d168828cf8ba236 5623f14a9282582046b17175d01197322a8345d2f1fb5a09860d3974e7f28d0df760826285c3d6b83dd1b20e20435f07
CLIENT_TRAFFIC_SECRET_0 2ac6a972020824dee523df71f9753f65696be21473d4af048d168828cf8ba236 c6a5034b818b0e96468c1e730ead60a836be327cc4936cc383502103cbc2d977bb3399f300a21ff97c3979600ef2ce22
SERVER_HANDSHAKE_TRAFFIC_SECRET cc67d69e57782b06571c9c34088843cfee12263610a8ebce8b4b9eb1936a8961 6bd6dde48bc5fa89deff2e1b53bcdb6a09ea0e420637db42f688f5e4c33fb1a1fce46b6c77b408d893b74ff389c6e6b9
CLIENT_HANDSHAKE_TRAFFIC_SECRET cc67d69e57782b06571c9c34088843cfee12263610a8ebce8b4b9eb1936a8961 88cdbc9e32635eb480d12653c08ef8d5cfcbd22f420fe120437ec4129eb5f0e56874196b7e80afed53664c46e9596d42
SERVER_TRAFFIC_SECRET_0 cc67d69e57782b06571c9c34088843cfee12263610a8ebce8b4b9eb1936a8961 3266c7dfc85ecc4f05c241d5eaf7b2fbcf7ab85053c25609cda488a9fe8ee3e8249a68d799506d32512738054f7e0192
CLIENT_TRAFFIC_SECRET_0 cc67d69e57782b06571c9c34088843cfee12263610a8ebce8b4b9eb1936a8961 5fea6eb6ac2c6019c20494d72792aa59b3704a3f4878e263d3d77b4cef5ece449614b9df167118c9fe8cca28e36f19f6
SERVER_HANDSHAKE_TRAFFIC_SECRET 995f300deb6a1f8b3e17b89272f27b3dead7c699565e5019121da5a142d08b89 911bc883f542cc8257e3a81f0ae14b04a78264db75a44dd1310719853369974cccdd8cf2f393fae159b3068a44505c44
CLIENT_HANDSHAKE_TRAFFIC_SECRET 995f300deb6a1f8b3e17b89272f27b3dead7c699565e5019121da5a142d08b89 887dc5c1fb233f58b3ced925f8a7297af33d44da0665e3acbc916fbc602dcfd51f5e02039015fdc13136cd9106d99e0e
SERVER_TRAFFIC_SECRET_0 995f300deb6a1f8b3e17b89272f27b3dead7c699565e5019121da5a142d08b89 d53d30b9bd1ee4d2d3183a72e9ca1549af9db7aecc6823ab274ed89a5a8834c05c50f7486c9ba9035c9bb5b09ac69f43
CLIENT_TRAFFIC_SECRET_0 995f300deb6a1f8b3e17b89272f27b3dead7c699565e5019121da5a142d08b89 52928e2430f5a9cad5a1691c0a8b7360b3c5625f6b0bf54d37536232a4a945c76a9b7a4e0ad4c94553942db8b59bd6ca
