SERVER_HANDSHAKE_TRAFFIC_SECRET 072c57979f747ef782a9408a9ac27fd64b2211b49c6574fe993d6424f8bdd7f6 e5d2e7d02941d8e3943f80756713acc44b36f7616fbf036c849ea4cd706bbe3c99eef13485bc4f4f6958699c3684a862
CLIENT_HANDSHAKE_TRAFFIC_SECRET 072c57979f747ef782a9408a9ac27fd64b2211b49c6574fe993d6424f8bdd7f6 d3fa697b60909379ee81ecbcbdef38e4890045ee9d90edf28fee28416fcf37cad399e9f4a299b01102f12a1cc1cb9998
SERVER_TRAFFIC_SECRET_0 072c57979f747ef782a9408a9ac27fd64b2211b49c6574fe993d6424f8bdd7f6 c1d787ccb6a29dfff4e133cb33786f7705d1c6770bdd0ef846a4368051229a35bd33aaf5263dceaee4ac65b351b7a332
SERVER_HANDSHAKE_TRAFFIC_SECRET 840dbe7b01ed05582b2d170a9743c957faa02c72eaba5fb0d560c245602062af 810707982fef3ad5fa8eb0553f15d61455faef4152c96d46deb252dec9238ec66f27f498faabb0c4d711393cfc14c523
CLIENT_HANDSHAKE_TRAFFIC_SECRET 840dbe7b01ed05582b2d170a9743c957faa02c72eaba5fb0d560c245602062af 3e733230405c69dbd23cc10d208c516b4a891ecaa8caf00489142b5dae1ec878ed9e94b6ed24dd45760eba64eb49f2ed
SERVER_TRAFFIC_SECRET_0 840dbe7b01ed05582b2d170a9743c957faa02c72eaba5fb0d560c245602062af 4b5033883c51d212e32083595e20148340c1f245b46d9f9fca1de82a89e789b78317bc55160f5074b635e7137151747f
SERVER_HANDSHAKE_TRAFFIC_SECRET 8c251d088f9e178fd783373e52d876694d960f1c36b33c0645a66c841a94c7c7 86eb79ac1f8d1be8fa8869fa1b3f9aab9ed77b3979296bb29c6175e3398cab4f1c7d01897727fd75a07b67b46d0cb303
CLIENT_HANDSHAKE_TRAFFIC_SECRET 8c251d088f9e178fd783373e52d876694d960f1c36b33c0645a66c841a94c7c7 0da5be5f60b4a3d5409da2bed0318177c9b8cc5602f0d3d423a08c06249a75628a5103d8a7907fb718e2fb0a1b6fa3ce
SERVER_TRAFFIC_SECRET_0 8c251d088f9e178fd783373e52d876694d960f1c36b33c0645a66c841a94c7c7 5f91516064ba0479d07aa264b6aeb229fa28a9db13082bb33965a6c57f8300b1d6919acd0ba006fda92a77cd351b9e5b
SERVER_HANDSHAKE_TRAFFIC_SECRET b4a5a3b4ea6953bc6e217b020b6859af8868c1a42aaffd3d8bd334a2a4284bf1 a231a80418d17eb2e154feddf8bb136a1b46c56846caae8e131b35de73419449a685f80737c5c48443b6406bacef2c34
CLIENT_HANDSHAKE_TRAFFIC_SECRET b4a5a3b4ea6953bc6e217b020b6859af8868c1a42aaffd3d8bd334a2a4284bf1 cc7d715998c8b22c1044417fb11d238866f8350fad0f4c57bb505f86f664f61a5e740ed519a7da012ba459923e818f44
SERVER_TRAFFIC_SECRET_0 b4a5a3b4ea6953bc6e217b020b6859af8868c1a42aaffd3d8bd334a2a4284bf1 d26a81c09700e3d713cd7242daad0f593fa438cf9b53f1f7202a4c248489132b46109bbe529fa6316f7c07b462c6abd9
SERVER_HANDSHAKE_TRAFFIC_SECRET 7d376f7f3c4e83f36b922728e957e695a28fd3b386b5752f362d491b54f76702 82ef382ec86d081bda1b803fe4f419ddc6427a174c8fec5ef860621ced218489160dfeb355482daa3fa02f32fc99a7f5
CLIENT_HANDSHAKE_TRAFFIC_SECRET 7d376f7f3c4e83f36b922728e957e695a28fd3b386b5752f362d491b54f76702 04b7fb263e1617bb967d3412d5751d1f215982355d5911d7f40e3e5521c5f6ad4521f0099fe551850b056e2f25552ea3
SERVER_TRAFFIC_SECRET_0 7d376f7f3c4e83f36b922728e957e695a28fd3b386b5752f362d491b54f76702 9a9be2fe7487a3a34842c0dd70b4289aa59a9e27282a999584f4b9262c2cbc0e573986dbcd8614af9cb5c5873e88bb0f
SERVER_HANDSHAKE_TRAFFIC_SECRET 99429a40628f2d1ac63807b087b9beb0561515dfb20adcb901d5f016599177b8 fc485781588e92c7d6c4736120a5b8cfab164b7a5af3696b08749f940c16387814e7f69010c0a08bd4256d3d0b248bf3
CLIENT_HANDSHAKE_TRAFFIC_SECRET 99429a40628f2d1ac63807b087b9beb0561515dfb20adcb901d5f016599177b8 9d353effc6cd3166398d1f1543ae44c834301f0dc45944ac1b736808f4480d76daaa8f7f8e7ed1c29d5991e88b599b59
SERVER_TRAFFIC_SECRET_0 99429a40628f2d1ac63807b087b9beb0561515dfb20adcb901d5f016599177b8 9b26e112e156aa8788970b214523156866d69835be4177cd0d94fb8f50b3ca3a8e8daad847f63ea63256a99cb9dbac10
SERVER_HANDSHAKE_TRAFFIC_SECRET 5889ebb667a6efa810d56fc969a420738482ad860356d574e8b2e355300fd129 d1b5241e196bda751be23d550e36d0cea3d3bb4168fa398373bca83a7570c38b68cce360e94d3345a923789aa8ef1c66
CLIENT_HANDSHAKE_TRAFFIC_SECRET 5889ebb667a6efa810d56fc969a420738482ad860356d574e8b2e355300fd129 c39ec84f060ee8c24737c33e29c564572967e103034d3f83c4640e083691369a186038d5d91afb8e9b43386b52ac3eba
SERVER_TRAFFIC_SECRET_0 5889ebb667a6efa810d56fc969a420738482ad860356d574e8b2e355300fd129 20f60e04936c94704be4ba8c10005ed7421b53938777bf6b2a183a66aee385dceb47532ac543d1d657145f2844a8cfb7
SERVER_HANDSHAKE_TRAFFIC_SECRET f658be8e70d8c3e9c9d00431fa36036371cf105e34716e193432d547496e41a6 41ab0e8bf50cdf3d2d205d36bc8a15291a54dd8cff071693b4b372e99ee34f5c3a91776c76130dca2f3343cced0b7a03
CLIENT_HANDSHAKE_TRAFFIC_SECRET f658be8e70d8c3e9c9d00431fa36036371cf105e34716e193432d547496e41a6 6250c89cde41d8cd3f7eae548b3742ccab13e0826fac63908d0ebdf84e40f248df3ecd1ae69efa1d2ed5792878e26a28
SERVER_TRAFFIC_SECRET_0 f658be8e70d8c3e9c9d00431fa36036371cf105e34716e193432d547496e41a6 6bdf3a6e53cd90044a407a2953adb3089dfdf5e11cd477f6fff10877bb561712284da538cd76b7f59ba725d51ed2a8af
SERVER_HANDSHAKE_TRAFFIC_SECRET 7fc91e493c2929e0b44a5d7c2e070f5a9003aacda7fb63feba0d094c3c7bebdb c7b644fedc2268eb64c1bda147b594c0e8e79d5766986caac23f7eae055974271cca60035d3bf1e8e25e3fa0362ab2f4
CLIENT_HANDSHAKE_TRAFFIC_SECRET 7fc91e493c2929e0b44a5d7c2e070f5a9003aacda7fb63feba0d094c3c7bebdb 73cd4b2c9e3d2734c2078175791a8d1aaf73608f04344c3cb60e877cc15f5e3d9f13f07ec831f7e0c2510a50fb95be42
SERVER_TRAFFIC_SECRET_0 7fc91e493c2929e0b44a5d7c2e070f5a9003aacda7fb63feba0d094c3c7bebdb 4a3a644f69249af96921e09320baba4a564ed19a0c9fd9b88798c88a7a1aaffb28c5dc91293a0d59caf7a5d3bde4f8d5
SERVER_HANDSHAKE_TRAFFIC_SECRET 891b6f7570903ba48e3679c179108c8f221b475ad90f1f3636dd15a4644844cd c285d0f299d9141cd209cc5b896b16d6efa28257260f3f2ec014631120cf775780485f693d7fba9240b6b6f6f5087f24
CLIENT_HANDSHAKE_TRAFFIC_SECRET 891b6f7570903ba48e3679c179108c8f221b475ad90f1f3636dd15a4644844cd 127798daa09022e05883412cd14b6bb1dff9493c4fdf13c38c28f24c1248d3c77dcffffdf966fa31e5f39564309ad1dd
SERVER_TRAFFIC_SECRET_0 891b6f7570903ba48e3679c179108c8f221b475ad90f1f3636dd15a4644844cd ddd6dcd391418f1a58b20bc57b7327efbfcd1047474ac79f7a9854fe7092dd13adcd4c0916a878b0ea0153c63f6ffad7
SERVER_HANDSHAKE_TRAFFIC_SECRET 331e79efb871a1b09e38b63a894701b2f1bb23b6e3c057aa1ca7ece91820f908 db0397cac15073d96635630cd8e32572c8af9c51a01e57b29897d9a4bc8faca3e8ccdcf358d24f9b98b79d1c9ba7bcf5
CLIENT_HANDSHAKE_TRAFFIC_SECRET 331e79efb871a1b09e38b63a894701b2f1bb23b6e3c057aa1ca7ece91820f908 150ac9f393d2cab733a4f43892910e561b6156204b0640c9228f986ed3812abbd13bab7cf7838bf87e31bfefa3dc3cc4
SERVER_TRAFFIC_SECRET_0 331e79efb871a1b09e38b63a894701b2f1bb23b6e3c057aa1ca7ece91820f908 bfbed20d35b7e134a0ead1f1a27698346d713969c51c8ceca781586369724c312f8a9dd0c527bfab4b258365758094fb
SERVER_HANDSHAKE_TRAFFIC_SECRET 55cd84f3e94860f445e0c819825eac4786faca23c8c2f86ad914449bf15802de 7d807c82ec5c3f7cd3b7791e1fc1f2338d72be56b8f4b1c6924ccc9ee2e6a0f6ea120ece1cdd03c926efc0c92bd5d2da
CLIENT_HANDSHAKE_TRAFFIC_SECRET 55cd84f3e94860f445e0c819825eac4786faca23c8c2f86ad914449bf15802de 720b2d2e303d1658ce15aaa237cd690ea0feae70efa352bd04c9bb76739f471b8f4be1b108f65a449ed4ec4cb7be72d6
SERVER_TRAFFIC_SECRET_0 55cd84f3e94860f445e0c819825eac4786faca23c8c2f86ad914449bf15802de b57d6f7886eeccc9218a4fe0edc2f6dca2b4f72581a9fc71098e623f1eeced5de5483349652eb0aa1a14cb2fd3be63c1
SERVER_HANDSHAKE_TRAFFIC_SECRET fccb80fb29a6c0df0a1589f5013dbd5252331df47436523b432a9fc18704ae45 790f2690021249bdf85631a85d13f2f08d15798d3a03c3a5b72718cb51186af6f5700066ed17e7b8d8d284fe4ba80e13
CLIENT_HANDSHAKE_TRAFFIC_SECRET fccb80fb29a6c0df0a1589f5013dbd5252331df47436523b432a9fc18704ae45 1eb0e362d955cf0593ce33aa9dddee909c50b455fa38d312fa9315021e83fbaf2b1e59ece3e6cf366d658dcec0685325
SERVER_TRAFFIC_SECRET_0 fccb80fb29a6c0df0a1589f5013dbd5252331df47436523b432a9fc18704ae45 ae07998577aece163e5c764c7fc278e101af99bca7d9788ae05325dc5719e757297bc2885bc57c98480eb984fa1076e7
SERVER_HANDSHAKE_TRAFFIC_SECRET cece546d2553f0b6cc34e7a8c46de17266a097a597454f22cfd016365f39907d f749f24716711fad6eaed6d4a4a80896a7e50e54267492b1b4fb1aa1675a0b0223ac8eacb852367e1e9df0c18e70a36e
CLIENT_HANDSHAKE_TRAFFIC_SECRET cece546d2553f0b6cc34e7a8c46de17266a097a597454f22cfd016365f39907d 0d87f547750339c3b84dcdebcdffe5a82acff734c47bb44b19bebebb6a76cdb5490243452874535d3fc417af6b8df35b
SERVER_TRAFFIC_SECRET_0 cece546d2553f0b6cc34e7a8c46de17266a097a597454f22cfd016365f39907d 3ea542d8da693ed440cc9fc1d63c849127dd2f1c9ffae188eb55c4c488569c7ec23b46449453efab0bf5c0ab601c0474
SERVER_HANDSHAKE_TRAFFIC_SECRET 0fc3b99ae0534d2df83c3657109073a2a0f8690b1575f977100034c5f24f428c 7f293086fdad45bf58277fd9ac8addae30945600a4b9beec45da659cd9435a4655974459bb9a521f7c54bb47bfe4e10d
CLIENT_HANDSHAKE_TRAFFIC_SECRET 0fc3b99ae0534d2df83c3657109073a2a0f8690b1575f977100034c5f24f428c 8cccf6ca2abf5f008014ff90b934f60e1eb823144ecd22280e8be17c9a45316d78fb6b85da1ae17d3f885ba1dd0e6dc3
SERVER_TRAFFIC_SECRET_0 0fc3b99ae0534d2df83c3657109073a2a0f8690b1575f977100034c5f24f428c e9036874fc138ad10e4f6faf48f7dc7efb9a98fba7b8399f92562c6b59d320078ebcc7b3f9c45f6f62d200d0506fe160
SERVER_HANDSHAKE_TRAFFIC_SECRET 6fcdaff144fd0317b0c8b6fccba0cacbc24d28383a0bff41b9a13f2f3e39c469 1fb1fde97e0813b783d4dc33a06bcb43fd286f2dcd450b8a3159dd1dc7487af9242fdedc490bd8cb75a3f8896fe6fbd6
CLIENT_HANDSHAKE_TRAFFIC_SECRET 6fcdaff144fd0317b0c8b6fccba0cacbc24d28383a0bff41b9a13f2f3e39c469 77c4a370b5613471215f17e055df428a764a19353730311601674ec1926db1814f7a5de521df920e9717d896c657d5b5
SERVER_TRAFFIC_SECRET_0 6fcdaff144fd0317b0c8b6fccba0cacbc24d28383a0bff41b9a13f2f3e39c469 f6e1fe5a5cd1ef4fda157bb9dd1dbcc5ab25b78a65b4290a1a7150016cf052fd09efcd84f118d0671eb9311236482bc8
SERVER_HANDSHAKE_TRAFFIC_SECRET c3c66482811fb03a902c1836a30a5eebc88ca21926f002e608025da4d45a7a43 50645faa6b27329b0c1d9461c5d98699f8ac23fc9d6e33c65b52e901440ae756531a50864f51303486c2788dda7e0a3d
CLIENT_HANDSHAKE_TRAFFIC_SECRET c3c66482811fb03a902c1836a30a5eebc88ca21926f002e608025da4d45a7a43 40d4eebdc8d6b5cdc8c206e9d9794b09c59ad78dce55d6d1484604be44375b1f6d064aa44128915714b7ea967779648e
SERVER_TRAFFIC_SECRET_0 c3c66482811fb03a902c1836a30a5eebc88ca21926f002e608025da4d45a7a43 01f908c4856ac3748672efe98cc825d8c17f0fcc5588137fa80239587218ae616b89e488b3884fb7489a432cad077105
SERVER_HANDSHAKE_TRAFFIC_SECRET 3674db53c8e73a67c9761b3508dc82d0e6423e11c2050515acb27f6646c610ca f3a81d6a66e354cd27c6b3f10a9569510081932475dde302749af5c92c97c8c1d8e5930881a833a336d9cd46a03c7877
CLIENT_HANDSHAKE_TRAFFIC_SECRET 3674db53c8e73a67c9761b3508dc82d0e6423e11c2050515acb27f6646c610ca f17c7597fcc4bc753be583457a4e29af70faede4072083279f29893b1f61d964e1124d3300309c28bf99728147e3285f
SERVER_TRAFFIC_SECRET_0 3674db53c8e73a67c9761b3508dc82d0e6423e11c2050515acb27f6646c610ca a8c590fb4c3bad8add5a0d72aaa1630e4086096f00839c8a12450a44b85b9b10157aa3d9bd8149fd225db751a2197212
SERVER_HANDSHAKE_TRAFFIC_SECRET 59bcc1de94fb9540df447d10582e5caa24e5740556cf095554f72b56cfe2a09b c3cf31f66186b1f31494e8f0ae4bf1450d5a3eb02b8f200c5be0e0c0419e052db2948983b4b5caa5ca0d0c0ac154cc69
CLIENT_HANDSHAKE_TRAFFIC_SECRET 59bcc1de94fb9540df447d10582e5caa24e5740556cf095554f72b56cfe2a09b 40e1307ab06090b867011893b6d6af3b39b2a508b8cade06062251c9ebf33810c238bdc6f1e19212540a21ab30be54be
SERVER_TRAFFIC_SECRET_0 59bcc1de94fb9540df447d10582e5caa24e5740556cf095554f72b56cfe2a09b 87d66efe1e521822f23edbc5125524f64abb112220d4f12ad14c0fa832382726e3b8294220b02ae229c1728970807de0
SERVER_HANDSHAKE_TRAFFIC_SECRET caf504ae2135d161db22363e55a7417bd9c205a1e75948eefc46c1b79100f8d7 64eca0bbd4fc4ff2ca69fe53000d625eda6fe9363a63e6153c46e591ac3fb7358b5cfe8c0ce9e873587c3a9ae4ffe309
CLIENT_HANDSHAKE_TRAFFIC_SECRET caf504ae2135d161db22363e55a7417bd9c205a1e75948eefc46c1b79100f8d7 1f7cb8e39643b9af230d56fcc865c5b0973d4a72a7b5cd0d80600b9379d9784b15cc42c65010021e78c8550b823b91ca
SERVER_TRAFFIC_SECRET_0 caf504ae2135d161db22363e55a7417bd9c205a1e75948eefc46c1b79100f8d7 388b3b84241c568f26d4eec505de39299577551a84231b06921095212ed0c9d9aa2cd645ebd62d1c5e922ab715ab75c4
SERVER_HANDSHAKE_TRAFFIC_SECRET 5edcd79b14abd462f4a5f7e54b5a3078369c645684d81f6deb48e3a9dea06227 a37990b162008c36d528aff10d1ce47402c67aed049aabb4458e0dbf2df81ca983526f7b72b82f0565c48340285658d8
CLIENT_HANDSHAKE_TRAFFIC_SECRET 5edcd79b14abd462f4a5f7e54b5a3078369c645684d81f6deb48e3a9dea06227 c9897802a0ffc741133bceb3b0750e4b7a35e705ca1c3a27761e28fde13c8ce9197878fed80b286b0b969ca0956922e5
SERVER_TRAFFIC_SECRET_0 5edcd79b14abd462f4a5f7e54b5a3078369c645684d81f6deb48e3a9dea06227 2bb6e8faa8fe75cad2cc043389d08a4cfa20349e6179c0269c4c3c03d7881c0011c32f361acc3185bb63721d6af0fb9f
SERVER_HANDSHAKE_TRAFFIC_SECRET a85e479ae637653256e151f58944edf1298fde8918d218d1d7f8b691fd80dd04 cbd278806f5fb0059b18130dc8226c7c9a4f109f6afe41b43784bbeb5fa7c9baf0e1e9bc0e5123dcfeaf28e81018b0d9
CLIENT_HANDSHAKE_TRAFFIC_SECRET a85e479ae637653256e151f58944edf1298fde8918d218d1d7f8b691fd80dd04 f10c7652edec21b32c649019a1a5916a92332e81a674f782dbe8dc3778c4f46379fc1a017f7c2536be43e53173414ee1
SERVER_TRAFFIC_SECRET_0 a85e479ae637653256e151f58944edf1298fde8918d218d1d7f8b691fd80dd04 d633dfce9d5c397fa500feda890402b81933766d771315764ad3c17226f946839d9262257982e4427f4082965007a754
SERVER_HANDSHAKE_TRAFFIC_SECRET d81d420bc2e4108928a3e246177a9aa7342875cd24ae0f6443335533d5da7b03 566771a19c9f22eb0924322934d056546d542578c4b06bdaf95081cbb94832b65015a1275c372572ca44b2b95ec5d22f
CLIENT_HANDSHAKE_TRAFFIC_SECRET d81d420bc2e4108928a3e246177a9aa7342875cd24ae0f6443335533d5da7b03 56b8b465c4a0866c1017e2405b1011b47865b11794f1a18f47b7ae03457f037b375334bc9a1de10dd4c6193e06597f55
SERVER_TRAFFIC_SECRET_0 d81d420bc2e4108928a3e246177a9aa7342875cd24ae0f6443335533d5da7b03 4949f23ba56a3ff3117636b9a2798e6a91dce5e7bfe890af7d8d8d4281123b36169f24d7e27ee8fc0d6fbf3b2994bd5e
SERVER_HANDSHAKE_TRAFFIC_SECRET 663e0e37254c6a59d6068dba80ad98b1f7f8428d4ab789c2fcbbead991e911c3 37b4f37a1fe2833fe33cf63e899e321af92ad6fa1657c4d8e697bd15d5d8e8d67e4849393ebc9f8ae776131dc7685d3b
CLIENT_HANDSHAKE_TRAFFIC_SECRET 663e0e37254c6a59d6068dba80ad98b1f7f8428d4ab789c2fcbbead991e911c3 37f4fd050f797978f2621b7dceb5edffaaa5ce17a1168ddc6d139c45aa80b774c8549c339f1c8cbe536d183bba0218c2
SERVER_TRAFFIC_SECRET_0 663e0e37254c6a59d6068dba80ad98b1f7f8428d4ab789c2fcbbead991e911c3 986c4e51d2e21fc31e22d13f9c7957ea81d01ca5a611e21de2f8eca3df90ddd7084bae4cae52921f531acdb816451662
SERVER_HANDSHAKE_TRAFFIC_SECRET 58452adfdac69646012b1ec3523528bab7e9acc1000de57456b4430579fac528 26a0f9d810e62acbd9d7b923dfc3320408c5100b4ce75b322aaa413391a88b718c7912170d41d7c519ab58a995b1f040
CLIENT_HANDSHAKE_TRAFFIC_SECRET 58452adfdac69646012b1ec3523528bab7e9acc1000de57456b4430579fac528 6c90e4d38a5b8d79bec439d0e2f5b9b264d04cdcc6daf73a9762e38decf9f85e77cc7ee03e84aebb12cf33fec1e3ea61
SERVER_TRAFFIC_SECRET_0 58452adfdac69646012b1ec3523528bab7e9acc1000de57456b4430579fac528 6065a54455d6e7fccbf9bb4ff6e3f6875448d6343358eb9119ae77add73927e25b97fa3a4b1e214fc606a8e4f4869774
SERVER_HANDSHAKE_TRAFFIC_SECRET 0f0b7db5dd650d1ddc289ec39819449f1a9844a6f19e3dd7a1ec3cdb6d3c062c b673f6356bb318d87a858107efe30ec496f52d7312ea3faf38fab9bad26225d695b2381ca20fb1a23dd65821fed8c713
CLIENT_HANDSHAKE_TRAFFIC_SECRET 0f0b7db5dd650d1ddc289ec39819449f1a9844a6f19e3dd7a1ec3cdb6d3c062c 84cc3763d177f0539ad94cd880341f9884a78345ce1dea7aa61fd28b453da057e27ced725c8dc6f60dbf9dfd7f70dcfe
SERVER_TRAFFIC_SECRET_0 0f0b7db5dd650d1ddc289ec39819449f1a9844a6f19e3dd7a1ec3cdb6d3c062c 8176444805abb01dddbd08220673be84705f9e2b2c08cfe0325b8f73e9c1744ea07ab52aa35b29c345a400ceb9905dd5
SERVER_HANDSHAKE_TRAFFIC_SECRET ada12f24380d611affcebe8355f1b8177817cf290eec0601fcca4565bda54ac3 999947235e81ced7efa064c9f7bf4ad83b87390653f56abd172e90d25cef205c96cc082decd08b174461f2e9bb0b85c3
CLIENT_HANDSHAKE_TRAFFIC_SECRET ada12f24380d611affcebe8355f1b8177817cf290eec0601fcca4565bda54ac3 354f2d36e8007f1083afd67b8a9d621eb1e8ed9378d3d5166e5770c8ccf8b18545d5a08e3bbdcdfe84fd762f6af65ebb
SERVER_TRAFFIC_SECRET_0 ada12f24380d611affcebe8355f1b8177817cf290eec0601fcca4565bda54ac3 5b25e8f376331542ecf7c97eb9d12f1cd94f13f47fc0d9ef0011177fbfd6368c2e3723dcf8a23d9b6ccbb0680e30cbf3
SERVER_HANDSHAKE_TRAFFIC_SECRET df042265d8e11bda3058a6a83239e213cee361004dd77ab77f1d7660926c9d8b 02194de28eaa8e89bb08f12155dc7e4520ef562db5dfff7dc514827338f80813ca1d06a75ec235d4ca2bb7b1717bd46d
CLIENT_HANDSHAKE_TRAFFIC_SECRET df042265d8e11bda3058a6a83239e213cee361004dd77ab77f1d7660926c9d8b 6ba5def72e40ff3a72b32520eb4e18860d2f1a7d171db1741c58a7a542eb0802dccab027828bcf6d673af1066e4a4513
SERVER_TRAFFIC_SECRET_0 df042265d8e11bda3058a6a83239e213cee361004dd77ab77f1d7660926c9d8b 7d23e8ca45e7c2a13dfd8c792165be613c1e2f77b5f1afe46d08804503006b48588e58798bc8d270082dd6b287b952d7
SERVER_HANDSHAKE_TRAFFIC_SECRET bf7425ee57500966eecf10fe0322ff598676c5d2766fad425230949449b7678c 98941f357aaf6cec5fa2c4e3ce5a691a6ddb8fa51972246b4b1f23f57bfe15104c4c093c71593adbae648559fd214024
CLIENT_HANDSHAKE_TRAFFIC_SECRET bf7425ee57500966eecf10fe0322ff598676c5d2766fad425230949449b7678c 86f3268add886daf99a8293df049ca58b1fe3aeba9165dae3cdd89c93c9472bdf274a4e22271d6ad3143342549a19248
SERVER_TRAFFIC_SECRET_0 bf7425ee57500966eecf10fe0322ff598676c5d2766fad425230949449b7678c 7e29beff2110ce91fdb4a52e67066396b2fbc02383eeafb95ba96331965c878234b975ef18d66f8ceed8dd4a6da21038
SERVER_HANDSHAKE_TRAFFIC_SECRET 0377724b85e545b887cb3ca912481ca1b9d75cd748c4d43b8caa6b3c8c8ab6a6 3c9969d4776b880a1e331cb1430c50f1d84ce6ed5f64603a6bee3f8406052d52550744c579e73a98c0486f09e35cbff6
CLIENT_HANDSHAKE_TRAFFIC_SECRET 0377724b85e545b887cb3ca912481ca1b9d75cd748c4d43b8caa6b3c8c8ab6a6 42cf365548be8e4578bb81d92d337da8e6d25e05ffcebb0165738d499d157c697bebc2a95116ddd26c0fa67d28315e93
SERVER_TRAFFIC_SECRET_0 0377724b85e545b887cb3ca912481ca1b9d75cd748c4d43b8caa6b3c8c8ab6a6 c977988ed4e0004a0b782fcedff9a4fec96306ae1f722b877798439c4abd44ff25e258477f8cdc2ace38e356827c5bd3
SERVER_HANDSHAKE_TRAFFIC_SECRET 67c0a039b8fe79c9bb322bccc98a570fca1b3196055fcaece82c3781c6fdbd3f 5f538c839558c37149e289f74704c243700f656c748a232906afd48a08e83101a8e3eaa7c73dc0920b660139e52c4f81
CLIENT_HANDSHAKE_TRAFFIC_SECRET 67c0a039b8fe79c9bb322bccc98a570fca1b3196055fcaece82c3781c6fdbd3f 3426eea3f898804cfc9e10ec053bdb1f46a9f3d84b63a07dbfb45b01853db909ef6c36a81cd9c77b5c0111f14c829c48
SERVER_TRAFFIC_SECRET_0 67c0a039b8fe79c9bb322bccc98a570fca1b3196055fcaece82c3781c6fdbd3f 985a1b3625295e687b639af895a38cae3ee1535cd25c8bd91952ef8a327b9eeb4030e579fa49addea8ff4603ef2ad6bc
SERVER_HANDSHAKE_TRAFFIC_SECRET d1e7ad5f85bcf4f976db1ebcc9ffdd75fd53f744c64dc553acc082245a9eb506 53c334aed531cbf466135f997bbc1e302978aefb868aab1a9b3ac8eb8410c8d961ab2d2bb7ed19df240cf269747a402b
CLIENT_HANDSHAKE_TRAFFIC_SECRET d1e7ad5f85bcf4f976db1ebcc9ffdd75fd53f744c64dc553acc082245a9eb506 86f8aeee20a8a09d694cd5a378e7f7e97c9382c8593db6b69f7de846f33650af1ae9de2b5f2e41f3f2b874d1a3f92016
SERVER_TRAFFIC_SECRET_0 d1e7ad5f85bcf4f976db1ebcc9ffdd75fd53f744c64dc553acc082245a9eb506 e51af5bc3cb248fbf63184a1d3867fccd8a2fc58c0bea8fed18b950b60295a0db98c67d18e44a765f2b64884e73ab19f
SERVER_HANDSHAKE_TRAFFIC_SECRET 8cd12a9ba7314414059742ca2ec18d7b5af26c6be7386644bc00420069c26b92 b96c3e8fa3261549f1fdce6ae7152fb2b9de5993becfedc35997f98e5845402df5b6b8df1916c25fd4e3b79045a17d75
CLIENT_HANDSHAKE_TRAFFIC_SECRET 8cd12a9ba7314414059742ca2ec18d7b5af26c6be7386644bc00420069c26b92 666577a2d79393b5353682452654e921a6a8bcfdb8662bc2c9f639fb444bf748017b81105d360a922cbf0b9c1fa8ee0e
SERVER_TRAFFIC_SECRET_0 8cd12a9ba7314414059742ca2ec18d7b5af26c6be7386644bc00420069c26b92 8af1ced9b93db72886c2c91307f7ac4787cf062b4ac08065d044ed629237c7c05d875ad19b3effa13c2690311666ce3f
SERVER_HANDSHAKE_TRAFFIC_SECRET bf54ee0740ab31ba15f84400e07e61e9baeee0fdadec8ac667b8ce6cc63d6195 17c84788f5fd53c02bc936f070dab26098e30122855494a2fb48d45d94bce24a0f203a4722fc8114b52e8cf5e0f6bd30
CLIENT_HANDSHAKE_TRAFFIC_SECRET bf54ee0740ab31ba15f84400e07e61e9baeee0fdadec8ac667b8ce6cc63d6195 cfbffb2310ab4a52b7b8ae068411f8b21a8322a98af5d852f5f6a27f1dd09bfb78e5f0a5377785a27350314a64932f57
SERVER_TRAFFIC_SECRET_0 bf54ee0740ab31ba15f84400e07e61e9baeee0fdadec8ac667b8ce6cc63d6195 03ea73831c40c9101003fc04e8c013e7ff1689a3d613e2e6d8082d868a87aac8f407dc5af889a32fbca6f8dec33a498d
SERVER_HANDSHAKE_TRAFFIC_SECRET e0829d0db50ecfde5ea363d3eb977d4b183f853eed9dda66e52cc9399f8233cc 3907c038f1e27a580efb969ace3684e975927e5eac957239c03c93fa747e1c0b47d2648020aaf505a50515f79363939a
CLIENT_HANDSHAKE_TRAFFIC_SECRET e0829d0db50ecfde5ea363d3eb977d4b183f853eed9dda66e52cc9399f8233cc 9c4beff14638689d2df7bf100210c0d9482c5ddccec75f3b264fbd2e76388b8091506760127a54e3849c0401dc877642
SERVER_TRAFFIC_SECRET_0 e0829d0db50ecfde5ea363d3eb977d4b183f853eed9dda66e52cc9399f8233cc e1c9b2465a8bda61bbb6f25994f4162d630d5464d9e1a875495f58ad903f51738393480946b65763010e57a6fd910998
SERVER_HANDSHAKE_TRAFFIC_SECRET 313722dad345f518a70e74c41b75f1b23c1919bdfd9c801fb55f0fd61d1efc62 421c1b601d9606d1e7a0152d972bf15c5e3b465a01342ce92d6a883e82408c551d7ea29a20bdc002a42c2784dd62c5ed
CLIENT_HANDSHAKE_TRAFFIC_SECRET 313722dad345f518a70e74c41b75f1b23c1919bdfd9c801fb55f0fd61d1efc62 05e3a66e1d8ed8f42ee8041dfd1e47759a6cac450b2ac857022b9a0bd7b9964e45a0beb57d61df077689900f52311cce
SERVER_TRAFFIC_SECRET_0 313722dad345f518a70e74c41b75f1b23c1919bdfd9c801fb55f0fd61d1efc62 4748f3077046ba7897c5e97c39ca841b31a71696e9abd89883ac0246112ded094ac574cd9746028f3fbcf8cc6832ca63
SERVER_HANDSHAKE_TRAFFIC_SECRET 3d3fc57384fc8daa89606143a2a5aaaf3b5bd3215132134a6393699d1bb2f9ef 7c1e59105359d183aefdf15f8a5f9a34cf713e629f1092fa8fa8204908e0f2dedafe3c967207a7961bd12a2ba376b0e9
CLIENT_HANDSHAKE_TRAFFIC_SECRET 3d3fc57384fc8daa89606143a2a5aaaf3b5bd3215132134a6393699d1bb2f9ef 403f345698e51140c83e8fb82b0cd2707fa05443d5d68e79dbf36779e57f5eb59af3468e52e0d72da27fa217186d84a9
SERVER_TRAFFIC_SECRET_0 3d3fc57384fc8daa89606143a2a5aaaf3b5bd3215132134a6393699d1bb2f9ef 59e0b0512122db50fbcbdf0fd52d71e6b1762aab1d8e3040e6f49d7cd98bb00305eff5ece564f07b0fe8895046f68053
SERVER_HANDSHAKE_TRAFFIC_SECRET 8611d1f34be5ed4cde86ca1fdbb9e9e4f49dd1b65237dcbecb54d98a0ae5c1b8 e0472ef6b783e9b20cd685b7675c9ad1e797946456194a3b0a2ebef2b2319091abb6bbda6b824a76d30f34d2d3fecf4e
CLIENT_HANDSHAKE_TRAFFIC_SECRET 8611d1f34be5ed4cde86ca1fdbb9e9e4f49dd1b65237dcbecb54d98a0ae5c1b8 5ec21ee5df16d0ae66b6c7bc677c77860cac196ed6a2c07a1d17577b51573296e56bde20a5f08651341323a44d46329b
SERVER_TRAFFIC_SECRET_0 8611d1f34be5ed4cde86ca1fdbb9e9e4f49dd1b65237dcbecb54d98a0ae5c1b8 1ab7eab1e1505f3012b956d6a055be4d12ce489aa8577904e9330121006a6a7fbc4e6f355ea7ab10f66b6469d9787a9c
SERVER_HANDSHAKE_TRAFFIC_SECRET ba3ab3056ea742f6d70b539401beb37d515b8d06e5010b87de1ab3981f002294 4ef0b6c768b5a0a1a324aa94b564bca85bb6e55b92f55f283d77e6ce4a81b0627d445ac21c8bb2bf02540c29d49ca5b3
CLIENT_HANDSHAKE_TRAFFIC_SECRET ba3ab3056ea742f6d70b539401beb37d515b8d06e5010b87de1ab3981f002294 d989f006a6552022174cd332ccdd579af396c9504811c9622f21a49596130090fa5554bc9bfb90226ee247faa2bcbc27
SERVER_TRAFFIC_SECRET_0 ba3ab3056ea742f6d70b539401beb37d515b8d06e5010b87de1ab3981f002294 cea8a1f33dc661cab9a23a6574cca6edc564d1135d66c058e0301dc6b06e9b44e50b4550370df9525f264803ab20135c
SERVER_HANDSHAKE_TRAFFIC_SECRET e3bfd9f2035d9d06a29aa5e549dba45d55a8b6f02c72a87254e3f69b0fd9b9de 61bd1f4ba31396a2e696bcdc112af9d34cc90a6a1e62d62fe9f477f3fd50d14cd81cceed7d4f5de5aa0054f5fef6c77b
CLIENT_HANDSHAKE_TRAFFIC_SECRET e3bfd9f2035d9d06a29aa5e549dba45d55a8b6f02c72a87254e3f69b0fd9b9de 852828f84eddd1983e298e7ea2668568cd1ba26be19b6ec534341f6e480775cbce77960a75b08a7ebd8e4a1b94628104
SERVER_TRAFFIC_SECRET_0 e3bfd9f2035d9d06a29aa5e549dba45d55a8b6f02c72a87254e3f69b0fd9b9de 4fe843ba4670db2cabed85c3029e55dbff3d5af28dbba7b69adcc347aec6e2cf9667f9868498ac411376b40a292342f7
SERVER_HANDSHAKE_TRAFFIC_SECRET 2516b4a1d1fae7ef3ade43cd619cf047aa9af1f366353e251ce66d3690028f5b ea29cd90ab7be51106d4fa4a5444756a4a70da48b08d05bf1db1fa9114f01a78936178fb44eba3b2cecd67e24d282a2b
CLIENT_HANDSHAKE_TRAFFIC_SECRET 2516b4a1d1fae7ef3ade43cd619cf047aa9af1f366353e251ce66d3690028f5b 5839f22c90cd2983d4323395af79d3aab7ba6a46f1b1b9ad3153fc8bb3df8d5e67cd3787a2cf4440232f3d727d2c3334
SERVER_TRAFFIC_SECRET_0 2516b4a1d1fae7ef3ade43cd619cf047aa9af1f366353e251ce66d3690028f5b b2530f6e3b20d04999031cad953ae7e71f8328f61e808df72e472d7f48291fb7b2fccf64c2af1523e6a526adb0928fbd
SERVER_HANDSHAKE_TRAFFIC_SECRET 9cf1b7794e17a3f3d8c5f82c30b22eb2e4dd1c59dd754ad745e915042997755c 6ec3784ff8ee54ee773788098a6e237b2955fca8fe490a3e392bb138f26eda96f91200fd2c8c8a9cc6785413a5f25bd9
CLIENT_HANDSHAKE_TRAFFIC_SECRET 9cf1b7794e17a3f3d8c5f82c30b22eb2e4dd1c59dd754ad745e915042997755c 846e44ffa856d29617a63d952fc78dd623300d95e026cb4b1ab60ce5cb3a46080338f7016a78e4c10af7909a999c4df0
SERVER_TRAFFIC_SECRET_0 9cf1b7794e17a3f3d8c5f82c30b22eb2e4dd1c59dd754ad745e915042997755c 3b7a55ed85e5a8cdc29bab3abc640642d2886cc8fad39f8537ce07b30468a518e6fb012736a1022b51d329b1c95b215f
SERVER_HANDSHAKE_TRAFFIC_SECRET 5db219b5b0f476c9aa3e2c20e5b1349cd005318f9fb0324d21d4f7aa593517ec 42d866725d16a7bb7977142f2b97025ac47c41a98d10d7b554a8092c235a6b42845963a9764fcee14bcf21be370ef9cf
CLIENT_HANDSHAKE_TRAFFIC_SECRET 5db219b5b0f476c9aa3e2c20e5b1349cd005318f9fb0324d21d4f7aa593517ec 75893b3f1688160bd8c0412ef77ce4dcb6a3a0be0b506fa8abbe18b3770e6f20590debc15f46e2cf32f1b520bb1af47a
SERVER_TRAFFIC_SECRET_0 5db219b5b0f476c9aa3e2c20e5b1349cd005318f9fb0324d21d4f7aa593517ec 4ed5773c4d327706a09cdd1f953306f4f93f87cf0608e54331ed4c4396bec4e616d9ffe1252e0f30cf4c05ecc7bbeb7b
SERVER_HANDSHAKE_TRAFFIC_SECRET 2411e1aad420fe665d68b96709932fa751761ae903a8b0f750af8b659557287e 91251c6a2f29b439425d6631115f54da25532e640f1234b56e91796d53ed56c2b5305e09e12bf5ca22eba5f04923d61d
CLIENT_HANDSHAKE_TRAFFIC_SECRET 2411e1aad420fe665d68b96709932fa751761ae903a8b0f750af8b659557287e 78a58d8b69b534516a5947c95749b0158d64c3347bbf8bb6436b25ef53c90c17e644e76be8b2acef33cf1b4178e1857e
SERVER_TRAFFIC_SECRET_0 2411e1aad420fe665d68b96709932fa751761ae903a8b0f750af8b659557287e a5f3826dca75001804688c88b0c96b557515149bf5361575c69ddd857f4926e542581730fceaa4c913126eaabe42a00a
CLIENT_TRAFFIC_SECRET_0 2411e1aad420fe665d68b96709932fa751761ae903a8b0f750af8b659557287e 3e181c2972640d1b787e0c582f315cf92c70b6ed379825977b2cc247e13df6ffa84ebc9615df19e3b874dbfdb190c4cf
SERVER_HANDSHAKE_TRAFFIC_SECRET f98c3465d2244d0d2f699dcf124b41092450b17ebca1252f8fa7603c41aa0407 17ef551a1567adbc2ddcd7814b251459795138160bc9e0f9241290920ec9d38fddb5431176ffadd570c6855c77d5fee1
CLIENT_HANDSHAKE_TRAFFIC_SECRET f98c3465d2244d0d2f699dcf124b41092450b17ebca1252f8fa7603c41aa0407 76578a322b787e823ef840534bbf2ede65981d3f7476bc4edf12a5d93341731b3659294342c5c2a9d7c1b3c8672820d6
SERVER_TRAFFIC_SECRET_0 f98c3465d2244d0d2f699dcf124b41092450b17ebca1252f8fa7603c41aa0407 7792769abfced75d72ddcd4ec179ce0b80692a6c910d876fe396102b0785b206811550ecc3e14642c19ef46af2510057
SERVER_HANDSHAKE_TRAFFIC_SECRET 6e6262221b110ecba258ba5dc31aa02bf8b178759f28ead3f1246500dbe879b3 4cdc1cc02fbda3d806584bfe6d2476c106c4622d6935da04b8d08c3a72c07665ce32af332ac43b99249c54c36b23942b
CLIENT_HANDSHAKE_TRAFFIC_SECRET 6e6262221b110ecba258ba5dc31aa02bf8b178759f28ead3f1246500dbe879b3 0a492707789fda32e396e3664ea2eeff58eabb875b6f6b5d7756db1629df0916206f4e961264ad3ed88f190b806c96f5
SERVER_TRAFFIC_SECRET_0 6e6262221b110ecba258ba5dc31aa02bf8b178759f28ead3f1246500dbe879b3 5c44e0956264133db2eb39c246e3f3fcf8d699e4b6991873a1d1dd4b237680942b7f0098c21318f6b2ee0ccd9b900de8
SERVER_HANDSHAKE_TRAFFIC_SECRET 8f2b4dfc5741738b011d0a7000de20abacb8d001e545afc7869a16675e2d2ec6 3cbd50e1e89c42690e9dcaa3a9968aa7dfda253ef58c0834e35f436194ca1eabf611d0d37a72050c1b278d42f77d9b5c
CLIENT_HANDSHAKE_TRAFFIC_SECRET 8f2b4dfc5741738b011d0a7000de20abacb8d001e545afc7869a16675e2d2ec6 d9ce9250269470df0826e157b0329f25e4a1c2132b5c6ffec63b3e0a17d06588e591cb8e5bdd824090f4da8fe3b5808d
SERVER_TRAFFIC_SECRET_0 8f2b4dfc5741738b011d0a7000de20abacb8d001e545afc7869a16675e2d2ec6 ea757e75bca74ecdc2f33586ab39c3b815cb0ff18b3feac5f8a38f4191a0c55bc6ae77bf62d65b5c0a609eec16fa06ee
SERVER_HANDSHAKE_TRAFFIC_SECRET 2e3793cf9c163779a14d4b06eb725947a54187cbaa7f02bd7e422c2480bba96e ae9a8d79c6e6141d0617704b06a422c721d787b1f616bd669df0cf967245a9ebe2e07ac13008edb8d4bc089b52917690
CLIENT_HANDSHAKE_TRAFFIC_SECRET 2e3793cf9c163779a14d4b06eb725947a54187cbaa7f02bd7e422c2480bba96e 53aae66164ea4104e673007334e1de814c8d6145ba5e31d2fb91be3243cbbe6a5e383b7b22b3489d19d7a8bffe01e6c0
SERVER_TRAFFIC_SECRET_0 2e3793cf9c163779a14d4b06eb725947a54187cbaa7f02bd7e422c2480bba96e ce8c50f468e31c177c333cd21ee5df97ed72cfcc36b8a065acbc420d4349ff499f929443e37b2bc8ea25fa8defd8147d
SERVER_HANDSHAKE_TRAFFIC_SECRET d010bdceab38affc84e796bce9a3799179086e99e3d4b0cb15c6027495f3315d dc974694dab37f6e4293b8d0b5156989e4787c21f7f3a3e4595b2f43c0432da70a8686a373bcf1cea5f1d6d775dc8f91
CLIENT_HANDSHAKE_TRAFFIC_SECRET d010bdceab38affc84e796bce9a3799179086e99e3d4b0cb15c6027495f3315d d8c2b87640787bcb5ea833d3302ea4809fe95055c1adf442894d15a2eae398be9b3d183c8eddf0982677e9fcc5f9121a
SERVER_TRAFFIC_SECRET_0 d010bdceab38affc84e796bce9a3799179086e99e3d4b0cb15c6027495f3315d 2c1c6a274919a991fa03f2b8a88b90535348651597132449019a3d0128a2db49cac6aa298c8f90c45451ada93bedd800
SERVER_HANDSHAKE_TRAFFIC_SECRET b0c85468dcfe34a4a241025937d063a550d0c184d8917246591ebb3bd9f41343 4b872c169b40430d303c3460964706211f6697753a57fc8f0b7bd7412684d3aa7c734f6c93d719cffb40a50055ea1084
CLIENT_HANDSHAKE_TRAFFIC_SECRET b0c85468dcfe34a4a241025937d063a550d0c184d8917246591ebb3bd9f41343 636eb154dde32c38ced68dbdfcd68d45c59c7d2e82fc541de426e94aeafc86a23e2eb8fea968aadfdf4789eb4f34040f
SERVER_TRAFFIC_SECRET_0 b0c85468dcfe34a4a241025937d063a550d0c184d8917246591ebb3bd9f41343 75da0a38098eb7f3a0eb2c1df53ba1f6a292f0a10d8875600b05785c4164ccf973d2b3ea43c9e01a8893b3e5de052fdc
SERVER_HANDSHAKE_TRAFFIC_SECRET fe8959a650f006c56effc839a7ca567a666eb7ed2f9a2195f8b60f007eaceb90 1216b027b9c39b22423964676e78fed94321069cbf9d588563c246a38640eb6960d2c335fd79c769577500f012503bc6
CLIENT_HANDSHAKE_TRAFFIC_SECRET fe8959a650f006c56effc839a7ca567a666eb7ed2f9a2195f8b60f007eaceb90 4617a94cd51188825ef14ada144e6ff5b443ce632e452bba604777bf79f1bcabc9ec579d7daf162d6d44bd98785071b0
SERVER_TRAFFIC_SECRET_0 fe8959a650f006c56effc839a7ca567a666eb7ed2f9a2195f8b60f007eaceb90 8e9497a08a134d8d04cbecd508cb171dd82c67edbb51924c87d549c79ba389aa3d3925057a83c0e864cc81779db98872
SERVER_HANDSHAKE_TRAFFIC_SECRET e9d419f902de10d780495e46db0df1fd93edb3068dd2e50d5c7c32c46f1065b7 e134e5982d736c48f8e40402cdd74f0b4f00e3ebb079cdc528ca161a37a5e8da0e588004565899703506053cb67a57f2
CLIENT_HANDSHAKE_TRAFFIC_SECRET e9d419f902de10d780495e46db0df1fd93edb3068dd2e50d5c7c32c46f1065b7 d32020cc7ab32b17e720679491d9bd8fdc56753d9d4465c26354382b9b713e3ce51028c6927ac54bc43b5c49b72a579b
SERVER_TRAFFIC_SECRET_0 e9d419f902de10d780495e46db0df1fd93edb3068dd2e50d5c7c32c46f1065b7 3785dadb01bd8939d412275834fcc7cddefce5dc21474f735b4f154c613b6404cc9302ba57c4edee4ee5fead077ad2ec
SERVER_HANDSHAKE_TRAFFIC_SECRET 58ec75af8445756feeb026daf9784a70a4d7b1124422a8cfedfef4de2a37e653 fcd2356a892fb1ec265d589a5b59650591684177e14c2104d84b36c14c0e59063c469b7f2c08ad796f7d6c46512aaaf2
CLIENT_HANDSHAKE_TRAFFIC_SECRET 58ec75af8445756feeb026daf9784a70a4d7b1124422a8cfedfef4de2a37e653 045b5ed1999f70efe94b72e3e40bbfcebebf4bc5a8e992d8de433bb812cad654bb87911d5ca167b67437979676976c6d
SERVER_TRAFFIC_SECRET_0 58ec75af8445756feeb026daf9784a70a4d7b1124422a8cfedfef4de2a37e653 5648db6ff778c373522ad527de0aafefed8efa42df35534c6216d8e5ed1716fe1c019cfa9d87419883d039c88eaaa352
SERVER_HANDSHAKE_TRAFFIC_SECRET 525152f2a95ba2671bff31fc5e289e702d1bf8e52ee2dd3470c005e762e562fc 1a7b6c94c66f998116d0346b381a77c5a157807e295e82ab38a99d84e9eea4b54814e6ff4ebd56dd4f00a744d72c144a
CLIENT_HANDSHAKE_TRAFFIC_SECRET 525152f2a95ba2671bff31fc5e289e702d1bf8e52ee2dd3470c005e762e562fc 6cd3592806b1bb513e120023eae651842147f873d0568e57f985d43428af2bb53eda0b7d5ecfff6c15df58a05414cd9f
SERVER_TRAFFIC_SECRET_0 525152f2a95ba2671bff31fc5e289e702d1bf8e52ee2dd3470c005e762e562fc 58cc5dc72c2f38d08a6dc80baeb46948358755412c2878090523bab61a410a64c3fd2df2a8b6cbfb54b85f7bd9b1d4ad
SERVER_HANDSHAKE_TRAFFIC_SECRET cf1ab0a376b135a0e4aa9bd1406474a705b026474fc1aa7d6a9912aee10d8d40 db56332d30a7e6046a1ce3029da2d052818a1059eb16888334fc1d0d1b160bbfa11ddafe1127989950106d84559f021c
CLIENT_HANDSHAKE_TRAFFIC_SECRET cf1ab0a376b135a0e4aa9bd1406474a705b026474fc1aa7d6a9912aee10d8d40 3cafe74db39f80026779c11e797f6b763588c10699741ea4ab42c24156f2098712ce32e63ab59b741107fa8bd3ad5a54
SERVER_TRAFFIC_SECRET_0 cf1ab0a376b135a0e4aa9bd1406474a705b026474fc1aa7d6a9912aee10d8d40 f2f1b07e6fedb1ba706784316769e02a3aabe59fb09e1ac656f93835bb6f305b92066c25752aa193bc6e7ca3df50e355
SERVER_HANDSHAKE_TRAFFIC_SECRET e6f13331c544f89b91ef5aa84bea86220ec7f4cffe32d9636ef943a92832dc85 ebe9eb16e36d0ddb7640370ecdc2fb2909b670b97d9b972c38c1297fdf24bd8be9237ced35f0c19990b2db6a7d880057
CLIENT_HANDSHAKE_TRAFFIC_SECRET e6f13331c544f89b91ef5aa84bea86220ec7f4cffe32d9636ef943a92832dc85 b432b57d379f50a488f46d23f4386837f0c0d913f77ffdedaa0bf6f78892b8a3086ee2520909ca126b912068d7d2f8b7
SERVER_TRAFFIC_SECRET_0 e6f13331c544f89b91ef5aa84bea86220ec7f4cffe32d9636ef943a92832dc85 6cc702846558ee2137849427497b9a6224a05c2700ba872bd3e23188d33b3920979ed0efdb16b470839600ede33a9750
SERVER_HANDSHAKE_TRAFFIC_SECRET 67642c06313a2289c28c07545d9173d207c335e890952d27754a7be15ee07be0 d1dccea4f19a17a9e11abd1971221051643d8b4e01ac23d8f38142701ef7c4f687bca9b15b29f5384dc82824e6570b0a
CLIENT_HANDSHAKE_TRAFFIC_SECRET 67642c06313a2289c28c07545d9173d207c335e890952d27754a7be15ee07be0 a43fd5cb12869ce44e9ce211618894a81e519852a9969d8ff201a35acccd8d375b235ab2218d11ba550cfea177cc8a00
SERVER_TRAFFIC_SECRET_0 67642c06313a2289c28c07545d9173d207c335e890952d27754a7be15ee07be0 4ba015ae4a36cb337666972a3eed38e8246fa866693aadcb3cc7e344ffae6c398495c03a6d2bf3e4eb73308b2b1716a8
SERVER_HANDSHAKE_TRAFFIC_SECRET bb376b869d2eaed9f6bcf1e94c072cbea158ef890efa183c567c456eb9aa895f cb4e1d4086e2f754724c86bdca883f90cd942ec0ac7599416b943a72afab70c836f5797c18eb07203be37a358b377429
CLIENT_HANDSHAKE_TRAFFIC_SECRET bb376b869d2eaed9f6bcf1e94c072cbea158ef890efa183c567c456eb9aa895f 4ebc03e02e7e1db0066b0a3f9c86401ebe792280991de8c46c9879cda9f6760e66a3ac4e0fc8dc008531fed65b551897
SERVER_TRAFFIC_SECRET_0 bb376b869d2eaed9f6bcf1e94c072cbea158ef890efa183c567c456eb9aa895f 4f4ef9785d87b2bf14fcc629d79ca09e9db9c406dfeb6dbe9de4a62f043ac02fce548e1c48afb0387e6f255a968d94b5
SERVER_HANDSHAKE_TRAFFIC_SECRET c3b81ff301f2557c0f7f7a435993e870ef7a7644cf8dedf4b352670134b9259f a81d94e9553e8df2ef3141d3349eb55b4c8c10ee285a84187c2290f6752ac75a207752d2313e6dc83cd1a8b64b7fb1c0
CLIENT_HANDSHAKE_TRAFFIC_SECRET c3b81ff301f2557c0f7f7a435993e870ef7a7644cf8dedf4b352670134b9259f c0fed80e0dd042ab9e8cddc2cb0582146354cdd1189871ba573e45876617a51c8e6c21fdc23965827f11d2050143c476
SERVER_TRAFFIC_SECRET_0 c3b81ff301f2557c0f7f7a435993e870ef7a7644cf8dedf4b352670134b9259f 82961e2b5271df01238a6fe5f87ede12f67bc21e85915ba720098f5a941ce52eb1e25ad44d4980f020de90aafc4334db
SERVER_HANDSHAKE_TRAFFIC_SECRET 7f3a693ea9ea1a792e466b18f92330e7d32b45f40f265e47ef57a957aae3990b fe5bede66e06ad765746c813320d9540092aa5b9e8209e33acffccb130e60d89968ddf44288777d55a699aba6af166bb
CLIENT_HANDSHAKE_TRAFFIC_SECRET 7f3a693ea9ea1a792e466b18f92330e7d32b45f40f265e47ef57a957aae3990b baf7356df7c549c86de9c6d1b9a4973c65ecb4da73884179dc6f5e1b94d3d883e3f813705a7661ff709e3a692ff23c84
SERVER_TRAFFIC_SECRET_0 7f3a693ea9ea1a792e466b18f92330e7d32b45f40f265e47ef57a957aae3990b baa76b63d6f488aa56f137e6f9f7a87b9e6f193896dd9fbe12961c4d1ffd08b81efdc285f65063de65fd62faee8ab229
SERVER_HANDSHAKE_TRAFFIC_SECRET 7daf1277f40fb92f594a795f41a5901eb0eced6145eb65dcfb55b7b8edf4f075 c7ec417e8d705b55f4d3f94fb5c5627e7bc96c186c68a24ef74e3eacd2f3e4f1b40b384cb496e23bb4eeb69897365fed
CLIENT_HANDSHAKE_TRAFFIC_SECRET 7daf1277f40fb92f594a795f41a5901eb0eced6145eb65dcfb55b7b8edf4f075 d65d3f946ee9b4ddf047cd879da9bba8f72b1b4901699c09aa562538bc5570924ca6e0e918ebcbc6ccde697d7399e70c
SERVER_TRAFFIC_SECRET_0 7daf1277f40fb92f594a795f41a5901eb0eced6145eb65dcfb55b7b8edf4f075 95153ab50cc600f6d0f348d8b965bb5e2e7f04e46ff4f7f0c6780a9551ba88e83abef3f6db88abbe83d54981f2caa32b
SERVER_HANDSHAKE_TRAFFIC_SECRET ca5b3b0e7ecedb27de7608df23faa39f1fe923d35f93d418b729039ab474f55d 82247a11417e68b568c095917877dd3052ac88103b7ad62e6797415b6961068c5ed756af370f68cbf9a2c849e7b9577b
CLIENT_HANDSHAKE_TRAFFIC_SECRET ca5b3b0e7ecedb27de7608df23faa39f1fe923d35f93d418b729039ab474f55d 641a9a2e58ee4ac803ceee3e9c1581661f05460fb7d88c0d2f1c3311ca9779373e2bd4859552df67fc916d1f912c1d59
SERVER_TRAFFIC_SECRET_0 ca5b3b0e7ecedb27de7608df23faa39f1fe923d35f93d418b729039ab474f55d f5bc507f9010276f61b794b141313bd77b77c008603284c43a22cd21caa1be43e471809ed7d0b6f34c512c509b271668
SERVER_HANDSHAKE_TRAFFIC_SECRET 9deb8428a1cca9b47a731a8ae012021558dc45755c1548df4ff9b1464d18ec19 2d68ce4306a4cdab6d8608b66ae4e1aa7eccc0acd808766ebb3662a43e70cdf47fd4633fa260441d49d3758fca1bc0b1
CLIENT_HANDSHAKE_TRAFFIC_SECRET 9deb8428a1cca9b47a731a8ae012021558dc45755c1548df4ff9b1464d18ec19 35d82b1ceab0af8aaccd4243fa07fa0dc9aab7b8e586ee11f79925595311b661ac92d3106aa1ef80c0f44a7d8704f87d
SERVER_TRAFFIC_SECRET_0 9deb8428a1cca9b47a731a8ae012021558dc45755c1548df4ff9b1464d18ec19 bfbc5339b5a03d9e43ca523835251d2c59b33809cb557f0c5429d63a439f2a869ad706428f4ef9e7c8235f28ccb37bff
SERVER_HANDSHAKE_TRAFFIC_SECRET 9ecca503e5d0b74f0653b0c0b3a0fff73aaa1527e6d27370563f58020d9995ce 8359f40cf05ba4d2b965b7b8a3e2274556c7f837ea2440ddfd032a3570db30e233b432171ce8a4692857358a55395088
CLIENT_HANDSHAKE_TRAFFIC_SECRET 9ecca503e5d0b74f0653b0c0b3a0fff73aaa1527e6d27370563f58020d9995ce e864e10d6b39b49066e63e6ab1d43b14854a4ddd4b6bdb9d5c10c51234ee2ea3a9655b0c93c07df27fd49d663b53ede3
SERVER_TRAFFIC_SECRET_0 9ecca503e5d0b74f0653b0c0b3a0fff73aaa1527e6d27370563f58020d9995ce 44e82f80a35857352ca488d37569d15269c8bc2686b5d9bb2987da94cecbdab3ae029c7ae281e50a72916af1bf83050a
SERVER_HANDSHAKE_TRAFFIC_SECRET 43c46810232d109d03dc76ca05b120c132b9761d7621b6f80a8b6b70bf8f5121 e1d8f65a6a900af696f9da6f7aa429d02ba6a07def1a29666cdb43eb6d84404def0e4715f5df830c9baa0dfb4b4f45b2
CLIENT_HANDSHAKE_TRAFFIC_SECRET 43c46810232d109d03dc76ca05b120c132b9761d7621b6f80a8b6b70bf8f5121 d79052c8350f8ee41c962fb186205d77b2baed56fecdfcfa8ce83af18064cb01ca5a849a57ac441a22e75f46c939dce9
SERVER_TRAFFIC_SECRET_0 43c46810232d109d03dc76ca05b120c132b9761d7621b6f80a8b6b70bf8f5121 5e2a3cb9ae8c0cbef294c872ddffb29088ada0cc1a0d5d496a21cce9813a064921a049104fed7b5451d6e1e6ad5adc5e
SERVER_HANDSHAKE_TRAFFIC_SECRET 1245a1e59f7c38f1630d38c4bc5dd958a8718485b5f7a3162152cd0a729fd714 4152dbbc761b769657ef44583e799bfad1571904c73a832f1c0abbbdd92eea075cbb7d738b7669f27aad27bc25dfa155
CLIENT_HANDSHAKE_TRAFFIC_SECRET 1245a1e59f7c38f1630d38c4bc5dd958a8718485b5f7a3162152cd0a729fd714 5360886b35627fc6483b4d6912dd918565cc41f918d868133cb346d8fb9630be53218bcae95a92c833557251e579bb0e
SERVER_TRAFFIC_SECRET_0 1245a1e59f7c38f1630d38c4bc5dd958a8718485b5f7a3162152cd0a729fd714 35ca7918edc3f6ffc065cada4a3d5b0c6fd61f7d0e62fc609f832e3190b22cc0ae5eac69a6a367e296cf31571652cc5a
SERVER_HANDSHAKE_TRAFFIC_SECRET b10b2f161704502829f07844efcb398a28003bb1f0978abda88a7690520d8e05 04ec7e0839006cbd07731f3cb307c7e315c418ff6fdd6d972ce52b60ce8bf9caec9bdcb2458f7c78c21cf33e098d14dc
CLIENT_HANDSHAKE_TRAFFIC_SECRET b10b2f161704502829f07844efcb398a28003bb1f0978abda88a7690520d8e05 5674060d9a89c5194c3bfe770362e162ac6e628865f632a2392a19d2ed080125714aa756fe378b6f93b076eaef19ec93
SERVER_TRAFFIC_SECRET_0 b10b2f161704502829f07844efcb398a28003bb1f0978abda88a7690520d8e05 7200c93626d24ec0cf89f2d908e036ad14dc491d13e89e0aebfb50b4362811dc901c55b1f98813a15db93d46541a1d98
SERVER_HANDSHAKE_TRAFFIC_SECRET ccd9033f197bf5f00c893882e36500488abad1b3e6420f0920da299e3f73c427 f483c98eb4e901dc54c2d7cc6e1dd306c77aff4763253071b7d0ffb15ec6afa94bf8286b61be4a44d525dd40d5df024b
CLIENT_HANDSHAKE_TRAFFIC_SECRET ccd9033f197bf5f00c893882e36500488abad1b3e6420f0920da299e3f73c427 538de68e97d33a6bbbbbdc99200e8d0c7e59a82e86e68e94197a578cb41f93810fc1e1890153c7f57902d092807a1c37
SERVER_TRAFFIC_SECRET_0 ccd9033f197bf5f00c893882e36500488abad1b3e6420f0920da299e3f73c427 cab6b768bd2a36e0be7bf84001c4bfa04f14c0a49a9d9a436063923afb73b93c328ff24eebba9e0bdf563f1fbfad9675
SERVER_HANDSHAKE_TRAFFIC_SECRET 19373784e2187b9e774280b7b8fb6655b6a4605a6ede74af704dbef7f108ccc5 5ffa928d170e0716b589b76ae43b555d47c9fb221a426d45647ab05f99fda76509c9b5ca1cf72175c61b4ccb894572a9
CLIENT_HANDSHAKE_TRAFFIC_SECRET 19373784e2187b9e774280b7b8fb6655b6a4605a6ede74af704dbef7f108ccc5 efc4a51e77e46d4398ecfd04abc6831929bda7d69a2a22350317fbf32803ae330cf92ec19b07ebb2c8f5686a55a89f47
SERVER_TRAFFIC_SECRET_0 19373784e2187b9e774280b7b8fb6655b6a4605a6ede74af704dbef7f108ccc5 df92f7bbc036d0268e93278bd0d6185b1ab2fd5cd10e58c660687c6ffb9d2d080d1691642bbf800381c4d4b567ee483b
SERVER_HANDSHAKE_TRAFFIC_SECRET 5279bbc024a1269880783ce3fbb69e5cacedbfa72c029f9ca9459b638f097919 fde9d76ec19a447ec7f2b68722c6d6fb65227171024ed5d7ac3f87e026728f435623691d4d8fab6fb5da6233b773ede3
CLIENT_HANDSHAKE_TRAFFIC_SECRET 5279bbc024a1269880783ce3fbb69e5cacedbfa72c029f9ca9459b638f097919 76b325b7c89730b5395499b82d9752712462b89374fac1105464074d3efa2450d629503daf1121f6e2ff99c71108f55f
SERVER_TRAFFIC_SECRET_0 5279bbc024a1269880783ce3fbb69e5cacedbfa72c029f9ca9459b638f097919 dc6508a5b8dfc8107c24fa81999354527229bf005190df9bc3c85642a222dd4b7a7d02a0cd3e32268db131ce0a809519
SERVER_HANDSHAKE_TRAFFIC_SECRET 68ae67aecbaef123ad393d6342ce9553be9c782530a1cf3af8be6faa0254001c 8a3c175ecf87dd588da461fc55b31461072d78be4c86d27271d512a447cff45f2591c13da147424cf5d83afcf8e55124
CLIENT_HANDSHAKE_TRAFFIC_SECRET 68ae67aecbaef123ad393d6342ce9553be9c782530a1cf3af8be6faa0254001c 5d99c65f4f5dc29a29c9cfb00e58c0e0b3c24345ad4092ceac9e3a9c4635a49d1332b2c6841f351a521b773d6525c47d
SERVER_TRAFFIC_SECRET_0 68ae67aecbaef123ad393d6342ce9553be9c782530a1cf3af8be6faa0254001c b118d1be04b0ad89143db40407b10ed63022073c1615d07ebb7e00f869434ee64ce8072140505cd8ba54c7ea4cb2905c
SERVER_HANDSHAKE_TRAFFIC_SECRET 3c752f5b13dde24b273f79e264d835bb135d0489ee5a4fa9d98ea6384f8373f1 2b347b37dd4a981251f76ddb581464b611df8c6df10cdb89a480bd8804eea3cb6a6c39c21691d3a72f5e4b15652a173e
CLIENT_HANDSHAKE_TRAFFIC_SECRET 3c752f5b13dde24b273f79e264d835bb135d0489ee5a4fa9d98ea6384f8373f1 38ea16c9f2906deae98f82fdf5a1c96e6871c8ca3f1b56fc3315da33c08d86b2b0be4224cb255b7315f68dba1eb78538
SERVER_TRAFFIC_SECRET_0 3c752f5b13dde24b273f79e264d835bb135d0489ee5a4fa9d98ea6384f8373f1 51eeef4412da855d93a9df1411875418da160123e78f178db84ed80be5f19a296940b6fb64512ed72725e34e988a5312
SERVER_HANDSHAKE_TRAFFIC_SECRET 975d61c805937e49af647908257a2aa32f3c9584032ecaae45591014d4baafcc 79274c14d5645b118b1873f515a4a45b42c36f517568e727458036a8ece5bc584518ba58d738bea5daab4345aa55538e
CLIENT_HANDSHAKE_TRAFFIC_SECRET 975d61c805937e49af647908257a2aa32f3c9584032ecaae45591014d4baafcc 7a7e474ea7aae4e4cb60d826fdb0e4338cc144c841d77fea0d1ccb42048105daf3a85d6c3ccd134ff7872c1de7766c48
SERVER_TRAFFIC_SECRET_0 975d61c805937e49af647908257a2aa32f3c9584032ecaae45591014d4baafcc caf89a34ed7163c015e68f59965d23c85a7e5304652ce004b9f58d31bd7fe62cdbfb9fb06e448a30276cf65870819ecb
SERVER_HANDSHAKE_TRAFFIC_SECRET 864c5661dfa77dcc039e982cc55cdfd02b4402a95a003c9afd195d34c4db4ba2 57cc0984528c3e03f3e2ccaa6f90581b5dee91a9a3160d502e701d80724b6a6f893231839126ef29a0fc2bead0e10f7e
CLIENT_HANDSHAKE_TRAFFIC_SECRET 864c5661dfa77dcc039e982cc55cdfd02b4402a95a003c9afd195d34c4db4ba2 58535e7e342adc392a1cc874e6c70d461ba50b82e3249e2e2fcd5d7b436ac12d98296064000af674f2cd07c616b8bb3e
SERVER_TRAFFIC_SECRET_0 864c5661dfa77dcc039e982cc55cdfd02b4402a95a003c9afd195d34c4db4ba2 4979347349290a2782ac5343318444c466303e1de3a4c6f29c3d66eba5d717d14d63f6f466329349100eaa2569fb475c
SERVER_HANDSHAKE_TRAFFIC_SECRET 7460e856069abd380432d141f3aff654d19070c41863562ab23548c75c3d9864 319409af6943af4c4a8d3406efe65f246498cafbdea57fc6347331633d06484f819377888382847b239c6542b8a18beb
CLIENT_HANDSHAKE_TRAFFIC_SECRET 7460e856069abd380432d141f3aff654d19070c41863562ab23548c75c3d9864 a134b1c2b96a2af53cfdeb1eef3b95d13103b00f02868ca0627243d834a61386726b724e6491556d14fc56129a6bec12
SERVER_TRAFFIC_SECRET_0 7460e856069abd380432d141f3aff654d19070c41863562ab23548c75c3d9864 9c924d36f8b059d9a77ec8af01e99bf47e4d039984d8bebf28f75ccc6709bb4fa9b5818c2b7338136511363d9a4d1b32
SERVER_HANDSHAKE_TRAFFIC_SECRET 71d3517ab524ee9ffb1dbd098351ee6962c5e5c1d14abbf440ccfba8b7369fa3 0bc26f0b5ba2a42438f82edbe3170ade49e25537f5865d4db47be6f1e9a4540750b5e2747e8062038a3a612e7e39bdeb
CLIENT_HANDSHAKE_TRAFFIC_SECRET 71d3517ab524ee9ffb1dbd098351ee6962c5e5c1d14abbf440ccfba8b7369fa3 6cc515f12b0c40b9a77478601b40cdcbb9112fe5ac40a1aaa35a995ee8329c49319a65b449a39cac25e27ace69278aa6
SERVER_TRAFFIC_SECRET_0 71d3517ab524ee9ffb1dbd098351ee6962c5e5c1d14abbf440ccfba8b7369fa3 57110ddec35e0650fce3045a05e5d208daa48703fc3380f941d8f378fcefe6c1dd948a3bdfa6527e9df51f1ce320cb59
SERVER_HANDSHAKE_TRAFFIC_SECRET e1a56a81bbe57799eb60b7702a4bdc23213b5a37370552ccf4928be6dbce5aae 45ee1c071b022c05d4b97e92532119320e4213f7fe69a49f2a788ea6f85f038ddce18104718683265f728f0ee2c7392d
CLIENT_HANDSHAKE_TRAFFIC_SECRET e1a56a81bbe57799eb60b7702a4bdc23213b5a37370552ccf4928be6dbce5aae 2885aac2999296111c1709bc5aef4b2b276553e40be89c839e1d1c7cdd45ece2cd5e0ae9b76bf666a83ad95da3f1665a
SERVER_TRAFFIC_SECRET_0 e1a56a81bbe57799eb60b7702a4bdc23213b5a37370552ccf4928be6dbce5aae 173541c69a00c7df670af1efac943353dafa16089e0e3093381fd7b6a45866825e2c1b5e1efe7a99f97143536b53e9ef
SERVER_HANDSHAKE_TRAFFIC_SECRET db91bf41927256a0e0ff65799187eb99d8e4c3163ed01b848d023265aebaeb78 bf38ac17bc001f0fdd31e1d78ee4dffa3b25f5aeb41d1213b9fa99e361167344f47d37ec221f3953877a811c645ba6df
CLIENT_HANDSHAKE_TRAFFIC_SECRET db91bf41927256a0e0ff65799187eb99d8e4c3163ed01b848d023265aebaeb78 0e1ff58f83e50219f102711117640bfeda3886adb79e8cc2734ab2d3586effff4df0ac56b64cb5eed8604278b46d8b75
SERVER_TRAFFIC_SECRET_0 db91bf41927256a0e0ff65799187eb99d8e4c3163ed01b848d023265aebaeb78 83b95ab43b8aeed83734f5eb73fdbcb8d73c4143a8fd202332fbccd36bf160e8ae6342ea905e592a8f764e655ae2723a
SERVER_HANDSHAKE_TRAFFIC_SECRET b5985ada0d37d326ab95a11991d1c44bef7939642f957ad6f279834561fcf7cc 4be801187e889b770bcd89b847618af98aab6af338168a8d4b6790ad9f2313ee8feeea6ffb0b59ce7590b7e649192a67
CLIENT_HANDSHAKE_TRAFFIC_SECRET b5985ada0d37d326ab95a11991d1c44bef7939642f957ad6f279834561fcf7cc d8a17608218a126e2c85be04c256cf43e5c278f10b9b5fd79d7a7656f927a47c8e257eb9a78d7819bf7db690d5363456
SERVER_TRAFFIC_SECRET_0 b5985ada0d37d326ab95a11991d1c44bef7939642f957ad6f279834561fcf7cc c7eb1110c2a7377aa955b80c230d35b5253abf3d08f58100cd94552bd5856fccd743d66ea459b2c0de6c5e98be255865
SERVER_HANDSHAKE_TRAFFIC_SECRET 2de429baf23577a6c7d7795c5eddfb781949a0b845b948c5ec51b234e609ba75 9941fe5fc7ded8ac31db86dbb21c65dc41e0aefb8338986f3e4bd1d6b72f9f51bbaa3caa8b18a905fa23742a330ec0d4
CLIENT_HANDSHAKE_TRAFFIC_SECRET 2de429baf23577a6c7d7795c5eddfb781949a0b845b948c5ec51b234e609ba75 a45308ea5eb28e598fa79ab9f2a5cbd8701328d249e770c257131fe63e29a406c500cc531ac8754ae69485382fb673e9
SERVER_TRAFFIC_SECRET_0 2de429baf23577a6c7d7795c5eddfb781949a0b845b948c5ec51b234e609ba75 13460a87932c73b8680b0767bfb54beb4014aa717d5caf5d405c0c6c57f783f12c44e707aa826ddfb57900650e2acea8
SERVER_HANDSHAKE_TRAFFIC_SECRET 652fdac87073b68edd63c7c34fa078c71f2131b640ddd0db1dbab543fd0718ff 0b1532680cb55af6e8bd8b980a5c3d527f61869f174e8be512f0ce7209e8a9f52e02bad76f9ab4fe335f23dbdb44f4f0
CLIENT_HANDSHAKE_TRAFFIC_SECRET 652fdac87073b68edd63c7c34fa078c71f2131b640ddd0db1dbab543fd0718ff 1b31bbff4ef0aa1d07d8b0cd1ba4364c8ffb5cb32e989dd6fb4e1d99d75b3e28f278740373d34c40d2be6687fd8822de
SERVER_TRAFFIC_SECRET_0 652fdac87073b68edd63c7c34fa078c71f2131b640ddd0db1dbab543fd0718ff 06de49b4dbeb9990b23a1cd59c5c1101df07617764b69ac7a02e67a71b4465e3047fffa18a79d23841fa69f179aab7c9
SERVER_HANDSHAKE_TRAFFIC_SECRET 9e7d3e5abb564111604799cd614340d4de17a5189859d8fbae6a849066ee09b0 4719b31394fcb70e3263dae9dc16915d4637d4e50c50bae7507744fdc9c2bd482d2e0b51ecf67ff6ca9371b21f6eee92
CLIENT_HANDSHAKE_TRAFFIC_SECRET 9e7d3e5abb564111604799cd614340d4de17a5189859d8fbae6a849066ee09b0 bd990a2fa7f44e3f66acfe419049d37b3443389bc55a2d03868360bb59c7b70ccced72fa7e7a839d5db5ec0855c67dc6
SERVER_TRAFFIC_SECRET_0 9e7d3e5abb564111604799cd614340d4de17a5189859d8fbae6a849066ee09b0 345e311e4c4f10eeb6b4148b4b1b7f32901e3b4d33769001050f49682f1b7dfb20760e8056b98c448daf850d16df3491
SERVER_HANDSHAKE_TRAFFIC_SECRET bd5d042082cd278b58927bb345de82ffc2a026c64115cfa63cf5962d6fcd109c b49c8948f338b72b8ea6fe07bbb4d4b61321268300dc0c0be855da6dedd6c684cf03b2a00e4a4419d3194deb82f4b82d
CLIENT_HANDSHAKE_TRAFFIC_SECRET bd5d042082cd278b58927bb345de82ffc2a026c64115cfa63cf5962d6fcd109c a04636658436529875b4be4c15be11865af52867c943dfe262e1a9c0906d01c9913014b8f025603dd1380bffc450af05
SERVER_TRAFFIC_SECRET_0 bd5d042082cd278b58927bb345de82ffc2a026c64115cfa63cf5962d6fcd109c c970543c756d28e29a248883472e1b3ef1b83f106f7619d5fbc9b8aab5b8a83faaf25d8b53ea0bd5dd891e0187a663c6
CLIENT_TRAFFIC_SECRET_0 bd5d042082cd278b58927bb345de82ffc2a026c64115cfa63cf5962d6fcd109c 7a201832bb8d774508bb3186046555a29be96d10582f0d62bd360535ec22fd4f4380ac14974d74090ca5c4a605564c79
SERVER_HANDSHAKE_TRAFFIC_SECRET 86103480d1ec4d6a2a7ad407bf6f94dbe85580e9b12b41729bf3202b1877e4a9 5711a44c2f63edc5b0e233beeba540735506b042d5b3da83542b68e204eca11760d747387bc853d326c22261be55c751
CLIENT_HANDSHAKE_TRAFFIC_SECRET 86103480d1ec4d6a2a7ad407bf6f94dbe85580e9b12b41729bf3202b1877e4a9 ceab7cb4546b62d16b97b7c901663a6d8aecba63eee55ecbe7fc7c71a611c4e483403020fd2e5a3ef3962a896d8aa892
SERVER_TRAFFIC_SECRET_0 86103480d1ec4d6a2a7ad407bf6f94dbe85580e9b12b41729bf3202b1877e4a9 e100277df300bcb083f3be386fcd439c4e851aa31733f1dcf34d31c2160ad6cf83d58c2feed3e00673c9fb10a2446523
SERVER_HANDSHAKE_TRAFFIC_SECRET 230c2f102bfe8bf5713a0d96a8f1e5725e057889303ea48ab60a2360d630fc98 b64aafcc396b5c383cd45e914981649270b88570669d431f873d785c9bf957f94e41af5c95fafb975be67b2ffc34bf2a
CLIENT_HANDSHAKE_TRAFFIC_SECRET 230c2f102bfe8bf5713a0d96a8f1e5725e057889303ea48ab60a2360d630fc98 cb020560fae925c5b58da5085f61ebd480520937e60116148fd7c4889423fed3bb32aee17160e30d5f40ec78a0f3f9a9
SERVER_TRAFFIC_SECRET_0 230c2f102bfe8bf5713a0d96a8f1e5725e057889303ea48ab60a2360d630fc98 a2048fdf0a6dd69897bbc71493b126b8613c35685da29696af88e45f71e46a34ce56a4d0044df79ba30fccb011fbfa10
SERVER_HANDSHAKE_TRAFFIC_SECRET 8ea7487b136c4d498c1bb90939ce252c66422066e88db6f11f51c13ad13b459c a6ae0c28fdbdad37cf03a5408b8c762df18920269b39467c576c32fd8183c4bbdc829d490270114d944fcd11f4c9faef
CLIENT_HANDSHAKE_TRAFFIC_SECRET 8ea7487b136c4d498c1bb90939ce252c66422066e88db6f11f51c13ad13b459c d85c2044627c5a8fea3feeb0f9f9e135b2078e30cc971f4be390ce0ea198087cbdb9b5ee4141386b73a5f43bbc171574
SERVER_TRAFFIC_SECRET_0 8ea7487b136c4d498c1bb90939ce252c66422066e88db6f11f51c13ad13b459c aa8927b9b73be6bb576df94cac2df122e361aa707f9bcff03a8535e2e5711720af56b55befb4b80ec6344cf08d6dc723
SERVER_HANDSHAKE_TRAFFIC_SECRET 7eddcbab40c4838bdffdb3242392656b2f26988aeebea0c794cd305c3d0062b2 84418ef101fdaf5ea213c58b8e726dc0468fd97f7c13e2e91c48be37758b5f3bc308d585d784e31095c5f219e0dd2ee9
CLIENT_HANDSHAKE_TRAFFIC_SECRET 7eddcbab40c4838bdffdb3242392656b2f26988aeebea0c794cd305c3d0062b2 4a57eb37713329c36a57d54acb96992952708ca8d9363d6458ccc7066fa76d4614b6452b01cedbea63de551159e327c5
SERVER_TRAFFIC_SECRET_0 7eddcbab40c4838bdffdb3242392656b2f26988aeebea0c794cd305c3d0062b2 0047cbdc9b8c798689476b341ef8f0c9067fb89107e9fe34d097510d051f823e2e788bce1906a3a35f02fc0b4ac1e1e3
SERVER_HANDSHAKE_TRAFFIC_SECRET a15a2e481d76ade6a9ad83699626c7bba19718fc0f33197a415f9db786bb1f45 c9533b0a1880c273f146a5b798ee639b089894343a66154a4a394d4b2c242c0e86115d2ecaef774492a948c6afc13dd8
CLIENT_HANDSHAKE_TRAFFIC_SECRET a15a2e481d76ade6a9ad83699626c7bba19718fc0f33197a415f9db786bb1f45 1f42c579eb3edf2bfbfeec3a0c6ec84696cd9061721f78663551b7bfa0028c1407dd672bd98071bd7c126c9bff3a7fce
SERVER_TRAFFIC_SECRET_0 a15a2e481d76ade6a9ad83699626c7bba19718fc0f33197a415f9db786bb1f45 ac7f31466210758da09d5259681a4a74b536e752c81818480359ce1651c71af0ab675a6f5f8b030ba2ee6b7e77644a63
SERVER_HANDSHAKE_TRAFFIC_SECRET c98731718ca3e6e90b5058679e6305fa6bcab96d61c620565877f376d3223b26 72f5e2bcadd4e04681eefa74b30ae71ba5eaaceb4c29403a70283eb545c45316e2631a27efb105197b1158b14ab93975
CLIENT_HANDSHAKE_TRAFFIC_SECRET c98731718ca3e6e90b5058679e6305fa6bcab96d61c620565877f376d3223b26 e002f31f0651ca9cd7f9eb41d572e970b58e0b2d851a0a4e07b4b743206c903bd07f947fa9dee53c4ef3311b94ed784c
SERVER_TRAFFIC_SECRET_0 c98731718ca3e6e90b5058679e6305fa6bcab96d61c620565877f376d3223b26 fc1c8de00f6e0590ac2026e0986aebef5378c5efc54ea314c98ac3ebd0905b4a15a7f4c076223fa6e75eda3e4d6c448e
SERVER_HANDSHAKE_TRAFFIC_SECRET c8a68e6185fd81247660bb3ee8d64aa8e826c76f6723cc4c3005cebafc8b1b9c 2ba742b3c697cb799fba5eb1de3b4684baa3272937168ea490d54b97768d228735a9857a0f84ad3920f3845ac4d54f13
CLIENT_HANDSHAKE_TRAFFIC_SECRET c8a68e6185fd81247660bb3ee8d64aa8e826c76f6723cc4c3005cebafc8b1b9c bb58de41f1dc5ecf894a4b1ea94fa32f39cd01734a94dd7c40a2eeb419fa04d092adc8fa0afc492f8f519b86df9c4127
SERVER_TRAFFIC_SECRET_0 c8a68e6185fd81247660bb3ee8d64aa8e826c76f6723cc4c3005cebafc8b1b9c ed2a5666c860afe36a4b02c2109c046e55ee0db0fd83f32d356f5fa438012d1dd2b17126b0805430850c774eb354bbf6
SERVER_HANDSHAKE_TRAFFIC_SECRET 3cd3422f3486f49263576fa9baef8e8737245c8a62c9fa960e7d75de5e2dd431 d92ec54991dd81f92a0ef01ad0cb8aade578d492045d4dde4bde05d9049d03c5ebb1afb447f7324b08d0fb0e2064a35c
CLIENT_HANDSHAKE_TRAFFIC_SECRET 3cd3422f3486f49263576fa9baef8e8737245c8a62c9fa960e7d75de5e2dd431 8ec05ef1b21b51a0418df812a0e03d2c34140073da81fff2f742b764f688d86a1770fc0247273b72085d047bfc4fc0a1
SERVER_TRAFFIC_SECRET_0 3cd3422f3486f49263576fa9baef8e8737245c8a62c9fa960e7d75de5e2dd431 1eae6a48e5c859652802ebf92cbac1ff60919cc000a7d484b1d7c176d0dadc8507519d4636233a5e693afaaad3b6c1eb
SERVER_HANDSHAKE_TRAFFIC_SECRET 379c463fa8457ae2e1c90d5b290ffec4bbfbbc23b44d96d5dc27e125bbfd1dbd 367409a3ab0cbe6927010b5819ee6a6603f90a2acf9e05bd043ca832c164abc9421cfbc17f349d114bc37de7a3372d34
CLIENT_HANDSHAKE_TRAFFIC_SECRET 379c463fa8457ae2e1c90d5b290ffec4bbfbbc23b44d96d5dc27e125bbfd1dbd d1d04cfd0842fd28f236968ce1816b46bb0374c2410db2d08a56ae8a02900d06b17e25776405d8137349eef475cb9adc
SERVER_TRAFFIC_SECRET_0 379c463fa8457ae2e1c90d5b290ffec4bbfbbc23b44d96d5dc27e125bbfd1dbd 9c6c6b12a1c05455cb7259177a181639057cc44553a060230c0d8b79e431498170165d61bddf79f510a511f7b79dbc89
SERVER_HANDSHAKE_TRAFFIC_SECRET f19bf8820529591bc8746689883cea0c5f7af45f3bb12ca2c6e6364f4e5a022c adb8583dfb649533aa59b146aef172f05643b29851114103bd9c4a3b84f5b30a0224bc54c5deec5823595b9e2eec9c63
CLIENT_HANDSHAKE_TRAFFIC_SECRET f19bf8820529591bc8746689883cea0c5f7af45f3bb12ca2c6e6364f4e5a022c 9e9da217763e34eb99a079cd6a44c1dcc05f306af9511b2db46f4601145b2d5620dd2b517c7e16cde933dd3b6ba74142
SERVER_TRAFFIC_SECRET_0 f19bf8820529591bc8746689883cea0c5f7af45f3bb12ca2c6e6364f4e5a022c 48191a4bfd8b7fd6b42df147a9414d61741278a0306be5d9abf84d9e606c092bac0d6a4b71fb753189a9e76fc3747c76
SERVER_HANDSHAKE_TRAFFIC_SECRET 0ad5703a29bebacf903ad90d18cae3ead6847438e44345571f8f15f5f199c726 a116cb509e8e6536d2d40f6bdeee1c8bb3be786e75cd95ae23a14f01acbf43988387e47e53bf08b03dcb4082135a7826
CLIENT_HANDSHAKE_TRAFFIC_SECRET 0ad5703a29bebacf903ad90d18cae3ead6847438e44345571f8f15f5f199c726 825b030e95549b3d8afbb7b91bbe53038d57ab34e56e87ca8a5f225ff69753687c1bd7e6da478cd9db08be38046fa152
SERVER_TRAFFIC_SECRET_0 0ad5703a29bebacf903ad90d18cae3ead6847438e44345571f8f15f5f199c726 22eadbb6acdf21d3a55477de47f38bd5b8f1f42c71ec621176faef19d7a3cdf612fd1c4f3359c6c29dcd8c14e66d68d5
SERVER_HANDSHAKE_TRAFFIC_SECRET b46bfef1030d890bae56a6cc79b66446105b73b4dc16b2f005887ee4ea447515 c08444649feee18447b430df11d253aa8b361c83e7eb5ea0415335768b1b98d8fd86033ce3ec2eee120cddd3019a8937
CLIENT_HANDSHAKE_TRAFFIC_SECRET b46bfef1030d890bae56a6cc79b66446105b73b4dc16b2f005887ee4ea447515 96943d6aeb8db3a8bcfd4e4a809f3941b01cb57b20606945253cc50e264b6c1ea3cb252ba83ebe872591568ea3fa9464
SERVER_TRAFFIC_SECRET_0 b46bfef1030d890bae56a6cc79b66446105b73b4dc16b2f005887ee4ea447515 09a1482acf97ca9acb09d5f6f70b4fc1d8298bcdb6f9bc974064d1cadaf25b6da662bb512caef52fea9c0e28c4fd671a
SERVER_HANDSHAKE_TRAFFIC_SECRET 51725d424d89747e4b572f7e2364718fdfc3678478642fd7b794af69269da974 22e1dd4aa1541422812388255ac21ec7274d8b2a464781ae67b5ed0f4a241a3122b055bd4154ae74278cd936af172111
CLIENT_HANDSHAKE_TRAFFIC_SECRET 51725d424d89747e4b572f7e2364718fdfc3678478642fd7b794af69269da974 e2b3d9910d5fe94a3d9b7f69fc183311490d610704dbdb0596df0e288905eb96f86b932567e7e36fbe9421ab79e43d47
SERVER_TRAFFIC_SECRET_0 51725d424d89747e4b572f7e2364718fdfc3678478642fd7b794af69269da974 1373c735d30bf68ad345bf14c96119fa2f28b34971706aba03daf581027fd1ab1676fafba415057d9a6f57a809d9dcc0
SERVER_HANDSHAKE_TRAFFIC_SECRET d2752b76909917c0e413b698fef92af6fe4dd50eb9a56593a1db11fc3eedebdb 60f22dbc45cd86a380ac4e6041329860dcbfff675cb0179a672e1fad3df226af452d72079eaf12e0e8cbbcbd207a1a32
CLIENT_HANDSHAKE_TRAFFIC_SECRET d2752b76909917c0e413b698fef92af6fe4dd50eb9a56593a1db11fc3eedebdb c302e47c983d30c3cdf2e7e16c0fdd720c3a6836323405d6bd6ef7263fed7174c1da0321158875b3d6258471648c1d98
SERVER_TRAFFIC_SECRET_0 d2752b76909917c0e413b698fef92af6fe4dd50eb9a56593a1db11fc3eedebdb 05c6781bfcb9383e475363b46e0b9d91a574bff967eb80ba3f53867840408fd1f0a41ab526f1176e1beeb6f2dce9d0e4
SERVER_HANDSHAKE_TRAFFIC_SECRET 7446f6f3440806e94fe1f368b4eeac056f9c3fe8f14fa3dc6bb3bfe27caf13e7 4a53bfa0faa32a5a2886e09d37ec966a3c034fa3b020c68b4353bd88bfae7a5539aab93af29a66ad4afcb08d61de6cbb
CLIENT_HANDSHAKE_TRAFFIC_SECRET 7446f6f3440806e94fe1f368b4eeac056f9c3fe8f14fa3dc6bb3bfe27caf13e7 9163fff93474f0b230a65d55330b75e91a55f2c7a8f116776fc201579a0baf991f74cb51ea265ea8515ad07796919e0f
SERVER_TRAFFIC_SECRET_0 7446f6f3440806e94fe1f368b4eeac056f9c3fe8f14fa3dc6bb3bfe27caf13e7 8c52f1094455fa756e774bd554cf7c3ef884978da695e530578c804210c4d31a1c8e294e570bfe96c0b823ebcc55f191
SERVER_HANDSHAKE_TRAFFIC_SECRET 7de96923786ac23d57feccfaf31798732e7484063efd77c32b02f16ce2e4202b 2353796c37e931f5ac0b2291977c5e402515adeca75379138772ae83af3c6abbdb89019d56c65b84572d3442090b8905
CLIENT_HANDSHAKE_TRAFFIC_SECRET 7de96923786ac23d57feccfaf31798732e7484063efd77c32b02f16ce2e4202b 78867bd844d90de83ea2093891cf291116053458cc2eff2c58a192777d60ec14ac05de55b4bd5d40cf24286fa4631f44
SERVER_TRAFFIC_SECRET_0 7de96923786ac23d57feccfaf31798732e7484063efd77c32b02f16ce2e4202b bb1dab10fbd89206bf4bd9c8f304ef2f160d53c9474997ef6126e535570405eed50a0232b8c62a5eb0bcae8039e07967
SERVER_HANDSHAKE_TRAFFIC_SECRET 9a0952495204fdb24d21f981bc3594d0e27c9a8bbfa07c76f3e037dcb749d353 352586305b9c827ecf37825690957433965e7826e30888fde3bca5921e41ea122d0dd9e8ebe1b02917a5fe774e6eaf36
CLIENT_HANDSHAKE_TRAFFIC_SECRET 9a0952495204fdb24d21f981bc3594d0e27c9a8bbfa07c76f3e037dcb749d353 1b3f0fce08d75b0f6d01779109a90bba1d3b526ffaf9fab538523eb46e9835b0ca866f2d664269f9525a5935cf3ac5a0
SERVER_TRAFFIC_SECRET_0 9a0952495204fdb24d21f981bc3594d0e27c9a8bbfa07c76f3e037dcb749d353 74ceb4af792c67747aca6c24c602532efea0e9238fc6ccc63c5d789111df807cb4a57c56a2920dfb845585410ea35794
