SERVER_HANDSHAKE_TRAFFIC_SECRET f7387601b3a3a903179557809dd25e935e87c110b77c9bb58ff2a17ce1b0ad4f c8d1fe1862acc5fc6a4cfef405b4a217a8f8555ca56addf29627506cb48486ba
CLIENT_HANDSHAKE_TRAFFIC_SECRET f7387601b3a3a903179557809dd25e935e87c110b77c9bb58ff2a17ce1b0ad4f 0b7c578fa43112f7bf3db825176b914dc911d50d1ba4eb0a421f4be28670343a
SERVER_TRAFFIC_SECRET_0 f7387601b3a3a903179557809dd25e935e87c110b77c9bb58ff2a17ce1b0ad4f 47b0671dc37ddd5ac8a95b8e1caa7c2cc36bfd8f1e55e3b04b350b529995b963
CLIENT_HANDSHAKE_TRAFFIC_SECRET f7387601b3a3a903179557809dd25e935e87c110b77c9bb58ff2a17ce1b0ad4f 0b7c578fa43112f7bf3db825176b914dc911d50d1ba4eb0a421f4be28670343a
SERVER_HANDSHAKE_TRAFFIC_SECRET f7387601b3a3a903179557809dd25e935e87c110b77c9bb58ff2a17ce1b0ad4f c8d1fe1862acc5fc6a4cfef405b4a217a8f8555ca56addf29627506cb48486ba
SERVER_HANDSHAKE_TRAFFIC_SECRET a2d2870ac162e7b7f815a67307659218559c47388b6a5e0c868948fe4b625ceb 97e4cb3c824d9230d52a75e2ae9b2ff08f373232ff3744dc8e2468adcdcf81f7
CLIENT_HANDSHAKE_TRAFFIC_SECRET a2d2870ac162e7b7f815a67307659218559c47388b6a5e0c868948fe4b625ceb c5a03f5703136ca1ac5fc83aca94f5c3809b650711095cee6429174b58857e65
SERVER_TRAFFIC_SECRET_0 a2d2870ac162e7b7f815a67307659218559c47388b6a5e0c868948fe4b625ceb 8628d2023660c07b1b5c0a5c186e6a015fe7a86ffd73e67db55ed39cceb323cf
CLIENT_HANDSHAKE_TRAFFIC_SECRET a2d2870ac162e7b7f815a67307659218559c47388b6a5e0c868948fe4b625ceb c5a03f5703136ca1ac5fc83aca94f5c3809b650711095cee6429174b58857e65
SERVER_HANDSHAKE_TRAFFIC_SECRET a2d2870ac162e7b7f815a67307659218559c47388b6a5e0c868948fe4b625ceb 97e4cb3c824d9230d52a75e2ae9b2ff08f373232ff3744dc8e2468adcdcf81f7
SERVER_HANDSHAKE_TRAFFIC_SECRET 63106f4c569dfe6ebf7e46dec0fa050aa4844bde33fd53d1902b09bb7d8ab359 c2306e87176023b3fa7d1fef90491329968bbb022765bcf0996f6bebaa2d014a
CLIENT_HANDSHAKE_TRAFFIC_SECRET 63106f4c569dfe6ebf7e46dec0fa050aa4844bde33fd53d1902b09bb7d8ab359 a7645fcb98d9fa7c86ebfa90163aba7fe0acd8a5ecdf13953af7613568f18fdf
SERVER_TRAFFIC_SECRET_0 63106f4c569dfe6ebf7e46dec0fa050aa4844bde33fd53d1902b09bb7d8ab359 0009e3cc5ab3973f644ab9ea392ed296db526338f82ae5894af065f36b7d775b
SERVER_HANDSHAKE_TRAFFIC_SECRET 9deddcc8276a5dd8cd7a8ddb737d73bcce63fedcc527cd47abb259eff7911b30 914f88a6696b36376bdfa35763e0adc025f78991614845053dff4d318b259347
CLIENT_HANDSHAKE_TRAFFIC_SECRET 9deddcc8276a5dd8cd7a8ddb737d73bcce63fedcc527cd47abb259eff7911b30 b0213a2221eb4f0e278fc2db6cb2e5528db8957f0723264e2a0691f079f9dba1
SERVER_TRAFFIC_SECRET_0 9deddcc8276a5dd8cd7a8ddb737d73bcce63fedcc527cd47abb259eff7911b30 37bf2986872ed629c598ad58aaf8bed65a0f37e0258db5bbabd82ecf05a27c48
CLIENT_HANDSHAKE_TRAFFIC_SECRET 9deddcc8276a5dd8cd7a8ddb737d73bcce63fedcc527cd47abb259eff7911b30 b0213a2221eb4f0e278fc2db6cb2e5528db8957f0723264e2a0691f079f9dba1
SERVER_HANDSHAKE_TRAFFIC_SECRET 9deddcc8276a5dd8cd7a8ddb737d73bcce63fedcc527cd47abb259eff7911b30 914f88a6696b36376bdfa35763e0adc025f78991614845053dff4d318b259347
CLIENT_TRAFFIC_SECRET_0 9deddcc8276a5dd8cd7a8ddb737d73bcce63fedcc527cd47abb259eff7911b30 72df3c7f9c857710791163f01466f958e6a5dbeced1cdd768b038ad524ed963d
SERVER_TRAFFIC_SECRET_0 9deddcc8276a5dd8cd7a8ddb737d73bcce63fedcc527cd47abb259eff7911b30 37bf2986872ed629c598ad58aaf8bed65a0f37e0258db5bbabd82ecf05a27c48
EXPORTER_SECRET 9deddcc8276a5dd8cd7a8ddb737d73bcce63fedcc527cd47abb259eff7911b30 0b3dc06c3587dbc1e2ff729fceac7af3a4d971c98e28be4a388718651e82706e
SERVER_HANDSHAKE_TRAFFIC_SECRET 23d0f5ee7d792b639ee29e2917c514614bef3a9c1f1e7d8db46bfbe62c339261 034cd97dcbde75539709f12bc4efd4d2cc93c074e5b27f3da8908a81be6cc5af
CLIENT_HANDSHAKE_TRAFFIC_SECRET 23d0f5ee7d792b639ee29e2917c514614bef3a9c1f1e7d8db46bfbe62c339261 d8c97ad9f8c0221f1c76a07b30e6969add37ddac8763d6272e2f919a55d86fd8
SERVER_TRAFFIC_SECRET_0 23d0f5ee7d792b639ee29e2917c514614bef3a9c1f1e7d8db46bfbe62c339261 ff28318ffc9c0c529f704efaa74783656e4a6882b9cf5ea5047fceceac37363b
CLIENT_HANDSHAKE_TRAFFIC_SECRET 23d0f5ee7d792b639ee29e2917c514614bef3a9c1f1e7d8db46bfbe62c339261 d8c97ad9f8c0221f1c76a07b30e6969add37ddac8763d6272e2f919a55d86fd8
SERVER_HANDSHAKE_TRAFFIC_SECRET 23d0f5ee7d792b639ee29e2917c514614bef3a9c1f1e7d8db46bfbe62c339261 034cd97dcbde75539709f12bc4efd4d2cc93c074e5b27f3da8908a81be6cc5af
SERVER_HANDSHAKE_TRAFFIC_SECRET 24da8cc57c19563d9892942b7181d7e4cfed913ecbe802e7a113989eb3d995ff d56a25336ac0f74dd6b9a098d9afd34424a6987386a7d7bb90782530c2a40eda
CLIENT_HANDSHAKE_TRAFFIC_SECRET 24da8cc57c19563d9892942b7181d7e4cfed913ecbe802e7a113989eb3d995ff b05dcec016188bf4d4a5ae7c62ebfe81f2d58362425afb209b80cf977407bb09
SERVER_TRAFFIC_SECRET_0 24da8cc57c19563d9892942b7181d7e4cfed913ecbe802e7a113989eb3d995ff 622d17eeccdde4392bfbd6c5c0adaaaabff07f9df9459503edc575da4c06545a
CLIENT_HANDSHAKE_TRAFFIC_SECRET 24da8cc57c19563d9892942b7181d7e4cfed913ecbe802e7a113989eb3d995ff b05dcec016188bf4d4a5ae7c62ebfe81f2d58362425afb209b80cf977407bb09
SERVER_HANDSHAKE_TRAFFIC_SECRET 24da8cc57c19563d9892942b7181d7e4cfed913ecbe802e7a113989eb3d995ff d56a25336ac0f74dd6b9a098d9afd34424a6987386a7d7bb90782530c2a40eda
SERVER_HANDSHAKE_TRAFFIC_SECRET ce7e33c178071faf33a726e58846f1708b7bfe8e1e0119549ecd97dc1e366782 ee469f5de1578ec7a40d96ed36468cb45138d59fe3d78c1e331d570418d5b0d7
CLIENT_HANDSHAKE_TRAFFIC_SECRET ce7e33c178071faf33a726e58846f1708b7bfe8e1e0119549ecd97dc1e366782 65a640cb4c4f4aca6e5c14c79eb3591ef718ade0aee0fb38239993d0633bb63c
SERVER_TRAFFIC_SECRET_0 ce7e33c178071faf33a726e58846f1708b7bfe8e1e0119549ecd97dc1e366782 7b90bf7ed440b741da098b6fb1bf7369e1a4242b9ff7f1c2d59b4a1dcf963483
CLIENT_HANDSHAKE_TRAFFIC_SECRET ce7e33c178071faf33a726e58846f1708b7bfe8e1e0119549ecd97dc1e366782 65a640cb4c4f4aca6e5c14c79eb3591ef718ade0aee0fb38239993d0633bb63c
SERVER_HANDSHAKE_TRAFFIC_SECRET ce7e33c178071faf33a726e58846f1708b7bfe8e1e0119549ecd97dc1e366782 ee469f5de1578ec7a40d96ed36468cb45138d59fe3d78c1e331d570418d5b0d7
SERVER_HANDSHAKE_TRAFFIC_SECRET c14623099866fa9ed27e93b14e143f769d7cabed8f07e798876c13b024593c43 7db5af83aa1e93f71465211c3fe5167f6edb720b5f8afea4f81a7ed1a1b59c94
CLIENT_HANDSHAKE_TRAFFIC_SECRET c14623099866fa9ed27e93b14e143f769d7cabed8f07e798876c13b024593c43 c468e903fe9ea3d60a8946bcb17590779e309b1ae0e7e0611597e12f28598592
SERVER_TRAFFIC_SECRET_0 c14623099866fa9ed27e93b14e143f769d7cabed8f07e798876c13b024593c43 cbebe98606010804621c15718fc8639dd5091454ffe91886d24ca812c8d846ea
CLIENT_HANDSHAKE_TRAFFIC_SECRET c14623099866fa9ed27e93b14e143f769d7cabed8f07e798876c13b024593c43 c468e903fe9ea3d60a8946bcb17590779e309b1ae0e7e0611597e12f28598592
SERVER_HANDSHAKE_TRAFFIC_SECRET c14623099866fa9ed27e93b14e143f769d7cabed8f07e798876c13b024593c43 7db5af83aa1e93f71465211c3fe5167f6edb720b5f8afea4f81a7ed1a1b59c94
SERVER_HANDSHAKE_TRAFFIC_SECRET 47fda478f2a0258c667be1bb80c97122b330bafc4e90c31c20258f585b205494 7d329de0819d7049220cf19b007d4e062139fa361cd80f6a25fec8914142b15d
CLIENT_HANDSHAKE_TRAFFIC_SECRET 47fda478f2a0258c667be1bb80c97122b330bafc4e90c31c20258f585b205494 b23964c785307dfe83a33d6112752244a6d4a9efaf99b5caba52268f35a173a3
SERVER_TRAFFIC_SECRET_0 47fda478f2a0258c667be1bb80c97122b330bafc4e90c31c20258f585b205494 917df0f2e25f391aaae6326a52e1c691cfc1d6a87ffb0786efda5a2bc97038f6
CLIENT_HANDSHAKE_TRAFFIC_SECRET 47fda478f2a0258c667be1bb80c97122b330bafc4e90c31c20258f585b205494 b23964c785307dfe83a33d6112752244a6d4a9efaf99b5caba52268f35a173a3
SERVER_HANDSHAKE_TRAFFIC_SECRET 47fda478f2a0258c667be1bb80c97122b330bafc4e90c31c20258f585b205494 7d329de0819d7049220cf19b007d4e062139fa361cd80f6a25fec8914142b15d
SERVER_HANDSHAKE_TRAFFIC_SECRET 4203a94c902f6ba1880b20bf507ef2a303a9e4779165be002d5ac96b46e2445a 204ad45f4a94b06fb9d2adfac1d0dff13eda6f2438546f0b9bce5630da85fc04
CLIENT_HANDSHAKE_TRAFFIC_SECRET 4203a94c902f6ba1880b20bf507ef2a303a9e4779165be002d5ac96b46e2445a d1b762e00e08b0ae646fa09d44b8741a152ea0752b805bb4f4a346bb5b01c7ef
SERVER_TRAFFIC_SECRET_0 4203a94c902f6ba1880b20bf507ef2a303a9e4779165be002d5ac96b46e2445a aca30c1482bc823a39c3808c769aba6c101d1c434bbc9c40872716033c0343e5
CLIENT_HANDSHAKE_TRAFFIC_SECRET 4203a94c902f6ba1880b20bf507ef2a303a9e4779165be002d5ac96b46e2445a d1b762e00e08b0ae646fa09d44b8741a152ea0752b805bb4f4a346bb5b01c7ef
SERVER_HANDSHAKE_TRAFFIC_SECRET 4203a94c902f6ba1880b20bf507ef2a303a9e4779165be002d5ac96b46e2445a 204ad45f4a94b06fb9d2adfac1d0dff13eda6f2438546f0b9bce5630da85fc04
CLIENT_TRAFFIC_SECRET_0 4203a94c902f6ba1880b20bf507ef2a303a9e4779165be002d5ac96b46e2445a b959cc181388540a386833d158da44cd6ed091af4edd76ebbd05a290f11eded7
SERVER_TRAFFIC_SECRET_0 4203a94c902f6ba1880b20bf507ef2a303a9e4779165be002d5ac96b46e2445a aca30c1482bc823a39c3808c769aba6c101d1c434bbc9c40872716033c0343e5
EXPORTER_SECRET 4203a94c902f6ba1880b20bf507ef2a303a9e4779165be002d5ac96b46e2445a 8e9cc4f8f9e7e1a0f924b96108b547dc8848ed9a0692de3ee5e636ed7925f5ee
SERVER_HANDSHAKE_TRAFFIC_SECRET e84d0f0cfa358273e4e14d7eb305c4bf8f46eca9fb6460ab380985823db005cd 140d7310ced108cead815b9d8b0986add642f183197796875c009663b79a52e9
CLIENT_HANDSHAKE_TRAFFIC_SECRET e84d0f0cfa358273e4e14d7eb305c4bf8f46eca9fb6460ab380985823db005cd 65d9c24cb3ddaa40874f3a9018589aaac69df5d48ded1a36658a6890361f1810
SERVER_TRAFFIC_SECRET_0 e84d0f0cfa358273e4e14d7eb305c4bf8f46eca9fb6460ab380985823db005cd d026417085a9ee96fcc5c6e5d748d302e4413a59eb986002d99f0ab3d911a9cb
CLIENT_HANDSHAKE_TRAFFIC_SECRET e84d0f0cfa358273e4e14d7eb305c4bf8f46eca9fb6460ab380985823db005cd 65d9c24cb3ddaa40874f3a9018589aaac69df5d48ded1a36658a6890361f1810
SERVER_HANDSHAKE_TRAFFIC_SECRET e84d0f0cfa358273e4e14d7eb305c4bf8f46eca9fb6460ab380985823db005cd 140d7310ced108cead815b9d8b0986add642f183197796875c009663b79a52e9
SERVER_HANDSHAKE_TRAFFIC_SECRET b0a0be874b2b035ec68a5ee8fac985aa582e2dbb9aa381d1629e0fdf947ee754 70c5ad846582b02e80f38a0ad253c6b9bf0637aead6fd6a5faf6816f615e29eb
CLIENT_HANDSHAKE_TRAFFIC_SECRET b0a0be874b2b035ec68a5ee8fac985aa582e2dbb9aa381d1629e0fdf947ee754 c96bdfa383cc4c0e45e097646490ca1d3ec3201b95569bc02a57c410a6ce394d
SERVER_TRAFFIC_SECRET_0 b0a0be874b2b035ec68a5ee8fac985aa582e2dbb9aa381d1629e0fdf947ee754 db3d0a560490094b0429b9410c58bcc36ff5b2f0dcf6e2110666ac66e6d61079
CLIENT_HANDSHAKE_TRAFFIC_SECRET b0a0be874b2b035ec68a5ee8fac985aa582e2dbb9aa381d1629e0fdf947ee754 c96bdfa383cc4c0e45e097646490ca1d3ec3201b95569bc02a57c410a6ce394d
SERVER_HANDSHAKE_TRAFFIC_SECRET b0a0be874b2b035ec68a5ee8fac985aa582e2dbb9aa381d1629e0fdf947ee754 70c5ad846582b02e80f38a0ad253c6b9bf0637aead6fd6a5faf6816f615e29eb
SERVER_HANDSHAKE_TRAFFIC_SECRET 223aa5ff9c4de7f23478f01061b5dcab28c39b389a0c1072d0ca1b540f043f86 a50428c51e185af96c23fccf073835c007145ce49ca4150aa0669b6cf3faa65c
CLIENT_HANDSHAKE_TRAFFIC_SECRET 223aa5ff9c4de7f23478f01061b5dcab28c39b389a0c1072d0ca1b540f043f86 98784ca4ae5cc590906b477c4438c2efd5391b122851f6d9460f54da4a2dbd6d
SERVER_TRAFFIC_SECRET_0 223aa5ff9c4de7f23478f01061b5dcab28c39b389a0c1072d0ca1b540f043f86 96aa241f4c837e90ba4e238f0f815fa5ce5446fca553b975ec54b63ebaf20d15
CLIENT_HANDSHAKE_TRAFFIC_SECRET 223aa5ff9c4de7f23478f01061b5dcab28c39b389a0c1072d0ca1b540f043f86 98784ca4ae5cc590906b477c4438c2efd5391b122851f6d9460f54da4a2dbd6d
SERVER_HANDSHAKE_TRAFFIC_SECRET 223aa5ff9c4de7f23478f01061b5dcab28c39b389a0c1072d0ca1b540f043f86 a50428c51e185af96c23fccf073835c007145ce49ca4150aa0669b6cf3faa65c
CLIENT_TRAFFIC_SECRET_0 223aa5ff9c4de7f23478f01061b5dcab28c39b389a0c1072d0ca1b540f043f86 f147c71665e254f218a9ba68e78b9b5470cddd35d1dbea65c47f495cf54e641e
SERVER_TRAFFIC_SECRET_0 223aa5ff9c4de7f23478f01061b5dcab28c39b389a0c1072d0ca1b540f043f86 96aa241f4c837e90ba4e238f0f815fa5ce5446fca553b975ec54b63ebaf20d15
EXPORTER_SECRET 223aa5ff9c4de7f23478f01061b5dcab28c39b389a0c1072d0ca1b540f043f86 d3fe8b429edbbd2e4141eef8d0a38e2ec4f81b576bf2f25f2ca1731752d5b5f0
CLIENT_TRAFFIC_SECRET_0 223aa5ff9c4de7f23478f01061b5dcab28c39b389a0c1072d0ca1b540f043f86 f147c71665e254f218a9ba68e78b9b5470cddd35d1dbea65c47f495cf54e641e
SERVER_HANDSHAKE_TRAFFIC_SECRET 7004cde9c5c3281dd0b26dc175f0ee5cdc6392ee0be632a4d333f0f41109e0cd e7f28294319c0e7a533bd3b8e7bf3f7187f50f6368d926f79813f151770b1278
CLIENT_HANDSHAKE_TRAFFIC_SECRET 7004cde9c5c3281dd0b26dc175f0ee5cdc6392ee0be632a4d333f0f41109e0cd 2b0ff7c402207c099c363290718e4248edb58e3f0aae1a0b7eb2c3e8968572eb
SERVER_TRAFFIC_SECRET_0 7004cde9c5c3281dd0b26dc175f0ee5cdc6392ee0be632a4d333f0f41109e0cd f32cbe7288da283f8ee3addf745b063649eac51985c5ca205c171498b4a00019
CLIENT_HANDSHAKE_TRAFFIC_SECRET 7004cde9c5c3281dd0b26dc175f0ee5cdc6392ee0be632a4d333f0f41109e0cd 2b0ff7c402207c099c363290718e4248edb58e3f0aae1a0b7eb2c3e8968572eb
SERVER_HANDSHAKE_TRAFFIC_SECRET 7004cde9c5c3281dd0b26dc175f0ee5cdc6392ee0be632a4d333f0f41109e0cd e7f28294319c0e7a533bd3b8e7bf3f7187f50f6368d926f79813f151770b1278
SERVER_HANDSHAKE_TRAFFIC_SECRET e264e0e8dbc07cdf916e0ffc724d3029272cd2e36d4fa65ee382ec28296633ec bf20dccf2abc804861a557c665d379fe585a4cc2aa47d8fa3a985c646cad8cfe
CLIENT_HANDSHAKE_TRAFFIC_SECRET e264e0e8dbc07cdf916e0ffc724d3029272cd2e36d4fa65ee382ec28296633ec c15e3c7dd00da0937b9abf1876c5adceb6dc2bfee55963c371d4d79cd59b16d5
SERVER_TRAFFIC_SECRET_0 e264e0e8dbc07cdf916e0ffc724d3029272cd2e36d4fa65ee382ec28296633ec d14bed85e19c227a57bca3add65dc5d0c5a7cb85a2c6173e9122c4b59200e0e2
CLIENT_HANDSHAKE_TRAFFIC_SECRET e264e0e8dbc07cdf916e0ffc724d3029272cd2e36d4fa65ee382ec28296633ec c15e3c7dd00da0937b9abf1876c5adceb6dc2bfee55963c371d4d79cd59b16d5
SERVER_HANDSHAKE_TRAFFIC_SECRET e264e0e8dbc07cdf916e0ffc724d3029272cd2e36d4fa65ee382ec28296633ec bf20dccf2abc804861a557c665d379fe585a4cc2aa47d8fa3a985c646cad8cfe
CLIENT_TRAFFIC_SECRET_0 e264e0e8dbc07cdf916e0ffc724d3029272cd2e36d4fa65ee382ec28296633ec 2d7f2dfbecf46033f05dd69cbe2c5a466f64d8bf1bc450697a800764d9a90700
SERVER_TRAFFIC_SECRET_0 e264e0e8dbc07cdf916e0ffc724d3029272cd2e36d4fa65ee382ec28296633ec d14bed85e19c227a57bca3add65dc5d0c5a7cb85a2c6173e9122c4b59200e0e2
EXPORTER_SECRET e264e0e8dbc07cdf916e0ffc724d3029272cd2e36d4fa65ee382ec28296633ec 7872b19e9f6c878b8a65256f671c0a9440c6d443c2e1a40ddf0fc44cb50ca590
SERVER_HANDSHAKE_TRAFFIC_SECRET 715a65d5e736ba551b179be55f189443b016317b06ead3b8614e3b503e23455a 2130067396998b87c469366639d2c5f49b4e14380523f23101d4027dc07233c2
CLIENT_HANDSHAKE_TRAFFIC_SECRET 715a65d5e736ba551b179be55f189443b016317b06ead3b8614e3b503e23455a e8893449b659525e2ea3c2ae309e11e4ba7d0db33b60ae73a4f09e4e4ecb22da
SERVER_TRAFFIC_SECRET_0 715a65d5e736ba551b179be55f189443b016317b06ead3b8614e3b503e23455a 8f05df145ed21298d793082d94d743cd6b04cbfd9a1d1d0586572d924bd57037
CLIENT_HANDSHAKE_TRAFFIC_SECRET 715a65d5e736ba551b179be55f189443b016317b06ead3b8614e3b503e23455a e8893449b659525e2ea3c2ae309e11e4ba7d0db33b60ae73a4f09e4e4ecb22da
SERVER_HANDSHAKE_TRAFFIC_SECRET 715a65d5e736ba551b179be55f189443b016317b06ead3b8614e3b503e23455a 2130067396998b87c469366639d2c5f49b4e14380523f23101d4027dc07233c2
SERVER_HANDSHAKE_TRAFFIC_SECRET 2e9be1250dadcd92e4fb8d4c37a3f8a760120ff091bb1d5d31f6391eb786fadb 4d81c501236f0de6e029d6b471746336f03cebde75e47e511ffb05ee64f30d9f
CLIENT_HANDSHAKE_TRAFFIC_SECRET 2e9be1250dadcd92e4fb8d4c37a3f8a760120ff091bb1d5d31f6391eb786fadb d2e0a8824f7a7c30808aeb5818de71d2cb27d3eb287dfbab54c5f1db8c455ab5
SERVER_TRAFFIC_SECRET_0 2e9be1250dadcd92e4fb8d4c37a3f8a760120ff091bb1d5d31f6391eb786fadb 37f155009601dea79502abd72be93a031cd9189d9c143586c33884ca06d54383
SERVER_HANDSHAKE_TRAFFIC_SECRET eaa561bfcc0f6b45cedddaf3dd67f224a30d3e7af69d28e7f13a1f6321bddea9 8986263b6d77e54ecd5c36c803d7dcabe62deb0d0f30072d58869939e4f45378
CLIENT_HANDSHAKE_TRAFFIC_SECRET eaa561bfcc0f6b45cedddaf3dd67f224a30d3e7af69d28e7f13a1f6321bddea9 de7525cfa8f3ba078ff698deb30b616470bca894dced1cba05accfa75df2c69c
SERVER_TRAFFIC_SECRET_0 eaa561bfcc0f6b45cedddaf3dd67f224a30d3e7af69d28e7f13a1f6321bddea9 2162a199563c960e519d4038b05fef862cc6eb78e119dac305c908350a035789
CLIENT_HANDSHAKE_TRAFFIC_SECRET eaa561bfcc0f6b45cedddaf3dd67f224a30d3e7af69d28e7f13a1f6321bddea9 de7525cfa8f3ba078ff698deb30b616470bca894dced1cba05accfa75df2c69c
SERVER_HANDSHAKE_TRAFFIC_SECRET eaa561bfcc0f6b45cedddaf3dd67f224a30d3e7af69d28e7f13a1f6321bddea9 8986263b6d77e54ecd5c36c803d7dcabe62deb0d0f30072d58869939e4f45378
SERVER_HANDSHAKE_TRAFFIC_SECRET 5011a009a2a3e8e8b005e5e96c76e5dde23665ce8d8a55a315cb762a48bcbb9f c1d0bb42ce92a3d20f1ed186358fd7d0761540edeeabf9e8474a926ac0b7f441
CLIENT_HANDSHAKE_TRAFFIC_SECRET 5011a009a2a3e8e8b005e5e96c76e5dde23665ce8d8a55a315cb762a48bcbb9f f286990ee672ea761ede4f7512d4583c70dda85450b128dfd03fe4d9f75a968d
SERVER_TRAFFIC_SECRET_0 5011a009a2a3e8e8b005e5e96c76e5dde23665ce8d8a55a315cb762a48bcbb9f 1516fce04397e0dc255a7a519b2d8939689deb1d4337555c58ac3ae79a19dad6
CLIENT_HANDSHAKE_TRAFFIC_SECRET 5011a009a2a3e8e8b005e5e96c76e5dde23665ce8d8a55a315cb762a48bcbb9f f286990ee672ea761ede4f7512d4583c70dda85450b128dfd03fe4d9f75a968d
SERVER_HANDSHAKE_TRAFFIC_SECRET 5011a009a2a3e8e8b005e5e96c76e5dde23665ce8d8a55a315cb762a48bcbb9f c1d0bb42ce92a3d20f1ed186358fd7d0761540edeeabf9e8474a926ac0b7f441
SERVER_HANDSHAKE_TRAFFIC_SECRET 66d92312acf0e68648895f187cd3872188dc8b2a27968f3c49393e3f2f001e83 beead2c5528984261536a15ee791e9ea1dcde5eb6fb91f5cd98109deb07e2d6c
CLIENT_HANDSHAKE_TRAFFIC_SECRET 66d92312acf0e68648895f187cd3872188dc8b2a27968f3c49393e3f2f001e83 51787f306f88d1571ceb513433474ec70e5fe76fc4ca493be3b7cf01624a192b
SERVER_TRAFFIC_SECRET_0 66d92312acf0e68648895f187cd3872188dc8b2a27968f3c49393e3f2f001e83 747dc409a275889e55a22d3313f197794ffea9887ce6afba1cf04595b700bea2
CLIENT_HANDSHAKE_TRAFFIC_SECRET 66d92312acf0e68648895f187cd3872188dc8b2a27968f3c49393e3f2f001e83 51787f306f88d1571ceb513433474ec70e5fe76fc4ca493be3b7cf01624a192b
SERVER_HANDSHAKE_TRAFFIC_SECRET 66d92312acf0e68648895f187cd3872188dc8b2a27968f3c49393e3f2f001e83 beead2c5528984261536a15ee791e9ea1dcde5eb6fb91f5cd98109deb07e2d6c
SERVER_HANDSHAKE_TRAFFIC_SECRET d52817737be9d0c01a01c1c90f63c64d760bf4aa08e523e0972e15e19d320593 dccad25155ef0f87022cfabac7ff382baf0edc620febb269cc206bc85598e307
CLIENT_HANDSHAKE_TRAFFIC_SECRET d52817737be9d0c01a01c1c90f63c64d760bf4aa08e523e0972e15e19d320593 103156d4263551466bec1b94b2299614d7d7587923d2950e4c60e437cbce4da7
SERVER_TRAFFIC_SECRET_0 d52817737be9d0c01a01c1c90f63c64d760bf4aa08e523e0972e15e19d320593 81b8a949365453a59e76a1f402d48c818d7096183f3e745e76e3caec3418314f
CLIENT_HANDSHAKE_TRAFFIC_SECRET d52817737be9d0c01a01c1c90f63c64d760bf4aa08e523e0972e15e19d320593 103156d4263551466bec1b94b2299614d7d7587923d2950e4c60e437cbce4da7
SERVER_HANDSHAKE_TRAFFIC_SECRET d52817737be9d0c01a01c1c90f63c64d760bf4aa08e523e0972e15e19d320593 dccad25155ef0f87022cfabac7ff382baf0edc620febb269cc206bc85598e307
CLIENT_TRAFFIC_SECRET_0 d52817737be9d0c01a01c1c90f63c64d760bf4aa08e523e0972e15e19d320593 aaf582070c600a0d79119786a5d1f5d3a5277145e646aed92b5407d4957f5b05
SERVER_TRAFFIC_SECRET_0 d52817737be9d0c01a01c1c90f63c64d760bf4aa08e523e0972e15e19d320593 81b8a949365453a59e76a1f402d48c818d7096183f3e745e76e3caec3418314f
EXPORTER_SECRET d52817737be9d0c01a01c1c90f63c64d760bf4aa08e523e0972e15e19d320593 bdc52f4aa158c67d6b766246be673ec7f617edebcbe62b3b70855069eae0e680
SERVER_HANDSHAKE_TRAFFIC_SECRET b177ff161c5225e4fa9e3903100811ca94daf07912c093da5ad276e08b52d181 9eb8728918420f9eb3a8dbe544b1b955b5c056a5c452242e18c300d56ff6160b
CLIENT_HANDSHAKE_TRAFFIC_SECRET b177ff161c5225e4fa9e3903100811ca94daf07912c093da5ad276e08b52d181 b66d518c13da552bd1db6f6aff9ba657efe9e5117776acd51d0f422139893a49
SERVER_TRAFFIC_SECRET_0 b177ff161c5225e4fa9e3903100811ca94daf07912c093da5ad276e08b52d181 85228f540659fe6eee6db02bb2e7025368835e794f99941f269b6c20ca18c4a3
CLIENT_HANDSHAKE_TRAFFIC_SECRET b177ff161c5225e4fa9e3903100811ca94daf07912c093da5ad276e08b52d181 b66d518c13da552bd1db6f6aff9ba657efe9e5117776acd51d0f422139893a49
SERVER_HANDSHAKE_TRAFFIC_SECRET b177ff161c5225e4fa9e3903100811ca94daf07912c093da5ad276e08b52d181 9eb8728918420f9eb3a8dbe544b1b955b5c056a5c452242e18c300d56ff6160b
SERVER_HANDSHAKE_TRAFFIC_SECRET a461f5e8367e94a1c2d55a7f67b64058e4ffb33624c14aef40ebb839036304eb c179cea89cb807fd19f2bd120b217d39a686c75023afca60ae37575980aa7717
CLIENT_HANDSHAKE_TRAFFIC_SECRET a461f5e8367e94a1c2d55a7f67b64058e4ffb33624c14aef40ebb839036304eb 6e35e910234f0b2afad9bf785a9d61107f83c3b8584357424f52f9e9ee0436a1
SERVER_TRAFFIC_SECRET_0 a461f5e8367e94a1c2d55a7f67b64058e4ffb33624c14aef40ebb839036304eb 547b3ce2793825550354b89d29499f975fa030a00f0e8f7f2a6da8952edeac90
CLIENT_HANDSHAKE_TRAFFIC_SECRET a461f5e8367e94a1c2d55a7f67b64058e4ffb33624c14aef40ebb839036304eb 6e35e910234f0b2afad9bf785a9d61107f83c3b8584357424f52f9e9ee0436a1
SERVER_HANDSHAKE_TRAFFIC_SECRET a461f5e8367e94a1c2d55a7f67b64058e4ffb33624c14aef40ebb839036304eb c179cea89cb807fd19f2bd120b217d39a686c75023afca60ae37575980aa7717
SERVER_HANDSHAKE_TRAFFIC_SECRET 2ffcafba5b1edd3bebfbc7f41ab21fd99b962d8118d1dd60673a11969cc70792 957d655a3b208b80dfe50d5d6786ec71a0d9f0f7ec493ec4ad040be31642bbcb
CLIENT_HANDSHAKE_TRAFFIC_SECRET 2ffcafba5b1edd3bebfbc7f41ab21fd99b962d8118d1dd60673a11969cc70792 c21ff026428808752e8bb220ea8d26fd7b6d82edea4e52e9084ebbdf4fad655b
SERVER_TRAFFIC_SECRET_0 2ffcafba5b1edd3bebfbc7f41ab21fd99b962d8118d1dd60673a11969cc70792 cb783dd780d8aa603be93281c710c9c43c63a407dcd0836196c2c2fd4f16277f
CLIENT_HANDSHAKE_TRAFFIC_SECRET 2ffcafba5b1edd3bebfbc7f41ab21fd99b962d8118d1dd60673a11969cc70792 c21ff026428808752e8bb220ea8d26fd7b6d82edea4e52e9084ebbdf4fad655b
SERVER_HANDSHAKE_TRAFFIC_SECRET 2ffcafba5b1edd3bebfbc7f41ab21fd99b962d8118d1dd60673a11969cc70792 957d655a3b208b80dfe50d5d6786ec71a0d9f0f7ec493ec4ad040be31642bbcb
SERVER_HANDSHAKE_TRAFFIC_SECRET 21d79c21fe99e44988e5ce6c0d452ee0ffb3cdfcf13fe85d7059f2ad4b36c570 b5d4c65ffb0e1b761d82ada409a8f7574734b30e59f7725aeea171dfa2a68662
CLIENT_HANDSHAKE_TRAFFIC_SECRET 21d79c21fe99e44988e5ce6c0d452ee0ffb3cdfcf13fe85d7059f2ad4b36c570 ba52f858e2f1a3246ff2b993c4fd4a374282d0e162c0d103f1ac0603136fb6ab
SERVER_TRAFFIC_SECRET_0 21d79c21fe99e44988e5ce6c0d452ee0ffb3cdfcf13fe85d7059f2ad4b36c570 775c8c384b3fee1da5cf4e8651ad36d61336881364d82baa282aa5e6d9bfb85c
CLIENT_HANDSHAKE_TRAFFIC_SECRET 21d79c21fe99e44988e5ce6c0d452ee0ffb3cdfcf13fe85d7059f2ad4b36c570 ba52f858e2f1a3246ff2b993c4fd4a374282d0e162c0d103f1ac0603136fb6ab
SERVER_HANDSHAKE_TRAFFIC_SECRET 21d79c21fe99e44988e5ce6c0d452ee0ffb3cdfcf13fe85d7059f2ad4b36c570 b5d4c65ffb0e1b761d82ada409a8f7574734b30e59f7725aeea171dfa2a68662
SERVER_HANDSHAKE_TRAFFIC_SECRET 1dee80885335c98f1bd966b1b5a0d901105a019dc1dbcc750e5a908da813192c e5d7be275513791dce57fe3a9ffad00434a90b4a49acdfb649772dc2010a13f2
CLIENT_HANDSHAKE_TRAFFIC_SECRET 1dee80885335c98f1bd966b1b5a0d901105a019dc1dbcc750e5a908da813192c ecde4afec4d7a64d44dbcb8562dd26615045527b5b4afb10e31f567b299f879a
SERVER_TRAFFIC_SECRET_0 1dee80885335c98f1bd966b1b5a0d901105a019dc1dbcc750e5a908da813192c c525f66906cd3908ff25b9712fb57938022cc724f464d84916a963434f733f12
CLIENT_HANDSHAKE_TRAFFIC_SECRET 1dee80885335c98f1bd966b1b5a0d901105a019dc1dbcc750e5a908da813192c ecde4afec4d7a64d44dbcb8562dd26615045527b5b4afb10e31f567b299f879a
SERVER_HANDSHAKE_TRAFFIC_SECRET 1dee80885335c98f1bd966b1b5a0d901105a019dc1dbcc750e5a908da813192c e5d7be275513791dce57fe3a9ffad00434a90b4a49acdfb649772dc2010a13f2
SERVER_HANDSHAKE_TRAFFIC_SECRET 224c1b2ffb7c459ebf793b6d0d478933586be000217f7cc87c589563fa5bfaea 89d8512f8304ccd89b87b2cad1828b8afd7cbc3408eb80ca50996b0a2fab37bb
CLIENT_HANDSHAKE_TRAFFIC_SECRET 224c1b2ffb7c459ebf793b6d0d478933586be000217f7cc87c589563fa5bfaea 3ab79ffcd048581ed8d36d3b2397ac8f1e89edfb9c0ba5a3251c58f59f3149fa
SERVER_TRAFFIC_SECRET_0 224c1b2ffb7c459ebf793b6d0d478933586be000217f7cc87c589563fa5bfaea c59c2d020f07979a4563ca78a5e7fcbf060b72c8d3f791ea2293b81d45bc3998
SERVER_HANDSHAKE_TRAFFIC_SECRET 933029f3cf14d9cb584f636e6f54d0bf1983430ddc6aeef322f73d036a518a02 1f20458786cbd8ca017e53f9b68cd23af91aec3d94f76fb9a72ae9a1e5655cd1
CLIENT_HANDSHAKE_TRAFFIC_SECRET 933029f3cf14d9cb584f636e6f54d0bf1983430ddc6aeef322f73d036a518a02 06c2c7a5e6f1df46a7f0b1401a38ccc2f0fbffdf38e62f53bdced365b395aeb5
SERVER_TRAFFIC_SECRET_0 933029f3cf14d9cb584f636e6f54d0bf1983430ddc6aeef322f73d036a518a02 201c795059e06cd3c3acb7e27190099903ab79f9bbbf7994aa73a1fd6b29f76a
CLIENT_HANDSHAKE_TRAFFIC_SECRET 933029f3cf14d9cb584f636e6f54d0bf1983430ddc6aeef322f73d036a518a02 06c2c7a5e6f1df46a7f0b1401a38ccc2f0fbffdf38e62f53bdced365b395aeb5
SERVER_HANDSHAKE_TRAFFIC_SECRET 933029f3cf14d9cb584f636e6f54d0bf1983430ddc6aeef322f73d036a518a02 1f20458786cbd8ca017e53f9b68cd23af91aec3d94f76fb9a72ae9a1e5655cd1
SERVER_HANDSHAKE_TRAFFIC_SECRET b7e86047394bb074f9c7004aab899336fa7b0c6e807db16ff1751b7c65db58a3 4ceadd19adae8695146de918ff7995f08699397a67a08592e2bddca3b243db3c
CLIENT_HANDSHAKE_TRAFFIC_SECRET b7e86047394bb074f9c7004aab899336fa7b0c6e807db16ff1751b7c65db58a3 9be4ffbee24978801f582b16e9c0930dba9c1ec42ed3cecbf94c814e942abff7
SERVER_TRAFFIC_SECRET_0 b7e86047394bb074f9c7004aab899336fa7b0c6e807db16ff1751b7c65db58a3 8bb6222b48580bc20098007ace4177743577c19a5c5e73cff5de1ae8045d9f54
CLIENT_HANDSHAKE_TRAFFIC_SECRET b7e86047394bb074f9c7004aab899336fa7b0c6e807db16ff1751b7c65db58a3 9be4ffbee24978801f582b16e9c0930dba9c1ec42ed3cecbf94c814e942abff7
SERVER_HANDSHAKE_TRAFFIC_SECRET b7e86047394bb074f9c7004aab899336fa7b0c6e807db16ff1751b7c65db58a3 4ceadd19adae8695146de918ff7995f08699397a67a08592e2bddca3b243db3c
SERVER_HANDSHAKE_TRAFFIC_SECRET 334475070b098b1a182e9e1dc68beed2494003ea26e2ade8f47351e513c71da2 b84e09409dfeb891e773089dfa1732f277f828171283ffcbbf334d6c7269962a
CLIENT_HANDSHAKE_TRAFFIC_SECRET 334475070b098b1a182e9e1dc68beed2494003ea26e2ade8f47351e513c71da2 57a3dba7959a18a232a0f6acfc373bc6ef230b5f72fc172e0ee317ff3bc40f0d
SERVER_TRAFFIC_SECRET_0 334475070b098b1a182e9e1dc68beed2494003ea26e2ade8f47351e513c71da2 a7db2398092e38ea03cc40942af0434f8c5d306123c642081776bfa444968403
CLIENT_HANDSHAKE_TRAFFIC_SECRET 334475070b098b1a182e9e1dc68beed2494003ea26e2ade8f47351e513c71da2 57a3dba7959a18a232a0f6acfc373bc6ef230b5f72fc172e0ee317ff3bc40f0d
SERVER_HANDSHAKE_TRAFFIC_SECRET 334475070b098b1a182e9e1dc68beed2494003ea26e2ade8f47351e513c71da2 b84e09409dfeb891e773089dfa1732f277f828171283ffcbbf334d6c7269962a
SERVER_HANDSHAKE_TRAFFIC_SECRET c65188a3fd5027c5b868a02c0b9fac6423859c8d4d71f03ab4c5a6ec57d71fd4 9880f4d28779df0c67a5848fd7f2713dc2cf37433a76f214bb61573b29c27b68
CLIENT_HANDSHAKE_TRAFFIC_SECRET c65188a3fd5027c5b868a02c0b9fac6423859c8d4d71f03ab4c5a6ec57d71fd4 e0016589579b97af84aadba3c033cfb0e4c16a65e816f1f4b1483391c1fc4582
SERVER_TRAFFIC_SECRET_0 c65188a3fd5027c5b868a02c0b9fac6423859c8d4d71f03ab4c5a6ec57d71fd4 868e414dd4d2a7eef505dcefecc474f73e03f6f48e8ff128e0ab468a3bc6711a
CLIENT_HANDSHAKE_TRAFFIC_SECRET c65188a3fd5027c5b868a02c0b9fac6423859c8d4d71f03ab4c5a6ec57d71fd4 e0016589579b97af84aadba3c033cfb0e4c16a65e816f1f4b1483391c1fc4582
SERVER_HANDSHAKE_TRAFFIC_SECRET c65188a3fd5027c5b868a02c0b9fac6423859c8d4d71f03ab4c5a6ec57d71fd4 9880f4d28779df0c67a5848fd7f2713dc2cf37433a76f214bb61573b29c27b68
CLIENT_TRAFFIC_SECRET_0 c65188a3fd5027c5b868a02c0b9fac6423859c8d4d71f03ab4c5a6ec57d71fd4 092e42f7d0d5af595fdbc2acec47939c1cf23ad94922cf80117ad116863b8998
SERVER_TRAFFIC_SECRET_0 c65188a3fd5027c5b868a02c0b9fac6423859c8d4d71f03ab4c5a6ec57d71fd4 868e414dd4d2a7eef505dcefecc474f73e03f6f48e8ff128e0ab468a3bc6711a
EXPORTER_SECRET c65188a3fd5027c5b868a02c0b9fac6423859c8d4d71f03ab4c5a6ec57d71fd4 94d53eb326a088f2e1dbd21272083e556227a19d821bf0b291e3aca67bff3f56
CLIENT_TRAFFIC_SECRET_0 c65188a3fd5027c5b868a02c0b9fac6423859c8d4d71f03ab4c5a6ec57d71fd4 092e42f7d0d5af595fdbc2acec47939c1cf23ad94922cf80117ad116863b8998
SERVER_HANDSHAKE_TRAFFIC_SECRET 45cce88dfee7a2ad1de863a55bb1f4a5a6555356b3e192c7aa7373a762c9f575 ce97a6499adad9a7ff5d5bfb0d11baaa13b416dc1d814da2c3d3923378ee68ef
CLIENT_HANDSHAKE_TRAFFIC_SECRET 45cce88dfee7a2ad1de863a55bb1f4a5a6555356b3e192c7aa7373a762c9f575 cf1be996348639b8a1e99da9353f0d04c73d93c2fc7423252bcab8727917f0fe
SERVER_TRAFFIC_SECRET_0 45cce88dfee7a2ad1de863a55bb1f4a5a6555356b3e192c7aa7373a762c9f575 33b4fe05f683f77b660b8505dc9a8f95231d80b0af1a08cc8bf4e7484e9569b1
CLIENT_HANDSHAKE_TRAFFIC_SECRET 45cce88dfee7a2ad1de863a55bb1f4a5a6555356b3e192c7aa7373a762c9f575 cf1be996348639b8a1e99da9353f0d04c73d93c2fc7423252bcab8727917f0fe
SERVER_HANDSHAKE_TRAFFIC_SECRET 45cce88dfee7a2ad1de863a55bb1f4a5a6555356b3e192c7aa7373a762c9f575 ce97a6499adad9a7ff5d5bfb0d11baaa13b416dc1d814da2c3d3923378ee68ef
SERVER_HANDSHAKE_TRAFFIC_SECRET cfba6afb1c2f2d8a93d0b53302d69e5f2a411f3a8e6da71da9af79974e8ddde9 0b1fe1c44aa4904b29e4402ed322339e1ea4d32a63fe698ff24ab071fa1ff350
CLIENT_HANDSHAKE_TRAFFIC_SECRET cfba6afb1c2f2d8a93d0b53302d69e5f2a411f3a8e6da71da9af79974e8ddde9 a05e2444cadc2c1b525483295bdd39bf60755164cb47163ad71fe5c1a562ae8c
SERVER_TRAFFIC_SECRET_0 cfba6afb1c2f2d8a93d0b53302d69e5f2a411f3a8e6da71da9af79974e8ddde9 0dae6aa1c72b69a6a915596bdc53c1c1dc9755a90164f89c590a81ddb3cee5c4
CLIENT_HANDSHAKE_TRAFFIC_SECRET cfba6afb1c2f2d8a93d0b53302d69e5f2a411f3a8e6da71da9af79974e8ddde9 a05e2444cadc2c1b525483295bdd39bf60755164cb47163ad71fe5c1a562ae8c
SERVER_HANDSHAKE_TRAFFIC_SECRET cfba6afb1c2f2d8a93d0b53302d69e5f2a411f3a8e6da71da9af79974e8ddde9 0b1fe1c44aa4904b29e4402ed322339e1ea4d32a63fe698ff24ab071fa1ff350
SERVER_HANDSHAKE_TRAFFIC_SECRET 6edef8b76f5dbb1bfbbf7e09a9309b6db0b656f9cf556787d23d123f96ad3e0c 2d6d682dc03a419d60342cf962bb6913492a079fb3f4b2b977ca7baad510593e
CLIENT_HANDSHAKE_TRAFFIC_SECRET 6edef8b76f5dbb1bfbbf7e09a9309b6db0b656f9cf556787d23d123f96ad3e0c 8a754d85be43d1e2175765e6bf5e669d8e5b61d0d2f885a5f7b681454557520f
SERVER_TRAFFIC_SECRET_0 6edef8b76f5dbb1bfbbf7e09a9309b6db0b656f9cf556787d23d123f96ad3e0c bea3dd515a0197dc827a06f8f8bed0ee6919093ae2025c9aa6d11d4884b3c916
CLIENT_HANDSHAKE_TRAFFIC_SECRET 6edef8b76f5dbb1bfbbf7e09a9309b6db0b656f9cf556787d23d123f96ad3e0c 8a754d85be43d1e2175765e6bf5e669d8e5b61d0d2f885a5f7b681454557520f
SERVER_HANDSHAKE_TRAFFIC_SECRET 6edef8b76f5dbb1bfbbf7e09a9309b6db0b656f9cf556787d23d123f96ad3e0c 2d6d682dc03a419d60342cf962bb6913492a079fb3f4b2b977ca7baad510593e
SERVER_HANDSHAKE_TRAFFIC_SECRET 7244fb32dd97875f3b00250fd17187d327992eead5a2b3fd9c1d5c6ea0ecfda4 eeb2c32837bc8387358e1ecf3e4e621344a2637fa1d78f71c14a3cf948813a39
CLIENT_HANDSHAKE_TRAFFIC_SECRET 7244fb32dd97875f3b00250fd17187d327992eead5a2b3fd9c1d5c6ea0ecfda4 0f5f47cad99dd96581d652032f33b8d8e51e271787a46d12f57a3a9010c9a7d4
SERVER_TRAFFIC_SECRET_0 7244fb32dd97875f3b00250fd17187d327992eead5a2b3fd9c1d5c6ea0ecfda4 62082111e05cfc229658baba6811c1505400fafe05495aeb540993df562b745c
CLIENT_HANDSHAKE_TRAFFIC_SECRET 7244fb32dd97875f3b00250fd17187d327992eead5a2b3fd9c1d5c6ea0ecfda4 0f5f47cad99dd96581d652032f33b8d8e51e271787a46d12f57a3a9010c9a7d4
SERVER_HANDSHAKE_TRAFFIC_SECRET 7244fb32dd97875f3b00250fd17187d327992eead5a2b3fd9c1d5c6ea0ecfda4 eeb2c32837bc8387358e1ecf3e4e621344a2637fa1d78f71c14a3cf948813a39
CLIENT_TRAFFIC_SECRET_0 7244fb32dd97875f3b00250fd17187d327992eead5a2b3fd9c1d5c6ea0ecfda4 d4c937397fda7fd1ee958d9899e1593a5f5a9e97f1fd24275e98542a26778982
SERVER_TRAFFIC_SECRET_0 7244fb32dd97875f3b00250fd17187d327992eead5a2b3fd9c1d5c6ea0ecfda4 62082111e05cfc229658baba6811c1505400fafe05495aeb540993df562b745c
EXPORTER_SECRET 7244fb32dd97875f3b00250fd17187d327992eead5a2b3fd9c1d5c6ea0ecfda4 14000f1b79d69989b17a67036eec0810ae88f4705b18c5c6f4b533624854bdd5
SERVER_HANDSHAKE_TRAFFIC_SECRET 948b6f877e0cd36f8893dc522979bb00218a524aba9fecc5fb1993629fd83a91 ef795b8164ea2b5b160878cae60c65b931e7145198535693618860b761684df5
CLIENT_HANDSHAKE_TRAFFIC_SECRET 948b6f877e0cd36f8893dc522979bb00218a524aba9fecc5fb1993629fd83a91 ba0d55816378cdd9a3fcaebe3527c08454a5f6c12fdc28c7cba414cfc410bd46
SERVER_TRAFFIC_SECRET_0 948b6f877e0cd36f8893dc522979bb00218a524aba9fecc5fb1993629fd83a91 337483557b83987590d3bd0a23ce1806f7569c16c7be18e5a96e76f820e9ffa0
CLIENT_HANDSHAKE_TRAFFIC_SECRET 948b6f877e0cd36f8893dc522979bb00218a524aba9fecc5fb1993629fd83a91 ba0d55816378cdd9a3fcaebe3527c08454a5f6c12fdc28c7cba414cfc410bd46
SERVER_HANDSHAKE_TRAFFIC_SECRET 948b6f877e0cd36f8893dc522979bb00218a524aba9fecc5fb1993629fd83a91 ef795b8164ea2b5b160878cae60c65b931e7145198535693618860b761684df5
SERVER_HANDSHAKE_TRAFFIC_SECRET 823f2e79735eff1f2ab9d7715e97a40b28a0ef362b9cf6ab44cd1df2feb805e2 cc0033b6a21cc6e38ab3e8d20f4ec5fc4410c4093fc04380b64940003db5921c
CLIENT_HANDSHAKE_TRAFFIC_SECRET 823f2e79735eff1f2ab9d7715e97a40b28a0ef362b9cf6ab44cd1df2feb805e2 d631662fe4c304fc2a30d2225d0a4bca4776cd670b20e7ece36060bb7e1dfbff
SERVER_TRAFFIC_SECRET_0 823f2e79735eff1f2ab9d7715e97a40b28a0ef362b9cf6ab44cd1df2feb805e2 76f5b850381b8f3a495208dae31e6fc3154453aa4e100862a48a6bed13d1c627
CLIENT_HANDSHAKE_TRAFFIC_SECRET 823f2e79735eff1f2ab9d7715e97a40b28a0ef362b9cf6ab44cd1df2feb805e2 d631662fe4c304fc2a30d2225d0a4bca4776cd670b20e7ece36060bb7e1dfbff
SERVER_HANDSHAKE_TRAFFIC_SECRET 823f2e79735eff1f2ab9d7715e97a40b28a0ef362b9cf6ab44cd1df2feb805e2 cc0033b6a21cc6e38ab3e8d20f4ec5fc4410c4093fc04380b64940003db5921c
SERVER_HANDSHAKE_TRAFFIC_SECRET 6c3654cc7da610dcda84f34446d1141e88a06c85a250deffe3df43ef3721c8f9 0e99750d6c6f1190f3443d09742e666ca30aff44e2b3fa9652a4838978e25b04
CLIENT_HANDSHAKE_TRAFFIC_SECRET 6c3654cc7da610dcda84f34446d1141e88a06c85a250deffe3df43ef3721c8f9 6d0fbae9c7410071023bb2629a5751a696126e68841b057bb976527aa39a9a46
SERVER_TRAFFIC_SECRET_0 6c3654cc7da610dcda84f34446d1141e88a06c85a250deffe3df43ef3721c8f9 23a76f0f2463df9ee089de28c3a3c27b799f422c78437e0c6b61d57db53cf1ce
CLIENT_HANDSHAKE_TRAFFIC_SECRET 6c3654cc7da610dcda84f34446d1141e88a06c85a250deffe3df43ef3721c8f9 6d0fbae9c7410071023bb2629a5751a696126e68841b057bb976527aa39a9a46
SERVER_HANDSHAKE_TRAFFIC_SECRET 6c3654cc7da610dcda84f34446d1141e88a06c85a250deffe3df43ef3721c8f9 0e99750d6c6f1190f3443d09742e666ca30aff44e2b3fa9652a4838978e25b04
CLIENT_TRAFFIC_SECRET_0 6c3654cc7da610dcda84f34446d1141e88a06c85a250deffe3df43ef3721c8f9 0940cfb17d322e0dcc4d0c1c3ac8dc82763613cde7f1ea45fb1007228f8e3008
SERVER_TRAFFIC_SECRET_0 6c3654cc7da610dcda84f34446d1141e88a06c85a250deffe3df43ef3721c8f9 23a76f0f2463df9ee089de28c3a3c27b799f422c78437e0c6b61d57db53cf1ce
EXPORTER_SECRET 6c3654cc7da610dcda84f34446d1141e88a06c85a250deffe3df43ef3721c8f9 54b8197bc48ab76a05da14e81478f388918376f07e9d52986de6ba159f717e66
SERVER_HANDSHAKE_TRAFFIC_SECRET 03fd1063c70c7a676b59aea0b78770dc68fae0d3351a1af4f4b5859396bfffd0 06ae884e40bd941a5280661879adba1ca707895a113dc79c6fb1c369bf69da76
CLIENT_HANDSHAKE_TRAFFIC_SECRET 03fd1063c70c7a676b59aea0b78770dc68fae0d3351a1af4f4b5859396bfffd0 77ba56d4ea636f7af5ef3f1c39b1ef34ab76b9d390632b04d70ad09711418b51
SERVER_TRAFFIC_SECRET_0 03fd1063c70c7a676b59aea0b78770dc68fae0d3351a1af4f4b5859396bfffd0 21594b656e9580fd0a4a23a38beffc21c6c46c3b3f97c31abe377f88234b0ac5
CLIENT_HANDSHAKE_TRAFFIC_SECRET 03fd1063c70c7a676b59aea0b78770dc68fae0d3351a1af4f4b5859396bfffd0 77ba56d4ea636f7af5ef3f1c39b1ef34ab76b9d390632b04d70ad09711418b51
SERVER_HANDSHAKE_TRAFFIC_SECRET 03fd1063c70c7a676b59aea0b78770dc68fae0d3351a1af4f4b5859396bfffd0 06ae884e40bd941a5280661879adba1ca707895a113dc79c6fb1c369bf69da76
SERVER_HANDSHAKE_TRAFFIC_SECRET 15c8c586909d648de4320ecf3edf93e6fde73b6025a0973dce9b9d5141a340ed 845b88d431f63234d992165b0f510c83490e3b18fcf0b5291a360cce3d8dcbd4
CLIENT_HANDSHAKE_TRAFFIC_SECRET 15c8c586909d648de4320ecf3edf93e6fde73b6025a0973dce9b9d5141a340ed 4a95f572199899381b6fede10b898575e86480bf0b5c346b4bc1c99b7409e917
SERVER_TRAFFIC_SECRET_0 15c8c586909d648de4320ecf3edf93e6fde73b6025a0973dce9b9d5141a340ed 8a1591cdd64dff45665aafb0b1ce3ae5dfe1c1b9a5fd4600cf50c3c230887d16
SERVER_HANDSHAKE_TRAFFIC_SECRET d83b2a01598e7d627f4894ad0b87d5c718488a2d02ce68fa3e5bdfc4d72c3f46 7044529c7a2bed2b501fde6834091d28f5e33e792008abb6e1a82e383371be12
CLIENT_HANDSHAKE_TRAFFIC_SECRET d83b2a01598e7d627f4894ad0b87d5c718488a2d02ce68fa3e5bdfc4d72c3f46 8a84e7f59f95086d101163519e3cb5f07e4a0470668a9e29e370ed4a67a13f81
SERVER_TRAFFIC_SECRET_0 d83b2a01598e7d627f4894ad0b87d5c718488a2d02ce68fa3e5bdfc4d72c3f46 dd520af469e38f9879cef55e0bf053eeeaa7f092ce0a3b04cbe17fb4e5154cb1
CLIENT_HANDSHAKE_TRAFFIC_SECRET d83b2a01598e7d627f4894ad0b87d5c718488a2d02ce68fa3e5bdfc4d72c3f46 8a84e7f59f95086d101163519e3cb5f07e4a0470668a9e29e370ed4a67a13f81
SERVER_HANDSHAKE_TRAFFIC_SECRET d83b2a01598e7d627f4894ad0b87d5c718488a2d02ce68fa3e5bdfc4d72c3f46 7044529c7a2bed2b501fde6834091d28f5e33e792008abb6e1a82e383371be12
SERVER_HANDSHAKE_TRAFFIC_SECRET ee93d0bc429c52a41d1fa82836aa86075fd8872a2b664fadffdfb21295edfca6 2b8b7015de24d1944f45978f6d2f27ee0d7d3c7f1ac5a1db967494d27e2456e3
CLIENT_HANDSHAKE_TRAFFIC_SECRET ee93d0bc429c52a41d1fa82836aa86075fd8872a2b664fadffdfb21295edfca6 00458bc4c86270823bc9b1d20a6c0a32fe14b6a8b31a246fab442ea5376ebf24
SERVER_TRAFFIC_SECRET_0 ee93d0bc429c52a41d1fa82836aa86075fd8872a2b664fadffdfb21295edfca6 ac899049c7b9f25f023b35b9bb01d698b7e52325e03dbb21399ad610b22e7a00
CLIENT_HANDSHAKE_TRAFFIC_SECRET ee93d0bc429c52a41d1fa82836aa86075fd8872a2b664fadffdfb21295edfca6 00458bc4c86270823bc9b1d20a6c0a32fe14b6a8b31a246fab442ea5376ebf24
SERVER_HANDSHAKE_TRAFFIC_SECRET ee93d0bc429c52a41d1fa82836aa86075fd8872a2b664fadffdfb21295edfca6 2b8b7015de24d1944f45978f6d2f27ee0d7d3c7f1ac5a1db967494d27e2456e3
SERVER_HANDSHAKE_TRAFFIC_SECRET 9130999cc13305597d1987da852ffb0237d3843b50d719cb4195cddf9c3a0aed 8bb20a94b13b0ee94ecc97239e6778955e9339329d30f9525c868d3d97d22170
CLIENT_HANDSHAKE_TRAFFIC_SECRET 9130999cc13305597d1987da852ffb0237d3843b50d719cb4195cddf9c3a0aed d10e343deb40a8270ddeb1d2fb6808878de8689b2e3675a0f1ba9eb95502ea61
SERVER_TRAFFIC_SECRET_0 9130999cc13305597d1987da852ffb0237d3843b50d719cb4195cddf9c3a0aed 43fe6ccdb809ad77cbb78c33ae9181f944b5eeca04b27b3f451c9a47aaff7c83
CLIENT_HANDSHAKE_TRAFFIC_SECRET 9130999cc13305597d1987da852ffb0237d3843b50d719cb4195cddf9c3a0aed d10e343deb40a8270ddeb1d2fb6808878de8689b2e3675a0f1ba9eb95502ea61
SERVER_HANDSHAKE_TRAFFIC_SECRET 9130999cc13305597d1987da852ffb0237d3843b50d719cb4195cddf9c3a0aed 8bb20a94b13b0ee94ecc97239e6778955e9339329d30f9525c868d3d97d22170
CLIENT_TRAFFIC_SECRET_0 9130999cc13305597d1987da852ffb0237d3843b50d719cb4195cddf9c3a0aed 0c8ef49d094e9cfb4e8dd252b0a4f7ae45fbd07ea112018b8f30497dd6e71b1e
SERVER_TRAFFIC_SECRET_0 9130999cc13305597d1987da852ffb0237d3843b50d719cb4195cddf9c3a0aed 43fe6ccdb809ad77cbb78c33ae9181f944b5eeca04b27b3f451c9a47aaff7c83
EXPORTER_SECRET 9130999cc13305597d1987da852ffb0237d3843b50d719cb4195cddf9c3a0aed 4d168fa6c13cb78793f9c2772b9256c5199dfa2ca2c8ee585ab606ec3f50a387
SERVER_HANDSHAKE_TRAFFIC_SECRET 6562d180788252baad1435a363d7e991487a29cbec641d10f55b56ebcd37c928 811a8e592f71f5993d9b76b0dedaf27142de05e0fbe3780b76966c8cd41f49f0
CLIENT_HANDSHAKE_TRAFFIC_SECRET 6562d180788252baad1435a363d7e991487a29cbec641d10f55b56ebcd37c928 8c04f656ba3e38806dbeb9aacec58e7d1de2aca9b48fae347f624178dd70d178
SERVER_TRAFFIC_SECRET_0 6562d180788252baad1435a363d7e991487a29cbec641d10f55b56ebcd37c928 a7ab9e003263f6fdedd9ef9b3390481295819fe413fe20f49c83299c4faae484
CLIENT_HANDSHAKE_TRAFFIC_SECRET 6562d180788252baad1435a363d7e991487a29cbec641d10f55b56ebcd37c928 8c04f656ba3e38806dbeb9aacec58e7d1de2aca9b48fae347f624178dd70d178
SERVER_HANDSHAKE_TRAFFIC_SECRET 6562d180788252baad1435a363d7e991487a29cbec641d10f55b56ebcd37c928 811a8e592f71f5993d9b76b0dedaf27142de05e0fbe3780b76966c8cd41f49f0
SERVER_HANDSHAKE_TRAFFIC_SECRET 0e744858d4f4f2089456d1a9526a4e7bb2336cf343b41378bd2329bcf4813e1b c78c204ae70289f8d4a058eca3e7b3c22275652f3df8f07f7e37704a31c425fb
CLIENT_HANDSHAKE_TRAFFIC_SECRET 0e744858d4f4f2089456d1a9526a4e7bb2336cf343b41378bd2329bcf4813e1b fe54e165e4fd6fb632dadbc09dc3c7d6b0abe5c2c6e5b77df7143813c5bb1f0f
SERVER_TRAFFIC_SECRET_0 0e744858d4f4f2089456d1a9526a4e7bb2336cf343b41378bd2329bcf4813e1b c84f49425df1dde2c982e81944611370a6f4b75fad193fd8e63fc3a3def3af08
CLIENT_HANDSHAKE_TRAFFIC_SECRET 0e744858d4f4f2089456d1a9526a4e7bb2336cf343b41378bd2329bcf4813e1b fe54e165e4fd6fb632dadbc09dc3c7d6b0abe5c2c6e5b77df7143813c5bb1f0f
SERVER_HANDSHAKE_TRAFFIC_SECRET 0e744858d4f4f2089456d1a9526a4e7bb2336cf343b41378bd2329bcf4813e1b c78c204ae70289f8d4a058eca3e7b3c22275652f3df8f07f7e37704a31c425fb
CLIENT_TRAFFIC_SECRET_0 0e744858d4f4f2089456d1a9526a4e7bb2336cf343b41378bd2329bcf4813e1b 8d51e0a4305c4918d712aa2d82bf41f78acac906e00f3bf85c93a7994006fcca
SERVER_TRAFFIC_SECRET_0 0e744858d4f4f2089456d1a9526a4e7bb2336cf343b41378bd2329bcf4813e1b c84f49425df1dde2c982e81944611370a6f4b75fad193fd8e63fc3a3def3af08
EXPORTER_SECRET 0e744858d4f4f2089456d1a9526a4e7bb2336cf343b41378bd2329bcf4813e1b dd9e61526dfe875dd3676b549995519df1db06cba25fd5b7a46f94324ce9c907
SERVER_HANDSHAKE_TRAFFIC_SECRET afb62a16f1a0e21e0a1582e2d814b1a8cb37117e77b94f229d498f050d044d66 8df0b0832d809d91e3dfd618a9276e0c78576ee0b9c89e524b9e92c0965d12df
CLIENT_HANDSHAKE_TRAFFIC_SECRET afb62a16f1a0e21e0a1582e2d814b1a8cb37117e77b94f229d498f050d044d66 a3b876920d65e8dee1e8148d28ae13f53ba8ca27b0aff2d81ec87a487f90a5a0
SERVER_TRAFFIC_SECRET_0 afb62a16f1a0e21e0a1582e2d814b1a8cb37117e77b94f229d498f050d044d66 220d9f6628006e811252a0dfa3d5a0738cded7dbc64d1351490d7715e62ebdaf
CLIENT_HANDSHAKE_TRAFFIC_SECRET afb62a16f1a0e21e0a1582e2d814b1a8cb37117e77b94f229d498f050d044d66 a3b876920d65e8dee1e8148d28ae13f53ba8ca27b0aff2d81ec87a487f90a5a0
SERVER_HANDSHAKE_TRAFFIC_SECRET afb62a16f1a0e21e0a1582e2d814b1a8cb37117e77b94f229d498f050d044d66 8df0b0832d809d91e3dfd618a9276e0c78576ee0b9c89e524b9e92c0965d12df
SERVER_HANDSHAKE_TRAFFIC_SECRET f30a2c9e765a6f7edfa70b8b777fc692bf7cc132ee57a6019a99452355305adc 1593369c8f8bdf17ee2d79318f59b6ff59505f8d2173cfc6e294a4374f1fd106
CLIENT_HANDSHAKE_TRAFFIC_SECRET f30a2c9e765a6f7edfa70b8b777fc692bf7cc132ee57a6019a99452355305adc 822a6ada51008dabf5ee5855ca0b1add5901f7e0a0f977bbbf57b36ee54c5d9b
SERVER_TRAFFIC_SECRET_0 f30a2c9e765a6f7edfa70b8b777fc692bf7cc132ee57a6019a99452355305adc b66d7f4043014ae454d90f3c51bfeb84a49b88f82c6d7375a3e303d82ef4bc03
CLIENT_HANDSHAKE_TRAFFIC_SECRET f30a2c9e765a6f7edfa70b8b777fc692bf7cc132ee57a6019a99452355305adc 822a6ada51008dabf5ee5855ca0b1add5901f7e0a0f977bbbf57b36ee54c5d9b
SERVER_HANDSHAKE_TRAFFIC_SECRET f30a2c9e765a6f7edfa70b8b777fc692bf7cc132ee57a6019a99452355305adc 1593369c8f8bdf17ee2d79318f59b6ff59505f8d2173cfc6e294a4374f1fd106
SERVER_HANDSHAKE_TRAFFIC_SECRET e7b3bc705c2ae242c4ac502bf686b4d85bf659e33be4726b63db4f40b6252613 c9a6aeb30a4a1c68d3cefaba335e0fe1d7febf6b8ca52fbc4c950df3d7ef71fd
CLIENT_HANDSHAKE_TRAFFIC_SECRET e7b3bc705c2ae242c4ac502bf686b4d85bf659e33be4726b63db4f40b6252613 ef4a1c0839dc774badbdbe99833c63012df9117e48b608af7e1917fbb80002ee
SERVER_TRAFFIC_SECRET_0 e7b3bc705c2ae242c4ac502bf686b4d85bf659e33be4726b63db4f40b6252613 d8334e345edbaae4c156951e68d0e5ccf47e3c8c362d02561cd36945bc899153
SERVER_HANDSHAKE_TRAFFIC_SECRET edc51479225b43f21bec248fa44ee4a4347cdfb340bde7a699cb0c66e9c9f5cd b746d23baef5b9ceadf3e1be492af780b23983e9232b01d8caa9612f5a7fb4c7
CLIENT_HANDSHAKE_TRAFFIC_SECRET edc51479225b43f21bec248fa44ee4a4347cdfb340bde7a699cb0c66e9c9f5cd ca7946a15157db876fafaf1d7caf6b8f4d76d09fd5c5596e511b1b2c1410cc38
SERVER_TRAFFIC_SECRET_0 edc51479225b43f21bec248fa44ee4a4347cdfb340bde7a699cb0c66e9c9f5cd d0d76bb9546165b3aaa33016ab2a9e2fa95d16180f642414f8bcc391b80e904f
SERVER_HANDSHAKE_TRAFFIC_SECRET 9f610fa1f78cf8628a4630470e99b826921e4592649bcd239aebe327de6350af 81c5c0febe69bcb0b78dd05024eaf9280a6f55728ab3cbb7e47581703fee98bf
CLIENT_HANDSHAKE_TRAFFIC_SECRET 9f610fa1f78cf8628a4630470e99b826921e4592649bcd239aebe327de6350af 0319ec35fc40f61db40eed9c2281543d825bfcf661f5b31324ce21849acfd82a
SERVER_TRAFFIC_SECRET_0 9f610fa1f78cf8628a4630470e99b826921e4592649bcd239aebe327de6350af 046898248628a8697c2530e0c51068882b4afe7a934979760a9204cf478be08d
CLIENT_HANDSHAKE_TRAFFIC_SECRET 9f610fa1f78cf8628a4630470e99b826921e4592649bcd239aebe327de6350af 0319ec35fc40f61db40eed9c2281543d825bfcf661f5b31324ce21849acfd82a
SERVER_HANDSHAKE_TRAFFIC_SECRET 9f610fa1f78cf8628a4630470e99b826921e4592649bcd239aebe327de6350af 81c5c0febe69bcb0b78dd05024eaf9280a6f55728ab3cbb7e47581703fee98bf
SERVER_HANDSHAKE_TRAFFIC_SECRET 04e009ddf4d18d673e6b116fd2bd2def794e46a27b92c8aca8737931bcc1e56f 3dace7ec7153c1fc0c68390fc43820422809bf9806cb1ea5080072e51f220c08
CLIENT_HANDSHAKE_TRAFFIC_SECRET 04e009ddf4d18d673e6b116fd2bd2def794e46a27b92c8aca8737931bcc1e56f 2c343704d3c11c9e8f916732a64b9634563a13406c24f1e7de028558e37a063a
SERVER_TRAFFIC_SECRET_0 04e009ddf4d18d673e6b116fd2bd2def794e46a27b92c8aca8737931bcc1e56f baaee2c4c69f624b1e60665ef2c4f6ce5d62ff0a6b0dcb71d103d2dc65733349
SERVER_HANDSHAKE_TRAFFIC_SECRET ef8ee81c4aeec429f894608abaf77833d303aadb784b8268dbc87b516b91d5cb aa02f38544567444a8155e41e19f55aa107145db6dd9f79769c58ed79b9c3731
CLIENT_HANDSHAKE_TRAFFIC_SECRET ef8ee81c4aeec429f894608abaf77833d303aadb784b8268dbc87b516b91d5cb daf550b92c9a6bd13ecbb1ac38e4098b8b34476d28d77551ca2b6e304e28dccb
SERVER_TRAFFIC_SECRET_0 ef8ee81c4aeec429f894608abaf77833d303aadb784b8268dbc87b516b91d5cb 98feabce052099f6d79f807660d7265cf15ba38c3e2e2c5a06e33719f33c8149
CLIENT_HANDSHAKE_TRAFFIC_SECRET ef8ee81c4aeec429f894608abaf77833d303aadb784b8268dbc87b516b91d5cb daf550b92c9a6bd13ecbb1ac38e4098b8b34476d28d77551ca2b6e304e28dccb
SERVER_HANDSHAKE_TRAFFIC_SECRET ef8ee81c4aeec429f894608abaf77833d303aadb784b8268dbc87b516b91d5cb aa02f38544567444a8155e41e19f55aa107145db6dd9f79769c58ed79b9c3731
SERVER_HANDSHAKE_TRAFFIC_SECRET 0c3b446eaea1a2ca1e44a26d667d0816e6703bdd4dcc2d06ec345da5a956bc1e eee8b176a782d442368e38c9f15724f410880c93b71ed65571e9db45b8edc76d
CLIENT_HANDSHAKE_TRAFFIC_SECRET 0c3b446eaea1a2ca1e44a26d667d0816e6703bdd4dcc2d06ec345da5a956bc1e c06b888e34a23c56c0e167e700d6b5f059eb932657bfe43ac4138b6d95cacc2f
SERVER_TRAFFIC_SECRET_0 0c3b446eaea1a2ca1e44a26d667d0816e6703bdd4dcc2d06ec345da5a956bc1e bedc60f14f49c2d6019d0600e4f2b7c778dc22b85a86b933948a168fd9026457
CLIENT_HANDSHAKE_TRAFFIC_SECRET 0c3b446eaea1a2ca1e44a26d667d0816e6703bdd4dcc2d06ec345da5a956bc1e c06b888e34a23c56c0e167e700d6b5f059eb932657bfe43ac4138b6d95cacc2f
SERVER_HANDSHAKE_TRAFFIC_SECRET 0c3b446eaea1a2ca1e44a26d667d0816e6703bdd4dcc2d06ec345da5a956bc1e eee8b176a782d442368e38c9f15724f410880c93b71ed65571e9db45b8edc76d
SERVER_HANDSHAKE_TRAFFIC_SECRET 15ccba849bd1e28ee2d7878c15d2b467d175bbd97f50969746e24dc96293f924 66fe1cf2e6fbf1ffd7b177396e9c02058af7b59e60e381585673e60aa049703f
CLIENT_HANDSHAKE_TRAFFIC_SECRET 15ccba849bd1e28ee2d7878c15d2b467d175bbd97f50969746e24dc96293f924 5bfbd3c8e82bc62737506d2615b9ac2b8d1ed2d43b1968057a8bc6147b2aced3
SERVER_TRAFFIC_SECRET_0 15ccba849bd1e28ee2d7878c15d2b467d175bbd97f50969746e24dc96293f924 84e991a55cc4b8597bb4bbbcbddcfb707d6b35b3407c3fc8a7b2d9d7a69fb136
CLIENT_HANDSHAKE_TRAFFIC_SECRET 15ccba849bd1e28ee2d7878c15d2b467d175bbd97f50969746e24dc96293f924 5bfbd3c8e82bc62737506d2615b9ac2b8d1ed2d43b1968057a8bc6147b2aced3
SERVER_HANDSHAKE_TRAFFIC_SECRET 15ccba849bd1e28ee2d7878c15d2b467d175bbd97f50969746e24dc96293f924 66fe1cf2e6fbf1ffd7b177396e9c02058af7b59e60e381585673e60aa049703f
SERVER_HANDSHAKE_TRAFFIC_SECRET 03dd4d0f3b5c268fab5f3a4051ee5db186dc5df07fd13ca87b4736bd3e29e703 2639b990a74aa98eb670377102521150cceb01138cf16016fa34d1bf3acbd51c
CLIENT_HANDSHAKE_TRAFFIC_SECRET 03dd4d0f3b5c268fab5f3a4051ee5db186dc5df07fd13ca87b4736bd3e29e703 37a4c3097f4934b96b327f4f3a344d2fa528d28aeb6708ab3cb6f67a29ba381f
SERVER_TRAFFIC_SECRET_0 03dd4d0f3b5c268fab5f3a4051ee5db186dc5df07fd13ca87b4736bd3e29e703 d4da4f88dffad7ff6f360ddd5edbfe64f48913d7700f0c410747a7dde4b816e3
CLIENT_HANDSHAKE_TRAFFIC_SECRET 03dd4d0f3b5c268fab5f3a4051ee5db186dc5df07fd13ca87b4736bd3e29e703 37a4c3097f4934b96b327f4f3a344d2fa528d28aeb6708ab3cb6f67a29ba381f
SERVER_HANDSHAKE_TRAFFIC_SECRET 03dd4d0f3b5c268fab5f3a4051ee5db186dc5df07fd13ca87b4736bd3e29e703 2639b990a74aa98eb670377102521150cceb01138cf16016fa34d1bf3acbd51c
SERVER_HANDSHAKE_TRAFFIC_SECRET c7dc2650839240c10d66135bd633630d9be20bdc5f384e6e7aa350706bba7cf5 b0667b1866249ac6149948801058c06ef5f6766a00a6e1c1f62ac8446f9ac48e
CLIENT_HANDSHAKE_TRAFFIC_SECRET c7dc2650839240c10d66135bd633630d9be20bdc5f384e6e7aa350706bba7cf5 8adbf52500babc173754cb80d97c259612b40524da0f5bc635c9c13a41df976c
SERVER_TRAFFIC_SECRET_0 c7dc2650839240c10d66135bd633630d9be20bdc5f384e6e7aa350706bba7cf5 fd8d0eb688454382836b7a5fdc69727654565811e90fb94215c566ab1904202b
CLIENT_HANDSHAKE_TRAFFIC_SECRET c7dc2650839240c10d66135bd633630d9be20bdc5f384e6e7aa350706bba7cf5 8adbf52500babc173754cb80d97c259612b40524da0f5bc635c9c13a41df976c
SERVER_HANDSHAKE_TRAFFIC_SECRET c7dc2650839240c10d66135bd633630d9be20bdc5f384e6e7aa350706bba7cf5 b0667b1866249ac6149948801058c06ef5f6766a00a6e1c1f62ac8446f9ac48e
SERVER_HANDSHAKE_TRAFFIC_SECRET f7bfb94bd2e58191023f809625e24ddf6dbc539ea9ed0775bacb9c12c0509349 e3ef50e3eb33dfc604d2365c58d88ebd072373a13f1dabcd4e0e4aabe6d6cdaf
CLIENT_HANDSHAKE_TRAFFIC_SECRET f7bfb94bd2e58191023f809625e24ddf6dbc539ea9ed0775bacb9c12c0509349 65d732981629a67e471dd575f265fc4cf0d2b4ae33bd06e7a4eb4c851871ecab
SERVER_TRAFFIC_SECRET_0 f7bfb94bd2e58191023f809625e24ddf6dbc539ea9ed0775bacb9c12c0509349 719324f06b3f5491d2fec260c23e94fb25203a7799946f03afd6786b0f898810
CLIENT_HANDSHAKE_TRAFFIC_SECRET f7bfb94bd2e58191023f809625e24ddf6dbc539ea9ed0775bacb9c12c0509349 65d732981629a67e471dd575f265fc4cf0d2b4ae33bd06e7a4eb4c851871ecab
SERVER_HANDSHAKE_TRAFFIC_SECRET f7bfb94bd2e58191023f809625e24ddf6dbc539ea9ed0775bacb9c12c0509349 e3ef50e3eb33dfc604d2365c58d88ebd072373a13f1dabcd4e0e4aabe6d6cdaf
SERVER_HANDSHAKE_TRAFFIC_SECRET cff1ece9a6135c03280d013d257c4878fb0ae8acd35fb9c8d3392f57d1bc58ba ec71741686c9f1d5158d3ab43f8fcccea7ea81bce14c9a65e7c144625ffa6bc3
CLIENT_HANDSHAKE_TRAFFIC_SECRET cff1ece9a6135c03280d013d257c4878fb0ae8acd35fb9c8d3392f57d1bc58ba 48ab585897e9c9ff85f00e2bee1db3d929f6613997f26701b5d67cbb6360a6e8
SERVER_TRAFFIC_SECRET_0 cff1ece9a6135c03280d013d257c4878fb0ae8acd35fb9c8d3392f57d1bc58ba d4a30b61038ab0a6c55fd7637c4c72f3339e641448ff58b7a62c1b267a899695
CLIENT_HANDSHAKE_TRAFFIC_SECRET cff1ece9a6135c03280d013d257c4878fb0ae8acd35fb9c8d3392f57d1bc58ba 48ab585897e9c9ff85f00e2bee1db3d929f6613997f26701b5d67cbb6360a6e8
SERVER_HANDSHAKE_TRAFFIC_SECRET cff1ece9a6135c03280d013d257c4878fb0ae8acd35fb9c8d3392f57d1bc58ba ec71741686c9f1d5158d3ab43f8fcccea7ea81bce14c9a65e7c144625ffa6bc3
SERVER_HANDSHAKE_TRAFFIC_SECRET b559196023fe5816d05a8f2dddcb702269776feb12767079d9950e48886b507f bfbf56625a8c1a73e6d0f3a167ccb5abd32ad4e120b3e2e503c3f84cc0770687
CLIENT_HANDSHAKE_TRAFFIC_SECRET b559196023fe5816d05a8f2dddcb702269776feb12767079d9950e48886b507f 9c5e95c84d7d03a7d664923aa1387d0be83f19160c0efc056e0f77d3948216d7
SERVER_TRAFFIC_SECRET_0 b559196023fe5816d05a8f2dddcb702269776feb12767079d9950e48886b507f 894808cb80b02fd17fa1e8597e4ca8f364f5a578873f4000b8dfff248e8f211a
CLIENT_HANDSHAKE_TRAFFIC_SECRET b559196023fe5816d05a8f2dddcb702269776feb12767079d9950e48886b507f 9c5e95c84d7d03a7d664923aa1387d0be83f19160c0efc056e0f77d3948216d7
SERVER_HANDSHAKE_TRAFFIC_SECRET b559196023fe5816d05a8f2dddcb702269776feb12767079d9950e48886b507f bfbf56625a8c1a73e6d0f3a167ccb5abd32ad4e120b3e2e503c3f84cc0770687
SERVER_HANDSHAKE_TRAFFIC_SECRET d0d52869592e663cc778eccbea5be9dc5a59b6a6d8fc443eefb34c99f3b710d0 91d6704224f645ba6b394307e43971d8c4e0dfad93b0943a35f13089318706cc
CLIENT_HANDSHAKE_TRAFFIC_SECRET d0d52869592e663cc778eccbea5be9dc5a59b6a6d8fc443eefb34c99f3b710d0 0b675acdc4e3df2ace8296ce94635205bb69e887239b0bdb0400974de96451c9
SERVER_TRAFFIC_SECRET_0 d0d52869592e663cc778eccbea5be9dc5a59b6a6d8fc443eefb34c99f3b710d0 3b92aa75f6bc86697949c8ffa0b100d0e5781ff7cb23af94498f56e4508bfb11
CLIENT_HANDSHAKE_TRAFFIC_SECRET d0d52869592e663cc778eccbea5be9dc5a59b6a6d8fc443eefb34c99f3b710d0 0b675acdc4e3df2ace8296ce94635205bb69e887239b0bdb0400974de96451c9
SERVER_HANDSHAKE_TRAFFIC_SECRET d0d52869592e663cc778eccbea5be9dc5a59b6a6d8fc443eefb34c99f3b710d0 91d6704224f645ba6b394307e43971d8c4e0dfad93b0943a35f13089318706cc
SERVER_HANDSHAKE_TRAFFIC_SECRET fdefade630794790c2e3abb3cbe5e1e9f476810472d6b9f4e5e748b52ce309fe 85abaae8b527acefd870323b6e1b12c9a1950795c284350a3a36edc9700c816b
CLIENT_HANDSHAKE_TRAFFIC_SECRET fdefade630794790c2e3abb3cbe5e1e9f476810472d6b9f4e5e748b52ce309fe 0ca879864babfd5d5d7d45e3d373995ddb66ee20266065d800a7fcb021eb75bc
SERVER_TRAFFIC_SECRET_0 fdefade630794790c2e3abb3cbe5e1e9f476810472d6b9f4e5e748b52ce309fe be14ed9d731155113718c76b1bd4098f1001416e6317045305021643738e0bc9
CLIENT_HANDSHAKE_TRAFFIC_SECRET fdefade630794790c2e3abb3cbe5e1e9f476810472d6b9f4e5e748b52ce309fe 0ca879864babfd5d5d7d45e3d373995ddb66ee20266065d800a7fcb021eb75bc
SERVER_HANDSHAKE_TRAFFIC_SECRET fdefade630794790c2e3abb3cbe5e1e9f476810472d6b9f4e5e748b52ce309fe 85abaae8b527acefd870323b6e1b12c9a1950795c284350a3a36edc9700c816b
SERVER_HANDSHAKE_TRAFFIC_SECRET 4527b1eefa7e163c542674a550821646887d081c80a407f06356ba226f9cdce1 fa07ea0f04b2013245d6b6c569b535e7f5685f60061805de56efc10341f79f6c
CLIENT_HANDSHAKE_TRAFFIC_SECRET 4527b1eefa7e163c542674a550821646887d081c80a407f06356ba226f9cdce1 04ae95dd18414496f5b91b73b39e0e2402c8559c8d4b17efe6ab005ded453188
SERVER_TRAFFIC_SECRET_0 4527b1eefa7e163c542674a550821646887d081c80a407f06356ba226f9cdce1 08f89ec283f3f8a8fa8393e7c58b6b3ee5c70c97c6f4c1a79f4c72215c5a9684
SERVER_HANDSHAKE_TRAFFIC_SECRET d1c8411c218226ca3d64f31a83477817aa839e7924c854feab81fd21770c6572 89010570c79cb7c9b0d5eb221d3e53dd3b0432ffee430c52a5c184856cfe306e
CLIENT_HANDSHAKE_TRAFFIC_SECRET d1c8411c218226ca3d64f31a83477817aa839e7924c854feab81fd21770c6572 82bcfe200f6546300b7e3f23d9471fe77c3486c8e238742980d543488d1cbd0d
SERVER_TRAFFIC_SECRET_0 d1c8411c218226ca3d64f31a83477817aa839e7924c854feab81fd21770c6572 92f3c1b2cb3af05e18c4a67c97aa5c7dd67305b6866a146e345fae0b04dceb30
CLIENT_HANDSHAKE_TRAFFIC_SECRET d1c8411c218226ca3d64f31a83477817aa839e7924c854feab81fd21770c6572 82bcfe200f6546300b7e3f23d9471fe77c3486c8e238742980d543488d1cbd0d
SERVER_HANDSHAKE_TRAFFIC_SECRET d1c8411c218226ca3d64f31a83477817aa839e7924c854feab81fd21770c6572 89010570c79cb7c9b0d5eb221d3e53dd3b0432ffee430c52a5c184856cfe306e
SERVER_HANDSHAKE_TRAFFIC_SECRET 37018f4118172cabf3a06d8c5c441d37c70bcb8ce7431bfd49e809338b7ea277 7aeab7b497e618820f9565a7e802f1c734677d3929f720fb9b28212bdca0cfa6
CLIENT_HANDSHAKE_TRAFFIC_SECRET 37018f4118172cabf3a06d8c5c441d37c70bcb8ce7431bfd49e809338b7ea277 b886c36c804e372c1086e06653934fa360e8f87154a14adfc31b9d22e7c1a18c
SERVER_TRAFFIC_SECRET_0 37018f4118172cabf3a06d8c5c441d37c70bcb8ce7431bfd49e809338b7ea277 48a0b9a736614d887898a6976e7072a1b132bb057d49038abaac9281a535e1bb
CLIENT_HANDSHAKE_TRAFFIC_SECRET 37018f4118172cabf3a06d8c5c441d37c70bcb8ce7431bfd49e809338b7ea277 b886c36c804e372c1086e06653934fa360e8f87154a14adfc31b9d22e7c1a18c
SERVER_HANDSHAKE_TRAFFIC_SECRET 37018f4118172cabf3a06d8c5c441d37c70bcb8ce7431bfd49e809338b7ea277 7aeab7b497e618820f9565a7e802f1c734677d3929f720fb9b28212bdca0cfa6
SERVER_HANDSHAKE_TRAFFIC_SECRET 0ed2871b0b7da3119140686a8ac0d5702f7e177fb582b5e6c7032420329539e8 36d5a77ba083a48e20c020e931ac8117bf3a30225d2c04a75b75efdb4f773900
CLIENT_HANDSHAKE_TRAFFIC_SECRET 0ed2871b0b7da3119140686a8ac0d5702f7e177fb582b5e6c7032420329539e8 1e1138a7928e8d7a4d9a3a47eebfd85597bd946d14b25ecf245a29ae541f2f5e
SERVER_TRAFFIC_SECRET_0 0ed2871b0b7da3119140686a8ac0d5702f7e177fb582b5e6c7032420329539e8 a54e38f22294e1fabee8525b1c7a2169efc492331e41ec5150557a200fb1fdfc
CLIENT_HANDSHAKE_TRAFFIC_SECRET 0ed2871b0b7da3119140686a8ac0d5702f7e177fb582b5e6c7032420329539e8 1e1138a7928e8d7a4d9a3a47eebfd85597bd946d14b25ecf245a29ae541f2f5e
SERVER_HANDSHAKE_TRAFFIC_SECRET 0ed2871b0b7da3119140686a8ac0d5702f7e177fb582b5e6c7032420329539e8 36d5a77ba083a48e20c020e931ac8117bf3a30225d2c04a75b75efdb4f773900
SERVER_HANDSHAKE_TRAFFIC_SECRET e51eadd0df5324040ffccc84d6b12917557b3a1570083c635d26deef453de197 81ba2bcf489aadab6c898625c873048a1b6adbb3945c9ad5babd2afee424732d
CLIENT_HANDSHAKE_TRAFFIC_SECRET e51eadd0df5324040ffccc84d6b12917557b3a1570083c635d26deef453de197 f4b6ebe710c9fd8aaf4f23f45f1914167f48937d433eced1cbac827fda05760e
SERVER_TRAFFIC_SECRET_0 e51eadd0df5324040ffccc84d6b12917557b3a1570083c635d26deef453de197 958e393c01128dbb536354fce70451f398fa985c017a9ca0147fd379331af24d
CLIENT_HANDSHAKE_TRAFFIC_SECRET e51eadd0df5324040ffccc84d6b12917557b3a1570083c635d26deef453de197 f4b6ebe710c9fd8aaf4f23f45f1914167f48937d433eced1cbac827fda05760e
SERVER_HANDSHAKE_TRAFFIC_SECRET e51eadd0df5324040ffccc84d6b12917557b3a1570083c635d26deef453de197 81ba2bcf489aadab6c898625c873048a1b6adbb3945c9ad5babd2afee424732d
SERVER_HANDSHAKE_TRAFFIC_SECRET 770eba2d8b10822ee99f69d2559e8aeda18b5e56bdfba95dd325d4123b182d94 99fe33e7df0eeca56b681d31a2f6359585c492982dfd823497505baea14d851d
CLIENT_HANDSHAKE_TRAFFIC_SECRET 770eba2d8b10822ee99f69d2559e8aeda18b5e56bdfba95dd325d4123b182d94 866901190287885c90b8c29e7d5e54e646c6ba43389bd93d3ac155c9fb157077
SERVER_TRAFFIC_SECRET_0 770eba2d8b10822ee99f69d2559e8aeda18b5e56bdfba95dd325d4123b182d94 5d0ee74b890cf64f6955a2391855cdc04d4dfe1e8ff976188bb63de59c2b909b
CLIENT_HANDSHAKE_TRAFFIC_SECRET 770eba2d8b10822ee99f69d2559e8aeda18b5e56bdfba95dd325d4123b182d94 866901190287885c90b8c29e7d5e54e646c6ba43389bd93d3ac155c9fb157077
SERVER_HANDSHAKE_TRAFFIC_SECRET 770eba2d8b10822ee99f69d2559e8aeda18b5e56bdfba95dd325d4123b182d94 99fe33e7df0eeca56b681d31a2f6359585c492982dfd823497505baea14d851d
SERVER_HANDSHAKE_TRAFFIC_SECRET 7cfef283b6ed4291403cbec0d21c993655c10f2143d5586244589328b8b449b4 75a585c7e013d2c1262f7cdc6e821cc61b861afdb37f87e76ae423615e181d33
CLIENT_HANDSHAKE_TRAFFIC_SECRET 7cfef283b6ed4291403cbec0d21c993655c10f2143d5586244589328b8b449b4 ca628b98e41793b9d17d8a238cac4cc954113b61b18641be8f4eb2b74c5db2f8
SERVER_TRAFFIC_SECRET_0 7cfef283b6ed4291403cbec0d21c993655c10f2143d5586244589328b8b449b4 af6b11faef31a82dc00c21290dafb6b633485f02ceda59a2668a0f69d1f21dc8
CLIENT_HANDSHAKE_TRAFFIC_SECRET 7cfef283b6ed4291403cbec0d21c993655c10f2143d5586244589328b8b449b4 ca628b98e41793b9d17d8a238cac4cc954113b61b18641be8f4eb2b74c5db2f8
SERVER_HANDSHAKE_TRAFFIC_SECRET 7cfef283b6ed4291403cbec0d21c993655c10f2143d5586244589328b8b449b4 75a585c7e013d2c1262f7cdc6e821cc61b861afdb37f87e76ae423615e181d33
SERVER_HANDSHAKE_TRAFFIC_SECRET 350638ef73577f443ae7d714bb38646dff02be83515f52911cdcffe52479373c 18d673c8168dfbce81b5f7ab493816378e2e829133fe33405692cd383f3088c8
CLIENT_HANDSHAKE_TRAFFIC_SECRET 350638ef73577f443ae7d714bb38646dff02be83515f52911cdcffe52479373c cc3fd675f41deb9dc3a2d80e8813f81f212ba4d096bd30cb915d4422f4ee7fc2
SERVER_TRAFFIC_SECRET_0 350638ef73577f443ae7d714bb38646dff02be83515f52911cdcffe52479373c d27198ffc09cfda1c3d8ce632dc4afb4c869a73798c5b6e78d6b0e24cd55dbe7
SERVER_HANDSHAKE_TRAFFIC_SECRET d61c9025fa3cb10b7d49db73f6c759edc1e3349e4fdc6ac8dbe17b8f93b2db07 af2f2ffb59cdec7931d57ffaa754999a1c7f0c2a99406c08cbddf6ad62fb864d
CLIENT_HANDSHAKE_TRAFFIC_SECRET d61c9025fa3cb10b7d49db73f6c759edc1e3349e4fdc6ac8dbe17b8f93b2db07 25497396f5464822954fe26e0b5eb48fec09ee81e229f5a4e24cd899b5544b28
SERVER_TRAFFIC_SECRET_0 d61c9025fa3cb10b7d49db73f6c759edc1e3349e4fdc6ac8dbe17b8f93b2db07 59cabab773bb388be9a07f4738e4f4d5276c35cbe96d6d59f36f6b6a409fc529
CLIENT_HANDSHAKE_TRAFFIC_SECRET d61c9025fa3cb10b7d49db73f6c759edc1e3349e4fdc6ac8dbe17b8f93b2db07 25497396f5464822954fe26e0b5eb48fec09ee81e229f5a4e24cd899b5544b28
SERVER_HANDSHAKE_TRAFFIC_SECRET d61c9025fa3cb10b7d49db73f6c759edc1e3349e4fdc6ac8dbe17b8f93b2db07 af2f2ffb59cdec7931d57ffaa754999a1c7f0c2a99406c08cbddf6ad62fb864d
SERVER_HANDSHAKE_TRAFFIC_SECRET c664a304b3af2392b7f482f3b796d5fdb9b6206a85eee5b1af74d64a38b0f738 fc33b549cd9e61335c7bb96925b7f0fec3edb85a7ed3db50419e086eb8e6116b
CLIENT_HANDSHAKE_TRAFFIC_SECRET c664a304b3af2392b7f482f3b796d5fdb9b6206a85eee5b1af74d64a38b0f738 d50ed5adec50169f5491e21ce7b9dbd2f2a1b52992930068da545877b41be3d9
SERVER_TRAFFIC_SECRET_0 c664a304b3af2392b7f482f3b796d5fdb9b6206a85eee5b1af74d64a38b0f738 76f2d500b120b3ac55b5d548f3038e581da9504d3ee2192f420736691957c354
SERVER_HANDSHAKE_TRAFFIC_SECRET da26b3876c37c40e0a20cccabd0c384cac7413a03650fcfcb980628f31925dae 7b29f704f9d43692517a6829ec5a2362b7f3036980bf0253381f51828d312b3e
CLIENT_HANDSHAKE_TRAFFIC_SECRET da26b3876c37c40e0a20cccabd0c384cac7413a03650fcfcb980628f31925dae 415cc0218bf3578399b1a40039881cbcf3f26acba72b164a5a112f4e2b747b6a
SERVER_TRAFFIC_SECRET_0 da26b3876c37c40e0a20cccabd0c384cac7413a03650fcfcb980628f31925dae d6bcc69b8e3936a79ef1687e2d914cba96bea3310f486bd475bcc730a9141dec
CLIENT_HANDSHAKE_TRAFFIC_SECRET da26b3876c37c40e0a20cccabd0c384cac7413a03650fcfcb980628f31925dae 415cc0218bf3578399b1a40039881cbcf3f26acba72b164a5a112f4e2b747b6a
SERVER_HANDSHAKE_TRAFFIC_SECRET da26b3876c37c40e0a20cccabd0c384cac7413a03650fcfcb980628f31925dae 7b29f704f9d43692517a6829ec5a2362b7f3036980bf0253381f51828d312b3e
SERVER_HANDSHAKE_TRAFFIC_SECRET f8a32d3d8c29bf0aedfe10d99d9089cacf9b436be016cfd6341645f24fcb8817 1def1a1e23215d08ec5e25deaf8a550c5c0a46f88b1c0773eaf58e6195a8cd7b
CLIENT_HANDSHAKE_TRAFFIC_SECRET f8a32d3d8c29bf0aedfe10d99d9089cacf9b436be016cfd6341645f24fcb8817 e0b65c575f18ffd84d0676b0d0e3c693d593f3826537cbe73c9d144d956065b5
SERVER_TRAFFIC_SECRET_0 f8a32d3d8c29bf0aedfe10d99d9089cacf9b436be016cfd6341645f24fcb8817 b9b4171b3916a4b7929d8f671840fa01ca35e46cc8780735a6aa3257d0f0cb28
CLIENT_HANDSHAKE_TRAFFIC_SECRET f8a32d3d8c29bf0aedfe10d99d9089cacf9b436be016cfd6341645f24fcb8817 e0b65c575f18ffd84d0676b0d0e3c693d593f3826537cbe73c9d144d956065b5
SERVER_HANDSHAKE_TRAFFIC_SECRET f8a32d3d8c29bf0aedfe10d99d9089cacf9b436be016cfd6341645f24fcb8817 1def1a1e23215d08ec5e25deaf8a550c5c0a46f88b1c0773eaf58e6195a8cd7b
SERVER_HANDSHAKE_TRAFFIC_SECRET efe65cb8ebeba942f99b0c4f51910dcb8d3f74aa8af53658cfd0788eee140883 31a0fe8e0f31a9435bc5110c8addd263079db74dc3a7bb1c37bc42828c03f826
CLIENT_HANDSHAKE_TRAFFIC_SECRET efe65cb8ebeba942f99b0c4f51910dcb8d3f74aa8af53658cfd0788eee140883 4e1274520acc18878fc434ca9be255d672987d75f97098fc70a96cc5958b2ba2
SERVER_TRAFFIC_SECRET_0 efe65cb8ebeba942f99b0c4f51910dcb8d3f74aa8af53658cfd0788eee140883 c2c21c1fc1c027955d01333732229a83f3d57d2ffa0c80c767d6e05983ce5be1
CLIENT_HANDSHAKE_TRAFFIC_SECRET efe65cb8ebeba942f99b0c4f51910dcb8d3f74aa8af53658cfd0788eee140883 4e1274520acc18878fc434ca9be255d672987d75f97098fc70a96cc5958b2ba2
SERVER_HANDSHAKE_TRAFFIC_SECRET efe65cb8ebeba942f99b0c4f51910dcb8d3f74aa8af53658cfd0788eee140883 31a0fe8e0f31a9435bc5110c8addd263079db74dc3a7bb1c37bc42828c03f826
SERVER_HANDSHAKE_TRAFFIC_SECRET 4c52eb954c90999591e8d38e4bc70f604410c5343e2e7b5472cc9edbe68abf0c 7fd672cc407183ed39a399fd9dcf571775723df64849e4417b755c52e321c0d9
CLIENT_HANDSHAKE_TRAFFIC_SECRET 4c52eb954c90999591e8d38e4bc70f604410c5343e2e7b5472cc9edbe68abf0c 5a6a45c22f88bf7851bc7c925d29308e1e0f4756e391590f6a7c8ed3f7700da9
SERVER_TRAFFIC_SECRET_0 4c52eb954c90999591e8d38e4bc70f604410c5343e2e7b5472cc9edbe68abf0c 358b3616a2b3b81464b6010de20c4f6e0055389e0355bb895cf0b2e8a9ad7be1
CLIENT_HANDSHAKE_TRAFFIC_SECRET 4c52eb954c90999591e8d38e4bc70f604410c5343e2e7b5472cc9edbe68abf0c 5a6a45c22f88bf7851bc7c925d29308e1e0f4756e391590f6a7c8ed3f7700da9
SERVER_HANDSHAKE_TRAFFIC_SECRET 4c52eb954c90999591e8d38e4bc70f604410c5343e2e7b5472cc9edbe68abf0c 7fd672cc407183ed39a399fd9dcf571775723df64849e4417b755c52e321c0d9
SERVER_HANDSHAKE_TRAFFIC_SECRET 0fbd64b0718fbe15bc27660c51f40e037938f1ec7c5e5b8ae0c2d37f8d959b01 ef19785160b724f94f071fdd37c75a95dbd6e89a617a7acb7387a1b2636011f9
CLIENT_HANDSHAKE_TRAFFIC_SECRET 0fbd64b0718fbe15bc27660c51f40e037938f1ec7c5e5b8ae0c2d37f8d959b01 357bc79f92982fd47b0c078913950d7a9dc7c9a4f080e09c056fad152401f3eb
SERVER_TRAFFIC_SECRET_0 0fbd64b0718fbe15bc27660c51f40e037938f1ec7c5e5b8ae0c2d37f8d959b01 133321b48864fceb72584cc9cccd41db19646713717c310f6b0698c7bb65a4cd
CLIENT_HANDSHAKE_TRAFFIC_SECRET 0fbd64b0718fbe15bc27660c51f40e037938f1ec7c5e5b8ae0c2d37f8d959b01 357bc79f92982fd47b0c078913950d7a9dc7c9a4f080e09c056fad152401f3eb
SERVER_HANDSHAKE_TRAFFIC_SECRET 0fbd64b0718fbe15bc27660c51f40e037938f1ec7c5e5b8ae0c2d37f8d959b01 ef19785160b724f94f071fdd37c75a95dbd6e89a617a7acb7387a1b2636011f9
SERVER_HANDSHAKE_TRAFFIC_SECRET 989f0ed895100e42b8a330caca76cf2f1481aca5ea9b7a3c75ee25376ca48089 e0faa435a57ca4d1ddb77a2e0fff507bd98aac87afacc140ef0964eb0a033299
CLIENT_HANDSHAKE_TRAFFIC_SECRET 989f0ed895100e42b8a330caca76cf2f1481aca5ea9b7a3c75ee25376ca48089 bcc43fc168b0a7229a416ece639887e78b5699b8a201652846413c73628c5218
SERVER_TRAFFIC_SECRET_0 989f0ed895100e42b8a330caca76cf2f1481aca5ea9b7a3c75ee25376ca48089 1535053ef7219b6d3f38c7bed6e385d334963a9d8884f7b1787f05a256c3a522
SERVER_HANDSHAKE_TRAFFIC_SECRET 308cf4cedcc4fc5147b9778107e8ddc5b5d758a097fbd8cec471cb9a7d264510 2cc0558343e5dc8c8015c7bba77ebaf357b0a9581ea7631cd729f54cb6390328
CLIENT_HANDSHAKE_TRAFFIC_SECRET 308cf4cedcc4fc5147b9778107e8ddc5b5d758a097fbd8cec471cb9a7d264510 644d8ae223169146a1ee7640a1db300f8a6b2cb23dd2dfbe8aba03c15fc7bb00
SERVER_TRAFFIC_SECRET_0 308cf4cedcc4fc5147b9778107e8ddc5b5d758a097fbd8cec471cb9a7d264510 dd8227b79c682143739a55f4d121b7364a44c072200ab3abc3568f5fd89f45b7
CLIENT_HANDSHAKE_TRAFFIC_SECRET 308cf4cedcc4fc5147b9778107e8ddc5b5d758a097fbd8cec471cb9a7d264510 644d8ae223169146a1ee7640a1db300f8a6b2cb23dd2dfbe8aba03c15fc7bb00
SERVER_HANDSHAKE_TRAFFIC_SECRET 308cf4cedcc4fc5147b9778107e8ddc5b5d758a097fbd8cec471cb9a7d264510 2cc0558343e5dc8c8015c7bba77ebaf357b0a9581ea7631cd729f54cb6390328
SERVER_HANDSHAKE_TRAFFIC_SECRET f2dd38c55f8c1762091936888a5461bd357bb52a1ac9eceed2a7c74687c03734 8d8bf37753ed1e5e442db99c51b00dc3d0dd71e237c5fe9bf9d5c676f8579a31
CLIENT_HANDSHAKE_TRAFFIC_SECRET f2dd38c55f8c1762091936888a5461bd357bb52a1ac9eceed2a7c74687c03734 8f72b488eca4153b8b8977c7f0fcdc7c5da1c0ad63e7da3ecf808794fd173cc3
SERVER_TRAFFIC_SECRET_0 f2dd38c55f8c1762091936888a5461bd357bb52a1ac9eceed2a7c74687c03734 c8725affff2634bd63dfa7cc2bd82e6a93fe528a1696652965c3f7e2c4f7ffc2
CLIENT_HANDSHAKE_TRAFFIC_SECRET f2dd38c55f8c1762091936888a5461bd357bb52a1ac9eceed2a7c74687c03734 8f72b488eca4153b8b8977c7f0fcdc7c5da1c0ad63e7da3ecf808794fd173cc3
SERVER_HANDSHAKE_TRAFFIC_SECRET f2dd38c55f8c1762091936888a5461bd357bb52a1ac9eceed2a7c74687c03734 8d8bf37753ed1e5e442db99c51b00dc3d0dd71e237c5fe9bf9d5c676f8579a31
SERVER_HANDSHAKE_TRAFFIC_SECRET a64b86f95fad5a2bb606fae55633ad7a71ffe10d32721af77470a7bdb5f3cc4d 176df0fba9b45bd4c7099944518907317c786f6f649cadf49ea8c1898227373a
CLIENT_HANDSHAKE_TRAFFIC_SECRET a64b86f95fad5a2bb606fae55633ad7a71ffe10d32721af77470a7bdb5f3cc4d 8030aadaf8427dc38dbb7718171e099aaa6623fc4e9d40345648dd8dd84d534b
SERVER_TRAFFIC_SECRET_0 a64b86f95fad5a2bb606fae55633ad7a71ffe10d32721af77470a7bdb5f3cc4d c539bdd9990c783cc8b6a8d0c9a98d95b74dc09a3f1fbf8c9d9be12e525a6221
CLIENT_HANDSHAKE_TRAFFIC_SECRET a64b86f95fad5a2bb606fae55633ad7a71ffe10d32721af77470a7bdb5f3cc4d 8030aadaf8427dc38dbb7718171e099aaa6623fc4e9d40345648dd8dd84d534b
SERVER_HANDSHAKE_TRAFFIC_SECRET a64b86f95fad5a2bb606fae55633ad7a71ffe10d32721af77470a7bdb5f3cc4d 176df0fba9b45bd4c7099944518907317c786f6f649cadf49ea8c1898227373a
CLIENT_TRAFFIC_SECRET_0 a64b86f95fad5a2bb606fae55633ad7a71ffe10d32721af77470a7bdb5f3cc4d 6164dc6445b66f2ae0952222ab18285b17669ec69cfcb1bc44659048d907d604
SERVER_TRAFFIC_SECRET_0 a64b86f95fad5a2bb606fae55633ad7a71ffe10d32721af77470a7bdb5f3cc4d c539bdd9990c783cc8b6a8d0c9a98d95b74dc09a3f1fbf8c9d9be12e525a6221
EXPORTER_SECRET a64b86f95fad5a2bb606fae55633ad7a71ffe10d32721af77470a7bdb5f3cc4d 6e76264a64fc7498e5be0aaef26b98efe131763232197e2edb81488bf7e444ec
CLIENT_TRAFFIC_SECRET_0 a64b86f95fad5a2bb606fae55633ad7a71ffe10d32721af77470a7bdb5f3cc4d 6164dc6445b66f2ae0952222ab18285b17669ec69cfcb1bc44659048d907d604
SERVER_HANDSHAKE_TRAFFIC_SECRET 82d2af585cc46fa5b6a44e7af5bd8b9f9381506402e988d55d82411d82745356 7fadb7cee2e1d4e2ec380e47dcf50b4bb9e18d5040ea905cc6efe4d5d58e4771
CLIENT_HANDSHAKE_TRAFFIC_SECRET 82d2af585cc46fa5b6a44e7af5bd8b9f9381506402e988d55d82411d82745356 45873cb851e1f29b20c899005e03dff76ce3428694df98a2f343f2fcda9f6d40
SERVER_TRAFFIC_SECRET_0 82d2af585cc46fa5b6a44e7af5bd8b9f9381506402e988d55d82411d82745356 3c3087c139e83f9f55d1c44522259b4cef5e74a7e663c4db4b8efec564d35ada
CLIENT_HANDSHAKE_TRAFFIC_SECRET 82d2af585cc46fa5b6a44e7af5bd8b9f9381506402e988d55d82411d82745356 45873cb851e1f29b20c899005e03dff76ce3428694df98a2f343f2fcda9f6d40
SERVER_HANDSHAKE_TRAFFIC_SECRET 82d2af585cc46fa5b6a44e7af5bd8b9f9381506402e988d55d82411d82745356 7fadb7cee2e1d4e2ec380e47dcf50b4bb9e18d5040ea905cc6efe4d5d58e4771
SERVER_HANDSHAKE_TRAFFIC_SECRET 5b7822855108739474e7f7c4efba073372171f19e2f971963bb93a206c916f5f 79e267d0862218ac62ef039c3fd4a02f47214c204c483e92891ec1176ed612dd
CLIENT_HANDSHAKE_TRAFFIC_SECRET 5b7822855108739474e7f7c4efba073372171f19e2f971963bb93a206c916f5f 8dbae364a78bf8488d00b53fe8eff51e3c5ee40975b6ca5950601e000d9d1fdb
SERVER_TRAFFIC_SECRET_0 5b7822855108739474e7f7c4efba073372171f19e2f971963bb93a206c916f5f 1568268a96389e13e6924ab53439b9a26183ea52fbe6b270923a04aded7c0030
CLIENT_HANDSHAKE_TRAFFIC_SECRET 5b7822855108739474e7f7c4efba073372171f19e2f971963bb93a206c916f5f 8dbae364a78bf8488d00b53fe8eff51e3c5ee40975b6ca5950601e000d9d1fdb
SERVER_HANDSHAKE_TRAFFIC_SECRET 5b7822855108739474e7f7c4efba073372171f19e2f971963bb93a206c916f5f 79e267d0862218ac62ef039c3fd4a02f47214c204c483e92891ec1176ed612dd
SERVER_HANDSHAKE_TRAFFIC_SECRET b6c644e7b5f6bc524d5df786354ff97e96ba0a2b7c7575eb10bdcad114cb0f4d 70e7ae665253fc5508c36aa3d95c4c4ba29217208b8979cdf4e2b14d9854e7fe
CLIENT_HANDSHAKE_TRAFFIC_SECRET b6c644e7b5f6bc524d5df786354ff97e96ba0a2b7c7575eb10bdcad114cb0f4d 3aa3a4bfd5edf90a3298aeb61b53b8973999735d6b5de9a99f9917d413ea0f6f
SERVER_TRAFFIC_SECRET_0 b6c644e7b5f6bc524d5df786354ff97e96ba0a2b7c7575eb10bdcad114cb0f4d 55d08fc689d45072cebd9df2f2c62228df17d7b7944e86e522dc0a7fa62c09eb
CLIENT_HANDSHAKE_TRAFFIC_SECRET b6c644e7b5f6bc524d5df786354ff97e96ba0a2b7c7575eb10bdcad114cb0f4d 3aa3a4bfd5edf90a3298aeb61b53b8973999735d6b5de9a99f9917d413ea0f6f
SERVER_HANDSHAKE_TRAFFIC_SECRET b6c644e7b5f6bc524d5df786354ff97e96ba0a2b7c7575eb10bdcad114cb0f4d 70e7ae665253fc5508c36aa3d95c4c4ba29217208b8979cdf4e2b14d9854e7fe
CLIENT_TRAFFIC_SECRET_0 b6c644e7b5f6bc524d5df786354ff97e96ba0a2b7c7575eb10bdcad114cb0f4d 923877245c60911c1383371a5b51e0ee1ef72008b89660eded4502fc06ad169e
SERVER_TRAFFIC_SECRET_0 b6c644e7b5f6bc524d5df786354ff97e96ba0a2b7c7575eb10bdcad114cb0f4d 55d08fc689d45072cebd9df2f2c62228df17d7b7944e86e522dc0a7fa62c09eb
EXPORTER_SECRET b6c644e7b5f6bc524d5df786354ff97e96ba0a2b7c7575eb10bdcad114cb0f4d 3f0eb8e653908e0d35f42486ba0e8c9301d0871f0ca9d8f4605913ba8c965c70
SERVER_HANDSHAKE_TRAFFIC_SECRET c596971630e3ee58c7904019338314b23f4136fdfa20e3d1a92b1ad75d0b838f ec1c7a305c57ae71e04757fcb8d51d08f75b79e79b33f77ae7285d58f6f6d072
CLIENT_HANDSHAKE_TRAFFIC_SECRET c596971630e3ee58c7904019338314b23f4136fdfa20e3d1a92b1ad75d0b838f 20dd5d9648c24a0327536ef3fe218399b744a29c823212ebabc324fca4a3b25a
SERVER_TRAFFIC_SECRET_0 c596971630e3ee58c7904019338314b23f4136fdfa20e3d1a92b1ad75d0b838f a5bf77a1496ac6a302722c4d339118d96fb0e1728051b504f5f88c6da4af7d93
CLIENT_HANDSHAKE_TRAFFIC_SECRET c596971630e3ee58c7904019338314b23f4136fdfa20e3d1a92b1ad75d0b838f 20dd5d9648c24a0327536ef3fe218399b744a29c823212ebabc324fca4a3b25a
SERVER_HANDSHAKE_TRAFFIC_SECRET c596971630e3ee58c7904019338314b23f4136fdfa20e3d1a92b1ad75d0b838f ec1c7a305c57ae71e04757fcb8d51d08f75b79e79b33f77ae7285d58f6f6d072
SERVER_HANDSHAKE_TRAFFIC_SECRET cc394b14539a3243a6209be19e5227ef044661988ecc9457df9d3604e4574fae 2209569fb4186e79b9010e181d8f76e2dcfa76931d42162c62abd2aad86dd17b
CLIENT_HANDSHAKE_TRAFFIC_SECRET cc394b14539a3243a6209be19e5227ef044661988ecc9457df9d3604e4574fae da4c9ed59ec90177cce99d3764e95659f3813878941b9b11b6a1b0abf79dc782
SERVER_TRAFFIC_SECRET_0 cc394b14539a3243a6209be19e5227ef044661988ecc9457df9d3604e4574fae 79d7188878c39049e5944b906c7e9e011c4a24a49e4d1ec362fa39943decd4aa
CLIENT_HANDSHAKE_TRAFFIC_SECRET cc394b14539a3243a6209be19e5227ef044661988ecc9457df9d3604e4574fae da4c9ed59ec90177cce99d3764e95659f3813878941b9b11b6a1b0abf79dc782
SERVER_HANDSHAKE_TRAFFIC_SECRET cc394b14539a3243a6209be19e5227ef044661988ecc9457df9d3604e4574fae 2209569fb4186e79b9010e181d8f76e2dcfa76931d42162c62abd2aad86dd17b
SERVER_HANDSHAKE_TRAFFIC_SECRET bbfc721611e7e16f2feacadb6caa0beae3e6c73a0ad91537e5355781ec4ac777 4ecc03ecdea791b937c2606d0f8f9b9577cb03bce0eae4c545d148ca7613617f
CLIENT_HANDSHAKE_TRAFFIC_SECRET bbfc721611e7e16f2feacadb6caa0beae3e6c73a0ad91537e5355781ec4ac777 95681fa13ddbac4fb6e333c96a41b4de0b5fe29c8a016a1d9e74f929e9b3fa81
SERVER_TRAFFIC_SECRET_0 bbfc721611e7e16f2feacadb6caa0beae3e6c73a0ad91537e5355781ec4ac777 e17f1bac731c1dc2d531ab40eded882590510bc36f7f02c504814ef4f10bf914
CLIENT_HANDSHAKE_TRAFFIC_SECRET bbfc721611e7e16f2feacadb6caa0beae3e6c73a0ad91537e5355781ec4ac777 95681fa13ddbac4fb6e333c96a41b4de0b5fe29c8a016a1d9e74f929e9b3fa81
SERVER_HANDSHAKE_TRAFFIC_SECRET bbfc721611e7e16f2feacadb6caa0beae3e6c73a0ad91537e5355781ec4ac777 4ecc03ecdea791b937c2606d0f8f9b9577cb03bce0eae4c545d148ca7613617f
SERVER_HANDSHAKE_TRAFFIC_SECRET 0f2377f2b579ecb64ae78edd4fa8adba18e76ca3deb502fd7b40dae23232bcda 0e8743b285766c0deb8dfeef30fdf58a97709367d96dba19cbdc0312d9f52d6e
CLIENT_HANDSHAKE_TRAFFIC_SECRET 0f2377f2b579ecb64ae78edd4fa8adba18e76ca3deb502fd7b40dae23232bcda fc3c889bd8cf5bcc87ea94a817f34bd25111c98d5a0105b795772478410612ab
SERVER_TRAFFIC_SECRET_0 0f2377f2b579ecb64ae78edd4fa8adba18e76ca3deb502fd7b40dae23232bcda 5edb0c0ddc36e0c9a1eb2b6f8368a762e68d3b44fb2abde0d9fc4684334a87c8
CLIENT_HANDSHAKE_TRAFFIC_SECRET 0f2377f2b579ecb64ae78edd4fa8adba18e76ca3deb502fd7b40dae23232bcda fc3c889bd8cf5bcc87ea94a817f34bd25111c98d5a0105b795772478410612ab
SERVER_HANDSHAKE_TRAFFIC_SECRET 0f2377f2b579ecb64ae78edd4fa8adba18e76ca3deb502fd7b40dae23232bcda 0e8743b285766c0deb8dfeef30fdf58a97709367d96dba19cbdc0312d9f52d6e
SERVER_HANDSHAKE_TRAFFIC_SECRET 977b22351970cdc968b4d19de0c98ba68aa9911300cee130bd940019288252d3 e55bf4afca259e998870327db34660654d72c0ad495d24d381d89bffe92199e8
CLIENT_HANDSHAKE_TRAFFIC_SECRET 977b22351970cdc968b4d19de0c98ba68aa9911300cee130bd940019288252d3 50bd9b7974b3a63a37be81cd55353d49a8424acb5f7eb9b323f5654b4f297c05
SERVER_TRAFFIC_SECRET_0 977b22351970cdc968b4d19de0c98ba68aa9911300cee130bd940019288252d3 dae3712b2d01640bc40993772e8bbed5ab3a796116b20e1d6eee114776f782f7
CLIENT_HANDSHAKE_TRAFFIC_SECRET 977b22351970cdc968b4d19de0c98ba68aa9911300cee130bd940019288252d3 50bd9b7974b3a63a37be81cd55353d49a8424acb5f7eb9b323f5654b4f297c05
SERVER_HANDSHAKE_TRAFFIC_SECRET 977b22351970cdc968b4d19de0c98ba68aa9911300cee130bd940019288252d3 e55bf4afca259e998870327db34660654d72c0ad495d24d381d89bffe92199e8
SERVER_HANDSHAKE_TRAFFIC_SECRET 2c1e54c22761e4f5d739d43dd09bdcacea8e01c36ff6d6fbfa3c1ec34e679d83 8e7cfd2592a0ffa31fdeb75f7a3a447196c37e805b56fe43fcfb338829f32738
CLIENT_HANDSHAKE_TRAFFIC_SECRET 2c1e54c22761e4f5d739d43dd09bdcacea8e01c36ff6d6fbfa3c1ec34e679d83 36f71d7ed822a523b76e1415a78a9dcabcbc4b7e8c94119a9d52fcf9c91db205
SERVER_TRAFFIC_SECRET_0 2c1e54c22761e4f5d739d43dd09bdcacea8e01c36ff6d6fbfa3c1ec34e679d83 65fefd66bb8ec10d74ace3ba9a4031e13059bf3f0425bade664df094162cb627
CLIENT_HANDSHAKE_TRAFFIC_SECRET 2c1e54c22761e4f5d739d43dd09bdcacea8e01c36ff6d6fbfa3c1ec34e679d83 36f71d7ed822a523b76e1415a78a9dcabcbc4b7e8c94119a9d52fcf9c91db205
SERVER_HANDSHAKE_TRAFFIC_SECRET 2c1e54c22761e4f5d739d43dd09bdcacea8e01c36ff6d6fbfa3c1ec34e679d83 8e7cfd2592a0ffa31fdeb75f7a3a447196c37e805b56fe43fcfb338829f32738
CLIENT_TRAFFIC_SECRET_0 2c1e54c22761e4f5d739d43dd09bdcacea8e01c36ff6d6fbfa3c1ec34e679d83 7e873567ebab9b83fa86820d9d9f345ce5adec4f28f07e3cea1818b60a1b2ada
SERVER_TRAFFIC_SECRET_0 2c1e54c22761e4f5d739d43dd09bdcacea8e01c36ff6d6fbfa3c1ec34e679d83 65fefd66bb8ec10d74ace3ba9a4031e13059bf3f0425bade664df094162cb627
EXPORTER_SECRET 2c1e54c22761e4f5d739d43dd09bdcacea8e01c36ff6d6fbfa3c1ec34e679d83 4a7c5f0c3ca40d87ed4629cb2d66213a7ff47823a50c2b83c15bf60b1ea8e51b
SERVER_HANDSHAKE_TRAFFIC_SECRET dea6afea6c4ff801da75230df61f6f7668a947f21d9d8177d98ca152399453d1 4b831ab0b59e887f8473970236c8911878d855743ad7957834a3b09c85623f14
CLIENT_HANDSHAKE_TRAFFIC_SECRET dea6afea6c4ff801da75230df61f6f7668a947f21d9d8177d98ca152399453d1 c0819b5117425db82047b6112a0648372aa81a831d0b6f15991f46acf489fe3f
SERVER_TRAFFIC_SECRET_0 dea6afea6c4ff801da75230df61f6f7668a947f21d9d8177d98ca152399453d1 fea5a3e3d6147e61fd825e659ff35bfc4f35656a7ae874c8b56d2804b3c1fc61
CLIENT_HANDSHAKE_TRAFFIC_SECRET dea6afea6c4ff801da75230df61f6f7668a947f21d9d8177d98ca152399453d1 c0819b5117425db82047b6112a0648372aa81a831d0b6f15991f46acf489fe3f
SERVER_HANDSHAKE_TRAFFIC_SECRET dea6afea6c4ff801da75230df61f6f7668a947f21d9d8177d98ca152399453d1 4b831ab0b59e887f8473970236c8911878d855743ad7957834a3b09c85623f14
SERVER_HANDSHAKE_TRAFFIC_SECRET e8b1f1fd28ef272feeac48907282f1c26d0a416ffed047fef36aa911cbd6e2d5 a89faec4e30ad05661f2b27619e7d62679517ae9fe92e618f549163adbbe4d27
CLIENT_HANDSHAKE_TRAFFIC_SECRET e8b1f1fd28ef272feeac48907282f1c26d0a416ffed047fef36aa911cbd6e2d5 ee1b305f858fa76a7f804a8020888f6237b2f15b24e67f6b923bb65c32ef30dc
SERVER_TRAFFIC_SECRET_0 e8b1f1fd28ef272feeac48907282f1c26d0a416ffed047fef36aa911cbd6e2d5 e995acca70b4461127c1de08d1d9d0723fddab9d6f59e23d00bd3a745b845f4a
CLIENT_HANDSHAKE_TRAFFIC_SECRET e8b1f1fd28ef272feeac48907282f1c26d0a416ffed047fef36aa911cbd6e2d5 ee1b305f858fa76a7f804a8020888f6237b2f15b24e67f6b923bb65c32ef30dc
SERVER_HANDSHAKE_TRAFFIC_SECRET e8b1f1fd28ef272feeac48907282f1c26d0a416ffed047fef36aa911cbd6e2d5 a89faec4e30ad05661f2b27619e7d62679517ae9fe92e618f549163adbbe4d27
SERVER_HANDSHAKE_TRAFFIC_SECRET e1389429b4ea3ae8129cdf1e56fd764891cb1d366997079212cfb6db301d1663 9762086d1ac9769abfc85f01bf6efa7405a18bae81cd86e943b10e6ee9c0d08f
CLIENT_HANDSHAKE_TRAFFIC_SECRET e1389429b4ea3ae8129cdf1e56fd764891cb1d366997079212cfb6db301d1663 55022516eebc26d0f4c5648ce90fbf5a1353cb91109986b1ce98339608b90460
SERVER_TRAFFIC_SECRET_0 e1389429b4ea3ae8129cdf1e56fd764891cb1d366997079212cfb6db301d1663 09cea06580c7f4a77ae1aade805a03d8ea7c8cfd9816fb335c11defa45ee6c9c
CLIENT_HANDSHAKE_TRAFFIC_SECRET e1389429b4ea3ae8129cdf1e56fd764891cb1d366997079212cfb6db301d1663 55022516eebc26d0f4c5648ce90fbf5a1353cb91109986b1ce98339608b90460
SERVER_HANDSHAKE_TRAFFIC_SECRET e1389429b4ea3ae8129cdf1e56fd764891cb1d366997079212cfb6db301d1663 9762086d1ac9769abfc85f01bf6efa7405a18bae81cd86e943b10e6ee9c0d08f
CLIENT_TRAFFIC_SECRET_0 e1389429b4ea3ae8129cdf1e56fd764891cb1d366997079212cfb6db301d1663 d1b705c4820befd0713db252422d71cacd60fc33fb3c49253e61669c1d5e648c
SERVER_TRAFFIC_SECRET_0 e1389429b4ea3ae8129cdf1e56fd764891cb1d366997079212cfb6db301d1663 09cea06580c7f4a77ae1aade805a03d8ea7c8cfd9816fb335c11defa45ee6c9c
EXPORTER_SECRET e1389429b4ea3ae8129cdf1e56fd764891cb1d366997079212cfb6db301d1663 b0599f8dadb0e293f7b04e024f4a511353723078bca9d1634a24ad9d93440675
CLIENT_TRAFFIC_SECRET_0 e1389429b4ea3ae8129cdf1e56fd764891cb1d366997079212cfb6db301d1663 d1b705c4820befd0713db252422d71cacd60fc33fb3c49253e61669c1d5e648c
SERVER_HANDSHAKE_TRAFFIC_SECRET 0a1a1876b17200f97f3c1ea9e73b933d4a3559331257fcb30771fd4497901844 5809e3a8ccf6087144351ae918a7d4935105b092cf8b5ab7d76499a20d5c6e6c
CLIENT_HANDSHAKE_TRAFFIC_SECRET 0a1a1876b17200f97f3c1ea9e73b933d4a3559331257fcb30771fd4497901844 15966c125b06fd22036ba4b701260c7bf15444d4190016ce70a3501cc5629465
SERVER_TRAFFIC_SECRET_0 0a1a1876b17200f97f3c1ea9e73b933d4a3559331257fcb30771fd4497901844 df47dfcde57137264129adb0f895bd26da7584cd79b0f1759d469bab6cb8916a
CLIENT_HANDSHAKE_TRAFFIC_SECRET 0a1a1876b17200f97f3c1ea9e73b933d4a3559331257fcb30771fd4497901844 15966c125b06fd22036ba4b701260c7bf15444d4190016ce70a3501cc5629465
SERVER_HANDSHAKE_TRAFFIC_SECRET 0a1a1876b17200f97f3c1ea9e73b933d4a3559331257fcb30771fd4497901844 5809e3a8ccf6087144351ae918a7d4935105b092cf8b5ab7d76499a20d5c6e6c
SERVER_HANDSHAKE_TRAFFIC_SECRET f14782e3d193be50a1a3f8f7cd8544d7251529cc46162dd4de88c2fa53dcfad3 9bae864bc8e1c9e85f608768696987ffae38deaade500757ebb369d32ace1d70
CLIENT_HANDSHAKE_TRAFFIC_SECRET f14782e3d193be50a1a3f8f7cd8544d7251529cc46162dd4de88c2fa53dcfad3 d354a69bffe314ee111de18cd951e8228501d9f8e6a116eca058f48a2bd7acbd
SERVER_TRAFFIC_SECRET_0 f14782e3d193be50a1a3f8f7cd8544d7251529cc46162dd4de88c2fa53dcfad3 1053e2c93f6be8ca34dda50fc6ac1f65d5ed56ce3c333ea918bbfbd7351cdae0
CLIENT_HANDSHAKE_TRAFFIC_SECRET f14782e3d193be50a1a3f8f7cd8544d7251529cc46162dd4de88c2fa53dcfad3 d354a69bffe314ee111de18cd951e8228501d9f8e6a116eca058f48a2bd7acbd
SERVER_HANDSHAKE_TRAFFIC_SECRET f14782e3d193be50a1a3f8f7cd8544d7251529cc46162dd4de88c2fa53dcfad3 9bae864bc8e1c9e85f608768696987ffae38deaade500757ebb369d32ace1d70
SERVER_HANDSHAKE_TRAFFIC_SECRET a527a4507ea38f598705808ebd5722da4d8b68eea5757f8bb03208f6ec144692 b91629123b88097fa56b0b1a230ecf09d61415c156fe952a8a073bc6414cfde5
CLIENT_HANDSHAKE_TRAFFIC_SECRET a527a4507ea38f598705808ebd5722da4d8b68eea5757f8bb03208f6ec144692 a8d2df4a6ebdd0bd8d098cdbfc0bddb003bcd5db745e5b5f155dc4bed77e91d9
SERVER_TRAFFIC_SECRET_0 a527a4507ea38f598705808ebd5722da4d8b68eea5757f8bb03208f6ec144692 58b8cf275894787355ae7568d48c7d7bbf8be432a45991ad20654fbbda1192eb
CLIENT_HANDSHAKE_TRAFFIC_SECRET a527a4507ea38f598705808ebd5722da4d8b68eea5757f8bb03208f6ec144692 a8d2df4a6ebdd0bd8d098cdbfc0bddb003bcd5db745e5b5f155dc4bed77e91d9
SERVER_HANDSHAKE_TRAFFIC_SECRET a527a4507ea38f598705808ebd5722da4d8b68eea5757f8bb03208f6ec144692 b91629123b88097fa56b0b1a230ecf09d61415c156fe952a8a073bc6414cfde5
SERVER_HANDSHAKE_TRAFFIC_SECRET d0ce1828dc3b305a3819c6f9e555baac5ac11bb54da3252ed0232cea79231e4f f012cf098f1a63bb44bb564911c1931d70f6fe5bb7ff876038f60ed93f45632e
CLIENT_HANDSHAKE_TRAFFIC_SECRET d0ce1828dc3b305a3819c6f9e555baac5ac11bb54da3252ed0232cea79231e4f 4f2b2702377b44777e37d0196b94ae1d8d8648e8a9ea708406c3338835d897a7
SERVER_TRAFFIC_SECRET_0 d0ce1828dc3b305a3819c6f9e555baac5ac11bb54da3252ed0232cea79231e4f e98dd2102768653d332772d63c50972b7630ca4bb73a6d5c000c3402e9f7f667
CLIENT_HANDSHAKE_TRAFFIC_SECRET d0ce1828dc3b305a3819c6f9e555baac5ac11bb54da3252ed0232cea79231e4f 4f2b2702377b44777e37d0196b94ae1d8d8648e8a9ea708406c3338835d897a7
SERVER_HANDSHAKE_TRAFFIC_SECRET d0ce1828dc3b305a3819c6f9e555baac5ac11bb54da3252ed0232cea79231e4f f012cf098f1a63bb44bb564911c1931d70f6fe5bb7ff876038f60ed93f45632e
SERVER_HANDSHAKE_TRAFFIC_SECRET 66899786939b46b8edb500e3f917f67afca4dc646af32d4fa1e9af59d6c0f141 1c3dec0caa67f5d9109ec01947a30e7d8d253aa5a287aeb5cf044447c5110bd2
CLIENT_HANDSHAKE_TRAFFIC_SECRET 66899786939b46b8edb500e3f917f67afca4dc646af32d4fa1e9af59d6c0f141 c3e32d1b315c103511bcacb517d1cd48a1d652ed2c9c09e5c7e54e86ec271409
SERVER_TRAFFIC_SECRET_0 66899786939b46b8edb500e3f917f67afca4dc646af32d4fa1e9af59d6c0f141 5468b92d1c98f3bb0cbe36306ccac385227c8180f927a7efcaf005cb6d04384a
CLIENT_HANDSHAKE_TRAFFIC_SECRET 66899786939b46b8edb500e3f917f67afca4dc646af32d4fa1e9af59d6c0f141 c3e32d1b315c103511bcacb517d1cd48a1d652ed2c9c09e5c7e54e86ec271409
SERVER_HANDSHAKE_TRAFFIC_SECRET 66899786939b46b8edb500e3f917f67afca4dc646af32d4fa1e9af59d6c0f141 1c3dec0caa67f5d9109ec01947a30e7d8d253aa5a287aeb5cf044447c5110bd2
CLIENT_TRAFFIC_SECRET_0 66899786939b46b8edb500e3f917f67afca4dc646af32d4fa1e9af59d6c0f141 a0a2f00d71d16736eea2a7cf2a38bc0ef351a51ef0b2b54cb68f645400611c0d
SERVER_TRAFFIC_SECRET_0 66899786939b46b8edb500e3f917f67afca4dc646af32d4fa1e9af59d6c0f141 5468b92d1c98f3bb0cbe36306ccac385227c8180f927a7efcaf005cb6d04384a
EXPORTER_SECRET 66899786939b46b8edb500e3f917f67afca4dc646af32d4fa1e9af59d6c0f141 99529d241303d0abce1f6e8b6eae4620b266e438b6d3c89fbc561fcabd55984b
SERVER_HANDSHAKE_TRAFFIC_SECRET e9dc1d856cd831cf5c1b468d6a868eff762dae00cf0084e3d66b03e592f4ba4f d3c4bcf645d9c95e2a19536db308a3435ce2d08428a45e17954b827f713d7a22
CLIENT_HANDSHAKE_TRAFFIC_SECRET e9dc1d856cd831cf5c1b468d6a868eff762dae00cf0084e3d66b03e592f4ba4f 02e766fe98f78413dc3b3314514dbb353aa1a3783fbfb06209c5c3abb4cbb105
SERVER_TRAFFIC_SECRET_0 e9dc1d856cd831cf5c1b468d6a868eff762dae00cf0084e3d66b03e592f4ba4f 49a5b05a7f0e75d448316d81c7c17e720820dc74f105535d60ff667096751705
SERVER_HANDSHAKE_TRAFFIC_SECRET fd735d156cbd298da1011863500eb11e73145a3743c73d03ce0db6189a90206b 782012aaf508e42323e5dd7c5a7bb5f44659171687698a4877c49ac6d70121f9
CLIENT_HANDSHAKE_TRAFFIC_SECRET fd735d156cbd298da1011863500eb11e73145a3743c73d03ce0db6189a90206b 608481dfb3a07298d5b23c2204fe421d7c96004cf09cdc53eec0580d3837140c
SERVER_TRAFFIC_SECRET_0 fd735d156cbd298da1011863500eb11e73145a3743c73d03ce0db6189a90206b f52abf6a059cb743cae08d90f56b2da02e8b76dce5fd4346f5184a0e62f71b7a
CLIENT_HANDSHAKE_TRAFFIC_SECRET fd735d156cbd298da1011863500eb11e73145a3743c73d03ce0db6189a90206b 608481dfb3a07298d5b23c2204fe421d7c96004cf09cdc53eec0580d3837140c
SERVER_HANDSHAKE_TRAFFIC_SECRET fd735d156cbd298da1011863500eb11e73145a3743c73d03ce0db6189a90206b 782012aaf508e42323e5dd7c5a7bb5f44659171687698a4877c49ac6d70121f9
SERVER_HANDSHAKE_TRAFFIC_SECRET 1cc4729ebb86339332f0fb67e1b6a5bbd68d99c88468c0e8926499dfc1247ec5 13ca1f05918053b11943cf1bca7ffb12929963a70b05abf3984adcac61a1c879
CLIENT_HANDSHAKE_TRAFFIC_SECRET 1cc4729ebb86339332f0fb67e1b6a5bbd68d99c88468c0e8926499dfc1247ec5 16f1b57c3a11bf56b4653a3d1dfc6964138076fff61d414cfb2a7ca0b03e9e7d
SERVER_TRAFFIC_SECRET_0 1cc4729ebb86339332f0fb67e1b6a5bbd68d99c88468c0e8926499dfc1247ec5 b4ec61e0504560ad6315c88d7e6de5f50b831721d4ed9d36d6ffca5d8c65deb8
CLIENT_HANDSHAKE_TRAFFIC_SECRET 1cc4729ebb86339332f0fb67e1b6a5bbd68d99c88468c0e8926499dfc1247ec5 16f1b57c3a11bf56b4653a3d1dfc6964138076fff61d414cfb2a7ca0b03e9e7d
SERVER_HANDSHAKE_TRAFFIC_SECRET 1cc4729ebb86339332f0fb67e1b6a5bbd68d99c88468c0e8926499dfc1247ec5 13ca1f05918053b11943cf1bca7ffb12929963a70b05abf3984adcac61a1c879
