SERVER_HANDSHAKE_TRAFFIC_SECRET 76813327b2b74c86f06571730d27bb600f9ba9e414f721101e51a7b47a122439 a673f1c266702e92bf43230c67593e296d0d00d95daec4f073044afb55b3528c
CLIENT_HANDSHAKE_TRAFFIC_SECRET 76813327b2b74c86f06571730d27bb600f9ba9e414f721101e51a7b47a122439 db2121d9488ac05987f73be3e93ba25891c3e74bcc0c3c3f73ef97ee6f1dbb8b
SERVER_TRAFFIC_SECRET_0 76813327b2b74c86f06571730d27bb600f9ba9e414f721101e51a7b47a122439 0049ec1041a365006787e06a1838464230f7fab3163fb060e7042061527cb806
SERVER_HANDSHAKE_TRAFFIC_SECRET dd42e05ceb9fa11bcce6676695f2882ea807c0493c12b9a602f781544837bbe9 e9ee5062ea26f31e77d3495f6639b2ee7bfc74855b5631236e295c4f5393f97e
CLIENT_HANDSHAKE_TRAFFIC_SECRET dd42e05ceb9fa11bcce6676695f2882ea807c0493c12b9a602f781544837bbe9 a1230f35f1aabe5a4612c8aa8c3a106fa852cde1585102d18df9e70245e95675
SERVER_TRAFFIC_SECRET_0 dd42e05ceb9fa11bcce6676695f2882ea807c0493c12b9a602f781544837bbe9 346acae239c0935bf8e69f452b76b44ca34299997a5730ba666805ea12eb034b
SERVER_HANDSHAKE_TRAFFIC_SECRET 06800395141dcc0a9e7111bfb9add83bf8ea38ffb90949c24115df49fd72f001 7db7e5c57076df1676d725ea388608a00c6cee0b985fcec7b5784cc742b3582c
CLIENT_HANDSHAKE_TRAFFIC_SECRET 06800395141dcc0a9e7111bfb9add83bf8ea38ffb90949c24115df49fd72f001 1c9ca7806312aa00a9a1fca03d0ffb9d6afd57e3e1ba47f353c852cbf980faac
SERVER_TRAFFIC_SECRET_0 06800395141dcc0a9e7111bfb9add83bf8ea38ffb90949c24115df49fd72f001 1917ffb80bc56a946b85943be23281fbd00b00550da5387434f452cdea465909
SERVER_HANDSHAKE_TRAFFIC_SECRET 837983910def72ca420104955b470ec244db77d7098b847dd06ac82a1cc1ab58 75b03f60398786065cc0c4896176293bbbfda8ef093c3138ea103c7feb8abdbf
CLIENT_HANDSHAKE_TRAFFIC_SECRET 837983910def72ca420104955b470ec244db77d7098b847dd06ac82a1cc1ab58 5c7faa17a5f1af5368a6bc3906b8e311face935e378c756298bb89ce0170af61
SERVER_TRAFFIC_SECRET_0 837983910def72ca420104955b470ec244db77d7098b847dd06ac82a1cc1ab58 a7b342a055ce8f0e82a930f7ff4d25f21b14acfe2eb9c18d1c160407ea9626f1
SERVER_HANDSHAKE_TRAFFIC_SECRET c4ddaf91b5a0c278900d10594eed8e52f54ce87f71d425a54e667a13b515aaf5 93f1d4fc27a3ead66a24a7d186d12fe076311f3b2fe2682081b152d0546cd04b
CLIENT_HANDSHAKE_TRAFFIC_SECRET c4ddaf91b5a0c278900d10594eed8e52f54ce87f71d425a54e667a13b515aaf5 59038265294cb4fe0f7d6e5b76113e65c65a7bf108328a0f1c3a7de295b696a2
SERVER_TRAFFIC_SECRET_0 c4ddaf91b5a0c278900d10594eed8e52f54ce87f71d425a54e667a13b515aaf5 2ba550a2b035ae8a4f51bfc8a1a2b31ef8cc1933da69a0e0c0748445e6a6407d
SERVER_HANDSHAKE_TRAFFIC_SECRET ce99fb85a936d26c41e5a24ca055c41d4499fe6bcec9ab7b95c80d59c9690153 699249b304423efc32e2ea0fbf9182a4d083455380dd013c05ce32aacbaabe58
CLIENT_HANDSHAKE_TRAFFIC_SECRET ce99fb85a936d26c41e5a24ca055c41d4499fe6bcec9ab7b95c80d59c9690153 b21aa4a553a2fc2f99ac2f5f0496d270be0dab8cb625ee8319323ed7320a0cdc
SERVER_TRAFFIC_SECRET_0 ce99fb85a936d26c41e5a24ca055c41d4499fe6bcec9ab7b95c80d59c9690153 19b033a560361e2135707f642e0207b3b965ca9b17bccb1ad01702fc7dd1cab6
SERVER_HANDSHAKE_TRAFFIC_SECRET 0c853ed1f1b118612ec7302a5016b0e27d2099b5542752791510442d976944f1 ec05b7a08b3c22203d1fd39e6f69f6483854138aff3289e094fd3cca5278b711
CLIENT_HANDSHAKE_TRAFFIC_SECRET 0c853ed1f1b118612ec7302a5016b0e27d2099b5542752791510442d976944f1 40d6dadf1331e543c2d1de9cc87c24e6f09ec5699d2d83f8654342fda6afb635
SERVER_TRAFFIC_SECRET_0 0c853ed1f1b118612ec7302a5016b0e27d2099b5542752791510442d976944f1 942ba910f24a7bd7e6ec9c2d57d78b7e19e35c617bd972d33ec142c1ea1270b0
SERVER_HANDSHAKE_TRAFFIC_SECRET 08a38fd173f711a37ba32c63476bdc2f0effeca35dd4a6af2c25aaea89beb6eb 15c9020ad7ab1fc5766b45b04e98f37ae6f7506e195b952f19c3c707992d64be
CLIENT_HANDSHAKE_TRAFFIC_SECRET 08a38fd173f711a37ba32c63476bdc2f0effeca35dd4a6af2c25aaea89beb6eb 9e338f7fbe18531d8f06dcc6531eebe5d0b5544ff593ad3b928b9e85e0818848
SERVER_TRAFFIC_SECRET_0 08a38fd173f711a37ba32c63476bdc2f0effeca35dd4a6af2c25aaea89beb6eb e13b810c76738226a031979a9387c5465932c0e8dd84a536243aa5d02b2c1587
SERVER_HANDSHAKE_TRAFFIC_SECRET 82a2839eb9c55efb46a0e7573a3afca336607a5a389acea2a16931c8367df736 4fa99eabde363661ef7efb209da1254d5a62c46f4993ad6fd03d44bcfc8e730e
CLIENT_HANDSHAKE_TRAFFIC_SECRET 82a2839eb9c55efb46a0e7573a3afca336607a5a389acea2a16931c8367df736 ab305d2a98ea4abf43a1aad6339a3cce6a214835cbad8775df9fd1d8c97be1f9
SERVER_TRAFFIC_SECRET_0 82a2839eb9c55efb46a0e7573a3afca336607a5a389acea2a16931c8367df736 438839b4ea4eb2d5b20f1e174356306e3d454d3efa34036de47cc3edeada62eb
SERVER_HANDSHAKE_TRAFFIC_SECRET 28e6b4c74d1bc6ca7f47a82aad31f452c5597be29337d6cb4212f894d602a8cf e23521583f01f93edcee2db8312d8b1a4bcd0fc74027aa74a3c47071597db1b2
CLIENT_HANDSHAKE_TRAFFIC_SECRET 28e6b4c74d1bc6ca7f47a82aad31f452c5597be29337d6cb4212f894d602a8cf 8312a8778119473136163495c6add6aef6814e6330f912abdb641785f085d318
SERVER_TRAFFIC_SECRET_0 28e6b4c74d1bc6ca7f47a82aad31f452c5597be29337d6cb4212f894d602a8cf 70a860733dbd1977cd0b931c68b56f6c7df2d34db4806e9f2a75767274261c1d
SERVER_HANDSHAKE_TRAFFIC_SECRET 4011ed809b94732f89c318480f4c6768705c9fc460ac7ea7409788ec4782c052 146c9bc65545761a1a6052eaf7ce9b32edeb2a62038285f5f930fafac04297db
CLIENT_HANDSHAKE_TRAFFIC_SECRET 4011ed809b94732f89c318480f4c6768705c9fc460ac7ea7409788ec4782c052 ac77b5d63d2034149a3f3211e2568df181cc5d44299fe85a3561989e426ef6fe
SERVER_TRAFFIC_SECRET_0 4011ed809b94732f89c318480f4c6768705c9fc460ac7ea7409788ec4782c052 6e9a6dafd9dd0211952e2a319ebe79ebbaec1bcf0d6542efb89334c30496812a
SERVER_HANDSHAKE_TRAFFIC_SECRET c17b43c32cb52d52e2f08956ad658418d84785a972f6f6856e92710207d8a071 d4bd57a91cd42a741c72073568276f51125a49d76687a01dbe760d2133652130
CLIENT_HANDSHAKE_TRAFFIC_SECRET c17b43c32cb52d52e2f08956ad658418d84785a972f6f6856e92710207d8a071 188b13250898e25a8a01cf6720df13638b4758c6fa410b20a663496b1bb30a73
SERVER_TRAFFIC_SECRET_0 c17b43c32cb52d52e2f08956ad658418d84785a972f6f6856e92710207d8a071 a0ec76489c535b4c62e7e7f00d4f2f46c509666a748566455a542cad05359729
SERVER_HANDSHAKE_TRAFFIC_SECRET 95d32ec0958af64f9bd74d05d7912947628a6dff2e405fa0f3edd0adfa24307b ce2982f2904992f9caf752778c5c26f5f31750c58bb98d7223797f134d64b15a
CLIENT_HANDSHAKE_TRAFFIC_SECRET 95d32ec0958af64f9bd74d05d7912947628a6dff2e405fa0f3edd0adfa24307b 1f364bc91c1cbe18e86f3768d2b38bdef594293a0fedc6c19c334537eda9a4a9
SERVER_TRAFFIC_SECRET_0 95d32ec0958af64f9bd74d05d7912947628a6dff2e405fa0f3edd0adfa24307b 837812ca38b5030dd33b2603d03e1a8f36ac0b92d1d1e4e21188c612956838f3
SERVER_HANDSHAKE_TRAFFIC_SECRET 3e07e5c384697e581956e9f208d8ec1508089d732200e4398d477fa2f166c682 98b78bfc12078626ca8377a3eba5df1978e0eb0e0f63407d922499e755ed9164
CLIENT_HANDSHAKE_TRAFFIC_SECRET 3e07e5c384697e581956e9f208d8ec1508089d732200e4398d477fa2f166c682 c3be0461ba22f9026ae52bb6cc99ba5f4ab2b3744fb3203676fb3f1d45e93128
SERVER_TRAFFIC_SECRET_0 3e07e5c384697e581956e9f208d8ec1508089d732200e4398d477fa2f166c682 67e4201e63afb5c94e8e7a36ed6dd36f0994486649ab067dfdea44d0e07f660c
SERVER_HANDSHAKE_TRAFFIC_SECRET a6314ea5e18b11c71954740a87bc4116b168936fa9882e1cf66c323b28b962c6 06f9b5e291a089c558cc1ca6d4c7211fa16ddec137a95e172a4f0f204bcf4754
CLIENT_HANDSHAKE_TRAFFIC_SECRET a6314ea5e18b11c71954740a87bc4116b168936fa9882e1cf66c323b28b962c6 6c9b60cd15776b1e06163e9fcfcfa7f88257dfb945bee876aa4b6c3e2531622b
SERVER_TRAFFIC_SECRET_0 a6314ea5e18b11c71954740a87bc4116b168936fa9882e1cf66c323b28b962c6 1d12281a678a743e76d6fe9dd98bae030de070e2960b90ce008697084d1bcccd
SERVER_HANDSHAKE_TRAFFIC_SECRET fb9b3dd3f66b227e3bac12c6bb89c984fc3ecf2598f07ae34cb2b56379c88f37 34731d6a18a42c9cef0a372ad7e0408ddf06bb3bb01769ec8c829f6be44fe7c3
CLIENT_HANDSHAKE_TRAFFIC_SECRET fb9b3dd3f66b227e3bac12c6bb89c984fc3ecf2598f07ae34cb2b56379c88f37 38c08dfc28777dd044462ae9a83f8d16d1335ab2d7c954c71a46a70cc842ec72
SERVER_TRAFFIC_SECRET_0 fb9b3dd3f66b227e3bac12c6bb89c984fc3ecf2598f07ae34cb2b56379c88f37 f93408b23786384d368d1df2aa0452190567c7c4f414440512cb1ab21663e30d
SERVER_HANDSHAKE_TRAFFIC_SECRET d817542cd9bce08e41a55cbeb31f91888f06bd4dc8dec2bffc6bc9d486074e94 2d6cf1561681fa753ed7ecbba0fee1637e8ec46606633d517daaa1f626008ec9
CLIENT_HANDSHAKE_TRAFFIC_SECRET d817542cd9bce08e41a55cbeb31f91888f06bd4dc8dec2bffc6bc9d486074e94 ba54563594fff85da8c2662ca64e8e5785568cb0da4a5fa338fe506415ca4209
SERVER_TRAFFIC_SECRET_0 d817542cd9bce08e41a55cbeb31f91888f06bd4dc8dec2bffc6bc9d486074e94 365c56a4a3c21dcda71b3a7299c43b14a209aee1b06260df8911da6cd052e8a9
SERVER_HANDSHAKE_TRAFFIC_SECRET b83454bf4633dba9a843cac33660a5e586274872b6e86d690a0e88e6d6e25624 c5c94ef65fa7bb5e5de34f9b0aeeda05ad96706627598c345845aad9504240f5
CLIENT_HANDSHAKE_TRAFFIC_SECRET b83454bf4633dba9a843cac33660a5e586274872b6e86d690a0e88e6d6e25624 7478d5025291a1ebbdc931562aabc2eef765365f590dae99411671ed11c4fbfe
SERVER_TRAFFIC_SECRET_0 b83454bf4633dba9a843cac33660a5e586274872b6e86d690a0e88e6d6e25624 91403fde013b6ec57710884886cfc24adf2ff3c6c2516c53eb8b4b7e8f59d723
CLIENT_TRAFFIC_SECRET_0 b83454bf4633dba9a843cac33660a5e586274872b6e86d690a0e88e6d6e25624 52a199c21fcc21434790560110d99eb91a0648a00e572c8595e67af61ef1f0f3
SERVER_HANDSHAKE_TRAFFIC_SECRET 824ab11b49046bb5eae626aaf88c381ad572b1905d4b867ed386fd8f401c2c84 cf1b191ce05dc9933fdb9cb392ea878509f9424be4f84d64c666113ed1d742db
CLIENT_HANDSHAKE_TRAFFIC_SECRET 824ab11b49046bb5eae626aaf88c381ad572b1905d4b867ed386fd8f401c2c84 97e04541d41ef906cafb6483903889db51e5171568f67763b867bcc9da065b5c
SERVER_TRAFFIC_SECRET_0 824ab11b49046bb5eae626aaf88c381ad572b1905d4b867ed386fd8f401c2c84 d895a82edaa18f5c7ca5ab707f9d969e71eeb84cf1f8184c2f4fd7139cc86744
SERVER_HANDSHAKE_TRAFFIC_SECRET 8f212d37f8aebb3e83df3d87f85d5d290b5ff61ee753b2c3b67e6407236e2d71 ed09a2d4249bbcc0f96e4c1183cec796b9c86f24b2bf6499432af2028a092f63
CLIENT_HANDSHAKE_TRAFFIC_SECRET 8f212d37f8aebb3e83df3d87f85d5d290b5ff61ee753b2c3b67e6407236e2d71 1de8aaba2089fb1a9050f6d57bc7a5184d395e230a5f14e620531c50739a2665
SERVER_TRAFFIC_SECRET_0 8f212d37f8aebb3e83df3d87f85d5d290b5ff61ee753b2c3b67e6407236e2d71 84c59eb22dda3a6030bad40b6b73b31707885c684e5ec298a6a203838ac6b081
SERVER_HANDSHAKE_TRAFFIC_SECRET 8d98c73346e499c770f8b4884651119ed99d4402ac395af5566381a8b8616fb0 706fab02c27b22a2c9faf0712f00b9477fbc5c933886574c30dfe9209a522f6c
CLIENT_HANDSHAKE_TRAFFIC_SECRET 8d98c73346e499c770f8b4884651119ed99d4402ac395af5566381a8b8616fb0 9e185bdd0268f41ad9521d047fc74e4a045c3a63c04f7d2eee6a192cc5c0a335
SERVER_TRAFFIC_SECRET_0 8d98c73346e499c770f8b4884651119ed99d4402ac395af5566381a8b8616fb0 d0515c47a9acef61b2aca39181bc3180bfe9c2eed6efb4522b41d8c83bd970c1
SERVER_HANDSHAKE_TRAFFIC_SECRET 3df4fa954fd363cb117286e920955c0bd9e98a162a8a3ab93863c8af14510bfe 35d8e03a9b9236d4cfa08fcfe51ea477e74f6a04264a7784324ed513815f32bd
CLIENT_HANDSHAKE_TRAFFIC_SECRET 3df4fa954fd363cb117286e920955c0bd9e98a162a8a3ab93863c8af14510bfe 90be2c4781cb9b7a360065d9e820cd3fe21142c9a372a01c7c0180bafeaa2229
SERVER_TRAFFIC_SECRET_0 3df4fa954fd363cb117286e920955c0bd9e98a162a8a3ab93863c8af14510bfe d32f546c7a2b31d7b60f2fbe59379ce287b735982743de9a4afdc1b290957186
SERVER_HANDSHAKE_TRAFFIC_SECRET e454ab4bb8441af8f53d426c1cf21da48dc37f0b60ed529bccaf0245d88d1914 548de4ab76efd0ec29aaa7dab4b3315b4ea8ad41d26ca52cabb7e45d77b321d2
CLIENT_HANDSHAKE_TRAFFIC_SECRET e454ab4bb8441af8f53d426c1cf21da48dc37f0b60ed529bccaf0245d88d1914 d101c425ce8b0212b22aab2676ba58d0798e7287b39ec156f995bab4979ec25a
SERVER_TRAFFIC_SECRET_0 e454ab4bb8441af8f53d426c1cf21da48dc37f0b60ed529bccaf0245d88d1914 bc9e39f5d364902856ffe2afb9e7879a294750a5ab5352eca03486614a7b962b
SERVER_HANDSHAKE_TRAFFIC_SECRET c8264e40cd72eb24a57844fccf92180f98d9d65576f0bdb51682ef59115b2add e42dd86cee9615fe7d5590762356c843c088a1545c343d1eedcbf6449e6953c4
CLIENT_HANDSHAKE_TRAFFIC_SECRET c8264e40cd72eb24a57844fccf92180f98d9d65576f0bdb51682ef59115b2add 76cf33881c67761a701c209437ee2b069fb649d2101c2d19124b1a8e19c53737
SERVER_TRAFFIC_SECRET_0 c8264e40cd72eb24a57844fccf92180f98d9d65576f0bdb51682ef59115b2add 9fd41458489e567d6cf6be6642e24c8a733c6a103b7386bdece2c944b5107009
SERVER_HANDSHAKE_TRAFFIC_SECRET 5c9fa76f07bc62d42b6d8940fa38c4722bf2af84c3649c6d5e5c26f840b2d674 677702607e8763736e240470d4c5238023019a27fa71243217ac98bb846df55d
CLIENT_HANDSHAKE_TRAFFIC_SECRET 5c9fa76f07bc62d42b6d8940fa38c4722bf2af84c3649c6d5e5c26f840b2d674 08dff89842b153a6e0b8a0979193c7d69cf6bb2bfc1e273bfb881e21b6d9fce3
SERVER_TRAFFIC_SECRET_0 5c9fa76f07bc62d42b6d8940fa38c4722bf2af84c3649c6d5e5c26f840b2d674 d29f8ed25d122c59acde11957ffcc9983dd5f4082f3e207d1fb3cbaf3ee4af85
SERVER_HANDSHAKE_TRAFFIC_SECRET c05f57aa1730ddd2b0c3e6af4d60f74ed610b03f3cddf8564d0cf263e1918552 94bdc2bc1680facac31bdd2abef0d3875ddac7717d6a0cb9f0cc8258ba0756b6
CLIENT_HANDSHAKE_TRAFFIC_SECRET c05f57aa1730ddd2b0c3e6af4d60f74ed610b03f3cddf8564d0cf263e1918552 c19e3659170867d36a91ee24f882f73e94f94a73ba81b319de0ee6dd7476f51d
SERVER_TRAFFIC_SECRET_0 c05f57aa1730ddd2b0c3e6af4d60f74ed610b03f3cddf8564d0cf263e1918552 3d91a78fad892f4572a23c05e4586e423771b1d1e4ef593ad95e8fd80db55688
SERVER_HANDSHAKE_TRAFFIC_SECRET 7c05770163c888d05e4ceb5336d5cad31646b42de9947b3aa22bbbbe27b14e1f 2dd268cd92ff77d5701c60663f83642139870d38c4c524120dc23d8f61095ec7
CLIENT_HANDSHAKE_TRAFFIC_SECRET 7c05770163c888d05e4ceb5336d5cad31646b42de9947b3aa22bbbbe27b14e1f f8aeff0e9e8910b59509a37065d64359f21ebce0195dfaabb3bb5fa24c053e29
SERVER_TRAFFIC_SECRET_0 7c05770163c888d05e4ceb5336d5cad31646b42de9947b3aa22bbbbe27b14e1f b720266f7bce65c13f903a4c01d6b103ce94a2906f85fbe2cb21c35d09aeec56
SERVER_HANDSHAKE_TRAFFIC_SECRET d33006452fe0ad389f91b10537f540c9d35f0d605b095606c65b2e0f379c0a29 8c678b3c9dfca17f4266e16c16aa4004f6d44949b01ef7bcbe66cc838597dd5a
CLIENT_HANDSHAKE_TRAFFIC_SECRET d33006452fe0ad389f91b10537f540c9d35f0d605b095606c65b2e0f379c0a29 cd0ab3f732869ae70d2b7c2acb2addce79232cddc2e676969f1895a27b7f48a1
SERVER_TRAFFIC_SECRET_0 d33006452fe0ad389f91b10537f540c9d35f0d605b095606c65b2e0f379c0a29 fa8c6f7d69f826e218faf623c9891cc1cc40bb5fed6ff4a3c30af190ab11c669
SERVER_HANDSHAKE_TRAFFIC_SECRET 85e724e6d4b81833dce2cc0a12cd65a80722fe4a1dade4256db866b1781c68c9 c61f53138077089fef49829ea3a0165674260bde0d65df5d845ef1d8e42b7f50
CLIENT_HANDSHAKE_TRAFFIC_SECRET 85e724e6d4b81833dce2cc0a12cd65a80722fe4a1dade4256db866b1781c68c9 643e79548ea6f8c3570448770a1a473afc4581011a9c5f1528045ba526339c21
SERVER_TRAFFIC_SECRET_0 85e724e6d4b81833dce2cc0a12cd65a80722fe4a1dade4256db866b1781c68c9 b0921c0e28f4c21642071a663094e82ba666cfd5b1e902dc6192c1dbd1cc54d6
SERVER_HANDSHAKE_TRAFFIC_SECRET 99775d74998ec7d33e34c409a23f1bd40b3e1e1efb96c9020412ae768428f7f9 8413b6f613822092c283ee08da225fd47144bc9b9bd3243e3c09c60f5cd516ed
CLIENT_HANDSHAKE_TRAFFIC_SECRET 99775d74998ec7d33e34c409a23f1bd40b3e1e1efb96c9020412ae768428f7f9 1e982b5db0ed60b3ad5e11e63af77f53a4519de4f6a4bb59e29b85c35572e02b
SERVER_TRAFFIC_SECRET_0 99775d74998ec7d33e34c409a23f1bd40b3e1e1efb96c9020412ae768428f7f9 c2201e776271167b64eba21fdd6daf61af5f86425397ce24594fe544824abe59
SERVER_HANDSHAKE_TRAFFIC_SECRET a0d40fe248e7201a6b86b34bd9e18e7346313bf4dfb631e18ed017f04a468392 1c95ee015de00856a300dc19ab234c58c47b0a27058a833a14dced727fd6fd6c
CLIENT_HANDSHAKE_TRAFFIC_SECRET a0d40fe248e7201a6b86b34bd9e18e7346313bf4dfb631e18ed017f04a468392 96cbe1d3809d8dece9c724fe8983d472204aed6ffe5f192756b5dfff5aac8af2
SERVER_TRAFFIC_SECRET_0 a0d40fe248e7201a6b86b34bd9e18e7346313bf4dfb631e18ed017f04a468392 d5751e5230a1173090f793c7c02aacbe2a3ef4aba9b017826e076b16dee5f04d
SERVER_HANDSHAKE_TRAFFIC_SECRET c1d85b0dc9ef85fe3c24145b4bb468bbcb98dcc948390e523a9e37f9b2d0022b 3b632ccf04a2a242b07b2cde4db8c3bfeacb1824808ae78833d7c30e0a992579
CLIENT_HANDSHAKE_TRAFFIC_SECRET c1d85b0dc9ef85fe3c24145b4bb468bbcb98dcc948390e523a9e37f9b2d0022b e287bcaa69dba3b62237b7b47c2f75a5c8cc80d38fdfaf145dfe53cdd8d89051
SERVER_TRAFFIC_SECRET_0 c1d85b0dc9ef85fe3c24145b4bb468bbcb98dcc948390e523a9e37f9b2d0022b 779625f2c023e93ee1e953f9eb2d4d03822f6d6bbc71adbfeeb4af2b5c33e891
SERVER_HANDSHAKE_TRAFFIC_SECRET 1ddf33ea6a686297488f76f22bcee684dcc3d56d537c831f0f0d176b4651f05a d85a7e0ea2d34c3e31ea946bb4ef48ca1be515e34f4c8320d31263d5d8f62e94
CLIENT_HANDSHAKE_TRAFFIC_SECRET 1ddf33ea6a686297488f76f22bcee684dcc3d56d537c831f0f0d176b4651f05a 9580197a2bda8ca1c2231f1e048bdb1b58495c407d6693429120b8f59c2e4448
SERVER_TRAFFIC_SECRET_0 1ddf33ea6a686297488f76f22bcee684dcc3d56d537c831f0f0d176b4651f05a 1b0d1847ede01d6c269b73322d297a2901d0117ff073e84c05aa6215d0605935
SERVER_HANDSHAKE_TRAFFIC_SECRET 06621b5325905010b367342b2b0b1d3b89368cc447b38e3d8b5df6ddce43a48d 462868a328d2e46845c7516bf3c7fae470e2ef0e9aa1039981e6fd89d0b25acc
CLIENT_HANDSHAKE_TRAFFIC_SECRET 06621b5325905010b367342b2b0b1d3b89368cc447b38e3d8b5df6ddce43a48d ce86628e750b6f705815444d9ccf64110152d210a00e0a05efe0bcf1191b3920
SERVER_TRAFFIC_SECRET_0 06621b5325905010b367342b2b0b1d3b89368cc447b38e3d8b5df6ddce43a48d e69ea579db4b2d1a49189d04794fc3fb8c367e383cd4481754d1aadeca0ba414
SERVER_HANDSHAKE_TRAFFIC_SECRET d5a3c748540e385d19e3d7d93e4206e8bf895202c2cb714c59aab41e95d42d7d 780b6410bb7e7e08b05c851e09f4403d745e85b904ea8264e3125160799f42dd
CLIENT_HANDSHAKE_TRAFFIC_SECRET d5a3c748540e385d19e3d7d93e4206e8bf895202c2cb714c59aab41e95d42d7d 19d34ba77b6bc68166614a5e57cbb8c7798805b723366615909b7dd834c4b398
SERVER_TRAFFIC_SECRET_0 d5a3c748540e385d19e3d7d93e4206e8bf895202c2cb714c59aab41e95d42d7d 5d66193181409592388f8259c89fb886a20798319769baf2c70842e36d7d0d58
SERVER_HANDSHAKE_TRAFFIC_SECRET 03186c9f263451d16d6b4baa9f195e9957337ed5970355fac7fb1e04058fbd43 a6286c742681517637ff1fc56c52faca16c4c049daec3afc9b130a62412d7e55
CLIENT_HANDSHAKE_TRAFFIC_SECRET 03186c9f263451d16d6b4baa9f195e9957337ed5970355fac7fb1e04058fbd43 a0c710e1fa39313e584665e7d5fabb879e855e763e068e478222a9f786ebe2c3
SERVER_TRAFFIC_SECRET_0 03186c9f263451d16d6b4baa9f195e9957337ed5970355fac7fb1e04058fbd43 7d43da7788156ef48240fb2991e1cb1e60943a8a075179ccd09737c0c2fc43f3
SERVER_HANDSHAKE_TRAFFIC_SECRET b52df593e021dae5a788d421bfc12f61c6edc5c38de20e88f6a660e1082f7fde 06b8f1a6e219f633612aa15cefea8505fc3c0372d38e7227b7329ffbd96236fe
CLIENT_HANDSHAKE_TRAFFIC_SECRET b52df593e021dae5a788d421bfc12f61c6edc5c38de20e88f6a660e1082f7fde 0972af880dd78896797e147d97ac429302f0567c3aba156caabb93a855586682
SERVER_TRAFFIC_SECRET_0 b52df593e021dae5a788d421bfc12f61c6edc5c38de20e88f6a660e1082f7fde a09b5624683dc6d5feed6fd9e982d5f226b4f01dff3661b4da25e60e20ead4e1
SERVER_HANDSHAKE_TRAFFIC_SECRET c37dbcd4e1f0b7781dc39bb6ca0d19f6c9c40441d3f416ece6b2f0ae6edf6906 8ddcc58e2b2bf9f00ad7a0028f4568846f3a80d75784130130b024636a0f1204
CLIENT_HANDSHAKE_TRAFFIC_SECRET c37dbcd4e1f0b7781dc39bb6ca0d19f6c9c40441d3f416ece6b2f0ae6edf6906 b8ca1a0709e1713d7ff9a764f5a86d65af5fc03b7c32dc498b9fd9b011f02877
SERVER_TRAFFIC_SECRET_0 c37dbcd4e1f0b7781dc39bb6ca0d19f6c9c40441d3f416ece6b2f0ae6edf6906 77ed1dee1783d0486b6fc9a5487f2ae6ad76793b0de6d038fda2084d668c4652
SERVER_HANDSHAKE_TRAFFIC_SECRET 10d950f707bf11218f60c6e18350bccb0e871e5f16ac76a50b6179a9b3fbe229 d552b887a06d2614a401d97ccb9b9035166827c71220b463ae4a5348226b2d13
CLIENT_HANDSHAKE_TRAFFIC_SECRET 10d950f707bf11218f60c6e18350bccb0e871e5f16ac76a50b6179a9b3fbe229 549ac20b5eb7d77a6b8ef938d111d996f84e500c25772fa7f617973afab7af0f
SERVER_TRAFFIC_SECRET_0 10d950f707bf11218f60c6e18350bccb0e871e5f16ac76a50b6179a9b3fbe229 98ff4e41eab3e1769de65e8ca4a30b048e5c55d60029f48cdb241ce989f56ca7
SERVER_HANDSHAKE_TRAFFIC_SECRET 6d751aa7784f9516b1ec0c1291f2d80eeb0f25e027670ea4bab3e44df23e3f17 2ec38cdb85b6db3911d670f333c453299287c8d3632bd032368981c824c530ee
CLIENT_HANDSHAKE_TRAFFIC_SECRET 6d751aa7784f9516b1ec0c1291f2d80eeb0f25e027670ea4bab3e44df23e3f17 a9349621a0d1e1ec0bd4cc6d251bf4e7023fafe23a37895efb3f146aca0b6745
SERVER_TRAFFIC_SECRET_0 6d751aa7784f9516b1ec0c1291f2d80eeb0f25e027670ea4bab3e44df23e3f17 515c309cbb787afd42cf3bdb42b431f9ce5bafceb0a46742498b3fa0b639ad2d
SERVER_HANDSHAKE_TRAFFIC_SECRET 75322e1306c5cc4338e15c95b398e7b4d25832a304f9c0905e3e7db8a19095a9 9aff5b69a65192b411fbb71c9bb24c33d728bf8c64db0989488dbda19f75884f
CLIENT_HANDSHAKE_TRAFFIC_SECRET 75322e1306c5cc4338e15c95b398e7b4d25832a304f9c0905e3e7db8a19095a9 0f6047df3ad453fde191eaf7d98fc5ceeaa075ab2077648ae21c0e94c001d8a2
SERVER_TRAFFIC_SECRET_0 75322e1306c5cc4338e15c95b398e7b4d25832a304f9c0905e3e7db8a19095a9 8a27fd6f4b3a80267f879a84a3b8e6b401779f3c6859fff2228af55387582965
SERVER_HANDSHAKE_TRAFFIC_SECRET 5f6001f79f30c168b050700b25d3c43478ce466cc5a1c7bb34571e9e02b6012e ba558ffa65aeb2f40faf2ae33cafc09aaeb9c8c9e635959aec0ce5e1d8cdc6cb
CLIENT_HANDSHAKE_TRAFFIC_SECRET 5f6001f79f30c168b050700b25d3c43478ce466cc5a1c7bb34571e9e02b6012e cd2343ae51a5de92f34bc5fae25bb07e71d4cd50e2a0f062f5079f795874accb
SERVER_TRAFFIC_SECRET_0 5f6001f79f30c168b050700b25d3c43478ce466cc5a1c7bb34571e9e02b6012e 9dcc6208b6d6c584486d5728fa4ec81da6bf008368f4921d505f39a7336844ed
SERVER_HANDSHAKE_TRAFFIC_SECRET c3aadc1d9e2eed66f4fde47f3afc1c75af28c2bf2e073687ef4280eea13b67b5 40865a9699c1d4a8c25974a203624be436b25f599f2c7b7c992bdaa0c4752ec7
CLIENT_HANDSHAKE_TRAFFIC_SECRET c3aadc1d9e2eed66f4fde47f3afc1c75af28c2bf2e073687ef4280eea13b67b5 720f406d1ce201548620aec081d2b94ca9be306fc6ed7a6039c45b4605ef4a26
SERVER_TRAFFIC_SECRET_0 c3aadc1d9e2eed66f4fde47f3afc1c75af28c2bf2e073687ef4280eea13b67b5 7f9ffa3f981ae59b12a8ec89ef925a0dd57fc2adc47764d6b30a7a41f709e627
SERVER_HANDSHAKE_TRAFFIC_SECRET cf8a4436e751fefe328131568f4bf73cc83031f3203d2206ed1b95a8f5d00ad5 2bf0c74d87bd0c1cf2bd1569e2c9e9db746d63d5680cce03b3b01bb480b68b8d
CLIENT_HANDSHAKE_TRAFFIC_SECRET cf8a4436e751fefe328131568f4bf73cc83031f3203d2206ed1b95a8f5d00ad5 698619baf570aa8e9ceb58a80ea216281e9d3c22a4a4db85aa01407b2433d6dd
SERVER_TRAFFIC_SECRET_0 cf8a4436e751fefe328131568f4bf73cc83031f3203d2206ed1b95a8f5d00ad5 dca030957c97a1c3859be53126cc4e286b04871f6ef8a3ce42d9fce4656a5322
SERVER_HANDSHAKE_TRAFFIC_SECRET dc9051c0ac6e879d2e13d36637d788f9c96ceca2d5d116b87eaab78d3057ac38 54c7070efc5dbfd71624c3c1cfcb1c091808a05e7ebac02b4ccdd9f9cc6187c4
CLIENT_HANDSHAKE_TRAFFIC_SECRET dc9051c0ac6e879d2e13d36637d788f9c96ceca2d5d116b87eaab78d3057ac38 a18d67f0c4f535029173d8a34d5787b02dccc0045a2c57415ce02e1a3eebe6df
SERVER_TRAFFIC_SECRET_0 dc9051c0ac6e879d2e13d36637d788f9c96ceca2d5d116b87eaab78d3057ac38 6e296a8c83c8f2ec47d6d1ba5ef5d80c65f49268cd05d6666ef19a3a72c06418
SERVER_HANDSHAKE_TRAFFIC_SECRET 2504f0099a518aff736c19d83dab133b5ebcf51149df9eea41c1152ec7b9852b c0380f02b9a8d54aa4dfdb05f6acda4e59de6ca83552b73557663e7719d7e0ff
CLIENT_HANDSHAKE_TRAFFIC_SECRET 2504f0099a518aff736c19d83dab133b5ebcf51149df9eea41c1152ec7b9852b b4d7498c74aab39361b9da20c43ebc18a6c1d6046231da77af1567b841999e8c
SERVER_TRAFFIC_SECRET_0 2504f0099a518aff736c19d83dab133b5ebcf51149df9eea41c1152ec7b9852b 2e7d993653ff7a16f852b605c80cae09c7d50b0e7119d7767008840dc115d226
SERVER_HANDSHAKE_TRAFFIC_SECRET db8c0bf59568d2e311e41f8cc82a22ba5702bc831645c3642b59c27b3be99bb3 002d1f31b32f2bc9c1135c1feba0d5acffe661436b56813312f2eafea5b09704
CLIENT_HANDSHAKE_TRAFFIC_SECRET db8c0bf59568d2e311e41f8cc82a22ba5702bc831645c3642b59c27b3be99bb3 90462fcf8480007c9de9e3741ec85e94cc99123c4bb62a12e27c732e58699cb1
SERVER_TRAFFIC_SECRET_0 db8c0bf59568d2e311e41f8cc82a22ba5702bc831645c3642b59c27b3be99bb3 590e35551c1dc34e950083967dd5aa5034c9cc1474204702f495628220e48301
SERVER_HANDSHAKE_TRAFFIC_SECRET 5f361dd92371514a88561f50f797b23c86a630d5be47b06d752cdfdfc3e3b602 6590c526dd95dd4649a9c643cbb4153390cebea8a587ff805cfd4d84aedcd73c
CLIENT_HANDSHAKE_TRAFFIC_SECRET 5f361dd92371514a88561f50f797b23c86a630d5be47b06d752cdfdfc3e3b602 ae6702f485f14e12389897d46a25580a0314035e9528d387f2e63bacf3967a45
SERVER_TRAFFIC_SECRET_0 5f361dd92371514a88561f50f797b23c86a630d5be47b06d752cdfdfc3e3b602 e1d8826cb3c88382655d24cd9ad1a18268e555bf70c4a8b6f7efa0e1bf94d13f
SERVER_HANDSHAKE_TRAFFIC_SECRET 58f026f3650caaf9ce9c0de9149bdc76f58482cf72a9ae3dcc9cd100d6fcfb39 05bfded267241febdcb23dac13a0bcde571e3209a68d5db7da8e35357fe2867e
CLIENT_HANDSHAKE_TRAFFIC_SECRET 58f026f3650caaf9ce9c0de9149bdc76f58482cf72a9ae3dcc9cd100d6fcfb39 0d8d87c7fba83669924ee4287a49c592e1f941c870b080da609907b2df909064
SERVER_TRAFFIC_SECRET_0 58f026f3650caaf9ce9c0de9149bdc76f58482cf72a9ae3dcc9cd100d6fcfb39 fac114aceb341ecd735ed0ba3522278109819b34d48ea0213ab30870b8cac291
SERVER_HANDSHAKE_TRAFFIC_SECRET 1954b354cf7b37fd31cbd5b9bdf8cda70bf8c27343685e9981ecc0480df01d70 cbd96a042cc8d51d8d121c893c83b63bbe6c75efa3a5ec85867e9565b3f9d128
CLIENT_HANDSHAKE_TRAFFIC_SECRET 1954b354cf7b37fd31cbd5b9bdf8cda70bf8c27343685e9981ecc0480df01d70 d2c35e57177708ca211c56ce895cb3735999413a9b373cae4bc8289d32ae379c
SERVER_TRAFFIC_SECRET_0 1954b354cf7b37fd31cbd5b9bdf8cda70bf8c27343685e9981ecc0480df01d70 4e19b96dc358843cfe87049b02aa59db2f79ace61cc8c59a1295e1e2158a99ca
SERVER_HANDSHAKE_TRAFFIC_SECRET 6770dd9a83894ad40ce14eaec958fe81297f8b3f16773d22e26a00d7a2a47e6b 277c8f024ff86803f8b21d9548181eb2963f02f658f6e3dfa069b4aa01c44231
CLIENT_HANDSHAKE_TRAFFIC_SECRET 6770dd9a83894ad40ce14eaec958fe81297f8b3f16773d22e26a00d7a2a47e6b 95f8a36005c8e4d91c52c803aa139ea5d2fe934902ad9c56e82a3abf5e295b4c
SERVER_TRAFFIC_SECRET_0 6770dd9a83894ad40ce14eaec958fe81297f8b3f16773d22e26a00d7a2a47e6b 9a3e2a89ae5a6db0b566a878f0dcac6886b19a27ec5bc6e3ea894df158c2d828
SERVER_HANDSHAKE_TRAFFIC_SECRET c340a0860d6df858a9ca6ec3d9e8cd808cac704d8cbe35195e7a4c0c66bcf2ce 30d31d1ea8e1e3c427baa54e3f515c7b16829dfd15c73a69bb9f6d955f4f2415
CLIENT_HANDSHAKE_TRAFFIC_SECRET c340a0860d6df858a9ca6ec3d9e8cd808cac704d8cbe35195e7a4c0c66bcf2ce 30032ec3f1a1548f4ad053b2bfb30539dd72d14a751de584b56202666091c144
SERVER_TRAFFIC_SECRET_0 c340a0860d6df858a9ca6ec3d9e8cd808cac704d8cbe35195e7a4c0c66bcf2ce 03ffe188bd703342f3d1082eba6339ce5c065489f6cefa620077e4671a13e1e7
SERVER_HANDSHAKE_TRAFFIC_SECRET 564258da81935552386fac3b192bcdfa2a0c16eb6b963b9cc8add2f3ce2afe04 7eb680142620306bb73871d438d7d8586bc1549603ad7dc947d1ef360a31bc77
CLIENT_HANDSHAKE_TRAFFIC_SECRET 564258da81935552386fac3b192bcdfa2a0c16eb6b963b9cc8add2f3ce2afe04 22b2ded7ee92cf4de014b4c3dd8036d4bb55b28545f7cbd9f62efed4230a421a
SERVER_TRAFFIC_SECRET_0 564258da81935552386fac3b192bcdfa2a0c16eb6b963b9cc8add2f3ce2afe04 79b22002e909a4c3d23d52d5c38153a2c43bfcdc9712f7b3559f2c5b416c68a0
SERVER_HANDSHAKE_TRAFFIC_SECRET 5f12fc8f82e16c16f1973247aad1de9b6cad7dc5b59f4f63bf37d0a4a2c402e0 70547131049e50d2f5c62136c9ccc8647bcb02e2ebeedead6f81e759d4d1ec43
CLIENT_HANDSHAKE_TRAFFIC_SECRET 5f12fc8f82e16c16f1973247aad1de9b6cad7dc5b59f4f63bf37d0a4a2c402e0 fdf9de2ab1942d6a679edcfcad066429ce856f289688dfe5177028b633b0971b
SERVER_TRAFFIC_SECRET_0 5f12fc8f82e16c16f1973247aad1de9b6cad7dc5b59f4f63bf37d0a4a2c402e0 ce727f9878c092ae9fa24fe108237bd05da268b14d259d60ec78fbcae08274a9
SERVER_HANDSHAKE_TRAFFIC_SECRET 8acd5ef2c41735aff06db34d425cbf5f16786f87f420855b669f22bfdce92e4a 3cc9a6ed0dc629f8030d40c0db9f632e432d06e49b2aaa90c76bbc888572eac7
CLIENT_HANDSHAKE_TRAFFIC_SECRET 8acd5ef2c41735aff06db34d425cbf5f16786f87f420855b669f22bfdce92e4a 0d293288a3f2931dcaa18a469e037a1ea7c48fdcb9953974025ef9b69439d108
SERVER_TRAFFIC_SECRET_0 8acd5ef2c41735aff06db34d425cbf5f16786f87f420855b669f22bfdce92e4a 262b76f284f73119b8893ee4936b8d3ca5442508810e2f72a06ec2d0c141b9f1
SERVER_HANDSHAKE_TRAFFIC_SECRET 1e3324fec4a1c93bc04f1a623f3b2db8df6617903eb06dfdee5b5bff81942fe2 3e10a63b0d89f1ca39a1d299b74473809333c5d19cec3a6cfbe158b67ec51e79
CLIENT_HANDSHAKE_TRAFFIC_SECRET 1e3324fec4a1c93bc04f1a623f3b2db8df6617903eb06dfdee5b5bff81942fe2 2ed74fa1c1bfa35b0fb2e0c44131532e5e8d39c30ed824c6b766bf9002d64692
SERVER_TRAFFIC_SECRET_0 1e3324fec4a1c93bc04f1a623f3b2db8df6617903eb06dfdee5b5bff81942fe2 2423802ae275f301269855649134727b18afba70ff538994abd55f58613cb80f
SERVER_HANDSHAKE_TRAFFIC_SECRET 20493ee899be3107ffbd7d4cf74a9f5e16a790c88f583f089bf1f728fc672680 ebba765b66ae0c0f28ab9822308736862b0a56833fdbee0eca0cb8d8fa466e3d
CLIENT_HANDSHAKE_TRAFFIC_SECRET 20493ee899be3107ffbd7d4cf74a9f5e16a790c88f583f089bf1f728fc672680 0080238e6900f19291cded9c57a0f3d9e8af72234039ee23b8a82b4d0765486c
SERVER_TRAFFIC_SECRET_0 20493ee899be3107ffbd7d4cf74a9f5e16a790c88f583f089bf1f728fc672680 b531b1251b1282e3d24dec854ed65e4f53ca9105ec0dcfdfecf4a0847d3ed20b
SERVER_HANDSHAKE_TRAFFIC_SECRET f0599231e32d6c151db220856db75ba5ca597525301dfa6a297f6bac69e6bd9e ffb1e29299a29c064435cb8dd6f4a32f021e9a0d69f6196e0b68aec388e2cbf5
CLIENT_HANDSHAKE_TRAFFIC_SECRET f0599231e32d6c151db220856db75ba5ca597525301dfa6a297f6bac69e6bd9e 8e96d92d3a7860a40ebb6fe7bc5b38717a08a4b6ff9c71f75c45e62ced9e2226
SERVER_TRAFFIC_SECRET_0 f0599231e32d6c151db220856db75ba5ca597525301dfa6a297f6bac69e6bd9e b48bc406d55b38adda9b2a7252e343086b6fac57e913dd354b7b502e0f294c75
SERVER_HANDSHAKE_TRAFFIC_SECRET 7eacbe1e0580c6cadcfbb66195fcb8ed766dc4ea7403a4da96b2eea70c3d6530 a0a770fe893cd67a4755d7daff02472f9337e38003b9292cab99aaf03de6429f
CLIENT_HANDSHAKE_TRAFFIC_SECRET 7eacbe1e0580c6cadcfbb66195fcb8ed766dc4ea7403a4da96b2eea70c3d6530 8ed095b100f14a3ce1f00690fe0510b98500a2ed2de4cee098031fadd5bba592
SERVER_TRAFFIC_SECRET_0 7eacbe1e0580c6cadcfbb66195fcb8ed766dc4ea7403a4da96b2eea70c3d6530 6d7067ec9593dc4d7b586c1720c5a37e929f52f90e60fadf9f7d83e73e981251
SERVER_HANDSHAKE_TRAFFIC_SECRET 56c1b5b32fd2b79118e246ac7626d12ded69d5f2dbe093594b6c4813f04c8620 54a76b35e8bebe9470973a4aa9669324ce90817086992f7fd514834be0f749f5
CLIENT_HANDSHAKE_TRAFFIC_SECRET 56c1b5b32fd2b79118e246ac7626d12ded69d5f2dbe093594b6c4813f04c8620 ef7d4a7b6402234874feb6febfec55ddef702b5348e923f2f2b3487eb5985158
SERVER_TRAFFIC_SECRET_0 56c1b5b32fd2b79118e246ac7626d12ded69d5f2dbe093594b6c4813f04c8620 0681ba113674082bcb36de02bc9993ecbed86869598f541d96b0318bd420e088
SERVER_HANDSHAKE_TRAFFIC_SECRET 1b67f422da5cc636b08a942cddb0ffb6241b9827696fca607414be3bb3dd65a2 69b899b4399912aa29c354ef05f0799dfef2206528e10f403c81ebf29ae7c6df
CLIENT_HANDSHAKE_TRAFFIC_SECRET 1b67f422da5cc636b08a942cddb0ffb6241b9827696fca607414be3bb3dd65a2 260e086f16afca1e39f93cf7123a72e1152be19e2c1adb896ecd6157767a1e4a
SERVER_TRAFFIC_SECRET_0 1b67f422da5cc636b08a942cddb0ffb6241b9827696fca607414be3bb3dd65a2 12e77b8f56789aabdaf323fe5fdaef5229e8bb3aa813479c0cbf305b6e855186
SERVER_HANDSHAKE_TRAFFIC_SECRET a16a5349c65360aba0d0d372b2ff0f141c1638941119a1c4303c43d03e14d660 bdb9b33c234d2e454736e54a2a3e2c39abf61379049047ec4ffb2416ec496cc3
CLIENT_HANDSHAKE_TRAFFIC_SECRET a16a5349c65360aba0d0d372b2ff0f141c1638941119a1c4303c43d03e14d660 fc102996ce163f24aaa54bb31db2007ba46a8793cb7e440ee7031b967a1bbcb9
SERVER_TRAFFIC_SECRET_0 a16a5349c65360aba0d0d372b2ff0f141c1638941119a1c4303c43d03e14d660 4b1baf72be40efbaaf736fbd30c00ad731bb21909ff6ecdae9ac5135bc2478ec
SERVER_HANDSHAKE_TRAFFIC_SECRET 6ae5d1e29f7a7bea316c17400d114fd0b6ffd7b0729b3df837f1c3fac84ec7dd 40e1b8917a8c8abc7b6dd1eeb5a1aa11cabfc4179048b4531da3e7db1522876f
CLIENT_HANDSHAKE_TRAFFIC_SECRET 6ae5d1e29f7a7bea316c17400d114fd0b6ffd7b0729b3df837f1c3fac84ec7dd 2d425b1b76cdc31567ee4e44b5b49a657e9e5f8a75a91bdbe26ed4fa1ccbd76e
SERVER_TRAFFIC_SECRET_0 6ae5d1e29f7a7bea316c17400d114fd0b6ffd7b0729b3df837f1c3fac84ec7dd 0bea87cb7cf94208541faa503a5a90e0a014b2c862344b2790834887169cea28
SERVER_HANDSHAKE_TRAFFIC_SECRET 2a40dd6345b8c1ec00aeddab31b5e3151f08179046efe335a18fcbf0839910a6 4d5ccdc88ba14cc540e6826d3b1ba2bde3e63ab63a4b4e51624a2a6a0a357a35
CLIENT_HANDSHAKE_TRAFFIC_SECRET 2a40dd6345b8c1ec00aeddab31b5e3151f08179046efe335a18fcbf0839910a6 37289efcb1b0c0df4d65a854bd90716e33b19d7b3b8007ce59e70fb0fe8e95ae
SERVER_TRAFFIC_SECRET_0 2a40dd6345b8c1ec00aeddab31b5e3151f08179046efe335a18fcbf0839910a6 a2b9a50b5fbb4d7f052be6e7aecff4f7bc4769cdeaa68725f8aca3a7bd2e2193
SERVER_HANDSHAKE_TRAFFIC_SECRET 194c5037df68010fae3a0644b4c0ca2ff17bfc82b0de0632e0f393770d898cf1 97fad94047c183fae2ff0e53db09ce92e69580ef91e92ea8c24a9e5754e4ca20
CLIENT_HANDSHAKE_TRAFFIC_SECRET 194c5037df68010fae3a0644b4c0ca2ff17bfc82b0de0632e0f393770d898cf1 834b29ba936fe42cc9640a293c3d85b925780d6092ff5d85e53e5935d0ad2ff3
SERVER_TRAFFIC_SECRET_0 194c5037df68010fae3a0644b4c0ca2ff17bfc82b0de0632e0f393770d898cf1 0b1d5953d532a849c126f6eb3771676feeec248d9b407b919a51af32b7060315
SERVER_HANDSHAKE_TRAFFIC_SECRET 97715815568c97c0140f594884c8ea161e3cd331bf857aca207c46d104b9f3a6 ea3a9b43449fdd62e08ef1cf64118988c3bacaaa44de63f7476b97cc7acf656e
CLIENT_HANDSHAKE_TRAFFIC_SECRET 97715815568c97c0140f594884c8ea161e3cd331bf857aca207c46d104b9f3a6 7ac302f706a307f621b7903bd3fc05d8efa107849900ac84151a0978132f7e45
SERVER_TRAFFIC_SECRET_0 97715815568c97c0140f594884c8ea161e3cd331bf857aca207c46d104b9f3a6 a9d413c01fa0dbf00bd8643db33c9eee80a9c4679e997840425af5f672b01111
SERVER_HANDSHAKE_TRAFFIC_SECRET c895d711009440b22f0aba511b42c5bb784d8599afbb1a83e48e5b3e8849a507 aa6495b1799f3abea5a43e10beb85fb95ed4ed20920cdc927d485a1b85fefbc9
CLIENT_HANDSHAKE_TRAFFIC_SECRET c895d711009440b22f0aba511b42c5bb784d8599afbb1a83e48e5b3e8849a507 d978d0f9df6e0f45279e3cf02cdef9bf19ec5e48268892e1e88dfdbe93ce6801
SERVER_TRAFFIC_SECRET_0 c895d711009440b22f0aba511b42c5bb784d8599afbb1a83e48e5b3e8849a507 8a3681ced4281d7a11815ecf9f24d8277865cbbce1744607b09bf9286cc6b5c6
SERVER_HANDSHAKE_TRAFFIC_SECRET b1625ac3be16382dd5b6ccff639881d2261022fac7958bb234987ba36ac0bc19 066e7e004e7ed0c1eea03c8bc5a745a28ca2c8cdb20c387b80ee4d1409039ebf
CLIENT_HANDSHAKE_TRAFFIC_SECRET b1625ac3be16382dd5b6ccff639881d2261022fac7958bb234987ba36ac0bc19 929a2093f189cd758608bd81746c99c5c2335264991104db362217172490ec55
SERVER_TRAFFIC_SECRET_0 b1625ac3be16382dd5b6ccff639881d2261022fac7958bb234987ba36ac0bc19 913b479428b1a4e54104ea2144849c5de55f174e538510e1a73e2b27397d3cd6
SERVER_HANDSHAKE_TRAFFIC_SECRET 9c2be397b29ee7a32ca91763f32cb093881055ef2a1a4f01075713724287589b 83b607e04e024ec8e2e3b21341d78ba0329b5e1e4b558f6da106ce88942be933
CLIENT_HANDSHAKE_TRAFFIC_SECRET 9c2be397b29ee7a32ca91763f32cb093881055ef2a1a4f01075713724287589b 5eeae9328455e7c9cea79134e13db05f3ea58fae79b3ea0ef1699d545fb57375
SERVER_TRAFFIC_SECRET_0 9c2be397b29ee7a32ca91763f32cb093881055ef2a1a4f01075713724287589b 5c44348e9dea3ce10ab2b553eed77d9f6cd1a11e75f93feef8378fba7925b806
SERVER_HANDSHAKE_TRAFFIC_SECRET 14c999780d64bfc27d80e844c214ffc8135de27eff727eb5fa9fe8204f292680 7c013cabb8f01e35aad91b128171a5866566d3c4e9081d670e38e3e494979a4c
CLIENT_HANDSHAKE_TRAFFIC_SECRET 14c999780d64bfc27d80e844c214ffc8135de27eff727eb5fa9fe8204f292680 873b68b343c33ef5d09fe04c0ffb4b8c7c8c412a43050631b4552e270767ac62
SERVER_TRAFFIC_SECRET_0 14c999780d64bfc27d80e844c214ffc8135de27eff727eb5fa9fe8204f292680 23ed29f44eb00268eabd8bc7f6ebe6fdbb2bd69df9cf61adde4a1518a8f9d3f3
SERVER_HANDSHAKE_TRAFFIC_SECRET e021cc56045b5c6356e5cdfddae70e09f23ec4edc2a225ac54873a2a1d33c9aa baf82477c3d6544e3593d726fced038cfb54026bb7d2a9e459f484547c69ef11
CLIENT_HANDSHAKE_TRAFFIC_SECRET e021cc56045b5c6356e5cdfddae70e09f23ec4edc2a225ac54873a2a1d33c9aa 143f9a7506813d8e07361a2557d758348dc7c71446c01ebd0847d74aff51bde2
SERVER_TRAFFIC_SECRET_0 e021cc56045b5c6356e5cdfddae70e09f23ec4edc2a225ac54873a2a1d33c9aa 3b40666abacdc1b4e6872142222d08157516c3bb0426ff74e75aa592da24b701
SERVER_HANDSHAKE_TRAFFIC_SECRET 3a4e84f91788ff11e39b3053b114f8d790a919b5cf107150347b269859e9db88 154b65dd82579fc3c715e23813e673f3c3da14ad9cbc7971ef3754c68e589483
CLIENT_HANDSHAKE_TRAFFIC_SECRET 3a4e84f91788ff11e39b3053b114f8d790a919b5cf107150347b269859e9db88 c40c860f1c84dad0cf4bc57db940d0ac2905cec49ac8b41a47488a17b1689a4c
SERVER_TRAFFIC_SECRET_0 3a4e84f91788ff11e39b3053b114f8d790a919b5cf107150347b269859e9db88 f3ff7f2dfed457fecac010d1c158eba1e21cbe9a3a6aea8b77ec8490aee7b39d
SERVER_HANDSHAKE_TRAFFIC_SECRET 456ccb9e6d5df26d219697f4cd60adb29d82406d6f41c1edecd91fafc8756c04 65fdeb316c90d1376cc1c7a123a999aff0a62c0f80f658eee4e24bf1108947cb
CLIENT_HANDSHAKE_TRAFFIC_SECRET 456ccb9e6d5df26d219697f4cd60adb29d82406d6f41c1edecd91fafc8756c04 8625650ecafbb04262616c0934900135062db783d20775c03139eab1691581ad
SERVER_TRAFFIC_SECRET_0 456ccb9e6d5df26d219697f4cd60adb29d82406d6f41c1edecd91fafc8756c04 ffd99adf315fc8e560914c99885954af97ee94190575927b52e63d2db40aec4a
SERVER_HANDSHAKE_TRAFFIC_SECRET 46f9171a75c9f8581cf56cd4ee23713a8ab616335a3835e82d1c8832888ddd14 1349fd680638d0552946ea3fea09b1e4c4fe8a33316e9cdd6cb2f2988659fd08
CLIENT_HANDSHAKE_TRAFFIC_SECRET 46f9171a75c9f8581cf56cd4ee23713a8ab616335a3835e82d1c8832888ddd14 c04b5f70e24e178dc42570f0f4642a992dc9270e3564abb02a285d853f2c5f6f
SERVER_TRAFFIC_SECRET_0 46f9171a75c9f8581cf56cd4ee23713a8ab616335a3835e82d1c8832888ddd14 914bd19aea6b32cbce375af7eafcf4c4ca6c2126b61515e17aa32c478cee92be
SERVER_HANDSHAKE_TRAFFIC_SECRET d987301b2a0782c8af19b73d030564fe1fa5d5b14ed9fe2824333486f82fc9a7 67d26825379de93f374b1d9c0795ca57d2b112c51ac46831d14bd2728b2001e6
CLIENT_HANDSHAKE_TRAFFIC_SECRET d987301b2a0782c8af19b73d030564fe1fa5d5b14ed9fe2824333486f82fc9a7 b07af8329de17b51786ffed63cbf4a262981d16b24546e2dc4314e6365561b14
SERVER_TRAFFIC_SECRET_0 d987301b2a0782c8af19b73d030564fe1fa5d5b14ed9fe2824333486f82fc9a7 11115bb8d99015bfb7179ff1421a368dff4b682108ee0196def2bdebed0bf2fe
SERVER_HANDSHAKE_TRAFFIC_SECRET bbc72094ee04e6d3e68a33d8869d03b6d8376e7a7b9af6bc298b5f45667d1757 11b47db09ec741154527aae5fffa1f16243121a7164a8182d4cd5d83bdb083d0
CLIENT_HANDSHAKE_TRAFFIC_SECRET bbc72094ee04e6d3e68a33d8869d03b6d8376e7a7b9af6bc298b5f45667d1757 25fecc6acd28a934a96e9cd9be7d43c834bdc25ad9a941f6c93513413cc9032a
SERVER_TRAFFIC_SECRET_0 bbc72094ee04e6d3e68a33d8869d03b6d8376e7a7b9af6bc298b5f45667d1757 2becdbbff1c2874bc491152617a23324bac5c571158b5409b2443862b09f96c0
SERVER_HANDSHAKE_TRAFFIC_SECRET 574718a943d25bd55265a968b1ad3e123cf24d87b5409c65085d421fd67d7010 9fa6f0618d685feace49e8583c5699f217bc8cd4ed3e768d816f34ed36fbe210
CLIENT_HANDSHAKE_TRAFFIC_SECRET 574718a943d25bd55265a968b1ad3e123cf24d87b5409c65085d421fd67d7010 0099470480762a32b606ffd18a59e19afbd8d717d14d7daf655beb59797b4b25
SERVER_TRAFFIC_SECRET_0 574718a943d25bd55265a968b1ad3e123cf24d87b5409c65085d421fd67d7010 3794e1bc522123384d93ae6bc2d73b150b81bcdf623824f835807d9d70ea6ef0
SERVER_HANDSHAKE_TRAFFIC_SECRET 19e9e8368b43e812c6417209284e228a089ef8a58568aa21bb056c167c8f4ce0 2cfd6a3efca26405bf4fc1d36853740550d2de4e8c0dec5267ac03f159447731
CLIENT_HANDSHAKE_TRAFFIC_SECRET 19e9e8368b43e812c6417209284e228a089ef8a58568aa21bb056c167c8f4ce0 f72386b74a82819992ea4b3a72e6d4b4e80e325a75046f0eeaad22b0d864d92a
SERVER_TRAFFIC_SECRET_0 19e9e8368b43e812c6417209284e228a089ef8a58568aa21bb056c167c8f4ce0 b6f5f4aa7b2bbf694bc25ba30fbe7027904c59a8252bf5b3fc0ca9f84f83d595
SERVER_HANDSHAKE_TRAFFIC_SECRET 46f82609eac19c56ee1e2ab329bc1b58fa7e354041b1c797bca836f905e814c7 5f34974fdff24fbc09f03e8107dc2a1364005b9bad8261d61e8e7ec7185a2181
CLIENT_HANDSHAKE_TRAFFIC_SECRET 46f82609eac19c56ee1e2ab329bc1b58fa7e354041b1c797bca836f905e814c7 f48fce298b2734eabd1c8765a4f1c118d6665e07868be1ed45af5d02f46e27cf
SERVER_TRAFFIC_SECRET_0 46f82609eac19c56ee1e2ab329bc1b58fa7e354041b1c797bca836f905e814c7 11a7149cf1553fec7418a0ead13e5b7b78fb7de8242f88a8d756379393d15b72
SERVER_HANDSHAKE_TRAFFIC_SECRET cb765c7a2eb9dff9a561973c0471fd901e6a0ec66b0f79e3bff5087c5cd7f39a 469c5a149bfcee73c369c8a8f8a047235cd46b53bc09514e6a5680bb1db031c0
CLIENT_HANDSHAKE_TRAFFIC_SECRET cb765c7a2eb9dff9a561973c0471fd901e6a0ec66b0f79e3bff5087c5cd7f39a 37f53475f42f28b26815bdca8b9f5dc0f007ac0bbb7eb08bf06962657695ece3
SERVER_TRAFFIC_SECRET_0 cb765c7a2eb9dff9a561973c0471fd901e6a0ec66b0f79e3bff5087c5cd7f39a 9a0a9805b5fbfaa356d41eec9154d8363c577986615922ba35f98f4e813e6d13
SERVER_HANDSHAKE_TRAFFIC_SECRET a46743ae357b4c6b07b64f6f8cb3271f5c7434f357309d58a618510dca23070e d828ac147de0fec146fb549f880580e4f257314c738a4bccc84698946860dbe0
CLIENT_HANDSHAKE_TRAFFIC_SECRET a46743ae357b4c6b07b64f6f8cb3271f5c7434f357309d58a618510dca23070e 786b34f839146fcbb4bfd15bc5dafefe2163291f20ada04674541f1bc89e8965
SERVER_TRAFFIC_SECRET_0 a46743ae357b4c6b07b64f6f8cb3271f5c7434f357309d58a618510dca23070e 1e3fec4948bb9c27ffbec858a48578b6d8ca6eec6d8690ec30334b3230094666
SERVER_HANDSHAKE_TRAFFIC_SECRET 6caab7b1158c53e9db58fd534ebe783ed97251d29f49f059162a28cd64ab7db1 4add5933043ea71448789c7c48342916d710e759bfde6e39de93783569b42c2e
CLIENT_HANDSHAKE_TRAFFIC_SECRET 6caab7b1158c53e9db58fd534ebe783ed97251d29f49f059162a28cd64ab7db1 dd57b04f8df4afec26536839014a284536814a70fd516906d149d5db8870f101
SERVER_TRAFFIC_SECRET_0 6caab7b1158c53e9db58fd534ebe783ed97251d29f49f059162a28cd64ab7db1 f11425a6859a15495698be1c43efd1ac7ac9a68c4a61bfe9e6ac807512b897bc
SERVER_HANDSHAKE_TRAFFIC_SECRET e6e0ec0fc1bbae38d6e7201bb7c92ffc79f9b74ebdb2905ee396c7166e480628 c01b1c725a91ab43d75c0d0c2b51b95932c7d8f1150b373cc8580a81ac0f76ce
CLIENT_HANDSHAKE_TRAFFIC_SECRET e6e0ec0fc1bbae38d6e7201bb7c92ffc79f9b74ebdb2905ee396c7166e480628 9a7466a1eca72c987f7198b07b8e1c1b9072899a8268596764552dae939bfee3
SERVER_TRAFFIC_SECRET_0 e6e0ec0fc1bbae38d6e7201bb7c92ffc79f9b74ebdb2905ee396c7166e480628 0b0d53b100cbc538e551928dc638c68067b997cf61e0bc509946eaa37661b759
SERVER_HANDSHAKE_TRAFFIC_SECRET 82a035ed7be08dfbfb6cd96032d381a9ccc8428f27055f3ea71ee15b7bd8056d 0e09a1f7d955141f2117da1e2e51000961ade97437636418f40b056a65e01556
CLIENT_HANDSHAKE_TRAFFIC_SECRET 82a035ed7be08dfbfb6cd96032d381a9ccc8428f27055f3ea71ee15b7bd8056d a890c1255126e241a65cbc53d8d0437572dcb252fc763fe91079b794e749a96d
SERVER_TRAFFIC_SECRET_0 82a035ed7be08dfbfb6cd96032d381a9ccc8428f27055f3ea71ee15b7bd8056d d5efa05a8e28a37a783f1ae96a8f7070056b7b5e4e01a6a6581aa1b0c17d4419
SERVER_HANDSHAKE_TRAFFIC_SECRET daae2091d36187b1e3afd04365dfd0dc4a15ed5ddf60bfb6f63c6552905b9a20 219aae9e9b405188c49452b06153e8140b250ee74124a86741bf1c0b57f47fd7
CLIENT_HANDSHAKE_TRAFFIC_SECRET daae2091d36187b1e3afd04365dfd0dc4a15ed5ddf60bfb6f63c6552905b9a20 5050b5dcac8a1b5e27430f7501627c8b41eb297eddf04dbc63107a563090638b
SERVER_TRAFFIC_SECRET_0 daae2091d36187b1e3afd04365dfd0dc4a15ed5ddf60bfb6f63c6552905b9a20 b46b89c5c1fdab9d21a86e664056c7ae9ac7227f5906140f26c7d0ce2003bedf
SERVER_HANDSHAKE_TRAFFIC_SECRET 38db5e20c1e1f50aa8173f954be8f94bb948f42a2637a2f642c843571038ab4a 0c5724246897d83c6dc63593cb2c398a16669985d8d167c4909f184777872be4
CLIENT_HANDSHAKE_TRAFFIC_SECRET 38db5e20c1e1f50aa8173f954be8f94bb948f42a2637a2f642c843571038ab4a e61fb61205f9000599c530fbe7f5d17c2ca7bf8df60f6763ad7250fe10dbd278
SERVER_TRAFFIC_SECRET_0 38db5e20c1e1f50aa8173f954be8f94bb948f42a2637a2f642c843571038ab4a 0394c2bb61f0a8a13e6a992e0ca01131a9842ec06d6e8455f990d53df616bbde
SERVER_HANDSHAKE_TRAFFIC_SECRET 5a927d3e9a3970afdae7596eca74d66d7137c8e742839686d112d8f66fc7887c 46917a1eee35eec6b4b0e17a471cd998e0be55babc4a5c6a22505cfe06543fa4
CLIENT_HANDSHAKE_TRAFFIC_SECRET 5a927d3e9a3970afdae7596eca74d66d7137c8e742839686d112d8f66fc7887c ecb9b9cbf7415f9550fc0ec42d84d4ef02bdbac585f0a4fd72932c327c2d6dee
SERVER_TRAFFIC_SECRET_0 5a927d3e9a3970afdae7596eca74d66d7137c8e742839686d112d8f66fc7887c 0e2e8e98de2bf70332951860f0512bcb9fc25229788938dbd3465db777eef20b
SERVER_HANDSHAKE_TRAFFIC_SECRET e3d8796051366a4a9e91179024cfa8f96848bf67e8924d8919aee34d0e2f1cdd 8ed27beb3869d8ddbf76d34442c058413c57547508422a83b6e22e390364a028
CLIENT_HANDSHAKE_TRAFFIC_SECRET e3d8796051366a4a9e91179024cfa8f96848bf67e8924d8919aee34d0e2f1cdd bcb8c8b37b03cf0fc73f6f789a59b7b6a5185282b15440e5c19d5ba82a3be5f0
SERVER_TRAFFIC_SECRET_0 e3d8796051366a4a9e91179024cfa8f96848bf67e8924d8919aee34d0e2f1cdd 925422cef552c0f9bea57b1c771de39d99f9b058cf0ea96498321aa3afbd7194
SERVER_HANDSHAKE_TRAFFIC_SECRET 1bd584e48c0dae88b9326a331e10b92fd44aed437ddbc11504d8b1cce90301ba c3d79bb95b5381c31544e4e8581f60b3248b5ba81360a78bc4543a62a877500d
CLIENT_HANDSHAKE_TRAFFIC_SECRET 1bd584e48c0dae88b9326a331e10b92fd44aed437ddbc11504d8b1cce90301ba 3c81124ca6380dbc1f15fb195bab79de4c3167b8a4b3796e6c1ef4d12416057d
SERVER_TRAFFIC_SECRET_0 1bd584e48c0dae88b9326a331e10b92fd44aed437ddbc11504d8b1cce90301ba 93d04bd13f0116bac1c34d61f87ebd87de6159c6b90f01cbdebb420f70eb2eb8
SERVER_HANDSHAKE_TRAFFIC_SECRET b60f19412957425bb772abc0bc8d102d29a346685bf492be82e85c0d526ad274 c7a9ccf8495d423d5edfdbff6c893fe37d3335823b389edb414130ddd0cf090f
CLIENT_HANDSHAKE_TRAFFIC_SECRET b60f19412957425bb772abc0bc8d102d29a346685bf492be82e85c0d526ad274 69905b2fc05e8fe82293aa8ec46cde17fd4ec125e89c43fbc48b736489e1a8a3
SERVER_TRAFFIC_SECRET_0 b60f19412957425bb772abc0bc8d102d29a346685bf492be82e85c0d526ad274 9fc82e144617994ad97956206df4848f406f0609956cd80170afe649b2b50993
SERVER_HANDSHAKE_TRAFFIC_SECRET 79fce737decc9a9aacd72655cd8e4057d139a6d8d512ac370d9cff80fed86099 13179d317a8d6c1bec1299dd34fc49eb1b1a2c0760ee226f3c59514660a0bc4d
CLIENT_HANDSHAKE_TRAFFIC_SECRET 79fce737decc9a9aacd72655cd8e4057d139a6d8d512ac370d9cff80fed86099 60b2a3c7f8d5dbe37354c08b5ee1fdc1ec8f128db8e34bbc4b97016bb0604307
SERVER_TRAFFIC_SECRET_0 79fce737decc9a9aacd72655cd8e4057d139a6d8d512ac370d9cff80fed86099 3f4044a6fc80156cab793af1ed180fa8542f0c3b014ce97ac99053e7af1b28c0
SERVER_HANDSHAKE_TRAFFIC_SECRET 2712e43b64ab4562af1edd3d08adb083515ab37f75211f91aa4b069f5dc58080 67c02d9f879b355c7e05397da8699bb0afdbfa15ae8774c6e89299b9549f4790
CLIENT_HANDSHAKE_TRAFFIC_SECRET 2712e43b64ab4562af1edd3d08adb083515ab37f75211f91aa4b069f5dc58080 19483a2fb43776edbd993330492fc7aca4e5d38462baa077c61a694c69b41faa
SERVER_TRAFFIC_SECRET_0 2712e43b64ab4562af1edd3d08adb083515ab37f75211f91aa4b069f5dc58080 840411f650cde075aa7c4c2f132413d51a8bee87215c280c115fc3304c3f56fb
SERVER_HANDSHAKE_TRAFFIC_SECRET 5839e3f0d507ac1a16115114708592d2377a69ff6ac6f5945e7750633368492d 3518ebfd8cd68da4a6441fc4b94cd9239d4394e50ce0a67ebfc8ff46798a921e
CLIENT_HANDSHAKE_TRAFFIC_SECRET 5839e3f0d507ac1a16115114708592d2377a69ff6ac6f5945e7750633368492d 07ecfeaf584aceaa347ff04b9a2f08db5545ac28298c1d7c6507e570636c1a7d
SERVER_TRAFFIC_SECRET_0 5839e3f0d507ac1a16115114708592d2377a69ff6ac6f5945e7750633368492d 8150f41ebbefc6b91270b3db218485033a52bdd8762b7e502837abeab6e87c0c
SERVER_HANDSHAKE_TRAFFIC_SECRET 52fc885e4b971c9c8c3683eb256e240ea4a374152694ecb4983a250fff65c668 7e0ed548bc70e17c5efe41bab7aca72dc189fc9efae4961beed5c57fda43baf8
CLIENT_HANDSHAKE_TRAFFIC_SECRET 52fc885e4b971c9c8c3683eb256e240ea4a374152694ecb4983a250fff65c668 aa4d7aa786a8a0b2e1d9d74afb03b65a9ed25ba603c8aad2113ec7bdfe0453a1
SERVER_TRAFFIC_SECRET_0 52fc885e4b971c9c8c3683eb256e240ea4a374152694ecb4983a250fff65c668 4af5d97d07e7278913a9f496e1a89ed6295e23cff7cb4269cf5f6b42812793fe
SERVER_HANDSHAKE_TRAFFIC_SECRET 83480c6ab5ed33a521aeb6bf74f04b4c7027b9c4b494bf499b01b242bd7b94c4 4b5f90f90a2694888e2773f4803987f7e57bfbcaf8ec99b856b159579d28c04f
CLIENT_HANDSHAKE_TRAFFIC_SECRET 83480c6ab5ed33a521aeb6bf74f04b4c7027b9c4b494bf499b01b242bd7b94c4 7e9e7cd0edf1f3a4856ccf03ff86d9eadb382e03fdb86f02eac7e117cb998da4
SERVER_TRAFFIC_SECRET_0 83480c6ab5ed33a521aeb6bf74f04b4c7027b9c4b494bf499b01b242bd7b94c4 b51a1c41db0409140ac1cb2e1600be7e277ce14412736c0aec1e531c39e95f5d
SERVER_HANDSHAKE_TRAFFIC_SECRET 816f2c913dcf64af6c0e0941b18b8eb63c5801f20467f01f0b176a5643335158 b1b71b742fbb6ebc2e37bba037f2ea06a4094b11e878af712bac514c4ff805dc
CLIENT_HANDSHAKE_TRAFFIC_SECRET 816f2c913dcf64af6c0e0941b18b8eb63c5801f20467f01f0b176a5643335158 73d9f3aa78040268f0f422b5cf69c8c589e05eebb2388c461cf176d8e52db138
SERVER_TRAFFIC_SECRET_0 816f2c913dcf64af6c0e0941b18b8eb63c5801f20467f01f0b176a5643335158 a86d50bcd009aef57a5f90cf1a0e95e22be736e4b28b40be55d81986036abdec
SERVER_HANDSHAKE_TRAFFIC_SECRET 7b7e7cb2e05880f5a9e791a0df0efb46c92b86f5f76560cdbe1a8435168cc2c8 a6f27c69749907e64726b0f65f3058df330bfee666e0b52e0d3eb058c7d66936
CLIENT_HANDSHAKE_TRAFFIC_SECRET 7b7e7cb2e05880f5a9e791a0df0efb46c92b86f5f76560cdbe1a8435168cc2c8 33608055c7428c8e6751b49e653858a20aa15ef018642494c6c9674bc2b4e2dc
SERVER_TRAFFIC_SECRET_0 7b7e7cb2e05880f5a9e791a0df0efb46c92b86f5f76560cdbe1a8435168cc2c8 b9d1b488269cb15aaffc97f6a28d983bc4da84a53ac50c56813750fae9342f34
SERVER_HANDSHAKE_TRAFFIC_SECRET 50220e863dd19109fa4eddb3b3aaa8ad752396cfe3855a07780bc3db4191d201 1b038d28c57665c50ce7294c585caca82cdf3524b266939af826b9340e6fa81f
CLIENT_HANDSHAKE_TRAFFIC_SECRET 50220e863dd19109fa4eddb3b3aaa8ad752396cfe3855a07780bc3db4191d201 192190382e647a2859db4eb2245e7512026bbbb7a7e6bee25c3b51ec552380f6
SERVER_TRAFFIC_SECRET_0 50220e863dd19109fa4eddb3b3aaa8ad752396cfe3855a07780bc3db4191d201 90e45d4c54787c447c1c080ea61db00fcd5d7365bb189b4e82ebdaedbf7272ca
SERVER_HANDSHAKE_TRAFFIC_SECRET 1d0e1d45c2e85bac1cd1c97e92e64a0600efaa7b5877b102a9831bc0a65fe349 12a8127a1e2b22724103a8c82980bd42758cd263a62b880ff86f9a7667f3f907
CLIENT_HANDSHAKE_TRAFFIC_SECRET 1d0e1d45c2e85bac1cd1c97e92e64a0600efaa7b5877b102a9831bc0a65fe349 daa2a517d8ef034492e989d7f6586102e6dded98053ac01ff9f4ebb803348193
SERVER_TRAFFIC_SECRET_0 1d0e1d45c2e85bac1cd1c97e92e64a0600efaa7b5877b102a9831bc0a65fe349 a9814247ed280f13a7989b5eab6b5183c95f1253f1414ba066853a2d1af6d580
SERVER_HANDSHAKE_TRAFFIC_SECRET b58d04ed219b1e5ed91197c4080c18bcb16b37541e4465b62f613d3d98571db8 dfe4c24b1763bdce2381d1ccebecda81089c39d04e20942ffe6d18f1c701ffec
CLIENT_HANDSHAKE_TRAFFIC_SECRET b58d04ed219b1e5ed91197c4080c18bcb16b37541e4465b62f613d3d98571db8 a5366c475ea2ae76370b11c90a19c0554ef6f464aefb6c3490d4cdffbc5bd348
SERVER_TRAFFIC_SECRET_0 b58d04ed219b1e5ed91197c4080c18bcb16b37541e4465b62f613d3d98571db8 2bd8843aabf4e48fae1246a779ea1aa9951ca617fdeac1a7fadcffd407a4d8fb
