SERVER_HANDSHAKE_TRAFFIC_SECRET e332512b3e08185792c21c69519fa58523f6098fe309090e56539080a24a7d46 eb571b4b1721a2f3da058c1fcd85ba83edb971328098be4f3ba5154b560576ae32f9ce8fb9f3c032f84cc4e52c053690
CLIENT_HANDSHAKE_TRAFFIC_SECRET e332512b3e08185792c21c69519fa58523f6098fe309090e56539080a24a7d46 de8949243d18c7a08a0688ebb805582f0de9c1e630a0015c3cc8f3a424cc00601673bea5036fa34b794d280fe2327b46
SERVER_TRAFFIC_SECRET_0 e332512b3e08185792c21c69519fa58523f6098fe309090e56539080a24a7d46 cbaf19a4b042fb56bb0f3079760cc1552a21d5e5e629883ede0d01bcd0507a0af461a285ce501d846c13dd7a82245895
CLIENT_HANDSHAKE_TRAFFIC_SECRET e332512b3e08185792c21c69519fa58523f6098fe309090e56539080a24a7d46 de8949243d18c7a08a0688ebb805582f0de9c1e630a0015c3cc8f3a424cc00601673bea5036fa34b794d280fe2327b46
SERVER_HANDSHAKE_TRAFFIC_SECRET e332512b3e08185792c21c69519fa58523f6098fe309090e56539080a24a7d46 eb571b4b1721a2f3da058c1fcd85ba83edb971328098be4f3ba5154b560576ae32f9ce8fb9f3c032f84cc4e52c053690
SERVER_HANDSHAKE_TRAFFIC_SECRET e532f1428dda5558f7b306fa1eaa0f7489f28996e5cba68f7fb2ce189f3af4ba 7d2518fc0215921e73cd0be5b5626cb8d01ad541ee6ff3773343950b04645af76048e669ed634ef52855e46bb8bedfdc
CLIENT_HANDSHAKE_TRAFFIC_SECRET e532f1428dda5558f7b306fa1eaa0f7489f28996e5cba68f7fb2ce189f3af4ba 97554e99eb397b6d1eeaa287a1df2a0455dfb292776162cb8b0bc767bf9fab5458386cb9322fbe73af8ae1b4c7fb96be
SERVER_TRAFFIC_SECRET_0 e532f1428dda5558f7b306fa1eaa0f7489f28996e5cba68f7fb2ce189f3af4ba 406189d9ded85181fd1a6f9bead40c09f7d44a3b7faab2a6594ac86585c3c739c76dd5018c502afff27b629cdca271a6
CLIENT_HANDSHAKE_TRAFFIC_SECRET e532f1428dda5558f7b306fa1eaa0f7489f28996e5cba68f7fb2ce189f3af4ba 97554e99eb397b6d1eeaa287a1df2a0455dfb292776162cb8b0bc767bf9fab5458386cb9322fbe73af8ae1b4c7fb96be
SERVER_HANDSHAKE_TRAFFIC_SECRET e532f1428dda5558f7b306fa1eaa0f7489f28996e5cba68f7fb2ce189f3af4ba 7d2518fc0215921e73cd0be5b5626cb8d01ad541ee6ff3773343950b04645af76048e669ed634ef52855e46bb8bedfdc
SERVER_HANDSHAKE_TRAFFIC_SECRET a8f4bc89e5a6803798b9a9cb4704437eb5d4e4dd8471ffc6dafcb8ca4bd40379 2f5e13a18a064ab6321e765733f7a3fd26e784aafc6a99a79b686ec55e612f082ee225480ac5f094ea6a6bac8cac141e
CLIENT_HANDSHAKE_TRAFFIC_SECRET a8f4bc89e5a6803798b9a9cb4704437eb5d4e4dd8471ffc6dafcb8ca4bd40379 040041f8e6a1a2e168c9cbe303d72bde36c0437125b8af7ad299d177db0e6960ee11a24434aa430bd2f32bf0baecbe59
SERVER_TRAFFIC_SECRET_0 a8f4bc89e5a6803798b9a9cb4704437eb5d4e4dd8471ffc6dafcb8ca4bd40379 a22e0016f38feeda34482b1256b6a199142f8f9ded6a6d46f6cf16b7bc177caa4feea121ef122666f3bf5a8ee2111e3a
CLIENT_HANDSHAKE_TRAFFIC_SECRET a8f4bc89e5a6803798b9a9cb4704437eb5d4e4dd8471ffc6dafcb8ca4bd40379 040041f8e6a1a2e168c9cbe303d72bde36c0437125b8af7ad299d177db0e6960ee11a24434aa430bd2f32bf0baecbe59
SERVER_HANDSHAKE_TRAFFIC_SECRET a8f4bc89e5a6803798b9a9cb4704437eb5d4e4dd8471ffc6dafcb8ca4bd40379 2f5e13a18a064ab6321e765733f7a3fd26e784aafc6a99a79b686ec55e612f082ee225480ac5f094ea6a6bac8cac141e
SERVER_HANDSHAKE_TRAFFIC_SECRET bb8d2551ac0347a0d0c8e3be30437718e8e8568bead9b727d80b24e129a5f60d a384aec843464264d7493e365148d584673b754868ae6e153df85b5446869ecb0523cd8b472f9e7d7a6bf5d3b1d56c4c
CLIENT_HANDSHAKE_TRAFFIC_SECRET bb8d2551ac0347a0d0c8e3be30437718e8e8568bead9b727d80b24e129a5f60d f2ba0e927b43e275fe4d809a0b4926d1383bc7fcf560d86be2370f0f0cb7e7955241397d896f0e0224dc3ed83b8b23d1
SERVER_TRAFFIC_SECRET_0 bb8d2551ac0347a0d0c8e3be30437718e8e8568bead9b727d80b24e129a5f60d b419d8c04d6109dd05df45dd83a76afc36e42bfe7fdb1bf7e29e060dcc9a4e7d8c47caabe9576cec156ef1eafcb5f102
CLIENT_HANDSHAKE_TRAFFIC_SECRET bb8d2551ac0347a0d0c8e3be30437718e8e8568bead9b727d80b24e129a5f60d f2ba0e927b43e275fe4d809a0b4926d1383bc7fcf560d86be2370f0f0cb7e7955241397d896f0e0224dc3ed83b8b23d1
SERVER_HANDSHAKE_TRAFFIC_SECRET bb8d2551ac0347a0d0c8e3be30437718e8e8568bead9b727d80b24e129a5f60d a384aec843464264d7493e365148d584673b754868ae6e153df85b5446869ecb0523cd8b472f9e7d7a6bf5d3b1d56c4c
SERVER_HANDSHAKE_TRAFFIC_SECRET 6eeb4969953b4251857a6a24a7060cabccd98cb88dfe99c4a16037c0c017edc1 c2c856f85497e4c69e834a20629b686255f13801cb5b7869d7cc56ae1c18604f4b4e388ac95f076036d2fd285418ab7e
CLIENT_HANDSHAKE_TRAFFIC_SECRET 6eeb4969953b4251857a6a24a7060cabccd98cb88dfe99c4a16037c0c017edc1 534e737e049894ca841e0ca8419421058962adab2f922eb23260453d80c524af118af194aa53e1ffd9aa4fd2f5177700
SERVER_TRAFFIC_SECRET_0 6eeb4969953b4251857a6a24a7060cabccd98cb88dfe99c4a16037c0c017edc1 b9a25bff074d2d6965a73f7741cdb5ff3cf9872567d25b68ad825cc16bcc74ae8e4e70515b4f12c22f658cbf17a98281
CLIENT_HANDSHAKE_TRAFFIC_SECRET 6eeb4969953b4251857a6a24a7060cabccd98cb88dfe99c4a16037c0c017edc1 534e737e049894ca841e0ca8419421058962adab2f922eb23260453d80c524af118af194aa53e1ffd9aa4fd2f5177700
SERVER_HANDSHAKE_TRAFFIC_SECRET 6eeb4969953b4251857a6a24a7060cabccd98cb88dfe99c4a16037c0c017edc1 c2c856f85497e4c69e834a20629b686255f13801cb5b7869d7cc56ae1c18604f4b4e388ac95f076036d2fd285418ab7e
SERVER_HANDSHAKE_TRAFFIC_SECRET dabb6ea7c15973faeb50aaf5fd09d43bef59825fff6e28d235cf7f4e837daa9d 34d4f0c6ee9c0e22a06c1628dd540fa84ac30dc6177a5132ab25385a2faeb15da7cd4120b7c6108b158e39d28597cf4d
CLIENT_HANDSHAKE_TRAFFIC_SECRET dabb6ea7c15973faeb50aaf5fd09d43bef59825fff6e28d235cf7f4e837daa9d 7e69603ebcb96ace73a83744ce29dfa33c30e4b6925c547cb5b156ed2ab2f1a53a4b5d32d492017b080781eaeb785519
SERVER_TRAFFIC_SECRET_0 dabb6ea7c15973faeb50aaf5fd09d43bef59825fff6e28d235cf7f4e837daa9d dac91095900b59e0075f6ccf4bb1a7ae123396183e434c0a36f6ff7a04b25ffae0e2ac71678aa3783a60a2d4fac6b081
CLIENT_HANDSHAKE_TRAFFIC_SECRET dabb6ea7c15973faeb50aaf5fd09d43bef59825fff6e28d235cf7f4e837daa9d 7e69603ebcb96ace73a83744ce29dfa33c30e4b6925c547cb5b156ed2ab2f1a53a4b5d32d492017b080781eaeb785519
SERVER_HANDSHAKE_TRAFFIC_SECRET dabb6ea7c15973faeb50aaf5fd09d43bef59825fff6e28d235cf7f4e837daa9d 34d4f0c6ee9c0e22a06c1628dd540fa84ac30dc6177a5132ab25385a2faeb15da7cd4120b7c6108b158e39d28597cf4d
SERVER_HANDSHAKE_TRAFFIC_SECRET 18fec10f0d532bd9b7ac3fc0c768e016be887eb69da1749eec32e42c22deff04 7fa7651c25ece297be2c555f2b7704500e531dd64fc42e12fa0f454ddeba29f70d3a036ec3ab15babb704f7eb7604c3c
CLIENT_HANDSHAKE_TRAFFIC_SECRET 18fec10f0d532bd9b7ac3fc0c768e016be887eb69da1749eec32e42c22deff04 46439502fa81188588ca4420c1fca856b6564d7236b099208e74007bd1ded6de0382fb6e3a0280f197569fa5a13988f0
SERVER_TRAFFIC_SECRET_0 18fec10f0d532bd9b7ac3fc0c768e016be887eb69da1749eec32e42c22deff04 e33ea45fb2a8f9118c6b9bb2ddce3cdb94dc4c3983f2df931b725120ac8cfc06e0e0dd70a036eda9382bbaa4b2cfe876
CLIENT_HANDSHAKE_TRAFFIC_SECRET 18fec10f0d532bd9b7ac3fc0c768e016be887eb69da1749eec32e42c22deff04 46439502fa81188588ca4420c1fca856b6564d7236b099208e74007bd1ded6de0382fb6e3a0280f197569fa5a13988f0
SERVER_HANDSHAKE_TRAFFIC_SECRET 18fec10f0d532bd9b7ac3fc0c768e016be887eb69da1749eec32e42c22deff04 7fa7651c25ece297be2c555f2b7704500e531dd64fc42e12fa0f454ddeba29f70d3a036ec3ab15babb704f7eb7604c3c
SERVER_HANDSHAKE_TRAFFIC_SECRET 718108359064e81cd579e434f180bfb48cfdb532efd09e51e5d378e43e4cd79a 14ee4d35329361a2b3d83f8ccb2d0d886a9b4216e407aa65e63735191b6e36e259661f9b809d18ea0af672c53cacd171
CLIENT_HANDSHAKE_TRAFFIC_SECRET 718108359064e81cd579e434f180bfb48cfdb532efd09e51e5d378e43e4cd79a f33a61c276107a66114384975112a89167156d60990a9d709d1aff8f4f5d9a173596603daedc99054f91aac5ae720ae8
SERVER_TRAFFIC_SECRET_0 718108359064e81cd579e434f180bfb48cfdb532efd09e51e5d378e43e4cd79a 26c9a6ee656ea3616a7fb8607f440e94dd54260e8163dbca92bca5579a6fee57b93862ed712706e71f5fc618ab2eef11
CLIENT_HANDSHAKE_TRAFFIC_SECRET 718108359064e81cd579e434f180bfb48cfdb532efd09e51e5d378e43e4cd79a f33a61c276107a66114384975112a89167156d60990a9d709d1aff8f4f5d9a173596603daedc99054f91aac5ae720ae8
SERVER_HANDSHAKE_TRAFFIC_SECRET 718108359064e81cd579e434f180bfb48cfdb532efd09e51e5d378e43e4cd79a 14ee4d35329361a2b3d83f8ccb2d0d886a9b4216e407aa65e63735191b6e36e259661f9b809d18ea0af672c53cacd171
SERVER_HANDSHAKE_TRAFFIC_SECRET 7d7f447fe43ace6e1c30e7b6d6c73a0c8ad9a7554d74c9665fc0087628d53bd1 bbdf08eaa3d2c7f2a5dc31cb3cc5507bd50433bd2e3c155a1b62f7bee16ac4df852f41875266cd622f9c92f392e1d85d
CLIENT_HANDSHAKE_TRAFFIC_SECRET 7d7f447fe43ace6e1c30e7b6d6c73a0c8ad9a7554d74c9665fc0087628d53bd1 b1a4cfbd590cad4a297f9b26b4812a0de7c0b7ab4e52f85e29ddf1396eca4ce79a2762039c325ffd88ea6a40426bb0af
SERVER_TRAFFIC_SECRET_0 7d7f447fe43ace6e1c30e7b6d6c73a0c8ad9a7554d74c9665fc0087628d53bd1 cad9aff28e5ae088968f9bfb7ccb8c15740e9b95e6bb70addea3869f6f6c2ccd33f690c4baf427c5180915cf083ffa66
CLIENT_HANDSHAKE_TRAFFIC_SECRET 7d7f447fe43ace6e1c30e7b6d6c73a0c8ad9a7554d74c9665fc0087628d53bd1 b1a4cfbd590cad4a297f9b26b4812a0de7c0b7ab4e52f85e29ddf1396eca4ce79a2762039c325ffd88ea6a40426bb0af
SERVER_HANDSHAKE_TRAFFIC_SECRET 7d7f447fe43ace6e1c30e7b6d6c73a0c8ad9a7554d74c9665fc0087628d53bd1 bbdf08eaa3d2c7f2a5dc31cb3cc5507bd50433bd2e3c155a1b62f7bee16ac4df852f41875266cd622f9c92f392e1d85d
SERVER_HANDSHAKE_TRAFFIC_SECRET aebf0245ab440fa99ab68511b8fd0c1d22d3f6bb7eea00e6d3148bd687faebeb c84cff75476479be0ce8eca43f3022225e9deee682fbf6f37d60121ab0fcb26aa29d888d33082626d141c388f3e88c41
CLIENT_HANDSHAKE_TRAFFIC_SECRET aebf0245ab440fa99ab68511b8fd0c1d22d3f6bb7eea00e6d3148bd687faebeb 8d64881efd81eb9488bf919781acb24961941accda4aa5da789147f17660c2b417864067933c36a27bf4f041db14f57e
SERVER_TRAFFIC_SECRET_0 aebf0245ab440fa99ab68511b8fd0c1d22d3f6bb7eea00e6d3148bd687faebeb 8684261029b71b62088fdf40e808adaf6cbd673f64890ee6d6ce1011f84eb075dfa210011deb8e7e1abe13523fd0e042
CLIENT_HANDSHAKE_TRAFFIC_SECRET aebf0245ab440fa99ab68511b8fd0c1d22d3f6bb7eea00e6d3148bd687faebeb 8d64881efd81eb9488bf919781acb24961941accda4aa5da789147f17660c2b417864067933c36a27bf4f041db14f57e
SERVER_HANDSHAKE_TRAFFIC_SECRET aebf0245ab440fa99ab68511b8fd0c1d22d3f6bb7eea00e6d3148bd687faebeb c84cff75476479be0ce8eca43f3022225e9deee682fbf6f37d60121ab0fcb26aa29d888d33082626d141c388f3e88c41
SERVER_HANDSHAKE_TRAFFIC_SECRET 5ed8d539ad0365c67fc0d90585e097bdd675c36db53bb6e9a979072a1a8d438e 4e8e89c8a9eb79558ec61a632fb3df85fc4d5f5a56df94a3e0ce840a7944d8ebd54523277830f03f795db2425535d564
CLIENT_HANDSHAKE_TRAFFIC_SECRET 5ed8d539ad0365c67fc0d90585e097bdd675c36db53bb6e9a979072a1a8d438e 76d2e7e0662a27fe4f1e3414be2ce1df4dbb8b0918703a7b6cff2e6fb19d98bb53467268a2cb00e365646e5547e1ca33
SERVER_TRAFFIC_SECRET_0 5ed8d539ad0365c67fc0d90585e097bdd675c36db53bb6e9a979072a1a8d438e c37f8bc3dfd14daa5e3f1c9465c3a7e458d276d5a3ff741efde4aaa7bf2beb3fe6e1007f0744d18adf08681386c8028b
SERVER_HANDSHAKE_TRAFFIC_SECRET cf9747689c91764b37e2aaf4d2d6a9d71427e6abcd48ab49deecf1eb6e821ff6 f0e27a27e012d2c5f87cf336191f250da2f4e6f4425a108a34f8873ffa3d9ca4c0aa0291934b3c52bba1c3f15c6ed6a9
CLIENT_HANDSHAKE_TRAFFIC_SECRET cf9747689c91764b37e2aaf4d2d6a9d71427e6abcd48ab49deecf1eb6e821ff6 5a0dfa8cdadb20f21e5dc95662eb4398fa2632e2e1789f9a504ed5de0a4c549b708ae18765c610328c5e3e7ef20fb531
SERVER_TRAFFIC_SECRET_0 cf9747689c91764b37e2aaf4d2d6a9d71427e6abcd48ab49deecf1eb6e821ff6 a3edda80abcf5c3a06ab987f0e93a2f79c1771f72d4f66bbb077867a66382fd63645e1752c54171c6a19966738b557ca
CLIENT_HANDSHAKE_TRAFFIC_SECRET cf9747689c91764b37e2aaf4d2d6a9d71427e6abcd48ab49deecf1eb6e821ff6 5a0dfa8cdadb20f21e5dc95662eb4398fa2632e2e1789f9a504ed5de0a4c549b708ae18765c610328c5e3e7ef20fb531
SERVER_HANDSHAKE_TRAFFIC_SECRET cf9747689c91764b37e2aaf4d2d6a9d71427e6abcd48ab49deecf1eb6e821ff6 f0e27a27e012d2c5f87cf336191f250da2f4e6f4425a108a34f8873ffa3d9ca4c0aa0291934b3c52bba1c3f15c6ed6a9
SERVER_HANDSHAKE_TRAFFIC_SECRET c4639ab431442bead509ca972c6630e800190ffd0a79f1a7ffa8e2104bb2ac1a 97b0c3a55999be6ec846f411b4c2623b10025cf34080198467508a799164485b018704d13427ccf3c75c9138fe4d8e9e
CLIENT_HANDSHAKE_TRAFFIC_SECRET c4639ab431442bead509ca972c6630e800190ffd0a79f1a7ffa8e2104bb2ac1a dfd96803bb748c0c4744fbaf67d0cc80a25cb3a8fc54ad9963ee367f093fda7b42642e9adc488c16743900d42a3b3d3f
SERVER_TRAFFIC_SECRET_0 c4639ab431442bead509ca972c6630e800190ffd0a79f1a7ffa8e2104bb2ac1a f48c58bd8af20abc894e58d3816ed5b22251b63da2e19ab9790c6eec722f4146ca5116341ebf4e1acdefde66aa4b133d
CLIENT_HANDSHAKE_TRAFFIC_SECRET c4639ab431442bead509ca972c6630e800190ffd0a79f1a7ffa8e2104bb2ac1a dfd96803bb748c0c4744fbaf67d0cc80a25cb3a8fc54ad9963ee367f093fda7b42642e9adc488c16743900d42a3b3d3f
SERVER_HANDSHAKE_TRAFFIC_SECRET c4639ab431442bead509ca972c6630e800190ffd0a79f1a7ffa8e2104bb2ac1a 97b0c3a55999be6ec846f411b4c2623b10025cf34080198467508a799164485b018704d13427ccf3c75c9138fe4d8e9e
SERVER_HANDSHAKE_TRAFFIC_SECRET cbd546be11b3d28f6999e32de2d7649b01ce89ccbf78afe5c0c350107ef873e0 deefa45d4bc37a3d0fe8337f39f230e96b05b624c52a1e1e3a0945c80e5232f4f3299cf5d13933b28bc3492e913cdb28
CLIENT_HANDSHAKE_TRAFFIC_SECRET cbd546be11b3d28f6999e32de2d7649b01ce89ccbf78afe5c0c350107ef873e0 3d752b30515aba477bef3afa23120d94bbfbbd0d3d863c4eab310238bc8c40c54c6ddd547f038ab89445fbe279647601
SERVER_TRAFFIC_SECRET_0 cbd546be11b3d28f6999e32de2d7649b01ce89ccbf78afe5c0c350107ef873e0 48f1f7fef36e7f1c7d4a2e87299300316e7c3be02b354a33a3f711ee36a3ddb284cd43dcbe10cd7ab0b37199e180c317
CLIENT_HANDSHAKE_TRAFFIC_SECRET cbd546be11b3d28f6999e32de2d7649b01ce89ccbf78afe5c0c350107ef873e0 3d752b30515aba477bef3afa23120d94bbfbbd0d3d863c4eab310238bc8c40c54c6ddd547f038ab89445fbe279647601
SERVER_HANDSHAKE_TRAFFIC_SECRET cbd546be11b3d28f6999e32de2d7649b01ce89ccbf78afe5c0c350107ef873e0 deefa45d4bc37a3d0fe8337f39f230e96b05b624c52a1e1e3a0945c80e5232f4f3299cf5d13933b28bc3492e913cdb28
SERVER_TRAFFIC_SECRET_0 cbd546be11b3d28f6999e32de2d7649b01ce89ccbf78afe5c0c350107ef873e0 48f1f7fef36e7f1c7d4a2e87299300316e7c3be02b354a33a3f711ee36a3ddb284cd43dcbe10cd7ab0b37199e180c317
EXPORTER_SECRET cbd546be11b3d28f6999e32de2d7649b01ce89ccbf78afe5c0c350107ef873e0 9f82f8adea181f5a511cbccadbd8e8fa79c7e59e603fc964cdbe28a8c86ea966690916c11470bfb9a499af1972d3ad17
CLIENT_TRAFFIC_SECRET_0 cbd546be11b3d28f6999e32de2d7649b01ce89ccbf78afe5c0c350107ef873e0 968eeb3d1adba122d624e835a54eb709c2af78c52186acc52045aa9c9cba118a809c3f7fcf89f2aeac61beff5a397cc2
CLIENT_TRAFFIC_SECRET_0 cbd546be11b3d28f6999e32de2d7649b01ce89ccbf78afe5c0c350107ef873e0 968eeb3d1adba122d624e835a54eb709c2af78c52186acc52045aa9c9cba118a809c3f7fcf89f2aeac61beff5a397cc2
SERVER_HANDSHAKE_TRAFFIC_SECRET 0835de852289973ed785af648be0d8d515b5207a7d2b45783440bafbd2157569 f6ecd6e7a1f58315e5885df6b58bdacd71fe9319069b8011b7395cc6c30b9ff944d0540144ddeaa406d176504c7e05d9
CLIENT_HANDSHAKE_TRAFFIC_SECRET 0835de852289973ed785af648be0d8d515b5207a7d2b45783440bafbd2157569 0f8c4ed149efd14d08a7a121faceac6cdfc1c1936b8ef0ecf992ec87e84d7859f2aced9962ea92194e658b96304160f7
SERVER_TRAFFIC_SECRET_0 0835de852289973ed785af648be0d8d515b5207a7d2b45783440bafbd2157569 235b9b2c5a722773eaccb0aaca3c9237c444124d084016fb5001b0d21fddee6c81252dcfde62efd0fd3378d456d84c26
CLIENT_HANDSHAKE_TRAFFIC_SECRET 0835de852289973ed785af648be0d8d515b5207a7d2b45783440bafbd2157569 0f8c4ed149efd14d08a7a121faceac6cdfc1c1936b8ef0ecf992ec87e84d7859f2aced9962ea92194e658b96304160f7
SERVER_HANDSHAKE_TRAFFIC_SECRET 0835de852289973ed785af648be0d8d515b5207a7d2b45783440bafbd2157569 f6ecd6e7a1f58315e5885df6b58bdacd71fe9319069b8011b7395cc6c30b9ff944d0540144ddeaa406d176504c7e05d9
SERVER_HANDSHAKE_TRAFFIC_SECRET c79a96f5c8238ddbbdf6dc59759ebbe6bc95bb20011c2ab685a7513d36fdfba2 c6d78102c7f48618ae558dec08032275680033cc12df6d07870f2d2f41d53f4061d57649c2ae8d179f688e154cf6b560
CLIENT_HANDSHAKE_TRAFFIC_SECRET c79a96f5c8238ddbbdf6dc59759ebbe6bc95bb20011c2ab685a7513d36fdfba2 93ec11da9b9cdf67e570d2b5085522c1986b518147abcaddba48f6ed412938d119ca41f9537bbbbdc2461c0cc0b352b8
SERVER_TRAFFIC_SECRET_0 c79a96f5c8238ddbbdf6dc59759ebbe6bc95bb20011c2ab685a7513d36fdfba2 ce1a60cdbaef4804b8ef8ba5a857bfc0b2a5afce9ab18acf77793a93d2b44140c170701a30dc36aea6a9f4c4b7a458b0
CLIENT_HANDSHAKE_TRAFFIC_SECRET c79a96f5c8238ddbbdf6dc59759ebbe6bc95bb20011c2ab685a7513d36fdfba2 93ec11da9b9cdf67e570d2b5085522c1986b518147abcaddba48f6ed412938d119ca41f9537bbbbdc2461c0cc0b352b8
SERVER_HANDSHAKE_TRAFFIC_SECRET c79a96f5c8238ddbbdf6dc59759ebbe6bc95bb20011c2ab685a7513d36fdfba2 c6d78102c7f48618ae558dec08032275680033cc12df6d07870f2d2f41d53f4061d57649c2ae8d179f688e154cf6b560
SERVER_HANDSHAKE_TRAFFIC_SECRET c6bcc844c7402451c26afbef3f604ca4665c999cf0f4f181b5ec6180a35a69b1 0430c57da4668438b31e75b1854f6b490064b49b2cecf4c86417699ed97fa22c090aa07464528d64bc489ce82f1e9de0
CLIENT_HANDSHAKE_TRAFFIC_SECRET c6bcc844c7402451c26afbef3f604ca4665c999cf0f4f181b5ec6180a35a69b1 d7aed321d19a7bb80c4e46af0de8045f28f0e1d1f6e54c53c1625b0ed1c5c9bf3be7e065b17adcc9ea1c7d412f4f21d7
SERVER_TRAFFIC_SECRET_0 c6bcc844c7402451c26afbef3f604ca4665c999cf0f4f181b5ec6180a35a69b1 f590f6da5fd426d5abd7d89a5cf224f7c6743f89b0140c14260b1607f0d13d8d97d7d203bb60e06a0883ede403d98181
CLIENT_HANDSHAKE_TRAFFIC_SECRET c6bcc844c7402451c26afbef3f604ca4665c999cf0f4f181b5ec6180a35a69b1 d7aed321d19a7bb80c4e46af0de8045f28f0e1d1f6e54c53c1625b0ed1c5c9bf3be7e065b17adcc9ea1c7d412f4f21d7
SERVER_HANDSHAKE_TRAFFIC_SECRET c6bcc844c7402451c26afbef3f604ca4665c999cf0f4f181b5ec6180a35a69b1 0430c57da4668438b31e75b1854f6b490064b49b2cecf4c86417699ed97fa22c090aa07464528d64bc489ce82f1e9de0
SERVER_HANDSHAKE_TRAFFIC_SECRET 25f453e14c2458578eec73c4a8882137bf37a6042f9ba049b4fc27912d628983 3a02f507fdcabba2285c8cc2f2d8bdb5465129f8baed88bc795bdd093931211c57b55e85f9350dab9da3b4148e005ceb
CLIENT_HANDSHAKE_TRAFFIC_SECRET 25f453e14c2458578eec73c4a8882137bf37a6042f9ba049b4fc27912d628983 6a13002d882d1bbc8b18213d5bdb45d7237f24034141afbc2e4ec6124a3ff2ca861f34db9cbb234aaf8e07279f56da94
SERVER_TRAFFIC_SECRET_0 25f453e14c2458578eec73c4a8882137bf37a6042f9ba049b4fc27912d628983 ed061614a618703480769fd942f18d5511b6e86575dbc4821d5a07fc2c60f422e33dd81d34578766d904b1e9761d2109
CLIENT_HANDSHAKE_TRAFFIC_SECRET 25f453e14c2458578eec73c4a8882137bf37a6042f9ba049b4fc27912d628983 6a13002d882d1bbc8b18213d5bdb45d7237f24034141afbc2e4ec6124a3ff2ca861f34db9cbb234aaf8e07279f56da94
SERVER_HANDSHAKE_TRAFFIC_SECRET 25f453e14c2458578eec73c4a8882137bf37a6042f9ba049b4fc27912d628983 3a02f507fdcabba2285c8cc2f2d8bdb5465129f8baed88bc795bdd093931211c57b55e85f9350dab9da3b4148e005ceb
SERVER_HANDSHAKE_TRAFFIC_SECRET 31d3bec13797a14dea68efa63d90094ca40d4b36ee84977a68803900b935a440 0b1a901b9a3fa6145ecd7ef55dbd66bf63c91445cf59ee427f91a964fb5aa8709a3d39b60af3e85f38d1875b9531a9a7
CLIENT_HANDSHAKE_TRAFFIC_SECRET 31d3bec13797a14dea68efa63d90094ca40d4b36ee84977a68803900b935a440 409d1b4fbc671fe869eb5a574c8b3209d715b5671a6ba6afcca54258104ed396b716d3af57ec2fe937692639de425ab8
SERVER_TRAFFIC_SECRET_0 31d3bec13797a14dea68efa63d90094ca40d4b36ee84977a68803900b935a440 cc25b2d10f67d570997ec68f7712c0f36795e049144f89c39386d671b907f135a96767dfa58f1399ad4080ccf0567673
CLIENT_HANDSHAKE_TRAFFIC_SECRET 31d3bec13797a14dea68efa63d90094ca40d4b36ee84977a68803900b935a440 409d1b4fbc671fe869eb5a574c8b3209d715b5671a6ba6afcca54258104ed396b716d3af57ec2fe937692639de425ab8
SERVER_HANDSHAKE_TRAFFIC_SECRET 31d3bec13797a14dea68efa63d90094ca40d4b36ee84977a68803900b935a440 0b1a901b9a3fa6145ecd7ef55dbd66bf63c91445cf59ee427f91a964fb5aa8709a3d39b60af3e85f38d1875b9531a9a7
SERVER_HANDSHAKE_TRAFFIC_SECRET 0b05176d446583f78960db6779e319d468aa702f867f766185cd62c01a3e636d 3b2173087c1e55f96a1a67877fb9da1640d301a95d87edf2e797938a9d664032e69c6260836b5977831e7bc527e6263f
CLIENT_HANDSHAKE_TRAFFIC_SECRET 0b05176d446583f78960db6779e319d468aa702f867f766185cd62c01a3e636d 1e02f9aa75f5a7317b8a3be4a16e693baddc23becf0abaab4fe23cfa837cf8ada27de5b244dba1c053373ed971084154
SERVER_TRAFFIC_SECRET_0 0b05176d446583f78960db6779e319d468aa702f867f766185cd62c01a3e636d 9e0b57ba6bca13ebee00925208b5af314d96317ec1139064bf4fda70da983c907c768df9a797f28b7514e6b476dff71e
CLIENT_HANDSHAKE_TRAFFIC_SECRET 0b05176d446583f78960db6779e319d468aa702f867f766185cd62c01a3e636d 1e02f9aa75f5a7317b8a3be4a16e693baddc23becf0abaab4fe23cfa837cf8ada27de5b244dba1c053373ed971084154
SERVER_HANDSHAKE_TRAFFIC_SECRET 0b05176d446583f78960db6779e319d468aa702f867f766185cd62c01a3e636d 3b2173087c1e55f96a1a67877fb9da1640d301a95d87edf2e797938a9d664032e69c6260836b5977831e7bc527e6263f
SERVER_HANDSHAKE_TRAFFIC_SECRET 818dc4c534d918d7e4564bb5833094b1f4b8ef090afc88ddc1b4b4f7fca69156 c2195183555e5a77429726d33a4aa1c5112ffdc77f4df3c58ddab8f4a51a316aecd402cd6916c555ebe259edf534f5d6
CLIENT_HANDSHAKE_TRAFFIC_SECRET 818dc4c534d918d7e4564bb5833094b1f4b8ef090afc88ddc1b4b4f7fca69156 c43a9cd7e34d38cac29917d37db7c5054d73dc1c4a59fb2dd00fec941441b6db2bd37ce31d86e65086269e5791afa2d4
SERVER_TRAFFIC_SECRET_0 818dc4c534d918d7e4564bb5833094b1f4b8ef090afc88ddc1b4b4f7fca69156 a5d9e0cd9b3d40ceed1aab2c04e1c9873d460aa3776a44cfc6753825080588f1fa4f98696151707b9e925570d17bd97a
CLIENT_HANDSHAKE_TRAFFIC_SECRET 818dc4c534d918d7e4564bb5833094b1f4b8ef090afc88ddc1b4b4f7fca69156 c43a9cd7e34d38cac29917d37db7c5054d73dc1c4a59fb2dd00fec941441b6db2bd37ce31d86e65086269e5791afa2d4
SERVER_HANDSHAKE_TRAFFIC_SECRET 818dc4c534d918d7e4564bb5833094b1f4b8ef090afc88ddc1b4b4f7fca69156 c2195183555e5a77429726d33a4aa1c5112ffdc77f4df3c58ddab8f4a51a316aecd402cd6916c555ebe259edf534f5d6
SERVER_HANDSHAKE_TRAFFIC_SECRET 4cce672956dd8e00ef894c8dae560bf0ee930fcbce2e88226e1e3619d935e876 f7c54cdce0f86f47f6e8a5524abdc55981808fa7e9bbb632c4c9ac2f3515bb675f215a8ac1ff943203f90f267014f576
CLIENT_HANDSHAKE_TRAFFIC_SECRET 4cce672956dd8e00ef894c8dae560bf0ee930fcbce2e88226e1e3619d935e876 3d83bc99265a99ae7083a718d1ba2f7214f600d9fff8ae3d6c28e6863d8364f99bdb57df50f147e51867160ab4b6b9aa
SERVER_TRAFFIC_SECRET_0 4cce672956dd8e00ef894c8dae560bf0ee930fcbce2e88226e1e3619d935e876 10d259cda52d87df98fd415e78d17436f7d2a208c595238e664e714ad889f4d33f9d6ef2e7fd0eac5699959ef5fb22ee
SERVER_HANDSHAKE_TRAFFIC_SECRET deda4dcb9c34da63491a8655ed6955a2dde49df6849416ed46c7c3f7c7069dd9 df465db7adbd73d69e396ec7156ae0aec078558c45b4ed9e09d698708d02343b3a29481aa4df709d6c59e7b9a7457866
CLIENT_HANDSHAKE_TRAFFIC_SECRET deda4dcb9c34da63491a8655ed6955a2dde49df6849416ed46c7c3f7c7069dd9 a0e0688109235efeb8eefa89703eb8d493631b8033cf2c2d1ddcad5babcf97eb1e8278d7efab69bfc5dc1fa23dd30a83
SERVER_TRAFFIC_SECRET_0 deda4dcb9c34da63491a8655ed6955a2dde49df6849416ed46c7c3f7c7069dd9 5c28b4f81a932cf400a31152e011d181eb6df601aeadd6a58ddc5ffee3fc99afe5fcd703f1fe91ed8987c882c9d5fa7e
SERVER_HANDSHAKE_TRAFFIC_SECRET c6059d4bf9e5323292a6c78939ca96cb242c2b89a2d318850b0588b578b18a69 63d215863b5da95fae2bfac99c91687207dad1b5bd18cc7ce6bd1f28af1018d0af81e1c84f7328a448c26048f58988d9
CLIENT_HANDSHAKE_TRAFFIC_SECRET c6059d4bf9e5323292a6c78939ca96cb242c2b89a2d318850b0588b578b18a69 dc19ca2ab7c36b4eeb44d2550d311b7362a81477f555b5ebf8fbb01159a1f17cdd2ac8baa37f4e5c61a42845b360cea5
SERVER_TRAFFIC_SECRET_0 c6059d4bf9e5323292a6c78939ca96cb242c2b89a2d318850b0588b578b18a69 fb87a60f32ff938bfa0722d2857c962f6c81318f3a6eee265081f8ab04756d5e6f53b06701f838c429a6f1707f5a6169
CLIENT_HANDSHAKE_TRAFFIC_SECRET c6059d4bf9e5323292a6c78939ca96cb242c2b89a2d318850b0588b578b18a69 dc19ca2ab7c36b4eeb44d2550d311b7362a81477f555b5ebf8fbb01159a1f17cdd2ac8baa37f4e5c61a42845b360cea5
SERVER_HANDSHAKE_TRAFFIC_SECRET c6059d4bf9e5323292a6c78939ca96cb242c2b89a2d318850b0588b578b18a69 63d215863b5da95fae2bfac99c91687207dad1b5bd18cc7ce6bd1f28af1018d0af81e1c84f7328a448c26048f58988d9
SERVER_TRAFFIC_SECRET_0 c6059d4bf9e5323292a6c78939ca96cb242c2b89a2d318850b0588b578b18a69 fb87a60f32ff938bfa0722d2857c962f6c81318f3a6eee265081f8ab04756d5e6f53b06701f838c429a6f1707f5a6169
EXPORTER_SECRET c6059d4bf9e5323292a6c78939ca96cb242c2b89a2d318850b0588b578b18a69 e61199abdeb3dc2fc11df4a7a0a530c8826247cfd295a135cb8971a5baa8a50c77b21b6ea331eea8359c6eba108afe7f
CLIENT_TRAFFIC_SECRET_0 c6059d4bf9e5323292a6c78939ca96cb242c2b89a2d318850b0588b578b18a69 63209b2de1b09f65a4e2d713c7f99db407b087d86107a1fe738fb05426731294c25705420e1520c046e3368d4121c0dd
SERVER_HANDSHAKE_TRAFFIC_SECRET 9634687d142f3f118fad025afa5ac9d70ac988a5567e9f3f00a976a5bf3fd3ce acd0efc61cc7e6404fbd2c7c67149d47c0beb6b1630346a43dbfc2a450284de98a3c978dcf49d6e21d4ea05a4d255409
CLIENT_HANDSHAKE_TRAFFIC_SECRET 9634687d142f3f118fad025afa5ac9d70ac988a5567e9f3f00a976a5bf3fd3ce a677b0839b3670acd155fb0d6497de0cc9e0d9f77db9b7644a7652600dfb3c936d735026fca446f3e9b76930e2241d18
SERVER_TRAFFIC_SECRET_0 9634687d142f3f118fad025afa5ac9d70ac988a5567e9f3f00a976a5bf3fd3ce acd629e1a7843cde252f95f971091df35574ef5f03da06a255001055101d0bf66dd6bd337a4a4f2ab96501d4b298fb74
CLIENT_HANDSHAKE_TRAFFIC_SECRET 9634687d142f3f118fad025afa5ac9d70ac988a5567e9f3f00a976a5bf3fd3ce a677b0839b3670acd155fb0d6497de0cc9e0d9f77db9b7644a7652600dfb3c936d735026fca446f3e9b76930e2241d18
SERVER_HANDSHAKE_TRAFFIC_SECRET 9634687d142f3f118fad025afa5ac9d70ac988a5567e9f3f00a976a5bf3fd3ce acd0efc61cc7e6404fbd2c7c67149d47c0beb6b1630346a43dbfc2a450284de98a3c978dcf49d6e21d4ea05a4d255409
SERVER_HANDSHAKE_TRAFFIC_SECRET 797f0f972a21648cb2ce28c79898db4185ee026c234b14996f0d36e57fa17a8b 988328bcc4c13ac86989839d81bbbfe85af9a18ea9dff4bd7458eacaf1ad6f26f3ff9977a26270ce0ebfcc2f84419f44
CLIENT_HANDSHAKE_TRAFFIC_SECRET 797f0f972a21648cb2ce28c79898db4185ee026c234b14996f0d36e57fa17a8b ed9a1d1a3c2b73860fb97898651efc7bafe880c360aa9763b41574fe192b013ab2a09d5176d5227e60fcf6ddebe365f8
SERVER_TRAFFIC_SECRET_0 797f0f972a21648cb2ce28c79898db4185ee026c234b14996f0d36e57fa17a8b 340bb4985f4b25955be1d043b09ff53401c5a39cade8437fcc7dedd36996d548d3077154c78c3c1395514caa87084c14
CLIENT_HANDSHAKE_TRAFFIC_SECRET 797f0f972a21648cb2ce28c79898db4185ee026c234b14996f0d36e57fa17a8b ed9a1d1a3c2b73860fb97898651efc7bafe880c360aa9763b41574fe192b013ab2a09d5176d5227e60fcf6ddebe365f8
SERVER_HANDSHAKE_TRAFFIC_SECRET 797f0f972a21648cb2ce28c79898db4185ee026c234b14996f0d36e57fa17a8b 988328bcc4c13ac86989839d81bbbfe85af9a18ea9dff4bd7458eacaf1ad6f26f3ff9977a26270ce0ebfcc2f84419f44
SERVER_HANDSHAKE_TRAFFIC_SECRET fa6a2be2cced5de52f20e43700587779232c531477a3bb87610050b9523dd03c a84fc76c29c2c2f5bac0e55423a4e3a94fcec9f73afe5e2a997069d12542640980377966770d1b80fc1d1b9d748a95fa
CLIENT_HANDSHAKE_TRAFFIC_SECRET fa6a2be2cced5de52f20e43700587779232c531477a3bb87610050b9523dd03c efbb0eb42c5cc33abbc84dd1bd836c730dd6449c8f41b61729f1cb1277b0142bc190d8b5c0b9f8165cd7e47713f08fea
SERVER_TRAFFIC_SECRET_0 fa6a2be2cced5de52f20e43700587779232c531477a3bb87610050b9523dd03c 7b98c26f7bbf710a0d36fcd81a7dd3a17cb72e193773a53b79557311c7b5a76e6c49f47bb50fe5c6ee90ca961651a48b
SERVER_HANDSHAKE_TRAFFIC_SECRET 67c4fba25db8da9303f8efeef52e9bdafdce8c047f08aca69482e4a61a069e18 1a6043fbc56c29b65efa4043116afe8caf467939ec25d32b8f2d245a26cf17405df96fb110b085f83961f354cf519f4d
CLIENT_HANDSHAKE_TRAFFIC_SECRET 67c4fba25db8da9303f8efeef52e9bdafdce8c047f08aca69482e4a61a069e18 ea0b1c306f2396e3b7bde61c950ff66a9187ccab5c127381f59356d189592f78012c890ca520acc130cefaac457cf853
SERVER_TRAFFIC_SECRET_0 67c4fba25db8da9303f8efeef52e9bdafdce8c047f08aca69482e4a61a069e18 aa63f3591536de0a2550cca9ac81324865df949143a495952119dca6404294ed34ffa8ffcda4e413f99b7897ec298f00
CLIENT_HANDSHAKE_TRAFFIC_SECRET 67c4fba25db8da9303f8efeef52e9bdafdce8c047f08aca69482e4a61a069e18 ea0b1c306f2396e3b7bde61c950ff66a9187ccab5c127381f59356d189592f78012c890ca520acc130cefaac457cf853
SERVER_HANDSHAKE_TRAFFIC_SECRET 67c4fba25db8da9303f8efeef52e9bdafdce8c047f08aca69482e4a61a069e18 1a6043fbc56c29b65efa4043116afe8caf467939ec25d32b8f2d245a26cf17405df96fb110b085f83961f354cf519f4d
SERVER_HANDSHAKE_TRAFFIC_SECRET e011ebe30d8a10d5c4933667919247c4247b00c840770b1b2560aed0741fce21 b8d943bb94f85a83d2c41daad303a22c5a52dd73840980d29b3070f720831055f5b4b2978611831053c5315e8dd91e34
CLIENT_HANDSHAKE_TRAFFIC_SECRET e011ebe30d8a10d5c4933667919247c4247b00c840770b1b2560aed0741fce21 8d421570c7cad8214dde8473a38fab0856c9454a7dc397cac815a737a7608262b9d040b65d648637be876b32930032f9
SERVER_TRAFFIC_SECRET_0 e011ebe30d8a10d5c4933667919247c4247b00c840770b1b2560aed0741fce21 3455a5c7bac30ff3aed30cb9d904f9086ca61f71d4d41d28dc859641ecf80a565212a6d1823580e87295b1d675d9bdaa
CLIENT_HANDSHAKE_TRAFFIC_SECRET e011ebe30d8a10d5c4933667919247c4247b00c840770b1b2560aed0741fce21 8d421570c7cad8214dde8473a38fab0856c9454a7dc397cac815a737a7608262b9d040b65d648637be876b32930032f9
SERVER_HANDSHAKE_TRAFFIC_SECRET e011ebe30d8a10d5c4933667919247c4247b00c840770b1b2560aed0741fce21 b8d943bb94f85a83d2c41daad303a22c5a52dd73840980d29b3070f720831055f5b4b2978611831053c5315e8dd91e34
SERVER_HANDSHAKE_TRAFFIC_SECRET 8f674e436eeefe051e7ae8a79139234278041d702097d5764ab69587409a6cb9 f7e97b90d9d186161d70bed1f3c9a418be4fe7c4ed1a19cf27a1a85712caf99e92ce606da3ace886f5ebd7f3e5b49be1
CLIENT_HANDSHAKE_TRAFFIC_SECRET 8f674e436eeefe051e7ae8a79139234278041d702097d5764ab69587409a6cb9 c234d7e73ad3ba111e14f48d831ec2780216b40cb98074a5ada29f4a5d4cb97bb93ce30b95da619274b29b3d292f25d7
SERVER_TRAFFIC_SECRET_0 8f674e436eeefe051e7ae8a79139234278041d702097d5764ab69587409a6cb9 15a7640f837d0b08c13bedb99e8d5c06ffa4bff4058f5b8ed734cdf8af7e5555fc705a80777f2c67439e99593c3d0d47
CLIENT_HANDSHAKE_TRAFFIC_SECRET 8f674e436eeefe051e7ae8a79139234278041d702097d5764ab69587409a6cb9 c234d7e73ad3ba111e14f48d831ec2780216b40cb98074a5ada29f4a5d4cb97bb93ce30b95da619274b29b3d292f25d7
SERVER_HANDSHAKE_TRAFFIC_SECRET 8f674e436eeefe051e7ae8a79139234278041d702097d5764ab69587409a6cb9 f7e97b90d9d186161d70bed1f3c9a418be4fe7c4ed1a19cf27a1a85712caf99e92ce606da3ace886f5ebd7f3e5b49be1
SERVER_HANDSHAKE_TRAFFIC_SECRET 95e0915f5487c77d548c9c8c111064864d595f6791b1389c0d7b4afd9becf5f1 35f005094679a7ae8ecd7ab96c9b2212b5adffda331e4de624c9d94914876cd3827e3b1f6f157d6abb3067de9d22e0d5
CLIENT_HANDSHAKE_TRAFFIC_SECRET 95e0915f5487c77d548c9c8c111064864d595f6791b1389c0d7b4afd9becf5f1 25aed301d284777372178b33ca32567c85369c4f5d647a773d11ab026298ccdcd54a2b321aa7e52903a4bb71fb3a827c
SERVER_TRAFFIC_SECRET_0 95e0915f5487c77d548c9c8c111064864d595f6791b1389c0d7b4afd9becf5f1 de60c43c4d0fb43cd99eb78838e63ceb59f03634e7bb610ddb443a20d473c00086eccf97444812e3e3821065729c96b0
CLIENT_HANDSHAKE_TRAFFIC_SECRET 95e0915f5487c77d548c9c8c111064864d595f6791b1389c0d7b4afd9becf5f1 25aed301d284777372178b33ca32567c85369c4f5d647a773d11ab026298ccdcd54a2b321aa7e52903a4bb71fb3a827c
SERVER_HANDSHAKE_TRAFFIC_SECRET 95e0915f5487c77d548c9c8c111064864d595f6791b1389c0d7b4afd9becf5f1 35f005094679a7ae8ecd7ab96c9b2212b5adffda331e4de624c9d94914876cd3827e3b1f6f157d6abb3067de9d22e0d5
SERVER_HANDSHAKE_TRAFFIC_SECRET a6b811ae5aa87d2f4e2b2c07d39bddd07ea62a1b24a1cf6eb564510674c9a9d0 a7ada6fdbdf0d6a6f0fd07df15d1e5d06ed4f7f45b3f67bcea1693f25e450f6143ca1571f3fee6141788641f5ed1cd14
CLIENT_HANDSHAKE_TRAFFIC_SECRET a6b811ae5aa87d2f4e2b2c07d39bddd07ea62a1b24a1cf6eb564510674c9a9d0 6b52f1643c299fc2392f199edf5cd9d49c042798c2de34d263118aa0f6fd11d8a24698444d9a3036f6f9098f522bd733
SERVER_TRAFFIC_SECRET_0 a6b811ae5aa87d2f4e2b2c07d39bddd07ea62a1b24a1cf6eb564510674c9a9d0 42ddd380b4695813043e24652be4b1691cd3c58510dc78b40a6368983997d84015a314631ad463c49bb3694ba83b7a2a
CLIENT_HANDSHAKE_TRAFFIC_SECRET a6b811ae5aa87d2f4e2b2c07d39bddd07ea62a1b24a1cf6eb564510674c9a9d0 6b52f1643c299fc2392f199edf5cd9d49c042798c2de34d263118aa0f6fd11d8a24698444d9a3036f6f9098f522bd733
SERVER_HANDSHAKE_TRAFFIC_SECRET a6b811ae5aa87d2f4e2b2c07d39bddd07ea62a1b24a1cf6eb564510674c9a9d0 a7ada6fdbdf0d6a6f0fd07df15d1e5d06ed4f7f45b3f67bcea1693f25e450f6143ca1571f3fee6141788641f5ed1cd14
SERVER_HANDSHAKE_TRAFFIC_SECRET fc991b150507275e6830601f59d36251efe05404c27238d6bdc879ef5596b178 4be630cbc89e51bb1d8e03ccc0af2ff1a48e7fa60ad3996d6dacfe5092817353826e08324a8da79b19542e41f5404639
CLIENT_HANDSHAKE_TRAFFIC_SECRET fc991b150507275e6830601f59d36251efe05404c27238d6bdc879ef5596b178 705d453a386d7a12a92c19e365999349dc29605dfed5ae19eb4a7dd43575fb60e959f57598ad826d5c9b67b1989ced2c
SERVER_TRAFFIC_SECRET_0 fc991b150507275e6830601f59d36251efe05404c27238d6bdc879ef5596b178 f1566f5fcb2a17b6f60e22a23bf82d74c16325fccb627c0194960e45432d5ff176950302c905f036d46a8a9577aa70c7
CLIENT_HANDSHAKE_TRAFFIC_SECRET fc991b150507275e6830601f59d36251efe05404c27238d6bdc879ef5596b178 705d453a386d7a12a92c19e365999349dc29605dfed5ae19eb4a7dd43575fb60e959f57598ad826d5c9b67b1989ced2c
SERVER_HANDSHAKE_TRAFFIC_SECRET fc991b150507275e6830601f59d36251efe05404c27238d6bdc879ef5596b178 4be630cbc89e51bb1d8e03ccc0af2ff1a48e7fa60ad3996d6dacfe5092817353826e08324a8da79b19542e41f5404639
SERVER_HANDSHAKE_TRAFFIC_SECRET 5fa8f668b830aa5822cf72adcbb0319f382e368f4cb7c40c71062ced207a1b49 3a8cff084ee7821a4902f946033e83024648f75d3c1794a9beb33de34cfe63e8ed35401c1aaf132bc2d2596ac3ef551d
CLIENT_HANDSHAKE_TRAFFIC_SECRET 5fa8f668b830aa5822cf72adcbb0319f382e368f4cb7c40c71062ced207a1b49 6c355b1899bbc7b4d5532e085e8022679b94b1ea9c0746bc2dc253edc932c1c77f30f72fb0f82311619dbcee676e5370
SERVER_TRAFFIC_SECRET_0 5fa8f668b830aa5822cf72adcbb0319f382e368f4cb7c40c71062ced207a1b49 2fd11fec43a56a213f618275349ffe0ffedc9461e4881f392249a5ec15d6ff22bee31d4508776f16d47ae0af802e6332
CLIENT_HANDSHAKE_TRAFFIC_SECRET 5fa8f668b830aa5822cf72adcbb0319f382e368f4cb7c40c71062ced207a1b49 6c355b1899bbc7b4d5532e085e8022679b94b1ea9c0746bc2dc253edc932c1c77f30f72fb0f82311619dbcee676e5370
SERVER_HANDSHAKE_TRAFFIC_SECRET 5fa8f668b830aa5822cf72adcbb0319f382e368f4cb7c40c71062ced207a1b49 3a8cff084ee7821a4902f946033e83024648f75d3c1794a9beb33de34cfe63e8ed35401c1aaf132bc2d2596ac3ef551d
SERVER_TRAFFIC_SECRET_0 5fa8f668b830aa5822cf72adcbb0319f382e368f4cb7c40c71062ced207a1b49 2fd11fec43a56a213f618275349ffe0ffedc9461e4881f392249a5ec15d6ff22bee31d4508776f16d47ae0af802e6332
EXPORTER_SECRET 5fa8f668b830aa5822cf72adcbb0319f382e368f4cb7c40c71062ced207a1b49 2f1c8dce837e829ba6cbcaabd89218cee19cbb4256de75abdc16446c7adfb551052092ada1840099916b44a190a8f94b
CLIENT_TRAFFIC_SECRET_0 5fa8f668b830aa5822cf72adcbb0319f382e368f4cb7c40c71062ced207a1b49 f5607510fb00e2ab36b00bfed7923fb597ea463b2b170f279872e3065bc4792abea2c7f13d1b3763e15f0e63dda43af7
CLIENT_TRAFFIC_SECRET_0 5fa8f668b830aa5822cf72adcbb0319f382e368f4cb7c40c71062ced207a1b49 f5607510fb00e2ab36b00bfed7923fb597ea463b2b170f279872e3065bc4792abea2c7f13d1b3763e15f0e63dda43af7
SERVER_HANDSHAKE_TRAFFIC_SECRET e6bd6e7572e9bf85148e59b0e8a407c84a8cf6b137e4b929d2e2133d9884533e a12f19ceef649c526fd5101e797791fe0cfe39f76b603056c5689ffb51ab03f3a96d7baba6c484e7d6f3a34ea5fd010a
CLIENT_HANDSHAKE_TRAFFIC_SECRET e6bd6e7572e9bf85148e59b0e8a407c84a8cf6b137e4b929d2e2133d9884533e ffa8881d4cff673c327b3d46e45d0dde29eb5b68a93d40f45a9d21e99756a6acd0b25baefa11d979a889c5bfc238de7a
SERVER_TRAFFIC_SECRET_0 e6bd6e7572e9bf85148e59b0e8a407c84a8cf6b137e4b929d2e2133d9884533e 7bad7f4f856dc8ac4304d9c9c29924190669c586919b7c730ecbaa6dca39f4ca34eeb35bf83aa29163e72e7c54d3063b
CLIENT_HANDSHAKE_TRAFFIC_SECRET e6bd6e7572e9bf85148e59b0e8a407c84a8cf6b137e4b929d2e2133d9884533e ffa8881d4cff673c327b3d46e45d0dde29eb5b68a93d40f45a9d21e99756a6acd0b25baefa11d979a889c5bfc238de7a
SERVER_HANDSHAKE_TRAFFIC_SECRET e6bd6e7572e9bf85148e59b0e8a407c84a8cf6b137e4b929d2e2133d9884533e a12f19ceef649c526fd5101e797791fe0cfe39f76b603056c5689ffb51ab03f3a96d7baba6c484e7d6f3a34ea5fd010a
SERVER_HANDSHAKE_TRAFFIC_SECRET b621a4b288576f504c226f1242b4f1011d5b8f731983edcc9b3cca2dfb57661f ee9f31f8ea1111920f6c1ab65c5c7b5532f5819ce913eefd16433ac629c10ef79b7b5e897f3f62b23cce9452f9a4b867
CLIENT_HANDSHAKE_TRAFFIC_SECRET b621a4b288576f504c226f1242b4f1011d5b8f731983edcc9b3cca2dfb57661f 7bd3fcaeb63d06974f83682230bfff7a9202f2c4c2f3ed82e6be468b41d7bb935357214e3c029c7f7671f09c3f713a18
SERVER_TRAFFIC_SECRET_0 b621a4b288576f504c226f1242b4f1011d5b8f731983edcc9b3cca2dfb57661f 85aaabe3517c0ccc035b331d14fc20d96adb91137e4de1207686014a709a18271f66fe016a26611f36214a9f1f095aee
CLIENT_HANDSHAKE_TRAFFIC_SECRET b621a4b288576f504c226f1242b4f1011d5b8f731983edcc9b3cca2dfb57661f 7bd3fcaeb63d06974f83682230bfff7a9202f2c4c2f3ed82e6be468b41d7bb935357214e3c029c7f7671f09c3f713a18
SERVER_HANDSHAKE_TRAFFIC_SECRET b621a4b288576f504c226f1242b4f1011d5b8f731983edcc9b3cca2dfb57661f ee9f31f8ea1111920f6c1ab65c5c7b5532f5819ce913eefd16433ac629c10ef79b7b5e897f3f62b23cce9452f9a4b867
SERVER_HANDSHAKE_TRAFFIC_SECRET 8a75ca78d0e3898ea135e4bec045936963a130657dc59c447754deb56f93889b 922103fe9e536516a4119a37292639f81b26e693c12eb356a730ed377913813716fdb8f21930ec670418d742884de7e5
CLIENT_HANDSHAKE_TRAFFIC_SECRET 8a75ca78d0e3898ea135e4bec045936963a130657dc59c447754deb56f93889b 8f29caf6a5fb7258017edb483a0d90f751aef93837150483dfbb0565786dc3ff4580a35583506ab0bf02fd38e0f707f9
SERVER_TRAFFIC_SECRET_0 8a75ca78d0e3898ea135e4bec045936963a130657dc59c447754deb56f93889b c3ccb023bf312af5af180e625f3b8aad8b190d862baae7752b7bcfa192f652dd605b785325b3418fa47cba91811c5bc8
CLIENT_HANDSHAKE_TRAFFIC_SECRET 8a75ca78d0e3898ea135e4bec045936963a130657dc59c447754deb56f93889b 8f29caf6a5fb7258017edb483a0d90f751aef93837150483dfbb0565786dc3ff4580a35583506ab0bf02fd38e0f707f9
SERVER_HANDSHAKE_TRAFFIC_SECRET 8a75ca78d0e3898ea135e4bec045936963a130657dc59c447754deb56f93889b 922103fe9e536516a4119a37292639f81b26e693c12eb356a730ed377913813716fdb8f21930ec670418d742884de7e5
SERVER_HANDSHAKE_TRAFFIC_SECRET 97003196c502b01437272aea8070142153095d08805bcec2ea29ae2eb3626db3 447437695ef4c09d816a9e7c5f21ac4636235c39ef4e7a4edac438cb7401a356f545fb5ca4a6de569c5df6a800425e0d
CLIENT_HANDSHAKE_TRAFFIC_SECRET 97003196c502b01437272aea8070142153095d08805bcec2ea29ae2eb3626db3 550e5ae480a065529f68574bdaf359a033a450024e5949ce1a848ec9ff41e7002899a51dd6eca632ece133bd9d4f13a3
SERVER_TRAFFIC_SECRET_0 97003196c502b01437272aea8070142153095d08805bcec2ea29ae2eb3626db3 90257c4cb31590e5c8619777e3abb97b670dae947de60973683823ff755f86b826ac6e1ff57e797bc7ec8356d999a0f0
CLIENT_HANDSHAKE_TRAFFIC_SECRET 97003196c502b01437272aea8070142153095d08805bcec2ea29ae2eb3626db3 550e5ae480a065529f68574bdaf359a033a450024e5949ce1a848ec9ff41e7002899a51dd6eca632ece133bd9d4f13a3
SERVER_HANDSHAKE_TRAFFIC_SECRET 97003196c502b01437272aea8070142153095d08805bcec2ea29ae2eb3626db3 447437695ef4c09d816a9e7c5f21ac4636235c39ef4e7a4edac438cb7401a356f545fb5ca4a6de569c5df6a800425e0d
SERVER_HANDSHAKE_TRAFFIC_SECRET 2a480110381663feb5a263d3f4bddc5da96153af75dd767555a89b6f1af36d59 64a536b9d4a1ab181eb16951f7ac62357c7de9de54ec628a9411b2bc7e890598429944f69dbd636e4472414d763a4cc0
CLIENT_HANDSHAKE_TRAFFIC_SECRET 2a480110381663feb5a263d3f4bddc5da96153af75dd767555a89b6f1af36d59 e60b07ba0ab054357b8ced8d31cbe57189fb93ed0c8dcdfd185894655200351e175ac1ad2599e7ebde77af8b41628fc2
SERVER_TRAFFIC_SECRET_0 2a480110381663feb5a263d3f4bddc5da96153af75dd767555a89b6f1af36d59 942789b4ee0b6a25f41967c40f47e94282f81875870640d641bb860606616142bfd272b2e6d190b46d7f4656d19f3d89
CLIENT_HANDSHAKE_TRAFFIC_SECRET 2a480110381663feb5a263d3f4bddc5da96153af75dd767555a89b6f1af36d59 e60b07ba0ab054357b8ced8d31cbe57189fb93ed0c8dcdfd185894655200351e175ac1ad2599e7ebde77af8b41628fc2
SERVER_HANDSHAKE_TRAFFIC_SECRET 2a480110381663feb5a263d3f4bddc5da96153af75dd767555a89b6f1af36d59 64a536b9d4a1ab181eb16951f7ac62357c7de9de54ec628a9411b2bc7e890598429944f69dbd636e4472414d763a4cc0
SERVER_HANDSHAKE_TRAFFIC_SECRET 40ccdbaf3a6a4eb0b9993c764d127cd0424f2ba8740adf2b248fca7e847978b8 58dd7a419b41728c7abbc6d39e80ec3cf8743ecac16372bf529b5ef3ed29da3284104285fc8bc306ac600ac1b89702f4
CLIENT_HANDSHAKE_TRAFFIC_SECRET 40ccdbaf3a6a4eb0b9993c764d127cd0424f2ba8740adf2b248fca7e847978b8 8a948edab9d132e799772cef86e10c2a487f222ab75a3b22fbd2ab0ad7b579e2780e012a279ea187aa4b7473e16b2724
SERVER_TRAFFIC_SECRET_0 40ccdbaf3a6a4eb0b9993c764d127cd0424f2ba8740adf2b248fca7e847978b8 f3a664a9e7877bee8f9d21115d37fe89d8fd0fa690c6b845566e5ad18461a8141dc70989512ec4440466bb7b42ce2008
CLIENT_HANDSHAKE_TRAFFIC_SECRET 40ccdbaf3a6a4eb0b9993c764d127cd0424f2ba8740adf2b248fca7e847978b8 8a948edab9d132e799772cef86e10c2a487f222ab75a3b22fbd2ab0ad7b579e2780e012a279ea187aa4b7473e16b2724
SERVER_HANDSHAKE_TRAFFIC_SECRET 40ccdbaf3a6a4eb0b9993c764d127cd0424f2ba8740adf2b248fca7e847978b8 58dd7a419b41728c7abbc6d39e80ec3cf8743ecac16372bf529b5ef3ed29da3284104285fc8bc306ac600ac1b89702f4
SERVER_TRAFFIC_SECRET_0 40ccdbaf3a6a4eb0b9993c764d127cd0424f2ba8740adf2b248fca7e847978b8 f3a664a9e7877bee8f9d21115d37fe89d8fd0fa690c6b845566e5ad18461a8141dc70989512ec4440466bb7b42ce2008
EXPORTER_SECRET 40ccdbaf3a6a4eb0b9993c764d127cd0424f2ba8740adf2b248fca7e847978b8 656e7c6178a3eadaef537135e9ef10ba18871b12571285047fa1b9e2f415235a3bd19c0f1653304196b12974c336b69c
CLIENT_TRAFFIC_SECRET_0 40ccdbaf3a6a4eb0b9993c764d127cd0424f2ba8740adf2b248fca7e847978b8 352092cd23644277a2d0310ddf08127cc00483df1567cc34c97500d5c2197040bb53ef8908ed220a555a0d11b0a630dd
SERVER_HANDSHAKE_TRAFFIC_SECRET 298a382d4c3b05a9159654c2423577ba2895c25ba33c68282f1353a052a3fbfe 6c5e4019654dec62d69bd9209b27e085c19d000d3b637762b2f5bab7590d4462328787cdb2aaf999a0023d72107c9a47
CLIENT_HANDSHAKE_TRAFFIC_SECRET 298a382d4c3b05a9159654c2423577ba2895c25ba33c68282f1353a052a3fbfe 32bca2625218ede7874bf5f23299058547343427835328c9c2aeeebdd5642a9e3e394b9e23cda7645f3bab1fcf9cdccc
SERVER_TRAFFIC_SECRET_0 298a382d4c3b05a9159654c2423577ba2895c25ba33c68282f1353a052a3fbfe 9c68a81008474b33374b9bc9a8ce51248e00927990cfa503a9085924d5ac55e17d58b880ebbd85c7e659b0a4c6d75a27
SERVER_HANDSHAKE_TRAFFIC_SECRET bfb4df1e472e12523ff2ca6e9ca31c221598ba41ca6031902f189fe6a50f8c06 934bdd138d100822e249af190c2cfd060141ccfd091895b0b4c1d6f97222ca303cab91887e2b40da75b189dad28ab671
CLIENT_HANDSHAKE_TRAFFIC_SECRET bfb4df1e472e12523ff2ca6e9ca31c221598ba41ca6031902f189fe6a50f8c06 631d13df985571f7ff491bb19c4f6a17f4ae4cf3b22ccdf2fb2f4702e6618207dff8c20e12902461cdff651e0484c065
SERVER_TRAFFIC_SECRET_0 bfb4df1e472e12523ff2ca6e9ca31c221598ba41ca6031902f189fe6a50f8c06 31fc56c4f59c2ac28dcd6cb97ff062fd772ca11fbace7ae01d1dcc7f3513dcf45a65656ea86044e083fe72712b9d3bec
CLIENT_HANDSHAKE_TRAFFIC_SECRET bfb4df1e472e12523ff2ca6e9ca31c221598ba41ca6031902f189fe6a50f8c06 631d13df985571f7ff491bb19c4f6a17f4ae4cf3b22ccdf2fb2f4702e6618207dff8c20e12902461cdff651e0484c065
SERVER_HANDSHAKE_TRAFFIC_SECRET bfb4df1e472e12523ff2ca6e9ca31c221598ba41ca6031902f189fe6a50f8c06 934bdd138d100822e249af190c2cfd060141ccfd091895b0b4c1d6f97222ca303cab91887e2b40da75b189dad28ab671
SERVER_HANDSHAKE_TRAFFIC_SECRET d0d6f5c3fa4b0793cc301bd811da6cd30a455ed4a9118c701dfc346cd623a975 7cddb2dfc29a9f4b9c4279ff47c61d78a12c314d78e21d7c1ed7f8bc5d8ef0f1d263cf655999a2342e6d83926c2e6cc7
CLIENT_HANDSHAKE_TRAFFIC_SECRET d0d6f5c3fa4b0793cc301bd811da6cd30a455ed4a9118c701dfc346cd623a975 54d75e5aa9a1b01d37cfd0dfeb90ea656b3ba621125b20abf2d08a29697e1e65d115a9647297e369cec83e2f102bf1d5
SERVER_TRAFFIC_SECRET_0 d0d6f5c3fa4b0793cc301bd811da6cd30a455ed4a9118c701dfc346cd623a975 b3dd3384cfaf01f1af07d51550fb2aa27188d8557c7b720334284b8e980e80c3274db984f859669179395d4fb7a53db5
CLIENT_HANDSHAKE_TRAFFIC_SECRET d0d6f5c3fa4b0793cc301bd811da6cd30a455ed4a9118c701dfc346cd623a975 54d75e5aa9a1b01d37cfd0dfeb90ea656b3ba621125b20abf2d08a29697e1e65d115a9647297e369cec83e2f102bf1d5
SERVER_HANDSHAKE_TRAFFIC_SECRET d0d6f5c3fa4b0793cc301bd811da6cd30a455ed4a9118c701dfc346cd623a975 7cddb2dfc29a9f4b9c4279ff47c61d78a12c314d78e21d7c1ed7f8bc5d8ef0f1d263cf655999a2342e6d83926c2e6cc7
SERVER_HANDSHAKE_TRAFFIC_SECRET 4d9a0d2d8a0be66ffc13a322020b00797ff2af7b38b57b35155bc7860a48a197 5f3cb85c74cd9d16e95584248891c8deccf793acf7818d1d35e0b6fa27e33c3c5eee4cb05af92b4f8150c8c675d6b3b3
CLIENT_HANDSHAKE_TRAFFIC_SECRET 4d9a0d2d8a0be66ffc13a322020b00797ff2af7b38b57b35155bc7860a48a197 17ebfd778ed8789210ae12e429f6e5758b94793372a2628a60f64f97dafddb8e3bb0bc4621889f9c0446879371429e7b
SERVER_TRAFFIC_SECRET_0 4d9a0d2d8a0be66ffc13a322020b00797ff2af7b38b57b35155bc7860a48a197 5243794473d3b49b9aeab00cb954d7dbb4c7b3b3df6a1b66ab6db6c7de38729c400392141f9aea0c6bdcde2e7d6874d9
CLIENT_HANDSHAKE_TRAFFIC_SECRET 4d9a0d2d8a0be66ffc13a322020b00797ff2af7b38b57b35155bc7860a48a197 17ebfd778ed8789210ae12e429f6e5758b94793372a2628a60f64f97dafddb8e3bb0bc4621889f9c0446879371429e7b
SERVER_HANDSHAKE_TRAFFIC_SECRET 4d9a0d2d8a0be66ffc13a322020b00797ff2af7b38b57b35155bc7860a48a197 5f3cb85c74cd9d16e95584248891c8deccf793acf7818d1d35e0b6fa27e33c3c5eee4cb05af92b4f8150c8c675d6b3b3
SERVER_HANDSHAKE_TRAFFIC_SECRET f904e0fbc1f2ac8044b88138604db5317a5297ee69f40f0084f13b7a857e541e ada8f21e54d1ba0830a8cef87757e3688f415e3a752ec626e0a7b5d713d01ada729727ec7ee10e3f2ff547959697989b
CLIENT_HANDSHAKE_TRAFFIC_SECRET f904e0fbc1f2ac8044b88138604db5317a5297ee69f40f0084f13b7a857e541e e0207fc82c304b06cfe40fb1370082da8dd995e3f374f966a0fed19dfd755d346db75bdf2e4f2c589ea09782031558b2
SERVER_TRAFFIC_SECRET_0 f904e0fbc1f2ac8044b88138604db5317a5297ee69f40f0084f13b7a857e541e a43b97e65bb8aad1c99a7b5c79218e0850bf1a0060390ddb433c941268b590cb9c2f3d80285cd2b44edefa94f2ac8cf3
CLIENT_HANDSHAKE_TRAFFIC_SECRET f904e0fbc1f2ac8044b88138604db5317a5297ee69f40f0084f13b7a857e541e e0207fc82c304b06cfe40fb1370082da8dd995e3f374f966a0fed19dfd755d346db75bdf2e4f2c589ea09782031558b2
SERVER_HANDSHAKE_TRAFFIC_SECRET f904e0fbc1f2ac8044b88138604db5317a5297ee69f40f0084f13b7a857e541e ada8f21e54d1ba0830a8cef87757e3688f415e3a752ec626e0a7b5d713d01ada729727ec7ee10e3f2ff547959697989b
SERVER_TRAFFIC_SECRET_0 f904e0fbc1f2ac8044b88138604db5317a5297ee69f40f0084f13b7a857e541e a43b97e65bb8aad1c99a7b5c79218e0850bf1a0060390ddb433c941268b590cb9c2f3d80285cd2b44edefa94f2ac8cf3
EXPORTER_SECRET f904e0fbc1f2ac8044b88138604db5317a5297ee69f40f0084f13b7a857e541e af4acc25977169f7b4265685a01f16eeeb85ad3735101e085fc839add1d3a0dd30b4c970c8d135560d713c8afe99914c
CLIENT_TRAFFIC_SECRET_0 f904e0fbc1f2ac8044b88138604db5317a5297ee69f40f0084f13b7a857e541e 79e0d5235701fa8ab4df0d42a5b77b384e525e1963fb32a772f1f5d0cd22463c42f4bb7af9264c40814b1f2b916f1a71
SERVER_HANDSHAKE_TRAFFIC_SECRET 75f86819b37afb711804d644354f414fa58bc54aeac6cee3013a127d6d79430a 9b9729b3c35b1a4043c2f296a3c623ad5a0a08b8ccbb7410e5bc8998b090cabcd6899dc141bc8fe54ec73c209c83d75b
CLIENT_HANDSHAKE_TRAFFIC_SECRET 75f86819b37afb711804d644354f414fa58bc54aeac6cee3013a127d6d79430a d15b26e9bf70b2127e70a1cf4361a71957f55c3468128fb17a24279ca7295ca02ef937afa87183e035c6adca93187f25
SERVER_TRAFFIC_SECRET_0 75f86819b37afb711804d644354f414fa58bc54aeac6cee3013a127d6d79430a a1ffa16f8228f73b924129129788af2542ac06ff6af5d85e1d54ce38f96519778b1ef922bdb667837b37eabec10fc650
CLIENT_HANDSHAKE_TRAFFIC_SECRET 75f86819b37afb711804d644354f414fa58bc54aeac6cee3013a127d6d79430a d15b26e9bf70b2127e70a1cf4361a71957f55c3468128fb17a24279ca7295ca02ef937afa87183e035c6adca93187f25
SERVER_HANDSHAKE_TRAFFIC_SECRET 75f86819b37afb711804d644354f414fa58bc54aeac6cee3013a127d6d79430a 9b9729b3c35b1a4043c2f296a3c623ad5a0a08b8ccbb7410e5bc8998b090cabcd6899dc141bc8fe54ec73c209c83d75b
SERVER_HANDSHAKE_TRAFFIC_SECRET 887b6c70625fa78acc5e0acec552af6a5308e1627de5c0a059d2996a0da3c254 713e39caf97ca4cc9731d42d413e39f5e9c6274c23b6290d572396f6c779094dd94cb08fd8647ef8891bf357b7140886
CLIENT_HANDSHAKE_TRAFFIC_SECRET 887b6c70625fa78acc5e0acec552af6a5308e1627de5c0a059d2996a0da3c254 d5cb0520732f9982012f846da798358353a8136c7d6f0c9b16d0fb8eedbd76ac8c499cca96106a61623efb40d65d55aa
SERVER_TRAFFIC_SECRET_0 887b6c70625fa78acc5e0acec552af6a5308e1627de5c0a059d2996a0da3c254 8f2198d978ed857169fb72a180d9e2aab45deea21dc79fb2bda7abf2cf4750fe4911a5f84e7eb3fd0f5aaddc21a1c75c
SERVER_HANDSHAKE_TRAFFIC_SECRET 8b808405d52f14df928c9c19157b13f3969e9a0ba672940b4bf6e8e3226b728a 717b5cfdd86e61db7e05ef6422246bc954363875ebc477122c274ba4d0ddfd99e9b868d5e855fe7323783157d6ae9cb4
CLIENT_HANDSHAKE_TRAFFIC_SECRET 8b808405d52f14df928c9c19157b13f3969e9a0ba672940b4bf6e8e3226b728a ea47251e2305a32c14e2f66285f7df7dc2e442bf7a555301ba96ebdf1b16eab7a35719348801302041838592a3f8da40
SERVER_TRAFFIC_SECRET_0 8b808405d52f14df928c9c19157b13f3969e9a0ba672940b4bf6e8e3226b728a dfbbdfcdaff7644bfc80f2935951b0756ff37385b55084c11864e26dc6508e74e8c2cac8267f7664fa5bdb34753adf63
CLIENT_HANDSHAKE_TRAFFIC_SECRET 8b808405d52f14df928c9c19157b13f3969e9a0ba672940b4bf6e8e3226b728a ea47251e2305a32c14e2f66285f7df7dc2e442bf7a555301ba96ebdf1b16eab7a35719348801302041838592a3f8da40
SERVER_HANDSHAKE_TRAFFIC_SECRET 8b808405d52f14df928c9c19157b13f3969e9a0ba672940b4bf6e8e3226b728a 717b5cfdd86e61db7e05ef6422246bc954363875ebc477122c274ba4d0ddfd99e9b868d5e855fe7323783157d6ae9cb4
SERVER_TRAFFIC_SECRET_0 8b808405d52f14df928c9c19157b13f3969e9a0ba672940b4bf6e8e3226b728a dfbbdfcdaff7644bfc80f2935951b0756ff37385b55084c11864e26dc6508e74e8c2cac8267f7664fa5bdb34753adf63
EXPORTER_SECRET 8b808405d52f14df928c9c19157b13f3969e9a0ba672940b4bf6e8e3226b728a 4362ad16538734f897261b434b3098a39aca900f3bee046bf6288ad406179cd00b4f0205e3f9c173f2443050b8f5a492
CLIENT_TRAFFIC_SECRET_0 8b808405d52f14df928c9c19157b13f3969e9a0ba672940b4bf6e8e3226b728a edba57139c1981cfd6202dfcf4b916a18bb9b81bfbad961dfbb2502604596b59adb3ac94455830af8877f54ed081803c
SERVER_HANDSHAKE_TRAFFIC_SECRET ddf3f870db59d252f002130c54ccc6db1df6aa5fede91d1b34ebe28156132f39 b7671c0e0c869abdf75f081df6b23a099a8e366e1e2d08360046246ec7fe7a823dce0aac7ebf62700fcceb12c21fd6d1
CLIENT_HANDSHAKE_TRAFFIC_SECRET ddf3f870db59d252f002130c54ccc6db1df6aa5fede91d1b34ebe28156132f39 80627d50d5924ab0853e659de6fd5841e39603b1e7a16efffae0fc5299d2f6581dbbd837d014761109adccd42fd5c05d
SERVER_TRAFFIC_SECRET_0 ddf3f870db59d252f002130c54ccc6db1df6aa5fede91d1b34ebe28156132f39 02245aa5e6afc92e7e65f95343014e4b622d2e3a4074ea4e69f3f874d39e5f9c9afed0bd1a96052715141181cd5c8a75
CLIENT_HANDSHAKE_TRAFFIC_SECRET ddf3f870db59d252f002130c54ccc6db1df6aa5fede91d1b34ebe28156132f39 80627d50d5924ab0853e659de6fd5841e39603b1e7a16efffae0fc5299d2f6581dbbd837d014761109adccd42fd5c05d
SERVER_HANDSHAKE_TRAFFIC_SECRET ddf3f870db59d252f002130c54ccc6db1df6aa5fede91d1b34ebe28156132f39 b7671c0e0c869abdf75f081df6b23a099a8e366e1e2d08360046246ec7fe7a823dce0aac7ebf62700fcceb12c21fd6d1
SERVER_HANDSHAKE_TRAFFIC_SECRET 47e36a60a0f5a8604ee3a5cbd6406a4f0059e4c3f235cedcafb6ca5ca66acd43 d6137b08a94334cc5fd7b08af70320857435537c066379d243ecf5f65310e1c8196582e146233c1727c5ad46b60b9a6e
CLIENT_HANDSHAKE_TRAFFIC_SECRET 47e36a60a0f5a8604ee3a5cbd6406a4f0059e4c3f235cedcafb6ca5ca66acd43 57c84137c828256aa561df4801b574d111644e7dc62d300f6ecd036ce78c8763eac89b33c6b24b888cadaa5210305910
SERVER_TRAFFIC_SECRET_0 47e36a60a0f5a8604ee3a5cbd6406a4f0059e4c3f235cedcafb6ca5ca66acd43 55bf79b389e5d2bdb2a1bd0f9fe2ab77e7043ff952c4f82140b35fcbcd74ea18ca9d87f737e8f5d584a5f2a526f099fd
CLIENT_HANDSHAKE_TRAFFIC_SECRET 47e36a60a0f5a8604ee3a5cbd6406a4f0059e4c3f235cedcafb6ca5ca66acd43 57c84137c828256aa561df4801b574d111644e7dc62d300f6ecd036ce78c8763eac89b33c6b24b888cadaa5210305910
SERVER_HANDSHAKE_TRAFFIC_SECRET 47e36a60a0f5a8604ee3a5cbd6406a4f0059e4c3f235cedcafb6ca5ca66acd43 d6137b08a94334cc5fd7b08af70320857435537c066379d243ecf5f65310e1c8196582e146233c1727c5ad46b60b9a6e
SERVER_HANDSHAKE_TRAFFIC_SECRET e9831e9517952954e959bd3d3ab36fa4b4d3bf8370345b925994ade099c78869 d609882e2204ed28154f802917acd244a46557d53ecb8838bbda8b3c0c055c4b919d22daff5a033651eaa0262dba9437
CLIENT_HANDSHAKE_TRAFFIC_SECRET e9831e9517952954e959bd3d3ab36fa4b4d3bf8370345b925994ade099c78869 6a9e264ab9740c02ee95ba5e9a92c2f57f2f4776145a81a25cc67d9bffde78bc6dfe041bb54d3b137d53b18154124360
SERVER_TRAFFIC_SECRET_0 e9831e9517952954e959bd3d3ab36fa4b4d3bf8370345b925994ade099c78869 66a639998d0ff3d724260bb2272c91c26f261880e0ed2b512321695a0f5dae64290ea30c778bf6b197967e797cdefc57
CLIENT_HANDSHAKE_TRAFFIC_SECRET e9831e9517952954e959bd3d3ab36fa4b4d3bf8370345b925994ade099c78869 6a9e264ab9740c02ee95ba5e9a92c2f57f2f4776145a81a25cc67d9bffde78bc6dfe041bb54d3b137d53b18154124360
SERVER_HANDSHAKE_TRAFFIC_SECRET e9831e9517952954e959bd3d3ab36fa4b4d3bf8370345b925994ade099c78869 d609882e2204ed28154f802917acd244a46557d53ecb8838bbda8b3c0c055c4b919d22daff5a033651eaa0262dba9437
SERVER_HANDSHAKE_TRAFFIC_SECRET 951fe0d7d53ec76e57e1aae53df97533fa1396ded9bbd3d61fc69a6822daec12 975e7b1bb1a0f507917e4941b11879f696b733a537d357158b178c277e0da46dd14cf37196c3dc66c21256bbe882e652
CLIENT_HANDSHAKE_TRAFFIC_SECRET 951fe0d7d53ec76e57e1aae53df97533fa1396ded9bbd3d61fc69a6822daec12 6020ab3750042038d9e07f10ca583ee596584af5c9f2a62cbed73aabbd8f14fc08d222b3471aff4edc966c9bb3b2ac46
SERVER_TRAFFIC_SECRET_0 951fe0d7d53ec76e57e1aae53df97533fa1396ded9bbd3d61fc69a6822daec12 6dca98d0504a3b6465c8db27407e4b7ee5c3b9e792ff8ce1e111bb69275dba0bebcf7a2db9f0ab8f1627777fde2f0276
CLIENT_HANDSHAKE_TRAFFIC_SECRET 951fe0d7d53ec76e57e1aae53df97533fa1396ded9bbd3d61fc69a6822daec12 6020ab3750042038d9e07f10ca583ee596584af5c9f2a62cbed73aabbd8f14fc08d222b3471aff4edc966c9bb3b2ac46
SERVER_HANDSHAKE_TRAFFIC_SECRET 951fe0d7d53ec76e57e1aae53df97533fa1396ded9bbd3d61fc69a6822daec12 975e7b1bb1a0f507917e4941b11879f696b733a537d357158b178c277e0da46dd14cf37196c3dc66c21256bbe882e652
SERVER_HANDSHAKE_TRAFFIC_SECRET f3580896e923ffe26ed626e249aa3981bf751251f5072ee37e525218710650ef 25d988fc862808b160e7015cb3383f0d892b0b38944053c078395b6187e9463c8769b1c02714ae04392f5c7c9ed3a6bd
CLIENT_HANDSHAKE_TRAFFIC_SECRET f3580896e923ffe26ed626e249aa3981bf751251f5072ee37e525218710650ef 1e27c0274ce7ea7d838f569e312c009f18e1d910ff1198816a19f14040c52ab466b9066b691af9cec249589e2876733d
SERVER_TRAFFIC_SECRET_0 f3580896e923ffe26ed626e249aa3981bf751251f5072ee37e525218710650ef d1880ccb9800510db114c72f19b18f4b10c7ed806ea6f86e719f1b704e54ef4fafd003311e11536747a6bb2d38f28176
CLIENT_HANDSHAKE_TRAFFIC_SECRET f3580896e923ffe26ed626e249aa3981bf751251f5072ee37e525218710650ef 1e27c0274ce7ea7d838f569e312c009f18e1d910ff1198816a19f14040c52ab466b9066b691af9cec249589e2876733d
SERVER_HANDSHAKE_TRAFFIC_SECRET f3580896e923ffe26ed626e249aa3981bf751251f5072ee37e525218710650ef 25d988fc862808b160e7015cb3383f0d892b0b38944053c078395b6187e9463c8769b1c02714ae04392f5c7c9ed3a6bd
SERVER_HANDSHAKE_TRAFFIC_SECRET 09f472952d909e602c0caded7f987adc6ed644aa45c78796de6bb06c75e8f906 b977d079b6560eda815542c95ac7cbd84ff2f017ea05c99997dff1a73b021d389aa13ec3bc57e0e95e50b45a8a5ab8a3
CLIENT_HANDSHAKE_TRAFFIC_SECRET 09f472952d909e602c0caded7f987adc6ed644aa45c78796de6bb06c75e8f906 a54767fe6245a0eb7c3dd5a7fa7fbdc908300b2713e2f2e6ab432e895f0becdda99b674cc0234b696121ea913e2ed664
SERVER_TRAFFIC_SECRET_0 09f472952d909e602c0caded7f987adc6ed644aa45c78796de6bb06c75e8f906 d430397b025a430f0518aef632739bd7608f4368b33c88931ad387ffec2d6d4d0d14f36af9b77efd9c03c82e0157186d
CLIENT_HANDSHAKE_TRAFFIC_SECRET 09f472952d909e602c0caded7f987adc6ed644aa45c78796de6bb06c75e8f906 a54767fe6245a0eb7c3dd5a7fa7fbdc908300b2713e2f2e6ab432e895f0becdda99b674cc0234b696121ea913e2ed664
SERVER_HANDSHAKE_TRAFFIC_SECRET 09f472952d909e602c0caded7f987adc6ed644aa45c78796de6bb06c75e8f906 b977d079b6560eda815542c95ac7cbd84ff2f017ea05c99997dff1a73b021d389aa13ec3bc57e0e95e50b45a8a5ab8a3
SERVER_HANDSHAKE_TRAFFIC_SECRET f22218837b7c02d36f98d8c3ad98e91c431d9660d6ad2f16f3735a425bccf844 fcd9ff645fbe0276959034a5a8f2d68381eb0c843f49b891747758be7c49903b5592e63c0bdac82ae48d8d7806067118
CLIENT_HANDSHAKE_TRAFFIC_SECRET f22218837b7c02d36f98d8c3ad98e91c431d9660d6ad2f16f3735a425bccf844 381bdbabab963adff3e562db7ec745fdbe052b5050e6561d0ae12305dd4b63205e81d274b47316a3b70b5b68fc2ae63c
SERVER_TRAFFIC_SECRET_0 f22218837b7c02d36f98d8c3ad98e91c431d9660d6ad2f16f3735a425bccf844 0cedfd251487874dd4bcfbddaca63fec8de56b10e50eeb9766f37cfe7fece872542fc3325b04492ff5e32c13ff1fc476
CLIENT_HANDSHAKE_TRAFFIC_SECRET f22218837b7c02d36f98d8c3ad98e91c431d9660d6ad2f16f3735a425bccf844 381bdbabab963adff3e562db7ec745fdbe052b5050e6561d0ae12305dd4b63205e81d274b47316a3b70b5b68fc2ae63c
SERVER_HANDSHAKE_TRAFFIC_SECRET f22218837b7c02d36f98d8c3ad98e91c431d9660d6ad2f16f3735a425bccf844 fcd9ff645fbe0276959034a5a8f2d68381eb0c843f49b891747758be7c49903b5592e63c0bdac82ae48d8d7806067118
SERVER_HANDSHAKE_TRAFFIC_SECRET 3ca4dfc7aa29b7ab7dc9ecb4ae8bb573ad3da541de28c932147e076933e5ad6b d4bf8e9b9e83971981c942bf65f2454ace39defcf6f528585adb79ad98439dc836453da814e5c58cb355c80c91066b59
CLIENT_HANDSHAKE_TRAFFIC_SECRET 3ca4dfc7aa29b7ab7dc9ecb4ae8bb573ad3da541de28c932147e076933e5ad6b a55c4948a3542f8237f6814d86110c4850c6dd59e4a3f8162c7bcebedb7ac3240a94c9dfa8482f5c2c05a3eac12f1fd5
SERVER_TRAFFIC_SECRET_0 3ca4dfc7aa29b7ab7dc9ecb4ae8bb573ad3da541de28c932147e076933e5ad6b 7e4ec9f703d96ef64c937d4925996f1803a55f7b79820fd2820fd194edcf45db2020cc1c843bb78d494ce5b18e2a6490
CLIENT_HANDSHAKE_TRAFFIC_SECRET 3ca4dfc7aa29b7ab7dc9ecb4ae8bb573ad3da541de28c932147e076933e5ad6b a55c4948a3542f8237f6814d86110c4850c6dd59e4a3f8162c7bcebedb7ac3240a94c9dfa8482f5c2c05a3eac12f1fd5
SERVER_HANDSHAKE_TRAFFIC_SECRET 3ca4dfc7aa29b7ab7dc9ecb4ae8bb573ad3da541de28c932147e076933e5ad6b d4bf8e9b9e83971981c942bf65f2454ace39defcf6f528585adb79ad98439dc836453da814e5c58cb355c80c91066b59
SERVER_HANDSHAKE_TRAFFIC_SECRET d5f9f964b50af562621ac39a454a1bec3a0afc39653e1a5e0df0d9e2d9b0ac1c 8ccd2d839ad4efbb28e8c96bc98e34958439fee5539965c480421c6e0a43ff379bb67e5fd061a3a77a628491f9e64dbe
CLIENT_HANDSHAKE_TRAFFIC_SECRET d5f9f964b50af562621ac39a454a1bec3a0afc39653e1a5e0df0d9e2d9b0ac1c 08e4d44393e43a455fe945ea93ccb57ff4c81b97604409a3acde628549c32bf9432c52385a5d396aaee35da029711b10
SERVER_TRAFFIC_SECRET_0 d5f9f964b50af562621ac39a454a1bec3a0afc39653e1a5e0df0d9e2d9b0ac1c 9b8db6c903ff4af57711101efcc52dee3986a9a479d3ecbe883640aa3e7cc9be09d778910f8a46231078906cdb72e47b
CLIENT_HANDSHAKE_TRAFFIC_SECRET d5f9f964b50af562621ac39a454a1bec3a0afc39653e1a5e0df0d9e2d9b0ac1c 08e4d44393e43a455fe945ea93ccb57ff4c81b97604409a3acde628549c32bf9432c52385a5d396aaee35da029711b10
SERVER_HANDSHAKE_TRAFFIC_SECRET d5f9f964b50af562621ac39a454a1bec3a0afc39653e1a5e0df0d9e2d9b0ac1c 8ccd2d839ad4efbb28e8c96bc98e34958439fee5539965c480421c6e0a43ff379bb67e5fd061a3a77a628491f9e64dbe
SERVER_HANDSHAKE_TRAFFIC_SECRET 6f97d61274c0909431fa913cc33d96f67def2e8cecd607a9b3d1a0cb90872627 7294a0de599cc1d43b32d73ec18359f9f32c064c070df5f8d25ac0b591f9869bb22f34889334376b6ed7998e4d2c0a91
CLIENT_HANDSHAKE_TRAFFIC_SECRET 6f97d61274c0909431fa913cc33d96f67def2e8cecd607a9b3d1a0cb90872627 5ca666dd5bb9638a065aa89d95bb106d2ec9f165cd266a336feaa43ad71fc66f123a002b9ead6665e340fe8d11ab3002
SERVER_TRAFFIC_SECRET_0 6f97d61274c0909431fa913cc33d96f67def2e8cecd607a9b3d1a0cb90872627 d9a2c7631b8853aa80b165f24c3de152fe7625eeee450e53a28556431c021ed7a195d777d57eb4be418b1bd9338b4919
SERVER_HANDSHAKE_TRAFFIC_SECRET 7d31639f6c96149c1438e6b482754db50eb8542374508e6fd623efc0eae26b13 7bb9505a20382527010985971a3bddd90c5375c07c8f46011402ccc27b4b60b2a4899b7dd9245bb28b2ef73e8d588e3c
CLIENT_HANDSHAKE_TRAFFIC_SECRET 7d31639f6c96149c1438e6b482754db50eb8542374508e6fd623efc0eae26b13 c1d0269e193b9555d7548352f4e884853f3bd23a924cb92dfd19081e9c94fbaccb5241523dbdde5c621e6f46291bb5d6
SERVER_TRAFFIC_SECRET_0 7d31639f6c96149c1438e6b482754db50eb8542374508e6fd623efc0eae26b13 af34884fe69f233216669b24c1a5a63bc1fc67a79cd194673e73f163b8870d40ec7c0d563abff2718ad0006943c58909
CLIENT_HANDSHAKE_TRAFFIC_SECRET 7d31639f6c96149c1438e6b482754db50eb8542374508e6fd623efc0eae26b13 c1d0269e193b9555d7548352f4e884853f3bd23a924cb92dfd19081e9c94fbaccb5241523dbdde5c621e6f46291bb5d6
SERVER_HANDSHAKE_TRAFFIC_SECRET 7d31639f6c96149c1438e6b482754db50eb8542374508e6fd623efc0eae26b13 7bb9505a20382527010985971a3bddd90c5375c07c8f46011402ccc27b4b60b2a4899b7dd9245bb28b2ef73e8d588e3c
SERVER_HANDSHAKE_TRAFFIC_SECRET 81b798ddd7389552ed843f103cbfa9332ec8ff95fc7e96d9893c527c01b7ffb3 ecc2d6d86b44a1f5e7cc751028aebec26b7b31e42880bffdc8eca8798803ae2c52601a627fa28c06b6fe930e716fe051
CLIENT_HANDSHAKE_TRAFFIC_SECRET 81b798ddd7389552ed843f103cbfa9332ec8ff95fc7e96d9893c527c01b7ffb3 14dc4cf764586185c3a5f3fca7b1d1f860452c2c3fdb9fa196cdb9065841c4a0a24e36ce6bd18203d9e780d98d1770bd
SERVER_TRAFFIC_SECRET_0 81b798ddd7389552ed843f103cbfa9332ec8ff95fc7e96d9893c527c01b7ffb3 28ae577e44823255b0b228e583da044c6285be5610252163562f7139ad0efc394f5b955637967f46e6029ed8b7508233
CLIENT_HANDSHAKE_TRAFFIC_SECRET 81b798ddd7389552ed843f103cbfa9332ec8ff95fc7e96d9893c527c01b7ffb3 14dc4cf764586185c3a5f3fca7b1d1f860452c2c3fdb9fa196cdb9065841c4a0a24e36ce6bd18203d9e780d98d1770bd
SERVER_HANDSHAKE_TRAFFIC_SECRET 81b798ddd7389552ed843f103cbfa9332ec8ff95fc7e96d9893c527c01b7ffb3 ecc2d6d86b44a1f5e7cc751028aebec26b7b31e42880bffdc8eca8798803ae2c52601a627fa28c06b6fe930e716fe051
SERVER_HANDSHAKE_TRAFFIC_SECRET e32e3024b226dc66147f293d7d773855ecef8ecae4ace7e15f5553197d6d4693 610be4bb919b6b0885fd33b1a7ccc19f021122f1c5998ff385ecebbe41edd127ecbae3e69c803b8f6b4422b9db92508e
CLIENT_HANDSHAKE_TRAFFIC_SECRET e32e3024b226dc66147f293d7d773855ecef8ecae4ace7e15f5553197d6d4693 9f91db90a27f02831a3c45b81d49f393f758e4431414531bfd5b2821583d671bde3ae0f6dd1273025053c0d053aaaa94
SERVER_TRAFFIC_SECRET_0 e32e3024b226dc66147f293d7d773855ecef8ecae4ace7e15f5553197d6d4693 7f3a4863c13d2b405818d3cf6ade408ea8c8ea935a17f219b124b12a8665d474b2793e587b88a6704e43322173fec406
CLIENT_HANDSHAKE_TRAFFIC_SECRET e32e3024b226dc66147f293d7d773855ecef8ecae4ace7e15f5553197d6d4693 9f91db90a27f02831a3c45b81d49f393f758e4431414531bfd5b2821583d671bde3ae0f6dd1273025053c0d053aaaa94
SERVER_HANDSHAKE_TRAFFIC_SECRET e32e3024b226dc66147f293d7d773855ecef8ecae4ace7e15f5553197d6d4693 610be4bb919b6b0885fd33b1a7ccc19f021122f1c5998ff385ecebbe41edd127ecbae3e69c803b8f6b4422b9db92508e
SERVER_HANDSHAKE_TRAFFIC_SECRET a5c464ea00693f1b69b77e34ad3d0e63ab09bbcfffb06e02919ceb5138acc8b4 1fda8ffe2b629c420a5c8cf9ad99a73e75a9ee0c01b4163cac42ef65baeb21c2b71723b8337fae5a078e5d8f83ca7528
CLIENT_HANDSHAKE_TRAFFIC_SECRET a5c464ea00693f1b69b77e34ad3d0e63ab09bbcfffb06e02919ceb5138acc8b4 37cd5ce7d7c590ce3c07b76fce8269d22ff7c52dd1e99e4c8f5e6c32428d7c79ee6d3bca1454c4fd0498bcd3fc786a2e
SERVER_TRAFFIC_SECRET_0 a5c464ea00693f1b69b77e34ad3d0e63ab09bbcfffb06e02919ceb5138acc8b4 7ed08b17b3c2068a470257dae8d5945ea9ffe8fc885ec1dea39bf0d4ec7abeae191d857d2a44b68ca817d6f622a2d0fb
CLIENT_HANDSHAKE_TRAFFIC_SECRET a5c464ea00693f1b69b77e34ad3d0e63ab09bbcfffb06e02919ceb5138acc8b4 37cd5ce7d7c590ce3c07b76fce8269d22ff7c52dd1e99e4c8f5e6c32428d7c79ee6d3bca1454c4fd0498bcd3fc786a2e
SERVER_HANDSHAKE_TRAFFIC_SECRET a5c464ea00693f1b69b77e34ad3d0e63ab09bbcfffb06e02919ceb5138acc8b4 1fda8ffe2b629c420a5c8cf9ad99a73e75a9ee0c01b4163cac42ef65baeb21c2b71723b8337fae5a078e5d8f83ca7528
SERVER_HANDSHAKE_TRAFFIC_SECRET 92632dc3d9948032d5b094502c49a24466c34a744a06c636287c08d2c80371b6 0d607d6edf46b6f7fc7597ddc756616cf794b953c1d48e24b8e0165edb435ab47f88482f53ecf4153e95e994c6363520
CLIENT_HANDSHAKE_TRAFFIC_SECRET 92632dc3d9948032d5b094502c49a24466c34a744a06c636287c08d2c80371b6 eefd1c23022224b3a72e7c21fd0317aef1a355f8ecea14d501caf1a32513ab42d9bef4ad9aa87aec757ff354923ac66b
SERVER_TRAFFIC_SECRET_0 92632dc3d9948032d5b094502c49a24466c34a744a06c636287c08d2c80371b6 beea18544d8f7c65ed596ae9b66ccaf6dcd3727f740d93c6f5d97d4611d542000db69cb683f632d65ffe8a43e761a591
CLIENT_HANDSHAKE_TRAFFIC_SECRET 92632dc3d9948032d5b094502c49a24466c34a744a06c636287c08d2c80371b6 eefd1c23022224b3a72e7c21fd0317aef1a355f8ecea14d501caf1a32513ab42d9bef4ad9aa87aec757ff354923ac66b
SERVER_HANDSHAKE_TRAFFIC_SECRET 92632dc3d9948032d5b094502c49a24466c34a744a06c636287c08d2c80371b6 0d607d6edf46b6f7fc7597ddc756616cf794b953c1d48e24b8e0165edb435ab47f88482f53ecf4153e95e994c6363520
SERVER_HANDSHAKE_TRAFFIC_SECRET 6bcf914dd5045a2c130bd144efaecdf4896acd32f3d2683b08bb8fb64106a4ec a1c5afd971c5f9ce6eb84ea151fa6f7808561985af54b86ccd1daf0391feeb1eaabcfd0b31f340608c1cf6b301304a57
CLIENT_HANDSHAKE_TRAFFIC_SECRET 6bcf914dd5045a2c130bd144efaecdf4896acd32f3d2683b08bb8fb64106a4ec 4e5aa2891d845c5fa7c8d271d79fa492c63371df805f6fca070dc8ed695ed55979a79f7b4c272894be0a63fa36f4e3b2
SERVER_TRAFFIC_SECRET_0 6bcf914dd5045a2c130bd144efaecdf4896acd32f3d2683b08bb8fb64106a4ec 32316ea1c8cba7547a02152bde9093dabaf2398f5d79fc39cba76f645a54fc84cdd010d9b712c0e4a1740bcc850eb1ab
CLIENT_HANDSHAKE_TRAFFIC_SECRET 6bcf914dd5045a2c130bd144efaecdf4896acd32f3d2683b08bb8fb64106a4ec 4e5aa2891d845c5fa7c8d271d79fa492c63371df805f6fca070dc8ed695ed55979a79f7b4c272894be0a63fa36f4e3b2
SERVER_HANDSHAKE_TRAFFIC_SECRET 6bcf914dd5045a2c130bd144efaecdf4896acd32f3d2683b08bb8fb64106a4ec a1c5afd971c5f9ce6eb84ea151fa6f7808561985af54b86ccd1daf0391feeb1eaabcfd0b31f340608c1cf6b301304a57
SERVER_HANDSHAKE_TRAFFIC_SECRET ecde62cd95aac72aa11c5802791dcbe1d6e15b80d633f611b5422c4b93a91773 cbd00efd4ef68f3a0eac7267acbb82155ec0640bb40367108d2a516c1d598ae28ee549971065d1dcb378ed635eaceb6b
CLIENT_HANDSHAKE_TRAFFIC_SECRET ecde62cd95aac72aa11c5802791dcbe1d6e15b80d633f611b5422c4b93a91773 e30f85aae12543de5f53036381f10f7dcd8a9eb67d5b67344a50594c1d11d0e68724dad7a765644de92352615e0165f7
SERVER_TRAFFIC_SECRET_0 ecde62cd95aac72aa11c5802791dcbe1d6e15b80d633f611b5422c4b93a91773 43306744b8d72098c4a93210de0676647bdb6707f80f37039a9afc2cf81931c658bcd14ff6f5c760d7d052610f834bd1
CLIENT_HANDSHAKE_TRAFFIC_SECRET ecde62cd95aac72aa11c5802791dcbe1d6e15b80d633f611b5422c4b93a91773 e30f85aae12543de5f53036381f10f7dcd8a9eb67d5b67344a50594c1d11d0e68724dad7a765644de92352615e0165f7
SERVER_HANDSHAKE_TRAFFIC_SECRET ecde62cd95aac72aa11c5802791dcbe1d6e15b80d633f611b5422c4b93a91773 cbd00efd4ef68f3a0eac7267acbb82155ec0640bb40367108d2a516c1d598ae28ee549971065d1dcb378ed635eaceb6b
SERVER_TRAFFIC_SECRET_0 ecde62cd95aac72aa11c5802791dcbe1d6e15b80d633f611b5422c4b93a91773 43306744b8d72098c4a93210de0676647bdb6707f80f37039a9afc2cf81931c658bcd14ff6f5c760d7d052610f834bd1
EXPORTER_SECRET ecde62cd95aac72aa11c5802791dcbe1d6e15b80d633f611b5422c4b93a91773 4c723aa0ef2d5dae61f36038949058a7d4ca14c7df1809fc584f9dd58d1f2a17b03b023ff24a983505f4359876faf31c
CLIENT_TRAFFIC_SECRET_0 ecde62cd95aac72aa11c5802791dcbe1d6e15b80d633f611b5422c4b93a91773 51b54a77b943b7452e9644bbfef94df8036696c9d9a7e30c346e13dc6ad9e843a986e8a43acf4555878e4e2abef30839
SERVER_HANDSHAKE_TRAFFIC_SECRET 32e876101e52709ba3bac9436323e62cdc9fbe47dede44078b71c9d4a31ada7e ea01d83985931ff2e96576acb5a7f8bf0174f0839f9b1c19c03aaadc59f38600fd320e33742c6f7fc711aa0821b2a4e0
CLIENT_HANDSHAKE_TRAFFIC_SECRET 32e876101e52709ba3bac9436323e62cdc9fbe47dede44078b71c9d4a31ada7e e2a094b798af5fac5b3bbd8a72d7f0da18cdb85526e1d4d3fc86ac6b1a9e8914478605bf7d72d2fc05da85e07f58f1a9
SERVER_TRAFFIC_SECRET_0 32e876101e52709ba3bac9436323e62cdc9fbe47dede44078b71c9d4a31ada7e de03a46ec118ae567188e32ee0f0ec755ba5552f6ea21dac105741863105c11ef479548ffbc691db1567232f75987396
CLIENT_HANDSHAKE_TRAFFIC_SECRET 32e876101e52709ba3bac9436323e62cdc9fbe47dede44078b71c9d4a31ada7e e2a094b798af5fac5b3bbd8a72d7f0da18cdb85526e1d4d3fc86ac6b1a9e8914478605bf7d72d2fc05da85e07f58f1a9
SERVER_HANDSHAKE_TRAFFIC_SECRET 32e876101e52709ba3bac9436323e62cdc9fbe47dede44078b71c9d4a31ada7e ea01d83985931ff2e96576acb5a7f8bf0174f0839f9b1c19c03aaadc59f38600fd320e33742c6f7fc711aa0821b2a4e0
SERVER_HANDSHAKE_TRAFFIC_SECRET 561d440418a9a9047bc817cb0360363bd365cc21e84f534f377218da6fe5e43c 2a5637363cfa9ea28a2667dda3e80be16bd6ddc4e36b8b1fed58b51b3f6375b449b31bfc0e38ceccfe19be537d8b1a16
CLIENT_HANDSHAKE_TRAFFIC_SECRET 561d440418a9a9047bc817cb0360363bd365cc21e84f534f377218da6fe5e43c 16faa37936385aabce0f87a42aa708a4bb3eb2b997c2a883be5144d9c3b1a1dadf9397bd34a514c70e41bfc0ded71fea
SERVER_TRAFFIC_SECRET_0 561d440418a9a9047bc817cb0360363bd365cc21e84f534f377218da6fe5e43c 060317361b133aed2abf27fc2732a34ba83883d0fd54480265357d9626e969d957e3860944c56676fe5c2ab662e7cc3b
CLIENT_HANDSHAKE_TRAFFIC_SECRET 561d440418a9a9047bc817cb0360363bd365cc21e84f534f377218da6fe5e43c 16faa37936385aabce0f87a42aa708a4bb3eb2b997c2a883be5144d9c3b1a1dadf9397bd34a514c70e41bfc0ded71fea
SERVER_HANDSHAKE_TRAFFIC_SECRET 561d440418a9a9047bc817cb0360363bd365cc21e84f534f377218da6fe5e43c 2a5637363cfa9ea28a2667dda3e80be16bd6ddc4e36b8b1fed58b51b3f6375b449b31bfc0e38ceccfe19be537d8b1a16
SERVER_HANDSHAKE_TRAFFIC_SECRET f6a5ac4d544d2f45db797c3346b0e87404252ac8bad33b848f064bd2d803df3e 73aeb3365ac1b8188705e8f609dd36b44738d7ed67aad54c1e93af3c1f0f86627eceb58c425d89c05b315fca692c6c70
CLIENT_HANDSHAKE_TRAFFIC_SECRET f6a5ac4d544d2f45db797c3346b0e87404252ac8bad33b848f064bd2d803df3e 61c665770a2c857340687961c56785421b95911ca1b9e595959e7ab1b03266d4f8f5d4195a3efc403e088db9682a625c
SERVER_TRAFFIC_SECRET_0 f6a5ac4d544d2f45db797c3346b0e87404252ac8bad33b848f064bd2d803df3e 0bb02b93fafb2b9909e11e85e9a07ddaf0b95621de1c2e533d4da1010155abf8ad5dc99c8d8e577443b81e9328e70624
CLIENT_HANDSHAKE_TRAFFIC_SECRET f6a5ac4d544d2f45db797c3346b0e87404252ac8bad33b848f064bd2d803df3e 61c665770a2c857340687961c56785421b95911ca1b9e595959e7ab1b03266d4f8f5d4195a3efc403e088db9682a625c
SERVER_HANDSHAKE_TRAFFIC_SECRET f6a5ac4d544d2f45db797c3346b0e87404252ac8bad33b848f064bd2d803df3e 73aeb3365ac1b8188705e8f609dd36b44738d7ed67aad54c1e93af3c1f0f86627eceb58c425d89c05b315fca692c6c70
SERVER_HANDSHAKE_TRAFFIC_SECRET dcf631f0269259a16d29d7a075efc88244ef87399b77b70a17e7d338dfa37558 4dbfe716a4e80c9fe33a5f54762519d40463e001a5ed29b4a6c871eb832003ed35c0ab8b867eae9b4425f21eeece0685
CLIENT_HANDSHAKE_TRAFFIC_SECRET dcf631f0269259a16d29d7a075efc88244ef87399b77b70a17e7d338dfa37558 fbee4916742e5b297e627ef2ff814b5efc4523fb7fe058026215c809c7870681bdec0788ab61815665d044d4062ce3eb
SERVER_TRAFFIC_SECRET_0 dcf631f0269259a16d29d7a075efc88244ef87399b77b70a17e7d338dfa37558 1b3135a2a93d54f818f155ec0dc373f56b640b3ce1849dca17562d93e7c1c93b20f727854194842c636e9dd09b7a80de
CLIENT_HANDSHAKE_TRAFFIC_SECRET dcf631f0269259a16d29d7a075efc88244ef87399b77b70a17e7d338dfa37558 fbee4916742e5b297e627ef2ff814b5efc4523fb7fe058026215c809c7870681bdec0788ab61815665d044d4062ce3eb
SERVER_HANDSHAKE_TRAFFIC_SECRET dcf631f0269259a16d29d7a075efc88244ef87399b77b70a17e7d338dfa37558 4dbfe716a4e80c9fe33a5f54762519d40463e001a5ed29b4a6c871eb832003ed35c0ab8b867eae9b4425f21eeece0685
SERVER_HANDSHAKE_TRAFFIC_SECRET 96f70c9cec63f8f5d108c772c4dd95bb5f7fc45af0c0412f9f845d4de5ac86bf d447f8bbf99fb8f025c609e251550fb389b2116a2772a5a68141177d1e877db9ff404b6e8dafa5f63c2c3e85dd91cf88
CLIENT_HANDSHAKE_TRAFFIC_SECRET 96f70c9cec63f8f5d108c772c4dd95bb5f7fc45af0c0412f9f845d4de5ac86bf b86de3b9afd31fb5cc3ed1ae1fb04287c72647eb33cf904d0c26af35f8df781044e65081e4e597d36d70d79ee4d622d8
SERVER_TRAFFIC_SECRET_0 96f70c9cec63f8f5d108c772c4dd95bb5f7fc45af0c0412f9f845d4de5ac86bf 967bb35d59adade11a6de825e169a9bd69c7c662380aa00c731e40887ece585ec408ce6b0b832d091fb5fad58920cf1a
CLIENT_HANDSHAKE_TRAFFIC_SECRET 96f70c9cec63f8f5d108c772c4dd95bb5f7fc45af0c0412f9f845d4de5ac86bf b86de3b9afd31fb5cc3ed1ae1fb04287c72647eb33cf904d0c26af35f8df781044e65081e4e597d36d70d79ee4d622d8
SERVER_HANDSHAKE_TRAFFIC_SECRET 96f70c9cec63f8f5d108c772c4dd95bb5f7fc45af0c0412f9f845d4de5ac86bf d447f8bbf99fb8f025c609e251550fb389b2116a2772a5a68141177d1e877db9ff404b6e8dafa5f63c2c3e85dd91cf88
SERVER_HANDSHAKE_TRAFFIC_SECRET 87b5fbdfc54e657b78e33c7ef59f3cb4dcdc06ce46fbf4ce2d937ccbb8b34ad2 ca933f8a6b983c4b89b537b2c14d943d286ba9330ba485d232c0b9faa022cd4b9fbd7c43b2bb4a0750da2099e5e01bd4
CLIENT_HANDSHAKE_TRAFFIC_SECRET 87b5fbdfc54e657b78e33c7ef59f3cb4dcdc06ce46fbf4ce2d937ccbb8b34ad2 a9024add3984985493e90a0983e0e98eccdb0eb7c1fe8746d0f80c2ee04fa6110fa2dab012360ae642b1bf86b0042188
SERVER_TRAFFIC_SECRET_0 87b5fbdfc54e657b78e33c7ef59f3cb4dcdc06ce46fbf4ce2d937ccbb8b34ad2 b4a1e7f4f67d5fcaee623f104b4f679afcffab3ed3f1d52f3d49e81b3a8749fbac2ffeb457c1ce0df2af9813bc1c8b7c
SERVER_HANDSHAKE_TRAFFIC_SECRET 7233ce838110b8f185bb01155a2ddce67179a404a2f4f7201953ea87e29700d6 0451e7a8c235ea156f2c1989710f969331df4857739093a8c1e7481ef66d37c77c69e82bf43e80af173902b6634ab066
CLIENT_HANDSHAKE_TRAFFIC_SECRET 7233ce838110b8f185bb01155a2ddce67179a404a2f4f7201953ea87e29700d6 ef494bdf672de6094e19b94f2c3ae95dc2f1e95a626f7e0b1e575f824de27be9c285a7126605722ddbe00d139370835a
SERVER_TRAFFIC_SECRET_0 7233ce838110b8f185bb01155a2ddce67179a404a2f4f7201953ea87e29700d6 b3aac8321ce44219a12be578abc6cb08f79ccda9445402842787898a6541c56a8bade3fbfcdf5a54aae8d15f2e13cb4b
CLIENT_HANDSHAKE_TRAFFIC_SECRET 7233ce838110b8f185bb01155a2ddce67179a404a2f4f7201953ea87e29700d6 ef494bdf672de6094e19b94f2c3ae95dc2f1e95a626f7e0b1e575f824de27be9c285a7126605722ddbe00d139370835a
SERVER_HANDSHAKE_TRAFFIC_SECRET 7233ce838110b8f185bb01155a2ddce67179a404a2f4f7201953ea87e29700d6 0451e7a8c235ea156f2c1989710f969331df4857739093a8c1e7481ef66d37c77c69e82bf43e80af173902b6634ab066
SERVER_HANDSHAKE_TRAFFIC_SECRET 13a7fe1df2c869d675bd810ad9de1f16fd2e60aed323365a2bb4ee5f58bd1a52 420159c61f636b4c02693b90389914845eec065c127174104281f94060c808f4acc5a9eec619f965416d9689fe3c0e1a
CLIENT_HANDSHAKE_TRAFFIC_SECRET 13a7fe1df2c869d675bd810ad9de1f16fd2e60aed323365a2bb4ee5f58bd1a52 3b26a1e2f790a880796417424e46d1f930373a17f1f483a9b6498b9f0d48ed4300985b52fd7970a846c55c94c49ab922
SERVER_TRAFFIC_SECRET_0 13a7fe1df2c869d675bd810ad9de1f16fd2e60aed323365a2bb4ee5f58bd1a52 f1c1c69d6f387a79d024a88b817b1402c49d910396733ca22dcc2030bbd3651a76aa7fed1aaa19988d8035679f787e75
CLIENT_HANDSHAKE_TRAFFIC_SECRET 13a7fe1df2c869d675bd810ad9de1f16fd2e60aed323365a2bb4ee5f58bd1a52 3b26a1e2f790a880796417424e46d1f930373a17f1f483a9b6498b9f0d48ed4300985b52fd7970a846c55c94c49ab922
SERVER_HANDSHAKE_TRAFFIC_SECRET 13a7fe1df2c869d675bd810ad9de1f16fd2e60aed323365a2bb4ee5f58bd1a52 420159c61f636b4c02693b90389914845eec065c127174104281f94060c808f4acc5a9eec619f965416d9689fe3c0e1a
SERVER_HANDSHAKE_TRAFFIC_SECRET ceff83551eeb2386425760aa748a5e9961f9ff9102f1e425e8673a779a3d51f3 19e17a911cfaebd08cea158060238abdfb18cbc8fca9668301172e792285d126d6979e52b643c08fc33485379cd6f95b
CLIENT_HANDSHAKE_TRAFFIC_SECRET ceff83551eeb2386425760aa748a5e9961f9ff9102f1e425e8673a779a3d51f3 b7cb465f26e36551ff26eae5656afd5665428db9d5e0c67f9a69e42ab430f91370b3f17fc1e2007ef6c22c96f87cfd27
SERVER_TRAFFIC_SECRET_0 ceff83551eeb2386425760aa748a5e9961f9ff9102f1e425e8673a779a3d51f3 c59d255bbfcbaa187e7678cc4f358492d291247e12f49801016a60c5afac5d716b208f89c05e295fbc8217e801a74070
CLIENT_HANDSHAKE_TRAFFIC_SECRET ceff83551eeb2386425760aa748a5e9961f9ff9102f1e425e8673a779a3d51f3 b7cb465f26e36551ff26eae5656afd5665428db9d5e0c67f9a69e42ab430f91370b3f17fc1e2007ef6c22c96f87cfd27
SERVER_HANDSHAKE_TRAFFIC_SECRET ceff83551eeb2386425760aa748a5e9961f9ff9102f1e425e8673a779a3d51f3 19e17a911cfaebd08cea158060238abdfb18cbc8fca9668301172e792285d126d6979e52b643c08fc33485379cd6f95b
SERVER_TRAFFIC_SECRET_0 ceff83551eeb2386425760aa748a5e9961f9ff9102f1e425e8673a779a3d51f3 c59d255bbfcbaa187e7678cc4f358492d291247e12f49801016a60c5afac5d716b208f89c05e295fbc8217e801a74070
EXPORTER_SECRET ceff83551eeb2386425760aa748a5e9961f9ff9102f1e425e8673a779a3d51f3 5badd84ecd4595f6c023c6e2f2e765fffd3ac42e17733b195e3a865f610963a980fd62356167d5d98d42ad01ae786bd0
CLIENT_TRAFFIC_SECRET_0 ceff83551eeb2386425760aa748a5e9961f9ff9102f1e425e8673a779a3d51f3 8d908e2f21f4bed41293d93af63a637e5352f80bb4059f1ec29f68149601571c2042d77fb859310bde55f93d914ae707
SERVER_HANDSHAKE_TRAFFIC_SECRET 8558422248b8ce6beb1e98c80ada654f71de47b118f8b89b570dac735cfc64f9 4d7fadddf8f0c1287d0efb96dfd07c2fbfabf1d599383fc47c26199b3bd9169daf19359020f2c9093b85fd806e6932a1
CLIENT_HANDSHAKE_TRAFFIC_SECRET 8558422248b8ce6beb1e98c80ada654f71de47b118f8b89b570dac735cfc64f9 d3517680ad7ae8d1d9e6b4f84c98c019cad27c3f42753364c6762afbfea9db6b688972790ec869d3a840dbf558c84cdd
SERVER_TRAFFIC_SECRET_0 8558422248b8ce6beb1e98c80ada654f71de47b118f8b89b570dac735cfc64f9 2cf585232a85bfaee278bc914b571faa2affc9052927fb833d5fe1cc0f23b28623e7a25a869af65bd939dc6231badf39
CLIENT_HANDSHAKE_TRAFFIC_SECRET 8558422248b8ce6beb1e98c80ada654f71de47b118f8b89b570dac735cfc64f9 d3517680ad7ae8d1d9e6b4f84c98c019cad27c3f42753364c6762afbfea9db6b688972790ec869d3a840dbf558c84cdd
SERVER_HANDSHAKE_TRAFFIC_SECRET 8558422248b8ce6beb1e98c80ada654f71de47b118f8b89b570dac735cfc64f9 4d7fadddf8f0c1287d0efb96dfd07c2fbfabf1d599383fc47c26199b3bd9169daf19359020f2c9093b85fd806e6932a1
SERVER_HANDSHAKE_TRAFFIC_SECRET f7da37d611920337f15014d18878131409e4d58060356ab409d6059bcabf85d9 ed81ce4e4fc781d95ec84ec319c55f52dbdf946038cb86c21a43fbf3124f953a7a8eef5bfa20235319a19b84d688fd57
CLIENT_HANDSHAKE_TRAFFIC_SECRET f7da37d611920337f15014d18878131409e4d58060356ab409d6059bcabf85d9 3f3c676209f2ad3901080b81f1447cb88d9272628edac8ab9825c03cf38ee733ec226a2202b12175c16759d10c7c728d
SERVER_TRAFFIC_SECRET_0 f7da37d611920337f15014d18878131409e4d58060356ab409d6059bcabf85d9 d9c5901e5a3dd015068c9a5a2a11475fd28cab3bde684fd0c4480434294a0dd53a59e2724acc98566623f0ed0b87b379
CLIENT_HANDSHAKE_TRAFFIC_SECRET f7da37d611920337f15014d18878131409e4d58060356ab409d6059bcabf85d9 3f3c676209f2ad3901080b81f1447cb88d9272628edac8ab9825c03cf38ee733ec226a2202b12175c16759d10c7c728d
SERVER_HANDSHAKE_TRAFFIC_SECRET f7da37d611920337f15014d18878131409e4d58060356ab409d6059bcabf85d9 ed81ce4e4fc781d95ec84ec319c55f52dbdf946038cb86c21a43fbf3124f953a7a8eef5bfa20235319a19b84d688fd57
SERVER_HANDSHAKE_TRAFFIC_SECRET 6fe44a885aebdb9b8cda95ad1d406fbc92ed3c31cdf2b389202f8cd6aed2921b 43cd1169e37746fe150a985494951c736143a328a4439a5b5fd667ef5a3ddcfb70acab23f817db6faf1483bd05c88b8f
CLIENT_HANDSHAKE_TRAFFIC_SECRET 6fe44a885aebdb9b8cda95ad1d406fbc92ed3c31cdf2b389202f8cd6aed2921b d21d969377a7096da6c1bbde81fd6a20670eedc94620a3a2d5ae6983f9c2f9e45247beb614cdc1f2493202e3e75ac51b
SERVER_TRAFFIC_SECRET_0 6fe44a885aebdb9b8cda95ad1d406fbc92ed3c31cdf2b389202f8cd6aed2921b 71c6b4fa614f344a57d4efc088188cf69eaed3e63ca0bc88009dc2e481743039cb6c9b4dd826942d024dd5cef4e5e2f5
CLIENT_HANDSHAKE_TRAFFIC_SECRET 6fe44a885aebdb9b8cda95ad1d406fbc92ed3c31cdf2b389202f8cd6aed2921b d21d969377a7096da6c1bbde81fd6a20670eedc94620a3a2d5ae6983f9c2f9e45247beb614cdc1f2493202e3e75ac51b
SERVER_HANDSHAKE_TRAFFIC_SECRET 6fe44a885aebdb9b8cda95ad1d406fbc92ed3c31cdf2b389202f8cd6aed2921b 43cd1169e37746fe150a985494951c736143a328a4439a5b5fd667ef5a3ddcfb70acab23f817db6faf1483bd05c88b8f
SERVER_HANDSHAKE_TRAFFIC_SECRET b46be872813e23163972cb100d54697800c6cb5913b6a932e06cafef3dec3c9f 0977cfc71e187b9117605f98220348e3f8e7729b1ae10267601aa217d8a631b2d201dc54986ce4fd7b061e2a5a59c6fc
CLIENT_HANDSHAKE_TRAFFIC_SECRET b46be872813e23163972cb100d54697800c6cb5913b6a932e06cafef3dec3c9f 1aaf016150cbd8415c3c3e5eec2054adf0528fbccd4bbf7617185336183b5eb57ecc11ebe237c68706894dcf3a1981a2
SERVER_TRAFFIC_SECRET_0 b46be872813e23163972cb100d54697800c6cb5913b6a932e06cafef3dec3c9f e990b0e32c134e2f00e7cb1d6ff06ddd8289de2332619683339f395a3c3ca955b1fcdd365a339d1287b958710dbf6567
CLIENT_HANDSHAKE_TRAFFIC_SECRET b46be872813e23163972cb100d54697800c6cb5913b6a932e06cafef3dec3c9f 1aaf016150cbd8415c3c3e5eec2054adf0528fbccd4bbf7617185336183b5eb57ecc11ebe237c68706894dcf3a1981a2
SERVER_HANDSHAKE_TRAFFIC_SECRET b46be872813e23163972cb100d54697800c6cb5913b6a932e06cafef3dec3c9f 0977cfc71e187b9117605f98220348e3f8e7729b1ae10267601aa217d8a631b2d201dc54986ce4fd7b061e2a5a59c6fc
SERVER_HANDSHAKE_TRAFFIC_SECRET a181a86883fc2b2d1bbf8038c20f724dc4063d913892825edceb97bf27157e61 57d0e035043a156a9a7b24cccb683590f9017b93f1d444e27d5ed6799088097380da41dfe0aa0bdc8751e7f8becdee70
CLIENT_HANDSHAKE_TRAFFIC_SECRET a181a86883fc2b2d1bbf8038c20f724dc4063d913892825edceb97bf27157e61 d32f3c03091d05fdb8d2a28d1461467e62c6aca1590fc6155029e8a8bf648475b87d7ac5e8a593afe632d888ef1695a3
SERVER_TRAFFIC_SECRET_0 a181a86883fc2b2d1bbf8038c20f724dc4063d913892825edceb97bf27157e61 9eca8a1a34da7b35259d9b2727c310527c485c4ad0098c9478efb29439dd3aca97024ebee6ca64c9b977b9fe27665f7e
CLIENT_HANDSHAKE_TRAFFIC_SECRET a181a86883fc2b2d1bbf8038c20f724dc4063d913892825edceb97bf27157e61 d32f3c03091d05fdb8d2a28d1461467e62c6aca1590fc6155029e8a8bf648475b87d7ac5e8a593afe632d888ef1695a3
SERVER_HANDSHAKE_TRAFFIC_SECRET a181a86883fc2b2d1bbf8038c20f724dc4063d913892825edceb97bf27157e61 57d0e035043a156a9a7b24cccb683590f9017b93f1d444e27d5ed6799088097380da41dfe0aa0bdc8751e7f8becdee70
SERVER_TRAFFIC_SECRET_0 a181a86883fc2b2d1bbf8038c20f724dc4063d913892825edceb97bf27157e61 9eca8a1a34da7b35259d9b2727c310527c485c4ad0098c9478efb29439dd3aca97024ebee6ca64c9b977b9fe27665f7e
EXPORTER_SECRET a181a86883fc2b2d1bbf8038c20f724dc4063d913892825edceb97bf27157e61 5e76f748b218c6bf36e2177545c8c403d098bd83cbbe9a53d47b593c856f0879561f8cc6c871daae1372ab91c2f70e36
CLIENT_TRAFFIC_SECRET_0 a181a86883fc2b2d1bbf8038c20f724dc4063d913892825edceb97bf27157e61 49692d386e44965246cf1877bd440ab503806dd6dc161f90c7321149560081e93fde7f5c22d319ecb3e033842225eb13
SERVER_HANDSHAKE_TRAFFIC_SECRET e83ff582d4fef34a1f5361d01d299c6becb1aa49d46db42ec98da31272ddd7d9 b9abf7ee3c058aa4f16036ec215e5169180b9291ccb98d8572f48d3b36ee99867a7dc4b3533335403fdc0a095ed9d77d
CLIENT_HANDSHAKE_TRAFFIC_SECRET e83ff582d4fef34a1f5361d01d299c6becb1aa49d46db42ec98da31272ddd7d9 7840bb02dbdc5200f36e2b10377935d0e9f723c763570d4aa3fbb40f71c454ee1e0bc191d5844aec8988435ed3c78a6e
SERVER_TRAFFIC_SECRET_0 e83ff582d4fef34a1f5361d01d299c6becb1aa49d46db42ec98da31272ddd7d9 bec3d87367eba244ce36f3f3072180a01a377750aa96b109e0feabc0ba12ce5e94f49a16daa2f5bbe7c7538f1aed0a95
SERVER_HANDSHAKE_TRAFFIC_SECRET 91d498ed9d4833cd34d8e20790abc3a5ca2b7c1b9bd88b2e5fdd13930fe0403e 071e3b73ad944c56f92d1da734e7789c1a2f5f02a5465431bbdf3f6b4022da0d41fa75bcca82cb2679d9f72bc3630155
CLIENT_HANDSHAKE_TRAFFIC_SECRET 91d498ed9d4833cd34d8e20790abc3a5ca2b7c1b9bd88b2e5fdd13930fe0403e 7812b1adda016fb58c75e074d961c1dc3339a3cdd86aa2b3803b7fd11e6dccbdfb048dd686960bfe49f3a1ed6c0bb851
SERVER_TRAFFIC_SECRET_0 91d498ed9d4833cd34d8e20790abc3a5ca2b7c1b9bd88b2e5fdd13930fe0403e eb39f59d52c9bc3e6673d2f02a361ccf372c251bcf7e5cfcb695e5a82e5b26bf0308c43e802478081324b9fedc1bd8cb
CLIENT_HANDSHAKE_TRAFFIC_SECRET 91d498ed9d4833cd34d8e20790abc3a5ca2b7c1b9bd88b2e5fdd13930fe0403e 7812b1adda016fb58c75e074d961c1dc3339a3cdd86aa2b3803b7fd11e6dccbdfb048dd686960bfe49f3a1ed6c0bb851
SERVER_HANDSHAKE_TRAFFIC_SECRET 91d498ed9d4833cd34d8e20790abc3a5ca2b7c1b9bd88b2e5fdd13930fe0403e 071e3b73ad944c56f92d1da734e7789c1a2f5f02a5465431bbdf3f6b4022da0d41fa75bcca82cb2679d9f72bc3630155
SERVER_HANDSHAKE_TRAFFIC_SECRET 37cf4035fe086095ee087fd86696022e2e97edc7ecfcf14b043f2d9ad8eebddb 4238e333476b52c9ecf0e6cd5fb31937a1e5ddd8ae25142015949b3134ffab3be1f3ede1cc539ce071d1ff4b6e5d30b6
CLIENT_HANDSHAKE_TRAFFIC_SECRET 37cf4035fe086095ee087fd86696022e2e97edc7ecfcf14b043f2d9ad8eebddb 1ce32807c9e859c19c11980e14dcade6c13fa7e1b8e9f6176b74f1a2eab84d4c1f81440a4dbc21331f2c407d1758ded3
SERVER_TRAFFIC_SECRET_0 37cf4035fe086095ee087fd86696022e2e97edc7ecfcf14b043f2d9ad8eebddb 8d3c4d0267bcc6af2382251e18ad0868bb8617be8e365dfe7ec9d926cea701b991728171f40387a4231a86601be8e3de
CLIENT_HANDSHAKE_TRAFFIC_SECRET 37cf4035fe086095ee087fd86696022e2e97edc7ecfcf14b043f2d9ad8eebddb 1ce32807c9e859c19c11980e14dcade6c13fa7e1b8e9f6176b74f1a2eab84d4c1f81440a4dbc21331f2c407d1758ded3
SERVER_HANDSHAKE_TRAFFIC_SECRET 37cf4035fe086095ee087fd86696022e2e97edc7ecfcf14b043f2d9ad8eebddb 4238e333476b52c9ecf0e6cd5fb31937a1e5ddd8ae25142015949b3134ffab3be1f3ede1cc539ce071d1ff4b6e5d30b6
SERVER_HANDSHAKE_TRAFFIC_SECRET 61d7a9e9d2f1388f9eb7455eabb94bd23817dc8665bbc8a1d40dd7453f6e1938 3e29dec32479e051e54187f946b520610104b6adb905ea6f7412c8d0296cbe20dc02dc0298e6f7f8633dba7f40623ec6
CLIENT_HANDSHAKE_TRAFFIC_SECRET 61d7a9e9d2f1388f9eb7455eabb94bd23817dc8665bbc8a1d40dd7453f6e1938 2a89374b808a6e591b4a7391450bf2fbe6dddbfe47bf65f94d06cf8963963303bcf895da254795b28a4c675ebdbdf700
SERVER_TRAFFIC_SECRET_0 61d7a9e9d2f1388f9eb7455eabb94bd23817dc8665bbc8a1d40dd7453f6e1938 49bd48506b7f464afddb1563360c07c8f37a9b7e924118577bdef0a414e26361e16d26a00a1bcb18e6b404d890dcefad
CLIENT_HANDSHAKE_TRAFFIC_SECRET 61d7a9e9d2f1388f9eb7455eabb94bd23817dc8665bbc8a1d40dd7453f6e1938 2a89374b808a6e591b4a7391450bf2fbe6dddbfe47bf65f94d06cf8963963303bcf895da254795b28a4c675ebdbdf700
SERVER_HANDSHAKE_TRAFFIC_SECRET 61d7a9e9d2f1388f9eb7455eabb94bd23817dc8665bbc8a1d40dd7453f6e1938 3e29dec32479e051e54187f946b520610104b6adb905ea6f7412c8d0296cbe20dc02dc0298e6f7f8633dba7f40623ec6
SERVER_HANDSHAKE_TRAFFIC_SECRET 4f204ceb8fbc933887c073eaa809ae079c4d7fb1f36b47988e9c79c1daba2474 e31f0d201a5a71c8a3fd6b84d91624a6aa6e128c1060981c6d038f590fcc97298e36ef6e7e6a8187cbd8e48b94ee8172
CLIENT_HANDSHAKE_TRAFFIC_SECRET 4f204ceb8fbc933887c073eaa809ae079c4d7fb1f36b47988e9c79c1daba2474 8c42aa27c57ed237d0105954a40a9152e857e838cee0deca993fb57ca7652695c85f1543a67552fc08b2c2b9d9d7558b
SERVER_TRAFFIC_SECRET_0 4f204ceb8fbc933887c073eaa809ae079c4d7fb1f36b47988e9c79c1daba2474 6bbf8421909469a8fe4dd179aaf2260a14d45f9a413e9f34e08cffe2a8d558326a103ddf4d056bcf0b2fca2f8b96fc1d
SERVER_HANDSHAKE_TRAFFIC_SECRET 1dc7fb2ae49abe3e8d97195d81e159297b2eabc8a4fad722f8c57b804fb167dc b1838a7a0924d313bcc51eb513a30da7a9917946139e9232dcca2ed877c1f0cbc867cc87f31a00b9f754a8603a035af1
CLIENT_HANDSHAKE_TRAFFIC_SECRET 1dc7fb2ae49abe3e8d97195d81e159297b2eabc8a4fad722f8c57b804fb167dc 257f1461a76ff5e26ea1275412b41740cbbaa6a4c4e8657483d19600c7a399d6923904eb5c22887ae52dc16bd65dbed6
SERVER_TRAFFIC_SECRET_0 1dc7fb2ae49abe3e8d97195d81e159297b2eabc8a4fad722f8c57b804fb167dc fff45759683ff129184b6fadfeb0750d5f3de58c83d92359fa04bf8f7214b17da5646c9e95a4ea1a3babab95b36d631e
CLIENT_HANDSHAKE_TRAFFIC_SECRET 1dc7fb2ae49abe3e8d97195d81e159297b2eabc8a4fad722f8c57b804fb167dc 257f1461a76ff5e26ea1275412b41740cbbaa6a4c4e8657483d19600c7a399d6923904eb5c22887ae52dc16bd65dbed6
SERVER_HANDSHAKE_TRAFFIC_SECRET 1dc7fb2ae49abe3e8d97195d81e159297b2eabc8a4fad722f8c57b804fb167dc b1838a7a0924d313bcc51eb513a30da7a9917946139e9232dcca2ed877c1f0cbc867cc87f31a00b9f754a8603a035af1
SERVER_HANDSHAKE_TRAFFIC_SECRET 59acafccc220ec6b0328bd7bddf805731df866bf1c85b3afd38f3def4b96c548 dbe0860354d1bb59003ffba086e3579ce98012e747c54dce5cdb49b16a08bdd83eec5c120489842a57ab950d60687386
CLIENT_HANDSHAKE_TRAFFIC_SECRET 59acafccc220ec6b0328bd7bddf805731df866bf1c85b3afd38f3def4b96c548 076c873353f99b3f337366a873b85fd95a95d6fb22c5c537669bf33bfc52ee2ffc0909937b654e2564d846c48d6683a8
SERVER_TRAFFIC_SECRET_0 59acafccc220ec6b0328bd7bddf805731df866bf1c85b3afd38f3def4b96c548 53ab3b1c8b3edf7ee4efec89c625a0958fda87fc0de1afe985ec5eabe35f87a28829ce94b1cdd6a10e9531955e8773a4
CLIENT_HANDSHAKE_TRAFFIC_SECRET 59acafccc220ec6b0328bd7bddf805731df866bf1c85b3afd38f3def4b96c548 076c873353f99b3f337366a873b85fd95a95d6fb22c5c537669bf33bfc52ee2ffc0909937b654e2564d846c48d6683a8
SERVER_HANDSHAKE_TRAFFIC_SECRET 59acafccc220ec6b0328bd7bddf805731df866bf1c85b3afd38f3def4b96c548 dbe0860354d1bb59003ffba086e3579ce98012e747c54dce5cdb49b16a08bdd83eec5c120489842a57ab950d60687386
SERVER_TRAFFIC_SECRET_0 59acafccc220ec6b0328bd7bddf805731df866bf1c85b3afd38f3def4b96c548 53ab3b1c8b3edf7ee4efec89c625a0958fda87fc0de1afe985ec5eabe35f87a28829ce94b1cdd6a10e9531955e8773a4
EXPORTER_SECRET 59acafccc220ec6b0328bd7bddf805731df866bf1c85b3afd38f3def4b96c548 0429cfb4db368491cf12a5a99f8ca66a653458b21f25647755aacaef8c4bfef4c60631570d7b7d85c59acb4320ed27cf
CLIENT_TRAFFIC_SECRET_0 59acafccc220ec6b0328bd7bddf805731df866bf1c85b3afd38f3def4b96c548 2edb74bbd0628647496d6e4b088a03fd2e782b7a4763b18d78c2c66d72990072a79ce95b06d29412e506d3ac4bbc4869
CLIENT_TRAFFIC_SECRET_0 59acafccc220ec6b0328bd7bddf805731df866bf1c85b3afd38f3def4b96c548 2edb74bbd0628647496d6e4b088a03fd2e782b7a4763b18d78c2c66d72990072a79ce95b06d29412e506d3ac4bbc4869
SERVER_HANDSHAKE_TRAFFIC_SECRET 199f8f89c2c1c0312e372b0634bc0c36f117aec1c1244bbc5b8d11f443315d92 c9cc92f5a9f39c1e3c135b7b45539d1129c461864d8b71ea48214d3780a777b7ffdf3598c3c66d8c85436127a86e13e5
CLIENT_HANDSHAKE_TRAFFIC_SECRET 199f8f89c2c1c0312e372b0634bc0c36f117aec1c1244bbc5b8d11f443315d92 b02761285ea1f50902b7c62a04c04d953f69611d0fd5b56f65b6b8a678b9b0a8dd554e186d54b7e55c3a1c93811b2afc
SERVER_TRAFFIC_SECRET_0 199f8f89c2c1c0312e372b0634bc0c36f117aec1c1244bbc5b8d11f443315d92 d83bdde08039bb6862bed1294668bfcfe4a94b0642b6b8386d56ee767056f9720bfe4d5d1acb0579f11c7eeec1600ef9
CLIENT_HANDSHAKE_TRAFFIC_SECRET 199f8f89c2c1c0312e372b0634bc0c36f117aec1c1244bbc5b8d11f443315d92 b02761285ea1f50902b7c62a04c04d953f69611d0fd5b56f65b6b8a678b9b0a8dd554e186d54b7e55c3a1c93811b2afc
SERVER_HANDSHAKE_TRAFFIC_SECRET 199f8f89c2c1c0312e372b0634bc0c36f117aec1c1244bbc5b8d11f443315d92 c9cc92f5a9f39c1e3c135b7b45539d1129c461864d8b71ea48214d3780a777b7ffdf3598c3c66d8c85436127a86e13e5
SERVER_HANDSHAKE_TRAFFIC_SECRET 52bebe24c719d4e26fde69fdfdabd2ce5e8f37bde631e54fc68a80bfd0026103 370b4f1951b1e5d235e79c2f0b0f3e2638720bf0ccb4abeaba9e871dedb69743e3de437cbff0f43f62cb4befab7eec6a
CLIENT_HANDSHAKE_TRAFFIC_SECRET 52bebe24c719d4e26fde69fdfdabd2ce5e8f37bde631e54fc68a80bfd0026103 8afe85ebaa3b481fa0c993525b9bdc821d0c5e251cd4f7c3659d946c561af0f19b0cb91bf9c0e990b78ca533b827c1a7
SERVER_TRAFFIC_SECRET_0 52bebe24c719d4e26fde69fdfdabd2ce5e8f37bde631e54fc68a80bfd0026103 fabacbc8a6ca6c861fe6ba6f28ed59283d0a2d6160a8e208c9c1d52c324b71fb7aa2f724a84f04b2472227bedc95bd67
CLIENT_HANDSHAKE_TRAFFIC_SECRET 52bebe24c719d4e26fde69fdfdabd2ce5e8f37bde631e54fc68a80bfd0026103 8afe85ebaa3b481fa0c993525b9bdc821d0c5e251cd4f7c3659d946c561af0f19b0cb91bf9c0e990b78ca533b827c1a7
SERVER_HANDSHAKE_TRAFFIC_SECRET 52bebe24c719d4e26fde69fdfdabd2ce5e8f37bde631e54fc68a80bfd0026103 370b4f1951b1e5d235e79c2f0b0f3e2638720bf0ccb4abeaba9e871dedb69743e3de437cbff0f43f62cb4befab7eec6a
SERVER_HANDSHAKE_TRAFFIC_SECRET dff8b5f1f84f89a5ccd2e4b24c672ac58938964adccefc332eb47fa14c3a6996 2444d442d7ff13d711108e85cf0c61eb59fa88668d3121ddadbfa0f49a24212e07d6088a1c2696fc8cc79b6bb956a4c4
CLIENT_HANDSHAKE_TRAFFIC_SECRET dff8b5f1f84f89a5ccd2e4b24c672ac58938964adccefc332eb47fa14c3a6996 64e2e56a9a53dd44582a411daeb8f571e0c689752a50c8ca23b18129f8827935afcc719215ca7663caff0938eb763f54
SERVER_TRAFFIC_SECRET_0 dff8b5f1f84f89a5ccd2e4b24c672ac58938964adccefc332eb47fa14c3a6996 1c8d5ab7a9dd02bffcea09ab2af679e2288f8c68a5911ccb02a15207b53af8a66064c0571cd43c6a09f28a45aad34a29
SERVER_HANDSHAKE_TRAFFIC_SECRET bb9c1d207ad89315fe77052c1933ed6e2a1438cd8c15001fa4597ad2f18cc158 1cbed718b5a3ddbb71d44534b393a863c4f9a03182c7bf36f59138dbbe723e60d8ba33e0b181f64f0ac442c6fa20f2f9
CLIENT_HANDSHAKE_TRAFFIC_SECRET bb9c1d207ad89315fe77052c1933ed6e2a1438cd8c15001fa4597ad2f18cc158 bf31c75214d9c1dd28671ed28ac8777af721a005bf3bf968274f150f2eee8b287fc71c912c332a7beaffb301a036b4ff
SERVER_TRAFFIC_SECRET_0 bb9c1d207ad89315fe77052c1933ed6e2a1438cd8c15001fa4597ad2f18cc158 6f03b1d505ddcdcd5ca950d16c1822b4f3b4ba10c09d4e8106957f6df29d4a041c89a34421778ea7e9bfde19a170b215
CLIENT_HANDSHAKE_TRAFFIC_SECRET bb9c1d207ad89315fe77052c1933ed6e2a1438cd8c15001fa4597ad2f18cc158 bf31c75214d9c1dd28671ed28ac8777af721a005bf3bf968274f150f2eee8b287fc71c912c332a7beaffb301a036b4ff
SERVER_HANDSHAKE_TRAFFIC_SECRET bb9c1d207ad89315fe77052c1933ed6e2a1438cd8c15001fa4597ad2f18cc158 1cbed718b5a3ddbb71d44534b393a863c4f9a03182c7bf36f59138dbbe723e60d8ba33e0b181f64f0ac442c6fa20f2f9
SERVER_HANDSHAKE_TRAFFIC_SECRET d52b0a68c44c0921427dc8bba4993b9ad580d99f10fc967c1becd065e5d0d1b1 75358517553e72904a6415250b94322156b954fd662f3af7ee9e09425d9e3e4d021f03a070e4553a95edc62c9ae545cb
CLIENT_HANDSHAKE_TRAFFIC_SECRET d52b0a68c44c0921427dc8bba4993b9ad580d99f10fc967c1becd065e5d0d1b1 e1c65ec7d5a7dad73cec4c0a58ee65c9f20be126ebcf9ef4c75bf108003f211c52daa00c623547d15c0c9e3dcf1c807e
SERVER_TRAFFIC_SECRET_0 d52b0a68c44c0921427dc8bba4993b9ad580d99f10fc967c1becd065e5d0d1b1 d1cbfab9c7445f09a953c90375a229fc66bc7463bd3c201b7ba80155ef56c65202ba6fc6b9cf1d8511ce88b080a450e3
CLIENT_HANDSHAKE_TRAFFIC_SECRET d52b0a68c44c0921427dc8bba4993b9ad580d99f10fc967c1becd065e5d0d1b1 e1c65ec7d5a7dad73cec4c0a58ee65c9f20be126ebcf9ef4c75bf108003f211c52daa00c623547d15c0c9e3dcf1c807e
SERVER_HANDSHAKE_TRAFFIC_SECRET d52b0a68c44c0921427dc8bba4993b9ad580d99f10fc967c1becd065e5d0d1b1 75358517553e72904a6415250b94322156b954fd662f3af7ee9e09425d9e3e4d021f03a070e4553a95edc62c9ae545cb
SERVER_HANDSHAKE_TRAFFIC_SECRET 8c5bfedee8d70f24f23c811bf91b7895ca7bfa953035d37746c7f84a9452077b ef911ba18b27d4a4cbe9505c06d028ff56fb4a3aa90c1d853df284d380a25d6d69378ed3c5c1289a0eb9ff0665134453
CLIENT_HANDSHAKE_TRAFFIC_SECRET 8c5bfedee8d70f24f23c811bf91b7895ca7bfa953035d37746c7f84a9452077b 53df282c0d2d7eff962ccc19ceb5cc1613e70328146751bb8ffb94ca3940a00aa6356908b7d08a483a7286d52b52504b
SERVER_TRAFFIC_SECRET_0 8c5bfedee8d70f24f23c811bf91b7895ca7bfa953035d37746c7f84a9452077b cf24fae5b59f8fdee0b1289e00897f79c3622fa8d3b0f4d86baab8132e367c81a7f775a00e75bd314bad133091994835
SERVER_HANDSHAKE_TRAFFIC_SECRET 125efffb6ab3e346f8a5153480635e30b5a43cdd238f5fd52fc5626eacac0b06 a432814d06fcc3fa3f76a350b25220dae6f4327454515ee982737fe35adcf4194c1201ab61310624714cca88203d874c
CLIENT_HANDSHAKE_TRAFFIC_SECRET 125efffb6ab3e346f8a5153480635e30b5a43cdd238f5fd52fc5626eacac0b06 b2fcea26f8a1ebc7b1cce8ddf66e2ace9870a9318ceaa31f28fa56631a4fefafe85ddd900c3e7ab63a61987583968ef9
SERVER_TRAFFIC_SECRET_0 125efffb6ab3e346f8a5153480635e30b5a43cdd238f5fd52fc5626eacac0b06 a9a1d3d8d8355ca1baea7ba9dcea239abb3f0b903779faf68422eb61469f4bf49ae2171818c0f972fbb5c36b3ca3ecfd
CLIENT_HANDSHAKE_TRAFFIC_SECRET 125efffb6ab3e346f8a5153480635e30b5a43cdd238f5fd52fc5626eacac0b06 b2fcea26f8a1ebc7b1cce8ddf66e2ace9870a9318ceaa31f28fa56631a4fefafe85ddd900c3e7ab63a61987583968ef9
SERVER_HANDSHAKE_TRAFFIC_SECRET 125efffb6ab3e346f8a5153480635e30b5a43cdd238f5fd52fc5626eacac0b06 a432814d06fcc3fa3f76a350b25220dae6f4327454515ee982737fe35adcf4194c1201ab61310624714cca88203d874c
SERVER_HANDSHAKE_TRAFFIC_SECRET fc15f00ec7fd51d3d763083f1d5cf71dac107ca705f09552f2753f2bb7f79167 3a0fb9eafd43fc8c742e7d9e597bd5fc12bf28174f4b2edae1713e5a3856a2f20cbd8d78d30053f973b42f4d05fb8cb8
CLIENT_HANDSHAKE_TRAFFIC_SECRET fc15f00ec7fd51d3d763083f1d5cf71dac107ca705f09552f2753f2bb7f79167 cd753e8671a9b7285dbb79880555cf2365b8fff42f69de81935ff7108d1c2e51f5291397a47b9f1e06bd790574d83767
SERVER_TRAFFIC_SECRET_0 fc15f00ec7fd51d3d763083f1d5cf71dac107ca705f09552f2753f2bb7f79167 40b3e9e8504503e1eb7775ff7a85648cc901020d0f3a09e5328e4957bd6b07adaa1d685236edc7beae7229e970b06c3c
CLIENT_HANDSHAKE_TRAFFIC_SECRET fc15f00ec7fd51d3d763083f1d5cf71dac107ca705f09552f2753f2bb7f79167 cd753e8671a9b7285dbb79880555cf2365b8fff42f69de81935ff7108d1c2e51f5291397a47b9f1e06bd790574d83767
SERVER_HANDSHAKE_TRAFFIC_SECRET fc15f00ec7fd51d3d763083f1d5cf71dac107ca705f09552f2753f2bb7f79167 3a0fb9eafd43fc8c742e7d9e597bd5fc12bf28174f4b2edae1713e5a3856a2f20cbd8d78d30053f973b42f4d05fb8cb8
SERVER_HANDSHAKE_TRAFFIC_SECRET 1ca08139974ada89083c04f6ed1ea96e74b8790424aaad6281fb4aa6d4db3da3 8153d7c9e8f4a4eade52376698bd1bcf30511a31f050263c27a3f8160a43a9aa01acaf9b43f8448df55096e80a07fd39
CLIENT_HANDSHAKE_TRAFFIC_SECRET 1ca08139974ada89083c04f6ed1ea96e74b8790424aaad6281fb4aa6d4db3da3 0f0a0ef16dca52bddf669e9c167da14650c24dfa00be97461e4c8feaaa60acb7be9a9f220431c8c8bfd45b17ae0c0724
SERVER_TRAFFIC_SECRET_0 1ca08139974ada89083c04f6ed1ea96e74b8790424aaad6281fb4aa6d4db3da3 51dc9a845a3f3cf95f265c3b6a91f9352603065e85b90c790917be08b779c1aebf6c9f257d34785628ee16d28072ea80
CLIENT_HANDSHAKE_TRAFFIC_SECRET 1ca08139974ada89083c04f6ed1ea96e74b8790424aaad6281fb4aa6d4db3da3 0f0a0ef16dca52bddf669e9c167da14650c24dfa00be97461e4c8feaaa60acb7be9a9f220431c8c8bfd45b17ae0c0724
SERVER_HANDSHAKE_TRAFFIC_SECRET 1ca08139974ada89083c04f6ed1ea96e74b8790424aaad6281fb4aa6d4db3da3 8153d7c9e8f4a4eade52376698bd1bcf30511a31f050263c27a3f8160a43a9aa01acaf9b43f8448df55096e80a07fd39
SERVER_HANDSHAKE_TRAFFIC_SECRET 5577cecfb4d257ef96cc85ba2feb8dd41b7828cc58fd8515f38826e882c18c71 2b2895b7ecea95a88c65cb316edfe4bebb8499d62ca7283219c6624ba5f1c78c84af7f63f5d77ea97c2cef99effeb4b3
CLIENT_HANDSHAKE_TRAFFIC_SECRET 5577cecfb4d257ef96cc85ba2feb8dd41b7828cc58fd8515f38826e882c18c71 9f4cee739dd01d850dbe3bb14d78edf5b53826729c3e8899450697ddb5cad95daace1b3038267dc972cb7a78b52be4ee
SERVER_TRAFFIC_SECRET_0 5577cecfb4d257ef96cc85ba2feb8dd41b7828cc58fd8515f38826e882c18c71 4c6e3eb768ae814ca3d890d49d1afb6662b63b34659a08ecc51c465996813385ab5c917ef2f5e17dc95784d992241d29
CLIENT_HANDSHAKE_TRAFFIC_SECRET 5577cecfb4d257ef96cc85ba2feb8dd41b7828cc58fd8515f38826e882c18c71 9f4cee739dd01d850dbe3bb14d78edf5b53826729c3e8899450697ddb5cad95daace1b3038267dc972cb7a78b52be4ee
SERVER_HANDSHAKE_TRAFFIC_SECRET 5577cecfb4d257ef96cc85ba2feb8dd41b7828cc58fd8515f38826e882c18c71 2b2895b7ecea95a88c65cb316edfe4bebb8499d62ca7283219c6624ba5f1c78c84af7f63f5d77ea97c2cef99effeb4b3
SERVER_HANDSHAKE_TRAFFIC_SECRET 81522e29a60d35afc75cd128705449ec220b8edb4e65777b2d6c18a86288776b 6eb55560c7ec98aef69ecf70fff65c5e39c4f71e356509cb2446f3144f53b34be9b7380fe7b31587d66f0a57d724ed28
CLIENT_HANDSHAKE_TRAFFIC_SECRET 81522e29a60d35afc75cd128705449ec220b8edb4e65777b2d6c18a86288776b 43ef68e19ff9251382ffdf53c32eea215fbd5b478139aa40520c4676895e4fcd310904cbffecb02916734315fc8f9c08
SERVER_TRAFFIC_SECRET_0 81522e29a60d35afc75cd128705449ec220b8edb4e65777b2d6c18a86288776b 09a9431b2173ef70edffae6809014fcbfe10cdcc9f0cc8ca0b4403344f0145eaf3ae244f06d4e36fa7ac134ac2f36af2
CLIENT_HANDSHAKE_TRAFFIC_SECRET 81522e29a60d35afc75cd128705449ec220b8edb4e65777b2d6c18a86288776b 43ef68e19ff9251382ffdf53c32eea215fbd5b478139aa40520c4676895e4fcd310904cbffecb02916734315fc8f9c08
SERVER_HANDSHAKE_TRAFFIC_SECRET 81522e29a60d35afc75cd128705449ec220b8edb4e65777b2d6c18a86288776b 6eb55560c7ec98aef69ecf70fff65c5e39c4f71e356509cb2446f3144f53b34be9b7380fe7b31587d66f0a57d724ed28
SERVER_TRAFFIC_SECRET_0 81522e29a60d35afc75cd128705449ec220b8edb4e65777b2d6c18a86288776b 09a9431b2173ef70edffae6809014fcbfe10cdcc9f0cc8ca0b4403344f0145eaf3ae244f06d4e36fa7ac134ac2f36af2
EXPORTER_SECRET 81522e29a60d35afc75cd128705449ec220b8edb4e65777b2d6c18a86288776b 529d5142d90a612858739496bb1f6a4d99de21934ddda5903715775466305bf51a5945468ea1086652f994da093ec4d6
CLIENT_TRAFFIC_SECRET_0 81522e29a60d35afc75cd128705449ec220b8edb4e65777b2d6c18a86288776b 8fb6fee6e3669a6571f5372126cf4f424a1bad9d26ae8cfc550a0b7f259147802304e2434ce5f9887c70ebcabbc06b20
SERVER_HANDSHAKE_TRAFFIC_SECRET e157264177c3d0b24a86f535336c68b40627cd9d0910611526dfeb4a9e56fe86 3534b1b595500af528f65c4c8814b5d62edea0f7965e9a18cefdcae63e8240ae6a2daf5f71370b0a95d186535800420b
CLIENT_HANDSHAKE_TRAFFIC_SECRET e157264177c3d0b24a86f535336c68b40627cd9d0910611526dfeb4a9e56fe86 f7537be03f255518a2638def18ad81d5d2d6dfa86658e005ca8cdf66e4427fafc35b29b69d0035141d58af82a755e7fd
SERVER_TRAFFIC_SECRET_0 e157264177c3d0b24a86f535336c68b40627cd9d0910611526dfeb4a9e56fe86 cff1976fd4483bc8f0712978c9a610d2a8118cc5fafc02369063e6864a5e96f6f9e57be20516cbc094d6634f7039514b
CLIENT_HANDSHAKE_TRAFFIC_SECRET e157264177c3d0b24a86f535336c68b40627cd9d0910611526dfeb4a9e56fe86 f7537be03f255518a2638def18ad81d5d2d6dfa86658e005ca8cdf66e4427fafc35b29b69d0035141d58af82a755e7fd
SERVER_HANDSHAKE_TRAFFIC_SECRET e157264177c3d0b24a86f535336c68b40627cd9d0910611526dfeb4a9e56fe86 3534b1b595500af528f65c4c8814b5d62edea0f7965e9a18cefdcae63e8240ae6a2daf5f71370b0a95d186535800420b
SERVER_HANDSHAKE_TRAFFIC_SECRET bd57c0c182bcdc0d16049925e5af32553944eed7145d7b9eb871d02f0a248ce6 3c6994db6e5340769d96a3d21b030e0c58cffa3b8babddc806867d4f644f6eae09e1dfee3213ceadda2f1e47cb1a2701
CLIENT_HANDSHAKE_TRAFFIC_SECRET bd57c0c182bcdc0d16049925e5af32553944eed7145d7b9eb871d02f0a248ce6 ef667835afe1ab8654fc99a8038727b1361f8e213c422cec579d88e66b7ccd072f5f037452e9c21eb46e3161a7cbaeef
SERVER_TRAFFIC_SECRET_0 bd57c0c182bcdc0d16049925e5af32553944eed7145d7b9eb871d02f0a248ce6 f09c989ddb2ca305020077b73d3ba1ce4525971d46a7a22d0b78ba5e4f5f790c12b5226d6451f0644f57a253aa258dc8
CLIENT_HANDSHAKE_TRAFFIC_SECRET bd57c0c182bcdc0d16049925e5af32553944eed7145d7b9eb871d02f0a248ce6 ef667835afe1ab8654fc99a8038727b1361f8e213c422cec579d88e66b7ccd072f5f037452e9c21eb46e3161a7cbaeef
SERVER_HANDSHAKE_TRAFFIC_SECRET bd57c0c182bcdc0d16049925e5af32553944eed7145d7b9eb871d02f0a248ce6 3c6994db6e5340769d96a3d21b030e0c58cffa3b8babddc806867d4f644f6eae09e1dfee3213ceadda2f1e47cb1a2701
SERVER_HANDSHAKE_TRAFFIC_SECRET 938da9737fc3b75c0b1795e356daa2c9295f85f93b76326073c949fee3d3c428 8a1651479b7059b0f9b929acb30c8e346208e381682c05a962341e82021a3477aed18d1a3aed89d474ac3d685743f7ff
CLIENT_HANDSHAKE_TRAFFIC_SECRET 938da9737fc3b75c0b1795e356daa2c9295f85f93b76326073c949fee3d3c428 1a3c3c320cf027fa9b7da50e7d91d4138b48e0fa4ef054552bad30085087eee275c958f8bd546b46a11926b1facdbd39
SERVER_TRAFFIC_SECRET_0 938da9737fc3b75c0b1795e356daa2c9295f85f93b76326073c949fee3d3c428 517f38b7746dfabf03da638134e402bdc309adccfe7ddaaa5ac8b854085b24f570c9eed673ff19eee2baa7d5d0cd02aa
CLIENT_HANDSHAKE_TRAFFIC_SECRET 938da9737fc3b75c0b1795e356daa2c9295f85f93b76326073c949fee3d3c428 1a3c3c320cf027fa9b7da50e7d91d4138b48e0fa4ef054552bad30085087eee275c958f8bd546b46a11926b1facdbd39
SERVER_HANDSHAKE_TRAFFIC_SECRET 938da9737fc3b75c0b1795e356daa2c9295f85f93b76326073c949fee3d3c428 8a1651479b7059b0f9b929acb30c8e346208e381682c05a962341e82021a3477aed18d1a3aed89d474ac3d685743f7ff
