SERVER_HANDSHAKE_TRAFFIC_SECRET b2bde3a9d8faac60ab6071097c370236f1fa2000fb3c72a3ed02a2dba57c2d06 d60330ca6aab0fa7ebaecd58c9ad5f50749591918f2056404d1a81aba2bb1ab6
CLIENT_HANDSHAKE_TRAFFIC_SECRET b2bde3a9d8faac60ab6071097c370236f1fa2000fb3c72a3ed02a2dba57c2d06 7fd0a3022abc99551e1113e78a6dd43a2d309d4032a7198dc251bbecc6c91268
SERVER_TRAFFIC_SECRET_0 b2bde3a9d8faac60ab6071097c370236f1fa2000fb3c72a3ed02a2dba57c2d06 9bfc6656674609901fdcfd5684e18eea25d1d47245c147df6129182ff441b426
CLIENT_TRAFFIC_SECRET_0 b2bde3a9d8faac60ab6071097c370236f1fa2000fb3c72a3ed02a2dba57c2d06 81845b4eb2b1b4c72f3556ff55b3d82bd95c8f26abc96134ff2ff08a59fa42a4
SERVER_HANDSHAKE_TRAFFIC_SECRET f48ae8d7b662e9d49c11e7c10b984385908d973d148aa06d8b4fc4a2fc36171f 8d70412cb17d4f250350fa50c3be4cb147b981642f9944ed0f534c843b182d17
CLIENT_HANDSHAKE_TRAFFIC_SECRET f48ae8d7b662e9d49c11e7c10b984385908d973d148aa06d8b4fc4a2fc36171f 025f5f9df7df291221579f9ace15ba35b3ab085df495d603a2a849cac146b13a
SERVER_TRAFFIC_SECRET_0 f48ae8d7b662e9d49c11e7c10b984385908d973d148aa06d8b4fc4a2fc36171f 3b39aed87309c6f270e7f78998ce64c8eebe60fee5fcd5ca571ab78043c53c07
CLIENT_TRAFFIC_SECRET_0 f48ae8d7b662e9d49c11e7c10b984385908d973d148aa06d8b4fc4a2fc36171f 36eb419a2aa34cc72169b4bdd9069e33cb648d38b11cd3ed0678a2c4aacf182d
SERVER_HANDSHAKE_TRAFFIC_SECRET 06f0b3515dbc54bfd1ee6617c4ced4d485dfe0f0bbb0e15571cfd28af8c0e511 e92f59cfb6c01c3ec85d4b0a7318634f1384e25abecc77204b489673e5f95f42
CLIENT_HANDSHAKE_TRAFFIC_SECRET 06f0b3515dbc54bfd1ee6617c4ced4d485dfe0f0bbb0e15571cfd28af8c0e511 06aaba6f04d04c9d60d0553566bd7e416de1b9a416da7028c101d2ebe702246a
SERVER_TRAFFIC_SECRET_0 06f0b3515dbc54bfd1ee6617c4ced4d485dfe0f0bbb0e15571cfd28af8c0e511 7c22a598eb83453a84b38d4b6ec127f1154a2ece729e7b21fdf3b7869ccec15f
CLIENT_TRAFFIC_SECRET_0 06f0b3515dbc54bfd1ee6617c4ced4d485dfe0f0bbb0e15571cfd28af8c0e511 028a5d6cbc130aced8308e69aa67668eeb65dcef1f0998b028ce8af48439baa6
SERVER_HANDSHAKE_TRAFFIC_SECRET 6e6c4110691eba04e1ce557b68195c17a8253274c690397db0b7f6bb30bdb6d8 efb26df3ae5b3bac8888f674991a2a0bd4e776917325c16fde17d70f03fb5405
CLIENT_HANDSHAKE_TRAFFIC_SECRET 6e6c4110691eba04e1ce557b68195c17a8253274c690397db0b7f6bb30bdb6d8 9123cf6a3c988ca17f9dca2e10e5c8c998d7745de6e4c002048c9ce12cf17392
SERVER_TRAFFIC_SECRET_0 6e6c4110691eba04e1ce557b68195c17a8253274c690397db0b7f6bb30bdb6d8 b9b2210b010224f426eef24e631d801302d4128a6ff4b282d25812428712003b
CLIENT_TRAFFIC_SECRET_0 6e6c4110691eba04e1ce557b68195c17a8253274c690397db0b7f6bb30bdb6d8 0a9060d9c294b9c6148542ea09ee6a4de72a59dd455f9bfea9cd927e1a142193
SERVER_HANDSHAKE_TRAFFIC_SECRET db39484bfe365e699da59f7cbb91def68d7c9e791673bdade49756481a8c62d4 2d5598c4ad3cdcc44ecb40601250387f8a926c1cff8e5c5a6d45df35808a2218
CLIENT_HANDSHAKE_TRAFFIC_SECRET db39484bfe365e699da59f7cbb91def68d7c9e791673bdade49756481a8c62d4 ff023b7cccd56a3608574b6768bb31f581f9542cb5c5fb4ad803e641bea774cb
SERVER_TRAFFIC_SECRET_0 db39484bfe365e699da59f7cbb91def68d7c9e791673bdade49756481a8c62d4 1ba3ab81cebaa6c6a8e0abf0074a52dc96a2c811e4a80e00464f1a82be68c03b
CLIENT_TRAFFIC_SECRET_0 db39484bfe365e699da59f7cbb91def68d7c9e791673bdade49756481a8c62d4 688525cc86baee7153e15f74185e9aabedbb3812ea585bd4bb36742e0915ce59
SERVER_HANDSHAKE_TRAFFIC_SECRET 647f1a2dd01840282e21cc017841404d540d2111058f8e8d24be2fe344349752 e52b50172de3a8837c951991ee9766244455a39a8bf0141e08c92b01f0762204
CLIENT_HANDSHAKE_TRAFFIC_SECRET 647f1a2dd01840282e21cc017841404d540d2111058f8e8d24be2fe344349752 729be1fbdeed39e361f06a9d4dbd4ba54e05d322bf65239c71b0e8c845641eb5
SERVER_TRAFFIC_SECRET_0 647f1a2dd01840282e21cc017841404d540d2111058f8e8d24be2fe344349752 816ca407bee993cb1946e46c84adebac198e4af03e2c8ec5671e5db7f08fe0ee
CLIENT_TRAFFIC_SECRET_0 647f1a2dd01840282e21cc017841404d540d2111058f8e8d24be2fe344349752 361ed5c8a63ca5e24bb59fec4abf40e8bf81470607d12a29d14f06df19dd7ede
SERVER_HANDSHAKE_TRAFFIC_SECRET d148628ea37b3439d695aaf14ff890183ad0cefe9b4d3ffe69695385365d4a12 29ea1e01ecf423f61d18356c9eec19a3e1e5e730cb4deb153b4d0f6a4d958d4a
CLIENT_HANDSHAKE_TRAFFIC_SECRET d148628ea37b3439d695aaf14ff890183ad0cefe9b4d3ffe69695385365d4a12 8a53b0ff3600754ea9152675ad204c5512008ecf6d4a6d52a135d397076edac2
SERVER_TRAFFIC_SECRET_0 d148628ea37b3439d695aaf14ff890183ad0cefe9b4d3ffe69695385365d4a12 c9a87b69acee148c96460fae905f9f13409a02e6775f7377d807db839aaa6146
CLIENT_TRAFFIC_SECRET_0 d148628ea37b3439d695aaf14ff890183ad0cefe9b4d3ffe69695385365d4a12 4faae35ca560066bf0c50c809700a05376156d480c962aadd7f545488543f7d3
SERVER_HANDSHAKE_TRAFFIC_SECRET 54bdea018e74360b19ca290b74aebd9ef49ee6d26da7a9d9fd393bf478d7ee2c e820a81ad6631a24e0c82abae6c7af1b2fa7d089e12ce437cab70a36c6cd773c
CLIENT_HANDSHAKE_TRAFFIC_SECRET 54bdea018e74360b19ca290b74aebd9ef49ee6d26da7a9d9fd393bf478d7ee2c b5d5423fa27d08d3bf5135476d6137e78706d96c2e69d4040654bf1f15aad63a
SERVER_TRAFFIC_SECRET_0 54bdea018e74360b19ca290b74aebd9ef49ee6d26da7a9d9fd393bf478d7ee2c 3908008e1f302d9466b0a1ae26d45b29886f54689632d43c9066d8f51dab2dd7
CLIENT_TRAFFIC_SECRET_0 54bdea018e74360b19ca290b74aebd9ef49ee6d26da7a9d9fd393bf478d7ee2c f1b917489e87d931d8b12b95cf6479e5e88176903e83072f95f1a99703a0825b
SERVER_HANDSHAKE_TRAFFIC_SECRET f92d62bd7d018685959e9a64b8bbb2c2a970480d4058a9723e187513bf6665a4 ed49a76bf044f461e83a7cdebbbee194452dece15331128aaf5e141ccff31dcd
CLIENT_HANDSHAKE_TRAFFIC_SECRET f92d62bd7d018685959e9a64b8bbb2c2a970480d4058a9723e187513bf6665a4 ab88d30be2093b27fad952212f847c4a8457130dd26d555487e722453a8d7627
SERVER_TRAFFIC_SECRET_0 f92d62bd7d018685959e9a64b8bbb2c2a970480d4058a9723e187513bf6665a4 41246878fd4e2313f64835b9c28e13c7f4f5166172efd709243910b32db5eee3
CLIENT_TRAFFIC_SECRET_0 f92d62bd7d018685959e9a64b8bbb2c2a970480d4058a9723e187513bf6665a4 99b663137acdb44777bd319d7d79130e87eaab45f5d64a6b8272c36581eb4d6b
SERVER_HANDSHAKE_TRAFFIC_SECRET 6e8470bb8d81967841939273e90e754000feb3fbba6ccab146c0de8b9dbb3779 b7b2d4a3a1e8f79d251779cb103db2fa8e050b4658640c93e252fe9b305c7ff7
CLIENT_HANDSHAKE_TRAFFIC_SECRET 6e8470bb8d81967841939273e90e754000feb3fbba6ccab146c0de8b9dbb3779 507818e5c4401deb2bcd37a7ed3b9a25448ff27226b41bada3270622f7979407
SERVER_TRAFFIC_SECRET_0 6e8470bb8d81967841939273e90e754000feb3fbba6ccab146c0de8b9dbb3779 715ac18de1cdf16d01c5a594373a0e4b524e8bc99377ec8fd3157ff068a59442
CLIENT_TRAFFIC_SECRET_0 6e8470bb8d81967841939273e90e754000feb3fbba6ccab146c0de8b9dbb3779 791331423506ea456ccb0ea3e3dca6055bc9f94778fd9b911044536b62422817
SERVER_HANDSHAKE_TRAFFIC_SECRET 1992cac369e7160300ab3815572604cb18dab79451f62be9e27022fd07a96800 2325e7e18322c615be5d50abf7ea8e9a04c34f4cf1b080947a83518b0490945b
CLIENT_HANDSHAKE_TRAFFIC_SECRET 1992cac369e7160300ab3815572604cb18dab79451f62be9e27022fd07a96800 1f862631f7701f4bad893b85381cdf03f45e93bd34bad1aa8937e0fb448143b0
SERVER_TRAFFIC_SECRET_0 1992cac369e7160300ab3815572604cb18dab79451f62be9e27022fd07a96800 b206a379d5ed38e239357f0e9814fc6499063a52c2eba10b786c0aae9e773623
CLIENT_TRAFFIC_SECRET_0 1992cac369e7160300ab3815572604cb18dab79451f62be9e27022fd07a96800 5dc4576cda1fc4a7e013da2ab8f32abbe7c5c645f827fb62782740e750e307aa
SERVER_HANDSHAKE_TRAFFIC_SECRET 27a5dd26ceb8f62849f29059c17d15c503a589a8b044731fa9dd7e660077ff2e 6895db00513bf6a48b40ed6e39fa912eaa1704e21915879f376ee08cad79e064
CLIENT_HANDSHAKE_TRAFFIC_SECRET 27a5dd26ceb8f62849f29059c17d15c503a589a8b044731fa9dd7e660077ff2e 68ebffd9b19a1f6ddf27f803d98314ee2539e74f2f1326f69616aba538d34fbd
SERVER_TRAFFIC_SECRET_0 27a5dd26ceb8f62849f29059c17d15c503a589a8b044731fa9dd7e660077ff2e d7fd3370f3ac83671b7e7f81dc8d2d9c8414df0c7847224cd0c8a162b175a8fd
CLIENT_TRAFFIC_SECRET_0 27a5dd26ceb8f62849f29059c17d15c503a589a8b044731fa9dd7e660077ff2e 08940b8e99c5552bc27f47300eaa66886cd2ea07cf5f9f8591b465f7f32c53ea
SERVER_HANDSHAKE_TRAFFIC_SECRET de131c8e8131d25bcd5fb2841cd03f931aa81b9ebeabe5b41f46b817fe092247 20e388b7b565aada482937e6bde42b4368fdf6491ff5526b4f508669f8b73e59
CLIENT_HANDSHAKE_TRAFFIC_SECRET de131c8e8131d25bcd5fb2841cd03f931aa81b9ebeabe5b41f46b817fe092247 ea9e420f9dc77c4c02311bf739b83b4f34361324c9d12497cbdaf307124b8d31
SERVER_TRAFFIC_SECRET_0 de131c8e8131d25bcd5fb2841cd03f931aa81b9ebeabe5b41f46b817fe092247 c1bad9d31fdf5cc507c188b4eb548f7d712f7ba70c52096ad82427ab206ea967
CLIENT_TRAFFIC_SECRET_0 de131c8e8131d25bcd5fb2841cd03f931aa81b9ebeabe5b41f46b817fe092247 bebe9fe3029f31a235aaf3dff8c6f828ebac4ac4a23f965df1945fc3c13fc30f
SERVER_HANDSHAKE_TRAFFIC_SECRET 7df1d9c3b31f9f5861aca59bc70c8413a0389fd90d1641564ecc813e74183bd2 92df513fddaec766d926b5d30adcc357041a88e5c50222e5a9a58bf8a69c8954
CLIENT_HANDSHAKE_TRAFFIC_SECRET 7df1d9c3b31f9f5861aca59bc70c8413a0389fd90d1641564ecc813e74183bd2 8730ff27ac05323ee069416d8ab28fcb66316e46aa1c336f5ac4923d1bca75e6
SERVER_TRAFFIC_SECRET_0 7df1d9c3b31f9f5861aca59bc70c8413a0389fd90d1641564ecc813e74183bd2 59f1205cd7b0c5b6683aec3ebbb4de32119662a47a596038fafde60ec2d4d71d
CLIENT_TRAFFIC_SECRET_0 7df1d9c3b31f9f5861aca59bc70c8413a0389fd90d1641564ecc813e74183bd2 8e67560662e11f2620581273f78181f293a2d81fe0b024779b7c9749dcb40e97
SERVER_HANDSHAKE_TRAFFIC_SECRET de757cf43cbf81fe8a2cc820c91e83643007d96b5aca8073c7411a9943d7c18d cb9dc1b3bfcbd2e3bb553240704bf55267328e74809ae69086b3ed5c948f7d9a
CLIENT_HANDSHAKE_TRAFFIC_SECRET de757cf43cbf81fe8a2cc820c91e83643007d96b5aca8073c7411a9943d7c18d 8a50b6a06714086ce34cf9f748fd8806718b4bdddf3b6a4273f4f10178de3f07
SERVER_TRAFFIC_SECRET_0 de757cf43cbf81fe8a2cc820c91e83643007d96b5aca8073c7411a9943d7c18d a954f89cc759fdbab34838b645c1aac9ba73c57628a234b5ffb8690877c70ac3
CLIENT_TRAFFIC_SECRET_0 de757cf43cbf81fe8a2cc820c91e83643007d96b5aca8073c7411a9943d7c18d 8ff1d494f8051008de1a52fd7f1bf62be1ceb4ae054f217bde689dd8a6113d45
SERVER_HANDSHAKE_TRAFFIC_SECRET 7dcfdaae4962c989a88c98514221a56ae7907dd437f9f1718b2c98aa8fbc0c95 90ab42df74dfb7b3bce7afeb744c92c46dd7791a4ccb675205100fd90cfcd862
CLIENT_HANDSHAKE_TRAFFIC_SECRET 7dcfdaae4962c989a88c98514221a56ae7907dd437f9f1718b2c98aa8fbc0c95 593720837f36421ed875e783392e138f04c09df62f34223b9ee1f68c6eebaa7f
SERVER_TRAFFIC_SECRET_0 7dcfdaae4962c989a88c98514221a56ae7907dd437f9f1718b2c98aa8fbc0c95 beb3da02ade27df02f200dc5eb1dc272b8e9a757004a2691336e30c3dc9b30d7
CLIENT_TRAFFIC_SECRET_0 7dcfdaae4962c989a88c98514221a56ae7907dd437f9f1718b2c98aa8fbc0c95 07cc5c3309e706a054364c26311fee365625efc582f2dff69c6426001eadd0e4
SERVER_HANDSHAKE_TRAFFIC_SECRET a8a959986ce396cad83a1c8d4b2d9b114382de1fdb9102dd324ee5956d3db05b 7eb68ef34ae6679250da3faca466206ac2e0b45eff2cebf6aefa6228652f29dc
CLIENT_HANDSHAKE_TRAFFIC_SECRET a8a959986ce396cad83a1c8d4b2d9b114382de1fdb9102dd324ee5956d3db05b 5f212cc4afa335f6d670c140e92763b72d461a4f84086b23c4e35ba384b55838
SERVER_TRAFFIC_SECRET_0 a8a959986ce396cad83a1c8d4b2d9b114382de1fdb9102dd324ee5956d3db05b da6e5f33f56a7181bdd71977c6b8c33c56dbf99b30a705d027615e2522b391c5
CLIENT_TRAFFIC_SECRET_0 a8a959986ce396cad83a1c8d4b2d9b114382de1fdb9102dd324ee5956d3db05b 98d368613d4f3804c0f887ac30db3ce35f5e2cf0aa7d65640d1a50ac326167c0
SERVER_HANDSHAKE_TRAFFIC_SECRET 8bbf4bfdd564670a2695677f682c80158aebb8d713e74f99df1a50da33b8e4d6 44223d1285c60a021b9b9007eafafafd12db6e9eb74f2f333cb8a7c3825a0a2f
CLIENT_HANDSHAKE_TRAFFIC_SECRET 8bbf4bfdd564670a2695677f682c80158aebb8d713e74f99df1a50da33b8e4d6 74276241645829a4e7c24417b6bad9da8749b2dbc409dc1800b04025c7b33a68
SERVER_TRAFFIC_SECRET_0 8bbf4bfdd564670a2695677f682c80158aebb8d713e74f99df1a50da33b8e4d6 2e63ea82e2baa64a10d7241801f96780eba5a754660cd3c5c0d41547a0c88d75
CLIENT_TRAFFIC_SECRET_0 8bbf4bfdd564670a2695677f682c80158aebb8d713e74f99df1a50da33b8e4d6 1e4a39ec7dda503c62c2b1e6922f849ddb3967be312009f769a77a7977f15e38
SERVER_HANDSHAKE_TRAFFIC_SECRET f1f8b013ec429ecf9a06ce7ab074b2e1fdbff509961a321d55804ba9af5430b6 e6d43e87ccb26e2260616eaaaf316b556b9d296b1a4bd8862047e0bb97a54919
CLIENT_HANDSHAKE_TRAFFIC_SECRET f1f8b013ec429ecf9a06ce7ab074b2e1fdbff509961a321d55804ba9af5430b6 fb2866ded551df1dd619970c31e67490f266e02ba84e9f8c9609fdb8f395c586
SERVER_TRAFFIC_SECRET_0 f1f8b013ec429ecf9a06ce7ab074b2e1fdbff509961a321d55804ba9af5430b6 c436c0cb43b387a793e34be438d44b94462508e55a3add06d522992e3fc448c0
CLIENT_TRAFFIC_SECRET_0 f1f8b013ec429ecf9a06ce7ab074b2e1fdbff509961a321d55804ba9af5430b6 853ac298d8dc2d645f540ebce2c07c3b6729ae1bf447fffb4e815812adca550a
SERVER_HANDSHAKE_TRAFFIC_SECRET 3c6bdd557b5d657ffe357336fee4f8bbfd62167876e4c0f7b36b773d866e3f34 5ddec0d3970a7d2ce9bd59cb158837b6ee9696c1a73fea7416d9b3ba26850dfb
CLIENT_HANDSHAKE_TRAFFIC_SECRET 3c6bdd557b5d657ffe357336fee4f8bbfd62167876e4c0f7b36b773d866e3f34 881cec4c7e38d3230aaad663996e76dd3f8818b99c64e15b8bee21ab79f940d9
SERVER_TRAFFIC_SECRET_0 3c6bdd557b5d657ffe357336fee4f8bbfd62167876e4c0f7b36b773d866e3f34 4db098959073f697d475db2dc76a5fb53229be0402f7f0e9e0579186266c7613
CLIENT_TRAFFIC_SECRET_0 3c6bdd557b5d657ffe357336fee4f8bbfd62167876e4c0f7b36b773d866e3f34 2c05ffaec25511a6de9a43dd0935402d0902d7731da617e2f86851f903774bdf
SERVER_HANDSHAKE_TRAFFIC_SECRET 1c14c0f18c70fab1029315f3d6992c47d644d84bb02e721ee489846fe623e35f 517016c2596e9d84c9114f6d0167bcda580fa861292add4bce9ed8dc01ab75f9
CLIENT_HANDSHAKE_TRAFFIC_SECRET 1c14c0f18c70fab1029315f3d6992c47d644d84bb02e721ee489846fe623e35f af9a0ae862f8d9570e40c580ffdd5bf8dcb0b569e043291401b9a890216891c4
SERVER_TRAFFIC_SECRET_0 1c14c0f18c70fab1029315f3d6992c47d644d84bb02e721ee489846fe623e35f bbce1e08137a5de5f83b3146929a57cdc171c5c3818e39b641b3dbcdca054a41
CLIENT_TRAFFIC_SECRET_0 1c14c0f18c70fab1029315f3d6992c47d644d84bb02e721ee489846fe623e35f 328fb5fa046da970480ed6a9e1f2dab9cc72031044ca86eff9d3fae0cdbcdf8d
SERVER_HANDSHAKE_TRAFFIC_SECRET 943b14a4ff1c574a3f96b3419f294fb7cf38b850c7e0c7513bae4916a265bd96 00802d2b9e73f80b30dc1e06533c6816f410e4cea452fc0a69fefd4ddf161874
CLIENT_HANDSHAKE_TRAFFIC_SECRET 943b14a4ff1c574a3f96b3419f294fb7cf38b850c7e0c7513bae4916a265bd96 09ef5d01803dd528bf21bf10a7af2dcda6ca8ce039a980fae64befd1133924f3
SERVER_TRAFFIC_SECRET_0 943b14a4ff1c574a3f96b3419f294fb7cf38b850c7e0c7513bae4916a265bd96 20f61ebc7dca17e0cd3f58c1b87a56910e8ac85429f8bb5791c52877c30a9be5
CLIENT_TRAFFIC_SECRET_0 943b14a4ff1c574a3f96b3419f294fb7cf38b850c7e0c7513bae4916a265bd96 a62298469f461f8cf686e852e81c0ef9fc399287b98c50ace4de759f68e4f0a1
SERVER_HANDSHAKE_TRAFFIC_SECRET 682278649fc0b226e6ea00a5abf7869a18bea8537b1781c0b49639e3d68eebbd 6094b3106a7a48c715dd44ca09b0b2500ff42509fc05bcd6a29a83d4cf6d6ece
CLIENT_HANDSHAKE_TRAFFIC_SECRET 682278649fc0b226e6ea00a5abf7869a18bea8537b1781c0b49639e3d68eebbd 7ea41cee9fc998f0b537fe62e9fa99a33e7128a0b2268052dba67f0448740413
SERVER_TRAFFIC_SECRET_0 682278649fc0b226e6ea00a5abf7869a18bea8537b1781c0b49639e3d68eebbd 89d65d215eaa3a0e74bb2648e78ff36165239bbeb4b184507ab1f015ed7fea74
CLIENT_TRAFFIC_SECRET_0 682278649fc0b226e6ea00a5abf7869a18bea8537b1781c0b49639e3d68eebbd 5b1449d389821d97dd381b4dd8c84df677b711324beca7eab0fcbccf51c5c2cc
SERVER_HANDSHAKE_TRAFFIC_SECRET 8cff093be2c5b0213ee6126420e4bd78b90faa33e79b48613b6d30b69db85126 460cbfa6aebe1f58110d2e2c90cd744cfe75403264802724d82528caeec5d498
CLIENT_HANDSHAKE_TRAFFIC_SECRET 8cff093be2c5b0213ee6126420e4bd78b90faa33e79b48613b6d30b69db85126 99639d8b2541a4e780509c18f4795362928f296d84f6d41e966f75ebc437fd72
SERVER_TRAFFIC_SECRET_0 8cff093be2c5b0213ee6126420e4bd78b90faa33e79b48613b6d30b69db85126 67cb947a2fb7c21ef2ade39114d6ee314fff653c015523002c8f44c9f0a112e1
CLIENT_TRAFFIC_SECRET_0 8cff093be2c5b0213ee6126420e4bd78b90faa33e79b48613b6d30b69db85126 0bf19500fe55540198d2b593bfca405ffdaec3ccb368f55c369e54975af07e45
SERVER_HANDSHAKE_TRAFFIC_SECRET 47ca8d5ff92238358d5d229739a04c8713d54bf2ad1b05b4ee8f3b46fc4b95b9 75c086db84d9f5aa1aabf921ce93e55e41602ffe35d7de926a36a5dd73f8128c
CLIENT_HANDSHAKE_TRAFFIC_SECRET 47ca8d5ff92238358d5d229739a04c8713d54bf2ad1b05b4ee8f3b46fc4b95b9 094a9b80839d9cf7e95b0ec24f18fc0a2285c12d32d7dc503091c8791608c5fb
SERVER_TRAFFIC_SECRET_0 47ca8d5ff92238358d5d229739a04c8713d54bf2ad1b05b4ee8f3b46fc4b95b9 03f9a5bb48a6edb86b0326204e4b1a629a055f078466fdae71ad4eaf70d8bfc0
CLIENT_TRAFFIC_SECRET_0 47ca8d5ff92238358d5d229739a04c8713d54bf2ad1b05b4ee8f3b46fc4b95b9 c1a05d03bc1b14c4337dffae2029bafcf4fde3304afb0018201f76862201d96c
SERVER_HANDSHAKE_TRAFFIC_SECRET 19f79b7e6d9323c1cd618f5fc19a43782a6016c3f4192a8af84786e027aa7177 e482b56fe00ddaa8442d15573a325886c14bf821c10ba2e9deee09e789ab2945
CLIENT_HANDSHAKE_TRAFFIC_SECRET 19f79b7e6d9323c1cd618f5fc19a43782a6016c3f4192a8af84786e027aa7177 90c83629311c08e6103a7d83f270afbf2b8420a4bc1e3885c1c8bd458cc44c99
SERVER_TRAFFIC_SECRET_0 19f79b7e6d9323c1cd618f5fc19a43782a6016c3f4192a8af84786e027aa7177 541bd3745112345d9c1de8a00ba1602163bf9f1ab707a0bccc4742b04d2476dc
CLIENT_TRAFFIC_SECRET_0 19f79b7e6d9323c1cd618f5fc19a43782a6016c3f4192a8af84786e027aa7177 15e50e74e6e1323b06c89b31336fb56db2db24b817c983a48fce35453eb3d069
SERVER_HANDSHAKE_TRAFFIC_SECRET 2fa103e8a81d43acf361bfb0ee984445b59ceafdd72cc67db350350ce693d403 0a49b2829ff55924b6a041beff6414db7c5baab9e6d830404ec75813b2ce6ff1
CLIENT_HANDSHAKE_TRAFFIC_SECRET 2fa103e8a81d43acf361bfb0ee984445b59ceafdd72cc67db350350ce693d403 8f996ba33e5ca25f4031e26073879509d44acba1f4cde2b250d5404f7c39fbc5
SERVER_TRAFFIC_SECRET_0 2fa103e8a81d43acf361bfb0ee984445b59ceafdd72cc67db350350ce693d403 7d2ee7ca3a56c1e36af1ac3bf0d9856d956b9821abe82fdc943783e3cfba0494
CLIENT_TRAFFIC_SECRET_0 2fa103e8a81d43acf361bfb0ee984445b59ceafdd72cc67db350350ce693d403 f14bf34e7216c3934a4f1e0d0ea447037f0a274aff52ce7d099d475d9042d6f6
SERVER_HANDSHAKE_TRAFFIC_SECRET 3fa70a9f28fecf595b3e0804cc245cc9b4f88be96b0e72f62da0df3d5b0577d2 cc3b3b449044582c14f1579763c91e686b69529f44a3f59ead5ee4cb2e1151af
CLIENT_HANDSHAKE_TRAFFIC_SECRET 3fa70a9f28fecf595b3e0804cc245cc9b4f88be96b0e72f62da0df3d5b0577d2 09a337bc76534b68878bb5eade4e102b72c61f9ab7fb33bdd875067e85dbadbc
SERVER_TRAFFIC_SECRET_0 3fa70a9f28fecf595b3e0804cc245cc9b4f88be96b0e72f62da0df3d5b0577d2 06905492cc9629e55a4ce7a5e3cf9ca6e6b7080075446ba98365a2ce50fc4b64
CLIENT_TRAFFIC_SECRET_0 3fa70a9f28fecf595b3e0804cc245cc9b4f88be96b0e72f62da0df3d5b0577d2 2e1afbc5bfd4b5a4ebeb50a951f210002f939aa06bc9b5acfd41c144bc7632b3
SERVER_HANDSHAKE_TRAFFIC_SECRET 2a504472b894cff93c49b989a204443d33a49a223ff141da03d2bb9009ad53f7 b3eb4bbe2783a3ae3b274ad6628f61026a63f926a76e38b2141da69b0f105401
CLIENT_HANDSHAKE_TRAFFIC_SECRET 2a504472b894cff93c49b989a204443d33a49a223ff141da03d2bb9009ad53f7 22e43d33cf00752337e25eb1b4517e8f3c0a3d29805ecf516a543cff82c5f91b
SERVER_TRAFFIC_SECRET_0 2a504472b894cff93c49b989a204443d33a49a223ff141da03d2bb9009ad53f7 16ff4af4e15e9d0ef01d2e4a55ef7054e9c419bb469cc386722930a951c17108
CLIENT_TRAFFIC_SECRET_0 2a504472b894cff93c49b989a204443d33a49a223ff141da03d2bb9009ad53f7 cca93132ee5e8f1941b90bc1da01f27831353533174778624d1fb5dced9b33e7
SERVER_HANDSHAKE_TRAFFIC_SECRET c12e8df2a124643a8767a5273bcbef71e4fbeadbe4f9f6c0a2efbbf89241c96c d63ec77cbd0f5daa3360dac3c916cdb0ec2401e7c0bf73cb864ac943581b9043
CLIENT_HANDSHAKE_TRAFFIC_SECRET c12e8df2a124643a8767a5273bcbef71e4fbeadbe4f9f6c0a2efbbf89241c96c 34eff37a95ff64f27aaedae219983f7b13ffd979746d7a2be2c723332ecfbd21
SERVER_TRAFFIC_SECRET_0 c12e8df2a124643a8767a5273bcbef71e4fbeadbe4f9f6c0a2efbbf89241c96c 8e17d1a4d324da599376604bcb6067b89015ab0e2b55dd2ae8d8bea2f99a0c84
CLIENT_TRAFFIC_SECRET_0 c12e8df2a124643a8767a5273bcbef71e4fbeadbe4f9f6c0a2efbbf89241c96c 45a6ae87e81a428447b1c4d6497a9f45cc6fb4e1b1062f8f15e6c735df9d1ead
SERVER_HANDSHAKE_TRAFFIC_SECRET d7eb6d863b600889d123edffefa3d6a73a5a3b5840aa03c30695b854e5dc66e4 e5c22c3c471f5b58e6a67a852cbb67cc5b0db686336cc06ab91261bfa11b0291
CLIENT_HANDSHAKE_TRAFFIC_SECRET d7eb6d863b600889d123edffefa3d6a73a5a3b5840aa03c30695b854e5dc66e4 e9ed7a0a1369f993015c2f6102216cb09c4a16529319201c84bfe62a4c038cdf
SERVER_TRAFFIC_SECRET_0 d7eb6d863b600889d123edffefa3d6a73a5a3b5840aa03c30695b854e5dc66e4 87833bc27fd8c326f966efbe36d7b7c5fd30ac53543d28d660d75f0e7e283a40
CLIENT_TRAFFIC_SECRET_0 d7eb6d863b600889d123edffefa3d6a73a5a3b5840aa03c30695b854e5dc66e4 62e6d7d266ce8b7938b9fdf9a45ba187000788bb5151430dd32f8693dd2f518a
SERVER_HANDSHAKE_TRAFFIC_SECRET 1c5b310e45c2f233a5dad38b5d11b176ab8ce222063e130881c451a991b5d45c 272b8b2f876d42e37215de4f4d5c9c26fa9cae7ab3db898f6d2b305debc8843a
CLIENT_HANDSHAKE_TRAFFIC_SECRET 1c5b310e45c2f233a5dad38b5d11b176ab8ce222063e130881c451a991b5d45c 4dcbdb80125a7f464c9f63876284a7a73bdfcd9b25853624c45d6b375ec9981d
SERVER_TRAFFIC_SECRET_0 1c5b310e45c2f233a5dad38b5d11b176ab8ce222063e130881c451a991b5d45c ac3982865f4d6a3c746d33f2efb4364fed59385d628a46795d1257a272922b1d
CLIENT_TRAFFIC_SECRET_0 1c5b310e45c2f233a5dad38b5d11b176ab8ce222063e130881c451a991b5d45c 5d0d3d4b2ab60ac639804b3a771a159d81650c8524d286c94e71fd5d70c73db7
SERVER_HANDSHAKE_TRAFFIC_SECRET 3b0473157e24f47831ee0a24b01a622e3a021b6bfb39886e8a9b69f04db5315b affb30235ddee89a37d260bf263102b88937e2107756a41a3f10704a8e15a377
CLIENT_HANDSHAKE_TRAFFIC_SECRET 3b0473157e24f47831ee0a24b01a622e3a021b6bfb39886e8a9b69f04db5315b 7ba526b2db2728bf8fbc1b8a2d3d72142069bc3c4f4f931c3a8ba1e1b717cb1e
SERVER_TRAFFIC_SECRET_0 3b0473157e24f47831ee0a24b01a622e3a021b6bfb39886e8a9b69f04db5315b af20aa0fece30fccf0bbefadeeb478266cb63807c78958443ddcb6d3b3840bf1
CLIENT_TRAFFIC_SECRET_0 3b0473157e24f47831ee0a24b01a622e3a021b6bfb39886e8a9b69f04db5315b 10d0b2f6d6fe01ad07448509094719898c0c5ee9f65bd84e40188ded703c68d8
SERVER_HANDSHAKE_TRAFFIC_SECRET adf9347fffa0b21cbf23b3d9094a5feb2a48a9a77565b467e553bbdd033a8151 3a9507b96be42633a9cd28802e8ab381059ee2c105b9abdf9a1c7f2146c14504
CLIENT_HANDSHAKE_TRAFFIC_SECRET adf9347fffa0b21cbf23b3d9094a5feb2a48a9a77565b467e553bbdd033a8151 34773b919d144f2d45e1af2abd559a4677efe868c1c267ed870c89246d6f88fa
SERVER_TRAFFIC_SECRET_0 adf9347fffa0b21cbf23b3d9094a5feb2a48a9a77565b467e553bbdd033a8151 50d384de93748f3526364886800decd4baa4bc5458480932a68d910420e568f7
CLIENT_TRAFFIC_SECRET_0 adf9347fffa0b21cbf23b3d9094a5feb2a48a9a77565b467e553bbdd033a8151 98ebf30e89e7609e77b0a4493c8b2acdf0e7e96bff5f0916ceaa9be1b6c95de6
SERVER_HANDSHAKE_TRAFFIC_SECRET 399c2f1445f91c03a68610c4b2d52ec472e4fdb61a0d45071bca15eb65aea909 36308bf7bbda4ed6061fe3e7dd03d58b28bcb34cf5550c824ddff1f3e0d6bbb4
CLIENT_HANDSHAKE_TRAFFIC_SECRET 399c2f1445f91c03a68610c4b2d52ec472e4fdb61a0d45071bca15eb65aea909 b8febed7cb58edfd4f9af9651df67efede99d888f46ec6a3f87290d87c7247e6
SERVER_TRAFFIC_SECRET_0 399c2f1445f91c03a68610c4b2d52ec472e4fdb61a0d45071bca15eb65aea909 8c29c7c8fb560b302b692481af8edbb4df99c95888991e8aeb032a0fc773cc31
CLIENT_TRAFFIC_SECRET_0 399c2f1445f91c03a68610c4b2d52ec472e4fdb61a0d45071bca15eb65aea909 e7c5dd534595f28ef45faef8e53b560068ff74b75305a9a7b417783ab7e0d021
SERVER_HANDSHAKE_TRAFFIC_SECRET ea43a9379c40431aa503a63309b4ecde6d9f439647188255b3dffca0a5947ca6 260553cacf8324b11d6cea94edacbb4a2b609b4a9e005505e97752709f4a42eb
CLIENT_HANDSHAKE_TRAFFIC_SECRET ea43a9379c40431aa503a63309b4ecde6d9f439647188255b3dffca0a5947ca6 10808da1116a9440640e797723322a0508fb709a5d099c33610d49c9bce47f1e
SERVER_TRAFFIC_SECRET_0 ea43a9379c40431aa503a63309b4ecde6d9f439647188255b3dffca0a5947ca6 65f12f15e0858a0dd0e1428ca717b5e34118f6a41b49426e230017ee4df09e06
CLIENT_TRAFFIC_SECRET_0 ea43a9379c40431aa503a63309b4ecde6d9f439647188255b3dffca0a5947ca6 31acf9083a06c93a943fe2e1579448b2aa8d4d2d6d38a8510530e24e3ceec3b8
SERVER_HANDSHAKE_TRAFFIC_SECRET a11ea8a900c681a09baec5ee9737b89094ae15fb6e2738af2b558273e979b5da 3f552689701a67a9b656bd41e246360fb3cee7c74b9b78d0980c78f1b6a66fdb
CLIENT_HANDSHAKE_TRAFFIC_SECRET a11ea8a900c681a09baec5ee9737b89094ae15fb6e2738af2b558273e979b5da 5f4cdcea1458ab3b962cd07024aaa522f1e6c04ea222d4e0cb725a20842ed59f
SERVER_TRAFFIC_SECRET_0 a11ea8a900c681a09baec5ee9737b89094ae15fb6e2738af2b558273e979b5da b455b45b446cdb3f5fd4ece71f99f9779716b9457be3381d451af583f4da140c
CLIENT_TRAFFIC_SECRET_0 a11ea8a900c681a09baec5ee9737b89094ae15fb6e2738af2b558273e979b5da 5d179ea1706bf7f477e686efba17cb55f0e6504d4e1c869da57e2209ea787b46
SERVER_HANDSHAKE_TRAFFIC_SECRET cbde0f8a932d219f68bd0d051b61655b9a3573494bbf0dbd3efa7cbd3598268a e59a8ee182ba88e546d0054076f5e0d8806adcd9ea78f94ec44c8327b08f0395
CLIENT_HANDSHAKE_TRAFFIC_SECRET cbde0f8a932d219f68bd0d051b61655b9a3573494bbf0dbd3efa7cbd3598268a e1e1baf65b52d1dfaf5d209f3c56c3086b7ed2bba8051be1d47e613fee73f18e
SERVER_TRAFFIC_SECRET_0 cbde0f8a932d219f68bd0d051b61655b9a3573494bbf0dbd3efa7cbd3598268a 7745ad46498fa16cc0c1b80547ca3684ae4ffb2fc7fc40b1d675842fa60bd8cc
CLIENT_TRAFFIC_SECRET_0 cbde0f8a932d219f68bd0d051b61655b9a3573494bbf0dbd3efa7cbd3598268a d2beb3c20d2e6c9a07bfcc8e4bc5b7bcf7832d714e1b47ed4b6a52641de15976
SERVER_HANDSHAKE_TRAFFIC_SECRET 06c0f4377a6dac0ef02de317d015db22cdb9140813921476a068f70a4a0a1607 aecc39c19f8164d35547df0e942bd276be8b5cf1a30e3b2358c4d14e1764fcc8
CLIENT_HANDSHAKE_TRAFFIC_SECRET 06c0f4377a6dac0ef02de317d015db22cdb9140813921476a068f70a4a0a1607 3d23ce9604b7851319b78712c5f0f884398c640759fec9151c8b5db229d0a180
SERVER_TRAFFIC_SECRET_0 06c0f4377a6dac0ef02de317d015db22cdb9140813921476a068f70a4a0a1607 722269aca175971a25d84d028d721c1a092ad72f019f9aad3df6b539de056a31
CLIENT_TRAFFIC_SECRET_0 06c0f4377a6dac0ef02de317d015db22cdb9140813921476a068f70a4a0a1607 7a6fb733353b3dc7541a2bd4d2e497e1c62fbfd36a100dc4967ca3660d81583a
SERVER_HANDSHAKE_TRAFFIC_SECRET 9bbee3ed866db3db4d77df39eec159cda6188d96136dbbcc39b4350dc389f65e 3504fea96beffc30b12dbe5c044df6c704841a172c3f9cc7a25b8de6d5c0ddb0
CLIENT_HANDSHAKE_TRAFFIC_SECRET 9bbee3ed866db3db4d77df39eec159cda6188d96136dbbcc39b4350dc389f65e b8faa8ffcf1985362f8fd1940539015ee4b91f7ac16a5bf4260fff4486ece40d
SERVER_TRAFFIC_SECRET_0 9bbee3ed866db3db4d77df39eec159cda6188d96136dbbcc39b4350dc389f65e 14e9fd3b8c4014b86c57e74361b4e37163878ad5e8737db904d0cbe63a00af1f
CLIENT_TRAFFIC_SECRET_0 9bbee3ed866db3db4d77df39eec159cda6188d96136dbbcc39b4350dc389f65e 871b9bd397988851bdb9d86bf5391619e0602c0a05719f0ce397a5e9f5c7a3fa
SERVER_HANDSHAKE_TRAFFIC_SECRET 304d6b22728a2b5a7114a5ff467287cc823dca7882314de294128ce877bc029f 524725d7a3d70f59f9879114177ee002d5d105f978da9e3e344f5aac1f664d1b
CLIENT_HANDSHAKE_TRAFFIC_SECRET 304d6b22728a2b5a7114a5ff467287cc823dca7882314de294128ce877bc029f dae83a52b91cd8f2c867981c1fc42a317bbf882d8ad88f07250b388bf7ebc15d
SERVER_TRAFFIC_SECRET_0 304d6b22728a2b5a7114a5ff467287cc823dca7882314de294128ce877bc029f 09f15cf733417b0ca63832742859c4a25e9aa2b57ee498f96e4dfff3972feb83
CLIENT_TRAFFIC_SECRET_0 304d6b22728a2b5a7114a5ff467287cc823dca7882314de294128ce877bc029f 0d294d300bc19c61056000b8d11d3a4cf9a4f9a5a3a289be5987e7eccc948820
SERVER_HANDSHAKE_TRAFFIC_SECRET 514e3e9b691a67fc55d7d7f69ae4e282538abfd906ad161bc4710853c99ecfb0 e9e51c33a108b3820f7b8fc0d6e5828bd5a9530dd835ea78143c9907b9436dc6
CLIENT_HANDSHAKE_TRAFFIC_SECRET 514e3e9b691a67fc55d7d7f69ae4e282538abfd906ad161bc4710853c99ecfb0 23ecaf0e73b71e3d4c9ca5d394e3af34a192b72a1d7dcd37aafe2cbbc10b7a32
SERVER_TRAFFIC_SECRET_0 514e3e9b691a67fc55d7d7f69ae4e282538abfd906ad161bc4710853c99ecfb0 ba6881ae3d2be24584d7c5be6a8b7cc374ef6a055ba71e401b79f1aa80a12bfb
CLIENT_TRAFFIC_SECRET_0 514e3e9b691a67fc55d7d7f69ae4e282538abfd906ad161bc4710853c99ecfb0 ab0ba95539af5ace666d3f71fd415970b3f3858c39a8bd5d0dd2716ce7d639b7
SERVER_HANDSHAKE_TRAFFIC_SECRET 2bede026fb91efa8cbe0402184d614f33144347667369651857d37b64d0f7fe0 54f60420c34ecd1e532a33a5721279647c64abb6647ce177347d8239947abed9
CLIENT_HANDSHAKE_TRAFFIC_SECRET 2bede026fb91efa8cbe0402184d614f33144347667369651857d37b64d0f7fe0 2af78f2dd4fd039adcecaf06680c9f51638b5d01e95582bae01066e64250ea4d
SERVER_TRAFFIC_SECRET_0 2bede026fb91efa8cbe0402184d614f33144347667369651857d37b64d0f7fe0 6280378710ea149a28fd52a8ae3b8f6828a724afd5db113bd862a0cb24bb740f
CLIENT_TRAFFIC_SECRET_0 2bede026fb91efa8cbe0402184d614f33144347667369651857d37b64d0f7fe0 b052d8ee10c5bea2edd42b6cc43db4341948c346e40e8fb043672f28ceeab536
SERVER_HANDSHAKE_TRAFFIC_SECRET 541f8eca34dc0f7d8c0003c535500cef44fc7047d9cc2499ac32c5c38ba6b12b 2312aa7620989039718c502b4e117bb92123e44045e9ffac53742c0cac1443ba
CLIENT_HANDSHAKE_TRAFFIC_SECRET 541f8eca34dc0f7d8c0003c535500cef44fc7047d9cc2499ac32c5c38ba6b12b 04c95932b9dfff31f9a0f9739332a54b423c6c47e7e79f6ed8fb9c99d6fed228
SERVER_TRAFFIC_SECRET_0 541f8eca34dc0f7d8c0003c535500cef44fc7047d9cc2499ac32c5c38ba6b12b 70876f328a0eef2a99d06e4e173f02e789ae892b23bfa944a6cffe6d592f65fb
CLIENT_TRAFFIC_SECRET_0 541f8eca34dc0f7d8c0003c535500cef44fc7047d9cc2499ac32c5c38ba6b12b 7e2e161ab4730c8999188e86e1927d1353763d2a62f4c6eec802054a738ea610
SERVER_HANDSHAKE_TRAFFIC_SECRET c770261dc03635d2aa13e3cca62baa4c4dd9931fba06d0418fa9359b644c5647 75ddec97e80f5f2d539c0c13bdef67f26acf3c608a6762937d646e581ba8e668
CLIENT_HANDSHAKE_TRAFFIC_SECRET c770261dc03635d2aa13e3cca62baa4c4dd9931fba06d0418fa9359b644c5647 dbc6ad255513bfd69e4cf90c66a7e032a8435c6737802722446a95cdd2833b1d
SERVER_TRAFFIC_SECRET_0 c770261dc03635d2aa13e3cca62baa4c4dd9931fba06d0418fa9359b644c5647 20a8212ed443546473ba9ddf9ec45a8f6a8e961084c5c10158f84f28d6406d0c
CLIENT_TRAFFIC_SECRET_0 c770261dc03635d2aa13e3cca62baa4c4dd9931fba06d0418fa9359b644c5647 a6739f57ec97c25a032a497f7ed3fe5d3b8297ec4e5b7974ac467dae916ed4c1
SERVER_HANDSHAKE_TRAFFIC_SECRET 355c974cd4a4c76efe40cd96e01da93c771f8e13cf068e1fb79953e4f913feef e2aadc80350647006284681c196582e269fc62b3ed632f77393271259d768080
CLIENT_HANDSHAKE_TRAFFIC_SECRET 355c974cd4a4c76efe40cd96e01da93c771f8e13cf068e1fb79953e4f913feef 173e455f6c69d8f34fa010f675087b1113faf14d8edebe0474ac7d81d48e93fb
SERVER_TRAFFIC_SECRET_0 355c974cd4a4c76efe40cd96e01da93c771f8e13cf068e1fb79953e4f913feef 521677e51c3b59fed246e76bef385425dbc1f18da8d2dcbd085f56d21c31fd3e
CLIENT_TRAFFIC_SECRET_0 355c974cd4a4c76efe40cd96e01da93c771f8e13cf068e1fb79953e4f913feef acf2ccd901ca07d8223069d93b47aaea813e365ba9e1d0cd8fc309d4e9ad91ce
SERVER_HANDSHAKE_TRAFFIC_SECRET cb32900ed0f7c63e094f4c624222c6885a6262b9178063154101d9a4d709ff17 e55c856ce3f78553dff1372c6b0c706fdd1670536a3f8ed959afb2695f03747e
CLIENT_HANDSHAKE_TRAFFIC_SECRET cb32900ed0f7c63e094f4c624222c6885a6262b9178063154101d9a4d709ff17 a33cd5cb523d61965c89ad7ff99ab370d3f8fc96ca7609d5a65991a5291e3cf6
SERVER_TRAFFIC_SECRET_0 cb32900ed0f7c63e094f4c624222c6885a6262b9178063154101d9a4d709ff17 a3931087415d9e0d68d5be549278c3f824fa2c81839a46bea3f5db94288c57db
CLIENT_TRAFFIC_SECRET_0 cb32900ed0f7c63e094f4c624222c6885a6262b9178063154101d9a4d709ff17 d45054122d3ef3d51d75ebdb06f131eb00d2a45ce44fcb7cc32abdd413c75a7f
SERVER_HANDSHAKE_TRAFFIC_SECRET 915f41c983b8e8d9b10dec128e77c206a62f59de6f36d539e2d4118350a02136 d04de565f0136053a259bace34c2d37adcbd4e62540658e902f7e8ef3cd0fc1b
CLIENT_HANDSHAKE_TRAFFIC_SECRET 915f41c983b8e8d9b10dec128e77c206a62f59de6f36d539e2d4118350a02136 91d8f5b409e522bc381ec3493878ee3b80d9891f95754a6b32cef0d5b1c4758b
SERVER_TRAFFIC_SECRET_0 915f41c983b8e8d9b10dec128e77c206a62f59de6f36d539e2d4118350a02136 9808aa2a7b309fb0feee747e247e7f008f79e2564be58836dc53aa5fd4fc59f0
CLIENT_TRAFFIC_SECRET_0 915f41c983b8e8d9b10dec128e77c206a62f59de6f36d539e2d4118350a02136 9a217b5d222b6b3907f05ff3dc7838a0a2eed733bf4ab22343901d64c0a0748c
SERVER_HANDSHAKE_TRAFFIC_SECRET e03dd3669500d49c6eded7647ec975d87b584738339582c61ae296ceadc7565d bece366e1b97587a17c4d6613d5104b50d3423e758d2c2e927faf5354bb69421
CLIENT_HANDSHAKE_TRAFFIC_SECRET e03dd3669500d49c6eded7647ec975d87b584738339582c61ae296ceadc7565d 38437a5307b9e5d5a035cd9ad17f788d81af6d5dc6d6d3c819b5399d3dad77c6
SERVER_TRAFFIC_SECRET_0 e03dd3669500d49c6eded7647ec975d87b584738339582c61ae296ceadc7565d 346eedad661019b19218c0d56cbacaf3ae8c1facfb3e07c0e0873ceb6efb2451
CLIENT_TRAFFIC_SECRET_0 e03dd3669500d49c6eded7647ec975d87b584738339582c61ae296ceadc7565d 20f5f7601137dbf5a57df4463bc9eff99c282681f804155cf92aec04e7b229a2
SERVER_HANDSHAKE_TRAFFIC_SECRET c0350681088515e21be4507ffd6402dc0a3c6db61ddb4c6b1f79f610efbc8112 fae6ad8820f733b33ebd1b808c96e04d3127f20b06d0360747ed17e9a29161e5
CLIENT_HANDSHAKE_TRAFFIC_SECRET c0350681088515e21be4507ffd6402dc0a3c6db61ddb4c6b1f79f610efbc8112 d2ddbfa7ae0d4c8620c5da33d154494601eab7f4fe6acfac52c28c4edc790a81
SERVER_TRAFFIC_SECRET_0 c0350681088515e21be4507ffd6402dc0a3c6db61ddb4c6b1f79f610efbc8112 2e6b2e5ffe20daa1c845974ec3c2913f64ca4e580a4fb9a75646fc726dcca8ac
CLIENT_TRAFFIC_SECRET_0 c0350681088515e21be4507ffd6402dc0a3c6db61ddb4c6b1f79f610efbc8112 7935a620c123462493fd5810847901bdfb5985fb785cc209995104f431027ac4
SERVER_HANDSHAKE_TRAFFIC_SECRET 88592b1eb3f6901d712542375e0b03d998c5c647e6a5972ccbc9afff615e8d59 353946972ad8dd9f1619e23ae165bfbeda9edf8b9b542f9abf2b1096661e02fe
CLIENT_HANDSHAKE_TRAFFIC_SECRET 88592b1eb3f6901d712542375e0b03d998c5c647e6a5972ccbc9afff615e8d59 b80da20f0d1e607ea22e52ba279a5e53b729b89ec8d8b34dba737be7f2f11149
SERVER_TRAFFIC_SECRET_0 88592b1eb3f6901d712542375e0b03d998c5c647e6a5972ccbc9afff615e8d59 d89b0e451a830383fbe986c7c19e35e1cdb292d0d3864a4d880eeac7ad37b43f
CLIENT_TRAFFIC_SECRET_0 88592b1eb3f6901d712542375e0b03d998c5c647e6a5972ccbc9afff615e8d59 39d43184b6c7e439706a7f475d3e62339a7fea9fd935d520eba5643e98f0fbe3
SERVER_HANDSHAKE_TRAFFIC_SECRET 97c85468bb81225af26e599292678f1ed7b9eb01382d1cd6dc139ee3ab102ef3 29a81de55019313cceaf3d19910971e73638effb2f44fbfb6d1c55c8fa42c83e
CLIENT_HANDSHAKE_TRAFFIC_SECRET 97c85468bb81225af26e599292678f1ed7b9eb01382d1cd6dc139ee3ab102ef3 99201bac227c49a8ba9b305a669646c81b106a3e0ece7bd9c3a957f7984e5025
SERVER_TRAFFIC_SECRET_0 97c85468bb81225af26e599292678f1ed7b9eb01382d1cd6dc139ee3ab102ef3 1eca10e7f0889f470a8fed55e5e7accb42f3a974479e83b23a0b6cfd01f35a08
CLIENT_TRAFFIC_SECRET_0 97c85468bb81225af26e599292678f1ed7b9eb01382d1cd6dc139ee3ab102ef3 403483b12f018440d8173090ca81909b147cfd825c489e3e49b366c5ef44b285
SERVER_HANDSHAKE_TRAFFIC_SECRET dd191a68cba7e15b3cd3163e3f5153c06c858f69d0043007c39470b29e2f175c 867af931528e8627be0b0920b7cd51d149818a23421405b615841ec525af6639
CLIENT_HANDSHAKE_TRAFFIC_SECRET dd191a68cba7e15b3cd3163e3f5153c06c858f69d0043007c39470b29e2f175c 9de5406d206c90b38e3a132f156ddf9dda6400479d625a046b89a0d852576e6a
SERVER_TRAFFIC_SECRET_0 dd191a68cba7e15b3cd3163e3f5153c06c858f69d0043007c39470b29e2f175c eb740c2cbea95edf32c29a962b2c2838d7407a68dbbd9a9a2ff995667148591b
CLIENT_TRAFFIC_SECRET_0 dd191a68cba7e15b3cd3163e3f5153c06c858f69d0043007c39470b29e2f175c 60494809f1f612c11a66113be77a77db0e271ea772d1af958578d59646e7e34a
SERVER_HANDSHAKE_TRAFFIC_SECRET 741089ed27d3ce9f3333d228cc7de6bfce513a0c722d396aaa2de33168f73dd5 b530be78e13ee838221a37f09d992cc78a073029f4aa60b4796da73ec86208cf
CLIENT_HANDSHAKE_TRAFFIC_SECRET 741089ed27d3ce9f3333d228cc7de6bfce513a0c722d396aaa2de33168f73dd5 054b9b67cd34ac0714a813fdd0fc5a1299fb49d1ec9f7f6db998dd9891f2d993
SERVER_TRAFFIC_SECRET_0 741089ed27d3ce9f3333d228cc7de6bfce513a0c722d396aaa2de33168f73dd5 344d9e6c776c90ca55d2689d2189441d42d3e3e9233d54b242116832fced267b
CLIENT_TRAFFIC_SECRET_0 741089ed27d3ce9f3333d228cc7de6bfce513a0c722d396aaa2de33168f73dd5 632fde1b7aaa115dc8b48ee0baebb4be07329540eeac0231a8c01555582f5124
SERVER_HANDSHAKE_TRAFFIC_SECRET f93b774bed404f8fed8148341e43358d580d624d56eb594ee8f3e896f25eb842 30464455b94ae465ab8e76674ed2885e056011694aab119e672dd592412e9bb1
CLIENT_HANDSHAKE_TRAFFIC_SECRET f93b774bed404f8fed8148341e43358d580d624d56eb594ee8f3e896f25eb842 c25e9086af091e59a0d224fcee92b252ddd1b05ec95cedc4fd870a926bd24e2c
SERVER_TRAFFIC_SECRET_0 f93b774bed404f8fed8148341e43358d580d624d56eb594ee8f3e896f25eb842 c811b3867316d869812f99e79bd83950bb29f8cf3744105d4ee9600627c71e0a
CLIENT_TRAFFIC_SECRET_0 f93b774bed404f8fed8148341e43358d580d624d56eb594ee8f3e896f25eb842 0eacf2304c4445ecf3d38d42bd2b74ee9579395222f4074d1578f8ddddf1d4a0
SERVER_HANDSHAKE_TRAFFIC_SECRET c1d2be86d3b1c34764c6654dca8246252b90645c53fb870b17702d71aa481790 52b9adeef6c2f89778db1fbcf9f654401ffcaeaeb2a005ce500b7a909fb870ac
CLIENT_HANDSHAKE_TRAFFIC_SECRET c1d2be86d3b1c34764c6654dca8246252b90645c53fb870b17702d71aa481790 dc681f56e2984e5469ffb36cbb4c5390389b07524df6532198a89eacdd82d742
SERVER_TRAFFIC_SECRET_0 c1d2be86d3b1c34764c6654dca8246252b90645c53fb870b17702d71aa481790 f6e62ed9d752cc49a4671da06e9e7726f6e65d259c70f7f06c3778cccbd5ceaf
CLIENT_TRAFFIC_SECRET_0 c1d2be86d3b1c34764c6654dca8246252b90645c53fb870b17702d71aa481790 c327c35fafb7647f2d60113a41080f35a34e1015eb9b7bb3222d7b95e2a86959
SERVER_HANDSHAKE_TRAFFIC_SECRET 20c93b2459b69522794ad61a277c3ff404f2c9a01da733b66ce6ba3705b08856 1cf1369a2ff4dbaa88a3bb88c0346782ade3a9b3efb6ca983a74eba5559ac5b8
CLIENT_HANDSHAKE_TRAFFIC_SECRET 20c93b2459b69522794ad61a277c3ff404f2c9a01da733b66ce6ba3705b08856 65d2638ae179ef6c81d17e6d8efd4d04c74abb5c990a9c08af687729bee97ba1
SERVER_TRAFFIC_SECRET_0 20c93b2459b69522794ad61a277c3ff404f2c9a01da733b66ce6ba3705b08856 119dde64e7834ae00d467d2ff0e1e2879b785a0b5b507b9220283739c0b5d851
CLIENT_TRAFFIC_SECRET_0 20c93b2459b69522794ad61a277c3ff404f2c9a01da733b66ce6ba3705b08856 91e58fe2b92d5d9d24ee9de2a2a94417ee53058f09a1be82f7e050da55356415
SERVER_HANDSHAKE_TRAFFIC_SECRET a355b7a868e28f487055a5266b3b9f1106bdf8c763e1975e8320a10d98488499 1a02028bf903cce3bf3ea139b42a9bb39e63b27163efc92d02192d64624b4db7
CLIENT_HANDSHAKE_TRAFFIC_SECRET a355b7a868e28f487055a5266b3b9f1106bdf8c763e1975e8320a10d98488499 3f62c05afee1dd11b1d8e5e7e43038e27c5cdc13e7a06b052840b4d714a0237c
SERVER_TRAFFIC_SECRET_0 a355b7a868e28f487055a5266b3b9f1106bdf8c763e1975e8320a10d98488499 1231299b0cdd5da1371b70b96805f73fc126e4a2862ec1c32756c6420d460991
CLIENT_TRAFFIC_SECRET_0 a355b7a868e28f487055a5266b3b9f1106bdf8c763e1975e8320a10d98488499 ae148c90575dc0c607f837ff746f81d64ed5ba6f8ce9b53bfb82dbd60004ea9a
SERVER_HANDSHAKE_TRAFFIC_SECRET 624ade2cb687db4a051efd801a1ce73f0a1734bb94d44fb505711134be6ef5b8 8db9244990d458641bb99def8298614d1ac9cdd90512342419d25c6156cc6004
CLIENT_HANDSHAKE_TRAFFIC_SECRET 624ade2cb687db4a051efd801a1ce73f0a1734bb94d44fb505711134be6ef5b8 76a35fc4241c0582f7976a926798192aa24327b0044cbcf2d0779d50839b9b8f
SERVER_TRAFFIC_SECRET_0 624ade2cb687db4a051efd801a1ce73f0a1734bb94d44fb505711134be6ef5b8 a6c629570c74dba4ad0f1ba8276e1b0d71edf696f1223aa126d7f23943f06b29
CLIENT_TRAFFIC_SECRET_0 624ade2cb687db4a051efd801a1ce73f0a1734bb94d44fb505711134be6ef5b8 9ac30791e73c4aa058df16c7d8460819a5a02274461a5900fe99da81a2ca1ad9
SERVER_HANDSHAKE_TRAFFIC_SECRET 21b37b2b307462e283ec972823699a4b1ce465bf2f059338eb23ca23d44dfe16 81565f9257e2a5460b7a272e96756343e6b0bb72897978e671db7966a99cbea3
CLIENT_HANDSHAKE_TRAFFIC_SECRET 21b37b2b307462e283ec972823699a4b1ce465bf2f059338eb23ca23d44dfe16 33e32840aba3a0f0b7bacff055c23807b2680fb09586418df3884e4f30281fd7
SERVER_TRAFFIC_SECRET_0 21b37b2b307462e283ec972823699a4b1ce465bf2f059338eb23ca23d44dfe16 2f87a615d436c8960ea57e4bb56653069ee90f3c67ae4b35131f64aeada60ed7
CLIENT_TRAFFIC_SECRET_0 21b37b2b307462e283ec972823699a4b1ce465bf2f059338eb23ca23d44dfe16 74167b1b4e954ea8d9960feaceaa631bcbaedab0636df06cad4b4264aa2b038a
SERVER_HANDSHAKE_TRAFFIC_SECRET dac6c4e91dd5e579bcc678ea1d0d477d5fcc6c5fb381f575d390296cd1e0e897 81885de8cb4171228fbdada13553cbf2f13cb0391c0496cd7a247258c29ca561
CLIENT_HANDSHAKE_TRAFFIC_SECRET dac6c4e91dd5e579bcc678ea1d0d477d5fcc6c5fb381f575d390296cd1e0e897 f3747d7833c3f2efbd3096ea1ccce9ef96bedba08ffe448fccef917c66989a09
SERVER_TRAFFIC_SECRET_0 dac6c4e91dd5e579bcc678ea1d0d477d5fcc6c5fb381f575d390296cd1e0e897 05cd9e7ada7ec62712c10c919f2c969eb3a57a3402e3b80d2da2a4cc2995dc78
CLIENT_TRAFFIC_SECRET_0 dac6c4e91dd5e579bcc678ea1d0d477d5fcc6c5fb381f575d390296cd1e0e897 43c49024586a0b4b758522c2e5799a64405f63d7cd3fd21c3fa31ec5db36b464
SERVER_HANDSHAKE_TRAFFIC_SECRET 816a4fc7e28c89ea8c5f9bdd7dfd6c52e19dda93a6e7f00e1fe937767d65146a c27c142f78573ae7ae1b9a2ad437cced62e4d1c293134ebca70c1ebac414e79a
CLIENT_HANDSHAKE_TRAFFIC_SECRET 816a4fc7e28c89ea8c5f9bdd7dfd6c52e19dda93a6e7f00e1fe937767d65146a 75e9690d38f7601eb1fb5fb8c9fe599f9430f54d8b2a1850f8f8906a5477e56d
SERVER_TRAFFIC_SECRET_0 816a4fc7e28c89ea8c5f9bdd7dfd6c52e19dda93a6e7f00e1fe937767d65146a 659da36d796420ee14cd849b3ec92986fbc0335368a6d497eb3a3dad9c7f68a5
CLIENT_TRAFFIC_SECRET_0 816a4fc7e28c89ea8c5f9bdd7dfd6c52e19dda93a6e7f00e1fe937767d65146a 022fae62de0fced676913a7baa2418b4a9c33d5fba97fae4828ac17e67c78d6f
SERVER_HANDSHAKE_TRAFFIC_SECRET 05dec79b73e887548ccd8332e416bf4960d800b01a4301f48ab5fc779dfc5cd7 a3fe6032df9d5999d7b8c25c6dea151eb7792a8a52ec9dba74eab2caf14970f3
CLIENT_HANDSHAKE_TRAFFIC_SECRET 05dec79b73e887548ccd8332e416bf4960d800b01a4301f48ab5fc779dfc5cd7 497f7236bebe5902004918c179e6f65ac5e97d1f014ee123efa42f1e6f86bfcc
SERVER_TRAFFIC_SECRET_0 05dec79b73e887548ccd8332e416bf4960d800b01a4301f48ab5fc779dfc5cd7 1d63e9ee92c6bdc33cc8d69c226f267f5d62e379a0bdbd416f2a08b327c6a5cd
CLIENT_TRAFFIC_SECRET_0 05dec79b73e887548ccd8332e416bf4960d800b01a4301f48ab5fc779dfc5cd7 f8f68b584f0310ef92e69c215b6930008660e82a648bb3e1aa372feb5be37d84
SERVER_HANDSHAKE_TRAFFIC_SECRET e52a6c9445702c912c54672acd7600126e6ee2d41403b324819d445e74332fd7 11cedc18a48bf061044bb8001b7cc1b447b1bdf337e88a1b6e35f07bc4e96a6d
CLIENT_HANDSHAKE_TRAFFIC_SECRET e52a6c9445702c912c54672acd7600126e6ee2d41403b324819d445e74332fd7 81cb76f3ce422c101e3bc35d7d0a0f7e09d8c9b5b69a6c678558a63e85eb5f20
SERVER_TRAFFIC_SECRET_0 e52a6c9445702c912c54672acd7600126e6ee2d41403b324819d445e74332fd7 1b4d09f16507faf317f1e457a325941320368a3220d8daa6390088a884cbb277
CLIENT_TRAFFIC_SECRET_0 e52a6c9445702c912c54672acd7600126e6ee2d41403b324819d445e74332fd7 a8693c9c2ccb8e993d6e28e9a05ede37e85cbb3994d4d5a3a2a7bd1153305fc4
SERVER_HANDSHAKE_TRAFFIC_SECRET 4e9da6e07633b47012b0d4afaecbb0a368d3c1e4c14ecdaf4015a9ed2fbde82a 0ce29c26b3909bb49aad1049b201ef40e44947b329fce91e4c9e293c269d0b9b
CLIENT_HANDSHAKE_TRAFFIC_SECRET 4e9da6e07633b47012b0d4afaecbb0a368d3c1e4c14ecdaf4015a9ed2fbde82a dedef5a44f5a226c6bbbfad799163ddad068d81b5def6027a06b4f7aa3a5cab8
SERVER_TRAFFIC_SECRET_0 4e9da6e07633b47012b0d4afaecbb0a368d3c1e4c14ecdaf4015a9ed2fbde82a 4eb66c32e9944bc78f7957bc71a0475e6ec4f0211cb394b6972045c54ce7a9e6
CLIENT_TRAFFIC_SECRET_0 4e9da6e07633b47012b0d4afaecbb0a368d3c1e4c14ecdaf4015a9ed2fbde82a 753a94d8790b7319e3cad2b77c81e31fd82ca3bd17bb62c8df7f2982117d03ed
SERVER_HANDSHAKE_TRAFFIC_SECRET 50b039ad3b9a8b7a647ac50a957235a613ec9c5b6ddf8863217e8c2364cf3aa8 dcbfa5729c56761367575734927ca8f1db45d68ac902010bd9e37ba108953778
CLIENT_HANDSHAKE_TRAFFIC_SECRET 50b039ad3b9a8b7a647ac50a957235a613ec9c5b6ddf8863217e8c2364cf3aa8 927b6cf75f098b59cb4f0097d8bd2d98ee167ce1ce102ed0f6234eff58c91048
SERVER_TRAFFIC_SECRET_0 50b039ad3b9a8b7a647ac50a957235a613ec9c5b6ddf8863217e8c2364cf3aa8 0c5d6c0c18db3f07c87a3e1ba067cd3d0374594548bfd43cda3b29e142002bcb
CLIENT_TRAFFIC_SECRET_0 50b039ad3b9a8b7a647ac50a957235a613ec9c5b6ddf8863217e8c2364cf3aa8 14a41f5493653f614ef82145eaac239b08a0c3ef033ad3e1ee004d70245d9514
SERVER_HANDSHAKE_TRAFFIC_SECRET 40927016bd282ba96e9b733c8f93fe06a04573cb706caf1b4dad23847599acce f442dd35185a14ee091d2199ed26c366817b294328a9bfb44368fb4ea3a1772e
CLIENT_HANDSHAKE_TRAFFIC_SECRET 40927016bd282ba96e9b733c8f93fe06a04573cb706caf1b4dad23847599acce b54a4758a4844613051819be3db1a06386cce0f2885e6b62af700a4aa45560f7
SERVER_TRAFFIC_SECRET_0 40927016bd282ba96e9b733c8f93fe06a04573cb706caf1b4dad23847599acce 84afd759fb5a77babfce013c5590ccecc70f5943182699e44f36caf6e44cd718
CLIENT_TRAFFIC_SECRET_0 40927016bd282ba96e9b733c8f93fe06a04573cb706caf1b4dad23847599acce 33ecd093b8a5022f3ac1d178147e1cca3a3c96e815b545d4e8636612469bea8f
SERVER_HANDSHAKE_TRAFFIC_SECRET eaf1465083d6661fe75f7aa52ae601164ed13cfc42384e46d7be11296b8677be 4800d58d9b1a0078cfb416650fd1c0bd15307ab8e3afe3dacd4f4e65e64976e4
CLIENT_HANDSHAKE_TRAFFIC_SECRET eaf1465083d6661fe75f7aa52ae601164ed13cfc42384e46d7be11296b8677be ff1585357a8f9c06066740c2fda27cbc3cf91f746a6d3bc638068e7a1cfa601f
SERVER_TRAFFIC_SECRET_0 eaf1465083d6661fe75f7aa52ae601164ed13cfc42384e46d7be11296b8677be 35e469f66ad7d6d358c5320b6d4a6b2491db3e966726f351f50afad721bfad05
CLIENT_TRAFFIC_SECRET_0 eaf1465083d6661fe75f7aa52ae601164ed13cfc42384e46d7be11296b8677be e60c023e7ef9f35f6f35702f0fab50ef90197cc1250c219072c7369d389f5c70
SERVER_HANDSHAKE_TRAFFIC_SECRET 8bd2f62782ccdf298581db88a0e57fcaea7cc9572181431cb762c46e2e3f6ca2 5bf77b84f161f49310a829588f78c5f7a5da7e48ac4b591461c54f4d6c3efd9b
CLIENT_HANDSHAKE_TRAFFIC_SECRET 8bd2f62782ccdf298581db88a0e57fcaea7cc9572181431cb762c46e2e3f6ca2 dcc71abde5148904a34ae3d43eeeb63136842a826e2ff09d2fb5362bbce1e284
SERVER_TRAFFIC_SECRET_0 8bd2f62782ccdf298581db88a0e57fcaea7cc9572181431cb762c46e2e3f6ca2 4bf25ebd439f7ebb7f726566b8e3bcc2f351cb9df2e43461dc7631dfbcc8b5bb
CLIENT_TRAFFIC_SECRET_0 8bd2f62782ccdf298581db88a0e57fcaea7cc9572181431cb762c46e2e3f6ca2 ced9bd18ec076c8575c694f6dfbdf14555fa08c36fe0fb52d65f9c4a707cbcbc
SERVER_HANDSHAKE_TRAFFIC_SECRET 1b8413d8eec49b63ab6442fe07439ba4751c6e901f44f49102dd6873c3021880 b2bca050b8f0a5ec830df95b5ea75f9a07a08a82300d892453f0f9d517e52c42
CLIENT_HANDSHAKE_TRAFFIC_SECRET 1b8413d8eec49b63ab6442fe07439ba4751c6e901f44f49102dd6873c3021880 72cdf82192a6e30be25eed93ee9790b0b556a57dacd5c9046dcde2aefe3885af
SERVER_TRAFFIC_SECRET_0 1b8413d8eec49b63ab6442fe07439ba4751c6e901f44f49102dd6873c3021880 39ea74ceb498b5049508264bbadeea8c26af4ebc17fb641a5915223c0ec2b5fd
CLIENT_TRAFFIC_SECRET_0 1b8413d8eec49b63ab6442fe07439ba4751c6e901f44f49102dd6873c3021880 f38ea2c71200ae9e8ff21e6c5a46b6e0c5488fe53cbdf3488a1fed8a7c042b87
SERVER_HANDSHAKE_TRAFFIC_SECRET 87f136ac222939ee8330ce3890714ff6cc786cebf9b1ce9b67196044c6a8593f 6a5356cdf908162244ec9a0b91540a27f47fc093c1666e72abe5353505bcbf1c
CLIENT_HANDSHAKE_TRAFFIC_SECRET 87f136ac222939ee8330ce3890714ff6cc786cebf9b1ce9b67196044c6a8593f 66e6ab0cb3bc50338f01b585e81ab6d53dd6f5ba894d92034b001de779751e8a
SERVER_TRAFFIC_SECRET_0 87f136ac222939ee8330ce3890714ff6cc786cebf9b1ce9b67196044c6a8593f 7d492d28029ef3c924010796b21534fab1d9069fe516fc48f112892ca4ca59f8
CLIENT_TRAFFIC_SECRET_0 87f136ac222939ee8330ce3890714ff6cc786cebf9b1ce9b67196044c6a8593f 7a5ec7b1812d09fcf4a6e9ae12269338abd965f169f17321cd766af14738261e
SERVER_HANDSHAKE_TRAFFIC_SECRET 8a8a3adc75a28df0b02d714026f7bd171c891710cd9d1cd665935ac3b184a785 415ee0b444a2804e88028228abf3a369d1aeae92d7b22fccaee17ebc37121468
CLIENT_HANDSHAKE_TRAFFIC_SECRET 8a8a3adc75a28df0b02d714026f7bd171c891710cd9d1cd665935ac3b184a785 e2ca2c9b3bb635fd3a48768dd25bc24548ab85443317808913aaa29b2cab24e0
SERVER_TRAFFIC_SECRET_0 8a8a3adc75a28df0b02d714026f7bd171c891710cd9d1cd665935ac3b184a785 6518d65bdd47d61635cbfb168aa29d62764444eb3ff4253b0290c9820ab0b210
CLIENT_TRAFFIC_SECRET_0 8a8a3adc75a28df0b02d714026f7bd171c891710cd9d1cd665935ac3b184a785 113db1cfb72d7edfd176476a6e92db75aa3052fb632a48bbe1a1894523de1e64
SERVER_HANDSHAKE_TRAFFIC_SECRET c0d87a4d42c82ee71c57957080761d27148a2963cd92c74eebdcc5d61e7475d6 cd33d7f11083cc529ac9b06a6b5b9be4fe8b10654685049cc560217e6fed5775
CLIENT_HANDSHAKE_TRAFFIC_SECRET c0d87a4d42c82ee71c57957080761d27148a2963cd92c74eebdcc5d61e7475d6 51194175f406488f7e110186b9ae84a69a39378b977a60b17c89affc5b0a5082
SERVER_TRAFFIC_SECRET_0 c0d87a4d42c82ee71c57957080761d27148a2963cd92c74eebdcc5d61e7475d6 b9c95776dffb841b219fd649f897eb42c6c0a34c59167db744c95b4f8a502786
CLIENT_TRAFFIC_SECRET_0 c0d87a4d42c82ee71c57957080761d27148a2963cd92c74eebdcc5d61e7475d6 f4d5a68d7f24508275c0f521a73825c6149dd82e071ebd233da68b876d26814a
SERVER_HANDSHAKE_TRAFFIC_SECRET b4ca228b23620e9c6ae4c5f667fd76033e965ee3a054678cbeeff50b456810bd 6e35c1bb95cda84d488525fe851d4e9f513bcddae7edf0f4f2f6bb3946d4febf
CLIENT_HANDSHAKE_TRAFFIC_SECRET b4ca228b23620e9c6ae4c5f667fd76033e965ee3a054678cbeeff50b456810bd f7f1b534200cb250e6a394964bbf88fd4a99468a134f1c18f854c4fd7f47458e
SERVER_TRAFFIC_SECRET_0 b4ca228b23620e9c6ae4c5f667fd76033e965ee3a054678cbeeff50b456810bd 90d74efe62fd42c7aba5b441390fcd63de4ecc70eead009b4a680e2b960286a3
CLIENT_TRAFFIC_SECRET_0 b4ca228b23620e9c6ae4c5f667fd76033e965ee3a054678cbeeff50b456810bd c298bae031101b736d4c387ae42a39ca66900d895320b3435364a2d252354203
SERVER_HANDSHAKE_TRAFFIC_SECRET 06a8d2fe96460999e874268543197c417897f003909e168d554c650f84838e35 c5159af662ad562f52c1fff72ea10d3b5da9a5d08ce54a2da5d24e2b4d2f0e15
CLIENT_HANDSHAKE_TRAFFIC_SECRET 06a8d2fe96460999e874268543197c417897f003909e168d554c650f84838e35 00bfc798ad1757ae2abfe410ff4673688cb94ce2d7a5adb45ad302fc23f94c88
SERVER_TRAFFIC_SECRET_0 06a8d2fe96460999e874268543197c417897f003909e168d554c650f84838e35 5719bc50a77256742b20edbfab93e18dd7fdf862dcb709a8ad1f4854300bf0bc
CLIENT_TRAFFIC_SECRET_0 06a8d2fe96460999e874268543197c417897f003909e168d554c650f84838e35 4da95ab0d5f607c771463afe47ac164a5d6cac794c5f58ea62ca4f57a5c1d1b4
SERVER_HANDSHAKE_TRAFFIC_SECRET a68aaeb09113d88af18d6dc09b2b3594c9a0853f5c66932bc7dc0ac2609d2337 df45776f5dfa42dcd282821086b0c454a029b10a19eb7a9d973c4480f2895c69
CLIENT_HANDSHAKE_TRAFFIC_SECRET a68aaeb09113d88af18d6dc09b2b3594c9a0853f5c66932bc7dc0ac2609d2337 ced71d8193ea4e0fb5bee3b50a709406b4b31d1f63c6aae0ddbe59b4b90e8c94
SERVER_TRAFFIC_SECRET_0 a68aaeb09113d88af18d6dc09b2b3594c9a0853f5c66932bc7dc0ac2609d2337 7fa73f975de07665a241280d77e522d269569e4428f24b4a78193271d6696fbf
CLIENT_TRAFFIC_SECRET_0 a68aaeb09113d88af18d6dc09b2b3594c9a0853f5c66932bc7dc0ac2609d2337 d6ccaa97c3ab1075782e7e6270e5c0e386dc42e37b8eaf7b8a62675dc9dad34e
SERVER_HANDSHAKE_TRAFFIC_SECRET fbb180a2ca72304d0f4aed7a16a9f559f25fd79f6f97b7b9608d5a68894c170c 29035a7d594ce740056cf978635a861f937e77e949f535f2099d619bf10c12b2
CLIENT_HANDSHAKE_TRAFFIC_SECRET fbb180a2ca72304d0f4aed7a16a9f559f25fd79f6f97b7b9608d5a68894c170c ea374e99b6354318b08d38f9b26e7dd3d3dab544273b754dc781bba4fa86d5c4
SERVER_TRAFFIC_SECRET_0 fbb180a2ca72304d0f4aed7a16a9f559f25fd79f6f97b7b9608d5a68894c170c 9142794be56ad8cfcbe972b95cd398d656336b23483196e5abe85afca14161af
CLIENT_TRAFFIC_SECRET_0 fbb180a2ca72304d0f4aed7a16a9f559f25fd79f6f97b7b9608d5a68894c170c 286c0ce47e4baf50dd6455a7f5ae10cdb027c2a9592edeff78a6e63d6d2a2013
SERVER_HANDSHAKE_TRAFFIC_SECRET 398145d6840e5c43d60b0d743c33de76b64bb44362e7ffd87e400b8b3e1fd823 4c5e17d4c064076ca8d116d6c9d3eeba16fd919125c48efdc3e8029c1a82cd3b
CLIENT_HANDSHAKE_TRAFFIC_SECRET 398145d6840e5c43d60b0d743c33de76b64bb44362e7ffd87e400b8b3e1fd823 3279bf66d11d727c673bf3df7d57ce75dd186691529cb83d029a88eddccd43cb
SERVER_TRAFFIC_SECRET_0 398145d6840e5c43d60b0d743c33de76b64bb44362e7ffd87e400b8b3e1fd823 e565f82c7da1d7dcdab19a15ccab9f971baa3e870c045479984efa2b01a95157
CLIENT_TRAFFIC_SECRET_0 398145d6840e5c43d60b0d743c33de76b64bb44362e7ffd87e400b8b3e1fd823 0637c460c89edb37eb994633df11afd98c489a231c90b5f248ed5e6b511fefcf
SERVER_HANDSHAKE_TRAFFIC_SECRET defb9e0a2b0db1b7a72a4b771723137d9566a0b77fabaa6c25a0fb6b2398d535 71788bd7571dc3f352adbbbd66a4a0d6fceda6eac89706d59e539c213b93b716
CLIENT_HANDSHAKE_TRAFFIC_SECRET defb9e0a2b0db1b7a72a4b771723137d9566a0b77fabaa6c25a0fb6b2398d535 1e58a101b99a34500d10a4596de5bf625f57af03f9fb142e5ae83ddc058da85e
SERVER_TRAFFIC_SECRET_0 defb9e0a2b0db1b7a72a4b771723137d9566a0b77fabaa6c25a0fb6b2398d535 83d109d1499cee86c20e0a685a2b99fb34593d09d8e95ff1f4c2dc48f1fefe0e
CLIENT_TRAFFIC_SECRET_0 defb9e0a2b0db1b7a72a4b771723137d9566a0b77fabaa6c25a0fb6b2398d535 507996498a0259ada84b7b0d8458afbe6aed319e0d19884aca9b6332b23f6dd9
SERVER_HANDSHAKE_TRAFFIC_SECRET eef0b4368719ed7a2a837d2f9a595ab6cadbf4ca3d7785132108634442a0744b aa334694a31b4351fa6f7940ac3793b4c20d983ff804389d897ac23a7f9d5cfb
CLIENT_HANDSHAKE_TRAFFIC_SECRET eef0b4368719ed7a2a837d2f9a595ab6cadbf4ca3d7785132108634442a0744b b6ba873495f66358d533891710573e511c290c0bc1868cde5bab4e74210d5f30
SERVER_TRAFFIC_SECRET_0 eef0b4368719ed7a2a837d2f9a595ab6cadbf4ca3d7785132108634442a0744b f4b3cbe5b5f04fe760b98840b7f5aeea15689e88006f5c17faaf067eb3af7a9f
CLIENT_TRAFFIC_SECRET_0 eef0b4368719ed7a2a837d2f9a595ab6cadbf4ca3d7785132108634442a0744b 932b960968c553979759c908a142af818331778bcc6ade8540de8628e7d66873
SERVER_HANDSHAKE_TRAFFIC_SECRET c0029482c1d9047d370aaa7a3f624d38a9d52a3a175fd20e7e6fd19f707f3d54 607a47b5f738de043a9e19c34808b1122183cce0c1832318e7012a36583063bd
CLIENT_HANDSHAKE_TRAFFIC_SECRET c0029482c1d9047d370aaa7a3f624d38a9d52a3a175fd20e7e6fd19f707f3d54 e3e32c45256620c8ade06a0baf0365ca1f2c5c848c51f0d78d1867d7e5df7fce
SERVER_TRAFFIC_SECRET_0 c0029482c1d9047d370aaa7a3f624d38a9d52a3a175fd20e7e6fd19f707f3d54 64257eb988e698f2e68b9de2ee3242f399745a44ad1e622b1af4473741d0b03d
CLIENT_TRAFFIC_SECRET_0 c0029482c1d9047d370aaa7a3f624d38a9d52a3a175fd20e7e6fd19f707f3d54 ecaab5e08dc2bba0e68fb44af9414979c32ba63ab7492c4648f8eadd9bbec241
SERVER_HANDSHAKE_TRAFFIC_SECRET 13484c08e865edc13d18b827e7e300e6cfeac8d418f49bd3935a0b4acea07fe7 3237413d1d728a9a24c567f08acb1f56e73a2434768dfb19b29d18a96e38fed9
CLIENT_HANDSHAKE_TRAFFIC_SECRET 13484c08e865edc13d18b827e7e300e6cfeac8d418f49bd3935a0b4acea07fe7 6a7313eff43cb0c09a0b2719ddcc8786ab184d4b3cf3f849a3501c2f81381663
SERVER_TRAFFIC_SECRET_0 13484c08e865edc13d18b827e7e300e6cfeac8d418f49bd3935a0b4acea07fe7 0be615fa04a91dd8ac8148d5a1cbab8f754fb510b73dc1e074956aa6dd6ee5b2
CLIENT_TRAFFIC_SECRET_0 13484c08e865edc13d18b827e7e300e6cfeac8d418f49bd3935a0b4acea07fe7 0134b901fe82d29f9141dadab5e1f2a8169b79a2b9a4b247e38e49cd3c7633f2
SERVER_HANDSHAKE_TRAFFIC_SECRET d6edf7b30eecbb0a97af3227c74ca1583ffe5d65b8d17e41c3cb43fa8bd6a0a2 909184d21236768c972f7fcd5a3359cee086785121c34cefdd5e9263412a923f
CLIENT_HANDSHAKE_TRAFFIC_SECRET d6edf7b30eecbb0a97af3227c74ca1583ffe5d65b8d17e41c3cb43fa8bd6a0a2 3a92698a847b6871cd6f59b1b6e6986c7caaffcb4c7a98f0d2c2106aa830a0e3
SERVER_TRAFFIC_SECRET_0 d6edf7b30eecbb0a97af3227c74ca1583ffe5d65b8d17e41c3cb43fa8bd6a0a2 e3fcd926d690be4cf925862d2dddce59f048d541a9dfcc305e9a2d53e9fad741
CLIENT_TRAFFIC_SECRET_0 d6edf7b30eecbb0a97af3227c74ca1583ffe5d65b8d17e41c3cb43fa8bd6a0a2 6fbc4d8f8be2f212b8819ce667869cb39ba95b8882be928e4f1f3b4dc0e2dfaf
SERVER_HANDSHAKE_TRAFFIC_SECRET fbd590c73500c4c615833529a45f8918105d7bafdb605d721703f975c29826f9 28faf0f766b3662058fa23f5d734a8c3937cfc5501282e7d1305ae08499616b2
CLIENT_HANDSHAKE_TRAFFIC_SECRET fbd590c73500c4c615833529a45f8918105d7bafdb605d721703f975c29826f9 0d84b2246104cf703bb31439596aa00300679db2a3f087ccc97e9e7a8e3c0312
SERVER_TRAFFIC_SECRET_0 fbd590c73500c4c615833529a45f8918105d7bafdb605d721703f975c29826f9 db54b536dea503b2e956cbcccdf5269edf6de15e3a7dda5be66d8e3c47a716cf
CLIENT_TRAFFIC_SECRET_0 fbd590c73500c4c615833529a45f8918105d7bafdb605d721703f975c29826f9 1849ffe5cc17aa761b3052d12cc08d9654b6f8fb90d855ceedd22e998cc9ca76
SERVER_HANDSHAKE_TRAFFIC_SECRET 7bbf8edeeddf7a04d0d5ce757b5ef913bdb9f2a92d6a83626a0b45cabe8eae66 87021d0c97d8c42f5967aceea8f4d233b25ccde43f3a68822460ee7be820f944
CLIENT_HANDSHAKE_TRAFFIC_SECRET 7bbf8edeeddf7a04d0d5ce757b5ef913bdb9f2a92d6a83626a0b45cabe8eae66 e6b6ad3ae10bd25ecaf32706d7805f37b92a50f0125d05a7be06a742a84d58c5
SERVER_TRAFFIC_SECRET_0 7bbf8edeeddf7a04d0d5ce757b5ef913bdb9f2a92d6a83626a0b45cabe8eae66 1a98cf41ba6d1f4355fc664b70fb11527310ca7d5b41602ae67fbefd4bb9b1e6
CLIENT_TRAFFIC_SECRET_0 7bbf8edeeddf7a04d0d5ce757b5ef913bdb9f2a92d6a83626a0b45cabe8eae66 5d4fc27355739b29af2a8ee6e44014b37264518aa8308958901a29a12a95fe3b
SERVER_HANDSHAKE_TRAFFIC_SECRET 9ff47708d81e2caad5279ee3665d713fafa7e25da1040b0a291eafde34cfd88a 077979a48a75601a306793cd4630fef973e846de1e643924ec1e8073c4ea636a
CLIENT_HANDSHAKE_TRAFFIC_SECRET 9ff47708d81e2caad5279ee3665d713fafa7e25da1040b0a291eafde34cfd88a 95474e0fd2d61b709d72d6642274e2402f4171470887e9b53302f2107620581d
SERVER_TRAFFIC_SECRET_0 9ff47708d81e2caad5279ee3665d713fafa7e25da1040b0a291eafde34cfd88a d7369e859a3d85cec3dae37f3f1b87cf312311d3082611801bffbc08504f7d06
CLIENT_TRAFFIC_SECRET_0 9ff47708d81e2caad5279ee3665d713fafa7e25da1040b0a291eafde34cfd88a 1fff5d076cda5061f00098f942a4d5fd9da6865a99658c92a4e9d0e886d45b41
SERVER_HANDSHAKE_TRAFFIC_SECRET ab62f1b68df5324465ad9f652913482e0da960df19ee56bbd9e2e5b29571df32 526263f037c39f879d7477fcb4e29003d0df4f809caa0a96a5ae42f6006e05a5
CLIENT_HANDSHAKE_TRAFFIC_SECRET ab62f1b68df5324465ad9f652913482e0da960df19ee56bbd9e2e5b29571df32 1022e223dd4255465a7f5f71c1f578799e0fa84368d8a98ffebc35af460c8b40
SERVER_TRAFFIC_SECRET_0 ab62f1b68df5324465ad9f652913482e0da960df19ee56bbd9e2e5b29571df32 a3f4efcc9a398194967ee3ae0564ba9697a2f57745d48a8a6dd7f6fc337f3760
CLIENT_TRAFFIC_SECRET_0 ab62f1b68df5324465ad9f652913482e0da960df19ee56bbd9e2e5b29571df32 4ffc86324a90607cf209db380c45139afabcf537b1b1b9445eddbadddc103493
SERVER_HANDSHAKE_TRAFFIC_SECRET d4ad77043c66db5a0a46efc6a90027a7a28d75743bc6270a8204a44a253a446d 3f00bb1dc17f2c9bbcb67ec44770c68950c11c7e13dbdc6bbb370d05a3fc6e6e
CLIENT_HANDSHAKE_TRAFFIC_SECRET d4ad77043c66db5a0a46efc6a90027a7a28d75743bc6270a8204a44a253a446d f7a81ac42d0bd095fa260b3681c20afa9d516dde27b0c4cce43ae00879562761
SERVER_TRAFFIC_SECRET_0 d4ad77043c66db5a0a46efc6a90027a7a28d75743bc6270a8204a44a253a446d 7240e23167aff3c8feea249db09cd0aa5a2012d638f4b0543b6d0eae3dd6e690
CLIENT_TRAFFIC_SECRET_0 d4ad77043c66db5a0a46efc6a90027a7a28d75743bc6270a8204a44a253a446d 9c273f4a9525bae93b4781916110ca97329a2bd741afc6e92c6e6985d106f402
SERVER_HANDSHAKE_TRAFFIC_SECRET 29f79a856db055f1838f4a4d2508d29c8a62e1c92215d7acd92d29235c09d3c2 412e39bd53a728243cc9a5e3459a05f83ae62ae3ab0d20169ef3866ea644e592
CLIENT_HANDSHAKE_TRAFFIC_SECRET 29f79a856db055f1838f4a4d2508d29c8a62e1c92215d7acd92d29235c09d3c2 28340e86b7be3c1ce1751848aa06161f376c75c8c4d3787b68f885ce4c1bf7fe
SERVER_TRAFFIC_SECRET_0 29f79a856db055f1838f4a4d2508d29c8a62e1c92215d7acd92d29235c09d3c2 1546ef8baf72780b486f3ff5f2ecbc035e3ef54f6b361ceca9e8c6f2195ec882
CLIENT_TRAFFIC_SECRET_0 29f79a856db055f1838f4a4d2508d29c8a62e1c92215d7acd92d29235c09d3c2 d43739c0130961dda8b0a338e3f3d758675aeaad38daf29e36077ba63c27d36c
SERVER_HANDSHAKE_TRAFFIC_SECRET 91ece648cddb18cd3b053baa176c7596ff3562a1ff46b316f5777aeb344a411c 466ec77d65b1fbbb43d8143e9f45481cf12411abb3707eafebec412d60017fee
CLIENT_HANDSHAKE_TRAFFIC_SECRET 91ece648cddb18cd3b053baa176c7596ff3562a1ff46b316f5777aeb344a411c 885608fdb56c227aea4a395277e4b4e0a143dd9485a5dbdfd3d80609d6ed6a47
SERVER_TRAFFIC_SECRET_0 91ece648cddb18cd3b053baa176c7596ff3562a1ff46b316f5777aeb344a411c 455a89f486fec0744365af0910f4ec495797e3391f08775e4648e22f066dae7c
CLIENT_TRAFFIC_SECRET_0 91ece648cddb18cd3b053baa176c7596ff3562a1ff46b316f5777aeb344a411c c24b77ac2d42302ad5e40d6bd3d29120bc309fd021e386c44af60c90530bb89b
SERVER_HANDSHAKE_TRAFFIC_SECRET 3745d0be06113ea284898386045d8790ffb131315c54ed9c2e129dbc462547f2 8fb586cb16c98e046970386a2cc9825b9bf66d93b62c9c788caba9ded10e06a6
CLIENT_HANDSHAKE_TRAFFIC_SECRET 3745d0be06113ea284898386045d8790ffb131315c54ed9c2e129dbc462547f2 b651e3316393d3f84019f2a84751b28f6c622e9e4557ca91aa91c65d8895ef17
SERVER_TRAFFIC_SECRET_0 3745d0be06113ea284898386045d8790ffb131315c54ed9c2e129dbc462547f2 70f1cf4d040befb202ab5e0dcbc4e3f3e086abc2c76390e41de74d01ca2efb3a
CLIENT_TRAFFIC_SECRET_0 3745d0be06113ea284898386045d8790ffb131315c54ed9c2e129dbc462547f2 4fe46bd00b16291f46977e9530b462ee383639967212339f629c48d3d0cdd179
SERVER_HANDSHAKE_TRAFFIC_SECRET 0c36fd86493124a2dd3ba02070374d93819994b902ef852b3421c9c44c2317cc a169aa676f5decd4a880c7b521ec9316ee811cb5026a5caded75978135949711
CLIENT_HANDSHAKE_TRAFFIC_SECRET 0c36fd86493124a2dd3ba02070374d93819994b902ef852b3421c9c44c2317cc 88f8449610087ca52833904923b105826b2abeec0bd3cddd7155a94fc49d868e
SERVER_TRAFFIC_SECRET_0 0c36fd86493124a2dd3ba02070374d93819994b902ef852b3421c9c44c2317cc bcb1d6dca45da226d7143bb7953c988e18860f84e276d841c66c28a43ee8eef2
CLIENT_TRAFFIC_SECRET_0 0c36fd86493124a2dd3ba02070374d93819994b902ef852b3421c9c44c2317cc bc86f57241c51e623fbe72d92ec4b1dc5f4c8d8f76d5337e6ea0eee8243eedcd
SERVER_HANDSHAKE_TRAFFIC_SECRET fc17941ce92677a44ed8dc1db2b74942fc2cff6f8ea4aa3aace7daa745b3e57a 8935b7353cc4c12a80ccb9c59af38867ceb0e08085705c50003badbbd583c24a
CLIENT_HANDSHAKE_TRAFFIC_SECRET fc17941ce92677a44ed8dc1db2b74942fc2cff6f8ea4aa3aace7daa745b3e57a 52605f470b63ef9465512c4c2c7257f0e84ca28f70c78618b9d6ef27e0a18c86
SERVER_TRAFFIC_SECRET_0 fc17941ce92677a44ed8dc1db2b74942fc2cff6f8ea4aa3aace7daa745b3e57a 3fb2c91f91d0ca42a6cfa0f528c82668d5327ed3d25f864cc1e86fbae35e7d87
CLIENT_TRAFFIC_SECRET_0 fc17941ce92677a44ed8dc1db2b74942fc2cff6f8ea4aa3aace7daa745b3e57a cb124c904eaa6437e6f3228ce2aabf156a7a28801ef09564a8e4cdb7938a0add
SERVER_HANDSHAKE_TRAFFIC_SECRET 55a154a201e7c63e75e8868c4e47fd605ea5826cf8e2eb5bbb3dc2d1940a35f9 4816e4438be91a39cce502bc1c3ccd8f72fcb5d0ca1bd155fcfd164561dc85fd
CLIENT_HANDSHAKE_TRAFFIC_SECRET 55a154a201e7c63e75e8868c4e47fd605ea5826cf8e2eb5bbb3dc2d1940a35f9 8dcff9240f63a636d36f1f5a4fc0276ee69bfc7054e3abfb539e5513a8a020f7
SERVER_TRAFFIC_SECRET_0 55a154a201e7c63e75e8868c4e47fd605ea5826cf8e2eb5bbb3dc2d1940a35f9 17d902225e5c0faa746f607a46a50241a612976279e48892ad5f1b3f201933c6
CLIENT_TRAFFIC_SECRET_0 55a154a201e7c63e75e8868c4e47fd605ea5826cf8e2eb5bbb3dc2d1940a35f9 b95dcca3fd6c7be35c2de933823dd1cf5093ee555395652435c0948fbfeff643
SERVER_HANDSHAKE_TRAFFIC_SECRET d21febc616878e856fb5e981b5147c72178781fff9223920c3a9bbdb506d3b57 b54c35131793195436dfe94804e92a85845bba34af0280614eeea91ed3e3e7e3
CLIENT_HANDSHAKE_TRAFFIC_SECRET d21febc616878e856fb5e981b5147c72178781fff9223920c3a9bbdb506d3b57 a267c12ad51396527f408ed2e708350b014b305dc423533018a76eadc779d554
SERVER_TRAFFIC_SECRET_0 d21febc616878e856fb5e981b5147c72178781fff9223920c3a9bbdb506d3b57 ba2b59a22254de118cc14526c107c80cd23a57bd2bf43bc8a9e487970f535326
CLIENT_TRAFFIC_SECRET_0 d21febc616878e856fb5e981b5147c72178781fff9223920c3a9bbdb506d3b57 3e9ce38a19977ff69e2ae3009155331167d99ec6aa92a1221f1e70df5919d38b
SERVER_HANDSHAKE_TRAFFIC_SECRET 21cb58fd26abf5f58f89e2548db5f20d9f310b95cf76cbcb1cffbab6528e82fe 4bd425c051060ca016d87a57d98e71fc3ce9b89c21a89b477223689038352acb
CLIENT_HANDSHAKE_TRAFFIC_SECRET 21cb58fd26abf5f58f89e2548db5f20d9f310b95cf76cbcb1cffbab6528e82fe 16a1a5ef101dd13a059b8f1c8586c9e6ed0cf0bb19911bf31e758a1c3e79d7e0
SERVER_TRAFFIC_SECRET_0 21cb58fd26abf5f58f89e2548db5f20d9f310b95cf76cbcb1cffbab6528e82fe bc16ac2e2471c0519197e46931aa71415cf6c3624fde3236d04e77c436fbf94c
CLIENT_TRAFFIC_SECRET_0 21cb58fd26abf5f58f89e2548db5f20d9f310b95cf76cbcb1cffbab6528e82fe ac77f1c320f48785ea48308164b04fbfed55c3a517fc1440fc503e3d371d65af
SERVER_HANDSHAKE_TRAFFIC_SECRET bf61c64f18505d6e60384a6bb817e319e6ec2a21662a90eee1806db6af257cdc ed86f1568771c3b5c28b77be2eb48bb78d496d6cc9cb0d57be3b136ed00679c3
CLIENT_HANDSHAKE_TRAFFIC_SECRET bf61c64f18505d6e60384a6bb817e319e6ec2a21662a90eee1806db6af257cdc 91971f7bda7080af16268e2f576ffe967b32113311965bffd5cc5eb42d4ce1b1
SERVER_TRAFFIC_SECRET_0 bf61c64f18505d6e60384a6bb817e319e6ec2a21662a90eee1806db6af257cdc f0de2c1c48f23ac939958c01a113ba53d3a56a40c40899ebc4c8ad81dff16fc2
CLIENT_TRAFFIC_SECRET_0 bf61c64f18505d6e60384a6bb817e319e6ec2a21662a90eee1806db6af257cdc 696d82e955d3971bf29d7fd56d575e0ff9146e10f3fc34055c055678371978d0
SERVER_HANDSHAKE_TRAFFIC_SECRET e9d870cb13902e614825a653c058974b33794c6a04d72c70595169d92568e012 f29dff9ad1736b3e75d6679a0bf5f332ee63531b9b50ff290177b16274046c58
CLIENT_HANDSHAKE_TRAFFIC_SECRET e9d870cb13902e614825a653c058974b33794c6a04d72c70595169d92568e012 0bc2907e6552963e153724b6e4ae1a9e14b37ab8cb97f613a7ddfbfafdaab118
SERVER_TRAFFIC_SECRET_0 e9d870cb13902e614825a653c058974b33794c6a04d72c70595169d92568e012 5efac2d9c4a667d496e2f9923de2f7260bd2dea0060aa5fd0ad3ec05329e4747
CLIENT_TRAFFIC_SECRET_0 e9d870cb13902e614825a653c058974b33794c6a04d72c70595169d92568e012 f873d0a3cdb97077dc44627cf4c0ce5f361bd04ce7948e99cd02d1610220c62b
SERVER_HANDSHAKE_TRAFFIC_SECRET 148596a960bcf93b5504d8997688ccefbbfbf60ea71cdef72fab3b526e95c35e f4ecebd6d91dad29e670a012c5d79c605515e6d2f622b80b35194788bfec8bfc
CLIENT_HANDSHAKE_TRAFFIC_SECRET 148596a960bcf93b5504d8997688ccefbbfbf60ea71cdef72fab3b526e95c35e c6aa432f0cb6eb0cd3c5e42ab434b936a296667918465eda311235fe9327bb0d
SERVER_TRAFFIC_SECRET_0 148596a960bcf93b5504d8997688ccefbbfbf60ea71cdef72fab3b526e95c35e 557b927f1b4cf7e92b3babeca1189742a3ee0a1dda6ec25f777bb5996fa0409d
CLIENT_TRAFFIC_SECRET_0 148596a960bcf93b5504d8997688ccefbbfbf60ea71cdef72fab3b526e95c35e 77d3a44ef522a188bfa2c1221c4d2933c14c6ac227d5e42fad1a0f87234c0550
SERVER_HANDSHAKE_TRAFFIC_SECRET 35e3fdbc8feb4d2c804601e25be04ee6cad61e9f360068ff99b4309525dbd79b 351084d2642c00ef84d3edb62dfc0db78112921b647b195d15760875bc8b42bc
CLIENT_HANDSHAKE_TRAFFIC_SECRET 35e3fdbc8feb4d2c804601e25be04ee6cad61e9f360068ff99b4309525dbd79b ae17d4e74cf7f9fd4bd18c7313719fc336c2977949ffdd0cb5d8c3319158d8cf
SERVER_TRAFFIC_SECRET_0 35e3fdbc8feb4d2c804601e25be04ee6cad61e9f360068ff99b4309525dbd79b 0c2ea4b7a1e0e1c2019bd940c34ba2c8a2fda880035797a0e0fef4919e8d9564
CLIENT_TRAFFIC_SECRET_0 35e3fdbc8feb4d2c804601e25be04ee6cad61e9f360068ff99b4309525dbd79b 125e25196d907fbea7cbc1d9bba61c210eca51416d9e4cb9cdda629061c294b2
