SERVER_HANDSHAKE_TRAFFIC_SECRET 448cbdae4d37e016011c02311d6eadf501826e891992444cd0968aba67b8c57c 2f8e7336a78506a329ee3724187b1cbb48e1660a951953d901887a302f5db088
CLIENT_HANDSHAKE_TRAFFIC_SECRET 448cbdae4d37e016011c02311d6eadf501826e891992444cd0968aba67b8c57c e31c464c97e10ffec6c87ff17fb7c9ca2fa7dcae085169def01799d294778484
SERVER_TRAFFIC_SECRET_0 448cbdae4d37e016011c02311d6eadf501826e891992444cd0968aba67b8c57c c4fafed8ec247687aa264d64736be8677ea9dac98fce3d3fc7acea6a87534ded
SERVER_HANDSHAKE_TRAFFIC_SECRET fd94211cfb8ce97e6df3c730dcf269252aa8542fe4d2621f0b33f972ca29fa8e 7d7e0205f55c3081afa600e7b6f018ecd037be1278cfcfaeee8d5120b1f14708
CLIENT_HANDSHAKE_TRAFFIC_SECRET fd94211cfb8ce97e6df3c730dcf269252aa8542fe4d2621f0b33f972ca29fa8e ecdbb2a47e4dc6f2b541279dd8b0ab21b4116cefec54430c5ff6f6d958ff6f31
SERVER_TRAFFIC_SECRET_0 fd94211cfb8ce97e6df3c730dcf269252aa8542fe4d2621f0b33f972ca29fa8e e916da49ab89cabc2f0f7650159a68324f86e1169662297a087049bfd477b6ff
SERVER_HANDSHAKE_TRAFFIC_SECRET 9caee66cda03f162c9d8cbf474dbac3899cc77dadbf32c859c08f147aaf31b5f 0a8ed9c1c0e362b87e6f2688295ab8ba7bc705edcef0156c26e9ff0fc9429ccf
CLIENT_HANDSHAKE_TRAFFIC_SECRET 9caee66cda03f162c9d8cbf474dbac3899cc77dadbf32c859c08f147aaf31b5f 4a84fac26b42a09dcb7dcee48cc3b4849f1cea22d2b133146d1b04277a155515
SERVER_TRAFFIC_SECRET_0 9caee66cda03f162c9d8cbf474dbac3899cc77dadbf32c859c08f147aaf31b5f bbc778f742ae7b6faf7205136973bee17a6cd5588192a501707deb002f6b31ea
SERVER_HANDSHAKE_TRAFFIC_SECRET 1f5df8ef1095458a8c563141cc06c08722ff58488d458a830094c022f057e992 92741ea0f7e7957a2283105af98c5834d8d59aeb96f8dd8d954493373f89f94c
CLIENT_HANDSHAKE_TRAFFIC_SECRET 1f5df8ef1095458a8c563141cc06c08722ff58488d458a830094c022f057e992 62f84a9342e0e1eea31bde274afe5e78854b5b1123bc45416cf6ee7625c75aed
SERVER_TRAFFIC_SECRET_0 1f5df8ef1095458a8c563141cc06c08722ff58488d458a830094c022f057e992 f41b299a25460e90913fc6e55efa1a3c5330b924e709f831f16cd379bc9eb9e6
SERVER_HANDSHAKE_TRAFFIC_SECRET 402d26fd4210c5e5566bba66fe8bff272765f76f900a922abc637cdabf16691e b97fa9c7637be9aa6b4657089ecab2f4d567504458a8bfeec33f256df0ab7244
CLIENT_HANDSHAKE_TRAFFIC_SECRET 402d26fd4210c5e5566bba66fe8bff272765f76f900a922abc637cdabf16691e 4c7708358cb48b7708afd646585f8a7c92c613e6809b543063462b75e6640093
SERVER_TRAFFIC_SECRET_0 402d26fd4210c5e5566bba66fe8bff272765f76f900a922abc637cdabf16691e 45aa169ec233157ae74a1dffdb2dc6f0e994329f206232d2b2dbb82f66883d49
SERVER_HANDSHAKE_TRAFFIC_SECRET 4325a5be1c4451bd19a4437a16ddf5e70c6cec6bc21661eb0f4441ca3e2785d9 adbbdbec066d72554c3e0378f3f8e47b8a6f225a785e63343c12f2cbf9630aa5
CLIENT_HANDSHAKE_TRAFFIC_SECRET 4325a5be1c4451bd19a4437a16ddf5e70c6cec6bc21661eb0f4441ca3e2785d9 64ecb1d2de985147c2009e8c9332fe76364ecf7ba828d38775c423a70cf82b1d
SERVER_TRAFFIC_SECRET_0 4325a5be1c4451bd19a4437a16ddf5e70c6cec6bc21661eb0f4441ca3e2785d9 d111d0c66f6199be5ddb56e7e12ed6fc2ab42ef139e69b3fc27caee68a008e42
SERVER_HANDSHAKE_TRAFFIC_SECRET 6d3e54438ef01bffa13280ed5ce2980f3f09423951fc05fdb77fc68c4e5391b1 1ea43eab273603d6c37693000672ebb4dd6e87f37b872e613df46a4048d150df
CLIENT_HANDSHAKE_TRAFFIC_SECRET 6d3e54438ef01bffa13280ed5ce2980f3f09423951fc05fdb77fc68c4e5391b1 1ff82e467a268d368bb0ac426efe7a3457aad4e025bd359626cb50d57a34b49d
SERVER_TRAFFIC_SECRET_0 6d3e54438ef01bffa13280ed5ce2980f3f09423951fc05fdb77fc68c4e5391b1 48954516ad9a00b50d9b806a9deb66e64eeb10d8663a72e08e9df8748679e1a8
SERVER_HANDSHAKE_TRAFFIC_SECRET 0e7e05dc5be0cb118b9e923695cf8a39d92d825d01b419904fcbd3c2e4167531 a9dc1a2facca11a9b41dc1e8e35e2dd4a134e8d5a3f1d481f3367ce7c8aed9cc
CLIENT_HANDSHAKE_TRAFFIC_SECRET 0e7e05dc5be0cb118b9e923695cf8a39d92d825d01b419904fcbd3c2e4167531 56acb4975f0b67ef7213e17347f72e996e528bece4a640c5f7a8c869cd435927
SERVER_TRAFFIC_SECRET_0 0e7e05dc5be0cb118b9e923695cf8a39d92d825d01b419904fcbd3c2e4167531 07553047608613346bad7602fe64f9efb662b3a38b6a5c3279f463454bc759c2
SERVER_HANDSHAKE_TRAFFIC_SECRET ed00b02cd8e0d8eff624bfb0d628eed8e48f3d2d5382b5cb21afbed367b1b6fd dc55eb12accdaf45c922d1e1c95c8f3acc9d96cedc67d80f22d5e78a968857bf
CLIENT_HANDSHAKE_TRAFFIC_SECRET ed00b02cd8e0d8eff624bfb0d628eed8e48f3d2d5382b5cb21afbed367b1b6fd fa8de4815d38773ef693ec1174727e9bf2255d1685a1f972e4cb7cdfc382a07a
SERVER_TRAFFIC_SECRET_0 ed00b02cd8e0d8eff624bfb0d628eed8e48f3d2d5382b5cb21afbed367b1b6fd 3a0853ad5d31dc1a40f276651d422a9a3fa501567cd354798fc9d5fefc488701
SERVER_HANDSHAKE_TRAFFIC_SECRET e429a85a80065577e39f71adf87fe7ea211428e3bf07f35ba83f1a0179fa82e1 a5b1c9d19b1c7965b8547e30f6cd0487d001b14057dad377eee636763b238826
CLIENT_HANDSHAKE_TRAFFIC_SECRET e429a85a80065577e39f71adf87fe7ea211428e3bf07f35ba83f1a0179fa82e1 b258a132708bfcc52292a9e6eee4fc2c8858ef634fc1b88a7f3e5ed48853526f
SERVER_TRAFFIC_SECRET_0 e429a85a80065577e39f71adf87fe7ea211428e3bf07f35ba83f1a0179fa82e1 0d5a8d62f007d5e051c5557637f66d1f49f52ac69aab4020539cd297c5d59c42
SERVER_HANDSHAKE_TRAFFIC_SECRET a03ceba9fb8128db15775d3315835af841bf77832125f162bcf7afe914840d7e 2be8977f97d28394264357ce14d927f50319da66161b8df0caac85aa406ffabf
CLIENT_HANDSHAKE_TRAFFIC_SECRET a03ceba9fb8128db15775d3315835af841bf77832125f162bcf7afe914840d7e 08e24fe066fb418c6b4b7ac5f51108a50f58c6b65f34dfa781724a3e205d7096
SERVER_TRAFFIC_SECRET_0 a03ceba9fb8128db15775d3315835af841bf77832125f162bcf7afe914840d7e 44d6cdd04ab8df16dd19f694fb7eb30f8f192ee8ed70a9229db17276f8fa6694
SERVER_HANDSHAKE_TRAFFIC_SECRET 5e44228e4c13d82d8906e5548a9bd398445137882885af9efdd28ecfed2059c1 41898e960f69215185087bd5acda18c8f91b8e08356ebd7ba35d709d178c407c
CLIENT_HANDSHAKE_TRAFFIC_SECRET 5e44228e4c13d82d8906e5548a9bd398445137882885af9efdd28ecfed2059c1 7750ee1d63aa797887370d510553739e751fc800401aad817ff22bcf88b76562
SERVER_TRAFFIC_SECRET_0 5e44228e4c13d82d8906e5548a9bd398445137882885af9efdd28ecfed2059c1 3b4f7f508befb4d9403f93cfe7851fe023e7e1f32e2e7c70cd56b53165f11ab1
SERVER_HANDSHAKE_TRAFFIC_SECRET 568ac42067add1ceeb4b4938ffe4f13a470952ce833d82937395d084037ac1e4 3abed20ab118bac266e826a2c61f7fb93fbbdc9689a6b5539344b3f5ffdf713e
CLIENT_HANDSHAKE_TRAFFIC_SECRET 568ac42067add1ceeb4b4938ffe4f13a470952ce833d82937395d084037ac1e4 02a162539d81ee8c54277aa6d968f8f5364fc890ba6915f4326bb229b044168b
SERVER_TRAFFIC_SECRET_0 568ac42067add1ceeb4b4938ffe4f13a470952ce833d82937395d084037ac1e4 4acdf71c17c8fc15f67f0c58d6ee7fd6d66ac144de0d66b771b07d88fa15b08d
SERVER_HANDSHAKE_TRAFFIC_SECRET f78426e56dddd2f6ed7a5200db3fcc26b7a39f212080ac256f6924cdb609d1c3 263c854b07c717d2b336b700501476d80c3c4a3eff63381aefdc26f481575310
CLIENT_HANDSHAKE_TRAFFIC_SECRET f78426e56dddd2f6ed7a5200db3fcc26b7a39f212080ac256f6924cdb609d1c3 cd53b043199465fe2232639902174b70fbf73f449e8f0531a6932ba2fe87ab77
SERVER_TRAFFIC_SECRET_0 f78426e56dddd2f6ed7a5200db3fcc26b7a39f212080ac256f6924cdb609d1c3 995ab524458f06afb723e99ac8cc566c56a7c93575a21abd93a377561fa2bf6b
SERVER_HANDSHAKE_TRAFFIC_SECRET 6e790219263a56fea91f6eb1f14604d03ca79b0eea34d4f0306cff6363341e32 aabe1073470dc4412065ace2694f54f8cef163acaeb9f8d945ab26a2852ecfc4
CLIENT_HANDSHAKE_TRAFFIC_SECRET 6e790219263a56fea91f6eb1f14604d03ca79b0eea34d4f0306cff6363341e32 46ad6fc0870c4a1cf24933d6d853f2d124f221ce3539582a79f86e92ddc321f8
SERVER_TRAFFIC_SECRET_0 6e790219263a56fea91f6eb1f14604d03ca79b0eea34d4f0306cff6363341e32 fb760267634a0eb022b2841c4a5621fd6f2918c1c2d6521385756df8c18e1775
SERVER_HANDSHAKE_TRAFFIC_SECRET 54b90f5df4ca1f9c5d7bf2fafaa1c274cea2e6b87d4a7408b8290fb84fae04e1 b01a974bb9ebbf90aeb5d3e506b84e696ebfaf1683aa2c5c7ca7090afe4609c6
CLIENT_HANDSHAKE_TRAFFIC_SECRET 54b90f5df4ca1f9c5d7bf2fafaa1c274cea2e6b87d4a7408b8290fb84fae04e1 21310f55fa731482a5c9e5b1afe41fd3317b75905c6b33d0bc9033cfe175122c
SERVER_TRAFFIC_SECRET_0 54b90f5df4ca1f9c5d7bf2fafaa1c274cea2e6b87d4a7408b8290fb84fae04e1 7d88b42703a6ddb9b3564372ba0d9839c0a86e7d06f2928ee6ac6fd868b9030c
SERVER_HANDSHAKE_TRAFFIC_SECRET 665bc467cc3667c35eb36246401bff366261d6c0ea048c68eff48a6bc0d22f35 48c616d31dd5dde53c3a834240679f6c6ba6a9f3774ade00511f9d6190ccac3b
CLIENT_HANDSHAKE_TRAFFIC_SECRET 665bc467cc3667c35eb36246401bff366261d6c0ea048c68eff48a6bc0d22f35 e1a32accd8c79b8fd4a3ddf2ebfea8fb7061adc6f4b748b46f970aa34008ca54
SERVER_TRAFFIC_SECRET_0 665bc467cc3667c35eb36246401bff366261d6c0ea048c68eff48a6bc0d22f35 0fd7065f9977b05ebcc1f0921cf0b1e9e8f0c1bee22acd5248afc070639f39df
SERVER_HANDSHAKE_TRAFFIC_SECRET 6facc296d1a97ecc84e1025209cf00a59fc3d7685db565871539fbbda438281f 7be542b44dcab9de2c39cf3d0c422d1918302ca392816934501cd7888d9fbf3f
CLIENT_HANDSHAKE_TRAFFIC_SECRET 6facc296d1a97ecc84e1025209cf00a59fc3d7685db565871539fbbda438281f 10cc348a11014c2735cb56fdea414181c9364c50ec96e1b104cf800dd5eca4df
SERVER_TRAFFIC_SECRET_0 6facc296d1a97ecc84e1025209cf00a59fc3d7685db565871539fbbda438281f adbd904053205733046ec80c0da9b6e2564c0cdd90cf5d3385185709274e0541
SERVER_HANDSHAKE_TRAFFIC_SECRET 03441a73eb69c78091c5af1057a41c771dfb8f8e737aeba0b43aae0fb3b733fc 704bd7fe03da8fc435d6514db382872caaa478e8a19e07ab00787c83e9ba0bfb
CLIENT_HANDSHAKE_TRAFFIC_SECRET 03441a73eb69c78091c5af1057a41c771dfb8f8e737aeba0b43aae0fb3b733fc 244b4de0d902b1cff19bccff10b772b65e8ca19fcca20fa51c5bb709cf845898
SERVER_TRAFFIC_SECRET_0 03441a73eb69c78091c5af1057a41c771dfb8f8e737aeba0b43aae0fb3b733fc bc11a2905a68ad253b54bca1dbb1959f8627caff692c06321cacd9b5e050489b
SERVER_HANDSHAKE_TRAFFIC_SECRET c57547803a8ae9fb9c8ca7ef2279b55f0ab405bb88c273716b63ccad8b9a13a6 c12407df1e9ae095ebe5ca23e73cc78e5c659acf0d3b47a6910100a787c18d4f
CLIENT_HANDSHAKE_TRAFFIC_SECRET c57547803a8ae9fb9c8ca7ef2279b55f0ab405bb88c273716b63ccad8b9a13a6 fb87a268a79bbfc245acbe2608f7d94041dd1e2ad1dd21488e68b0bc58f24811
SERVER_TRAFFIC_SECRET_0 c57547803a8ae9fb9c8ca7ef2279b55f0ab405bb88c273716b63ccad8b9a13a6 276caf62b935f1a6eb51efcbba6ac19f1220a9c791a5bb23d84405b0f6176667
SERVER_HANDSHAKE_TRAFFIC_SECRET 25cdf81a950fc943fe0d27f44556fff2d81e4d7b5e7118dfff482602f517f30e 79088190ebaf0e9f6b1b246e80be3571f4348ade64b54b48610b7a173963bb3e
CLIENT_HANDSHAKE_TRAFFIC_SECRET 25cdf81a950fc943fe0d27f44556fff2d81e4d7b5e7118dfff482602f517f30e f5efa319e74328031f9207c318d46a7de544a79049682f68412bfb9ba4db85ba
SERVER_TRAFFIC_SECRET_0 25cdf81a950fc943fe0d27f44556fff2d81e4d7b5e7118dfff482602f517f30e cbacf3c69aff477f4ff0510132fd3d1d3d353f7255a586d24265d32d0e841aa7
SERVER_HANDSHAKE_TRAFFIC_SECRET 8bdabc41443055d8667774626192076a756afbd98d01243a3a23b15cae0b5434 b6db2aab1455934e3c0cfdf776f49069507d14b4394a350bae32ceba0bcc8a5f
CLIENT_HANDSHAKE_TRAFFIC_SECRET 8bdabc41443055d8667774626192076a756afbd98d01243a3a23b15cae0b5434 a92c8ea30a2e3e2a2638c11f8b19b3f92368cee09dc400a67923ac5e0b6fa801
SERVER_TRAFFIC_SECRET_0 8bdabc41443055d8667774626192076a756afbd98d01243a3a23b15cae0b5434 f24624d3ef9391d44559ef216eeb4d3829a4f39311d1d13677b6e3e916944e8b
SERVER_HANDSHAKE_TRAFFIC_SECRET 8e53a9494bc1cbb6b7eab09632dc38842ba8837c5e440f15948984c4e9446d0c 717f8b5b21056e3db91f5ebeddf9869b0b2991f5e83881d341363580bdf3119f
CLIENT_HANDSHAKE_TRAFFIC_SECRET 8e53a9494bc1cbb6b7eab09632dc38842ba8837c5e440f15948984c4e9446d0c 28bdc3254eba7659033f31e899ac5426db19bb306cc15a1535d4dcebea26b10e
SERVER_TRAFFIC_SECRET_0 8e53a9494bc1cbb6b7eab09632dc38842ba8837c5e440f15948984c4e9446d0c fb989b25bf5964fce45239600e3e0b3e4670cc96b7fc3907e1eb51ed0a32d355
SERVER_HANDSHAKE_TRAFFIC_SECRET befddf045fc74415d174c8afbe4c0201d269ba1fddd676b9777d85427a60b190 2fd22afda5586f14eb0490ea0a6be534c4fc7891d5559196ae87591950f10454
CLIENT_HANDSHAKE_TRAFFIC_SECRET befddf045fc74415d174c8afbe4c0201d269ba1fddd676b9777d85427a60b190 be860b441d2a939fb615e1e9edbf75275de6e5763adc4d45dc206aebc6792681
SERVER_TRAFFIC_SECRET_0 befddf045fc74415d174c8afbe4c0201d269ba1fddd676b9777d85427a60b190 2b733a7800b3f56b9ec4befd0daaee4868e036ab57da79f323b07dba1f939796
SERVER_HANDSHAKE_TRAFFIC_SECRET eb19f5faf25bf4596821b36992c56ca9ff598bab056d07b3119011a65ddaafc5 3ab1b1b480834d537b48ed354c84b088f06dc907fcd773940479a7aebb027c12
CLIENT_HANDSHAKE_TRAFFIC_SECRET eb19f5faf25bf4596821b36992c56ca9ff598bab056d07b3119011a65ddaafc5 dad38ea15b4173616a11717146429f8d99f792b1694761785e3131fa0dd7746e
SERVER_TRAFFIC_SECRET_0 eb19f5faf25bf4596821b36992c56ca9ff598bab056d07b3119011a65ddaafc5 609cdfad489f741cd6e0889135f31ea763b42bcdfb610c70a8a91cad1ac5c17e
SERVER_HANDSHAKE_TRAFFIC_SECRET 75d01124a0e89c828e281b2023d9995a2e9bea0f405a676e5eb6359d7cda0599 8774d0e52da4d875e6dc81320b453ca62bbce254d2dc2dc8809a9f90de625e4e
CLIENT_HANDSHAKE_TRAFFIC_SECRET 75d01124a0e89c828e281b2023d9995a2e9bea0f405a676e5eb6359d7cda0599 6da6d30ca082c9be0cad5472f6dfc84622b2e5a0662ccf1389dadcc1ffd37b12
SERVER_TRAFFIC_SECRET_0 75d01124a0e89c828e281b2023d9995a2e9bea0f405a676e5eb6359d7cda0599 c5c3b53f35391d3cb7b5d1b83fe600b8c59fea4fbd271e4df793eaac1177e35f
SERVER_HANDSHAKE_TRAFFIC_SECRET 28c6cf59969beb437796470a7f1ec10684ca58ac63ec92963aa4697c5df13a99 c742dd5d89f39a14b3cc0749d5ef8dcfb37268db0fc53e5aa54274a22095bcd4
CLIENT_HANDSHAKE_TRAFFIC_SECRET 28c6cf59969beb437796470a7f1ec10684ca58ac63ec92963aa4697c5df13a99 6319ad2e51576df0245bf5c4e678d34dcb9873ccbe8f1600836b7e52db546b5e
SERVER_TRAFFIC_SECRET_0 28c6cf59969beb437796470a7f1ec10684ca58ac63ec92963aa4697c5df13a99 9965c644bcda77aae2fead61a37aca1428b509dfc667a986cbe6d9fb83877c00
SERVER_HANDSHAKE_TRAFFIC_SECRET 6876beca10e72651405fbe09ef51b968ac8d13218b959495faa5c30857b49dd1 f3d4aa64e7b28ac73549dfac37ae21325e7b2ce1539bab7397a7f51165d741c4
CLIENT_HANDSHAKE_TRAFFIC_SECRET 6876beca10e72651405fbe09ef51b968ac8d13218b959495faa5c30857b49dd1 3f22a789f98504a5a6c106b90d6367ec07e6676beb3ac752a4af9556fdeffafd
SERVER_TRAFFIC_SECRET_0 6876beca10e72651405fbe09ef51b968ac8d13218b959495faa5c30857b49dd1 7f94bf5ee0c79145fabbc460b48dcb84e9ce1776db8f21b9e690333855f897b1
SERVER_HANDSHAKE_TRAFFIC_SECRET 2df5cb0a35f346720e0c893935ed047cf06d5442882c74defd2557011743ea8f 4a8ac7d0b6fc8ce579878a14984dda332f91232340f123b26d3f57faf72ace65
CLIENT_HANDSHAKE_TRAFFIC_SECRET 2df5cb0a35f346720e0c893935ed047cf06d5442882c74defd2557011743ea8f 473e7dc3e24fb9080fa837fab3b46456af755a9459c2171a6c40213bd577b167
SERVER_TRAFFIC_SECRET_0 2df5cb0a35f346720e0c893935ed047cf06d5442882c74defd2557011743ea8f 40d913f945e4dd9de26c9a1aa8d72e14797beca912d5c0988d0b6b6492b068dd
SERVER_HANDSHAKE_TRAFFIC_SECRET c0fd738d5e5050ac16bc3b86931dc66a5538a6ba02a702b2ad2e6c31d100bca5 09e495d9c00f965134e5c5ccea84bcdc4de2e432d18d661c83e3d00af49ab569
CLIENT_HANDSHAKE_TRAFFIC_SECRET c0fd738d5e5050ac16bc3b86931dc66a5538a6ba02a702b2ad2e6c31d100bca5 36156edccfe390b3fd6e7b3d0dac6cb6c0ffcd1d74540823254f3f011ca654d1
SERVER_TRAFFIC_SECRET_0 c0fd738d5e5050ac16bc3b86931dc66a5538a6ba02a702b2ad2e6c31d100bca5 f6702e42e723b4b4d37f5fc103dc4d5ab2737896667628a89401cadb2dffc102
SERVER_HANDSHAKE_TRAFFIC_SECRET 5d656be4d4804f5523f382fe713f663b79b4ad12da72135d14dcfaa4cbf0b269 2a7035c0f4bc8a342df5873251b5659bc58fdef183ef471b054facbeb5bb9e9e
CLIENT_HANDSHAKE_TRAFFIC_SECRET 5d656be4d4804f5523f382fe713f663b79b4ad12da72135d14dcfaa4cbf0b269 9eaafcfee819dce60742bcea640a0e81d4cd81daa4f46158d27f74f98be95dc6
SERVER_TRAFFIC_SECRET_0 5d656be4d4804f5523f382fe713f663b79b4ad12da72135d14dcfaa4cbf0b269 31b50438bf3e1b7e0c4662702917974dd0169c56facfee1fe198ed204b640fba
SERVER_HANDSHAKE_TRAFFIC_SECRET ae6130b2ad2d1ec77b83f91634e7eb0cf203da635976b102cb43c964b6920010 642cc1d7a5c2e5235e1ee95b2bfdf8d6c6b3e8796243c0d8cee5a8edfc965573
CLIENT_HANDSHAKE_TRAFFIC_SECRET ae6130b2ad2d1ec77b83f91634e7eb0cf203da635976b102cb43c964b6920010 70387760c37027cfe8225728c5d53148860358fb51c3da66843d4656da7bb85e
SERVER_TRAFFIC_SECRET_0 ae6130b2ad2d1ec77b83f91634e7eb0cf203da635976b102cb43c964b6920010 e671c71ae4b6d3a36fffe010fa6713ffc89b77acb0198360ce630c5fd1b23756
SERVER_HANDSHAKE_TRAFFIC_SECRET c5460a1816e2f6452eae4e1be4119557fcc2096857c25e735215c901c3915e44 f80cc6315931aac1b4830f30798043941c861006198142cb52a9a493bd83545c
CLIENT_HANDSHAKE_TRAFFIC_SECRET c5460a1816e2f6452eae4e1be4119557fcc2096857c25e735215c901c3915e44 838a571798c0224dbc40fdfee27a70e9ab11ba5145a6ecaf40ed5fb1861eea58
SERVER_TRAFFIC_SECRET_0 c5460a1816e2f6452eae4e1be4119557fcc2096857c25e735215c901c3915e44 e1721966287b89ec52e0cc99fbe8e80fb9530e28eaf19ce4319d688ca0602d17
SERVER_HANDSHAKE_TRAFFIC_SECRET ce9e1d23c15009650bad654e244d73a9db6f6681e538f244cc5c9382dcf87c86 f6a78597f25372f49f61f8cf04bd38105729867537bd2abc491c3decf9f12e4b
CLIENT_HANDSHAKE_TRAFFIC_SECRET ce9e1d23c15009650bad654e244d73a9db6f6681e538f244cc5c9382dcf87c86 5ac9d9ae3b16439ab5786724a4e39dc19eb5012ea871d59ad24cf284f3a11c98
SERVER_TRAFFIC_SECRET_0 ce9e1d23c15009650bad654e244d73a9db6f6681e538f244cc5c9382dcf87c86 95a3eb471081dae58822af2f371a9b4422416790b95e8a4a05f3d9613cce970d
CLIENT_TRAFFIC_SECRET_0 ce9e1d23c15009650bad654e244d73a9db6f6681e538f244cc5c9382dcf87c86 0c634c481e58dea70f137a45e7d2cfacd07edce172f7817591e0ff4c114794f9
SERVER_HANDSHAKE_TRAFFIC_SECRET 6ecb1965c40555f479085254f7a210765635da9e27b52d9501e87b063bef73fd a083364580654b53ba1579f9d0aae46426c1c4c70acb91f6855b17189908decb
CLIENT_HANDSHAKE_TRAFFIC_SECRET 6ecb1965c40555f479085254f7a210765635da9e27b52d9501e87b063bef73fd a9abd7a60c776aede4e5baeed436cc1b427d86971f2dad24e80a4d8fa1881e04
SERVER_TRAFFIC_SECRET_0 6ecb1965c40555f479085254f7a210765635da9e27b52d9501e87b063bef73fd 5cc82deb160ae3f290180ccd26efd4a364ab55697ac840ad2676641caf7c3845
SERVER_HANDSHAKE_TRAFFIC_SECRET 3b1cbfe617e51011c65731033db21d07d84970cbab7af29c70fb12fc37af8b74 6d614066edb934d8e0c8bc7939acc0ed09de8c4c7fe72e3039887ca366ea8bb4
CLIENT_HANDSHAKE_TRAFFIC_SECRET 3b1cbfe617e51011c65731033db21d07d84970cbab7af29c70fb12fc37af8b74 a0a3e25acf6c13844d3cb843ed4c3e21ecd4fb2d9a8c2b444b4063288981e75e
SERVER_TRAFFIC_SECRET_0 3b1cbfe617e51011c65731033db21d07d84970cbab7af29c70fb12fc37af8b74 0d978581b9207178c2c141518e64fa0f54bd06634ad05fdbd70e054e47ed70b7
SERVER_HANDSHAKE_TRAFFIC_SECRET 84deeb65ce0236777f1aa2c509cd74cde8e2e32fc76117f2b7ae414a571beee0 05728d213f8427e4b34594d165fdb33c75663ce165fd321b7d906e9d260895a8
CLIENT_HANDSHAKE_TRAFFIC_SECRET 84deeb65ce0236777f1aa2c509cd74cde8e2e32fc76117f2b7ae414a571beee0 42cdb39b543cc5a721d30805ea2306a892e18f9c7d7c7508f795d2c6634a9d6d
SERVER_TRAFFIC_SECRET_0 84deeb65ce0236777f1aa2c509cd74cde8e2e32fc76117f2b7ae414a571beee0 5af3c557564d2e6b46ede0bc2bb019961b5f6bafd9836a081e4204623f0b7357
SERVER_HANDSHAKE_TRAFFIC_SECRET 79675d89d2965ff7af53d3ff0e16313cf561b666b853859e987f0f24017324c2 6f188200637b88a47d379b6096ee59095b33cb13537d1d2dfc748ca8154c9973
CLIENT_HANDSHAKE_TRAFFIC_SECRET 79675d89d2965ff7af53d3ff0e16313cf561b666b853859e987f0f24017324c2 9cd1944e7c629b0309bbd13b0f0e88f72c6347913667d0f9124f5d179335acc1
SERVER_TRAFFIC_SECRET_0 79675d89d2965ff7af53d3ff0e16313cf561b666b853859e987f0f24017324c2 7524820b4ddcae32179826f66e6f819cb68f9850155bc1d0a7c1bb5825b8a30b
SERVER_HANDSHAKE_TRAFFIC_SECRET 3f1aa6255c039adff315bcc60149242c6f1660d9cbc211cfc078eae48317683c 97741169424afc8ddf48e37958046a006c9046abe84eaee36d242718e6def96d
CLIENT_HANDSHAKE_TRAFFIC_SECRET 3f1aa6255c039adff315bcc60149242c6f1660d9cbc211cfc078eae48317683c c41a2fb43b350f5a97f8bb6d6a6ab349d5f584880346bbbde98f5aa4a8bcda25
SERVER_TRAFFIC_SECRET_0 3f1aa6255c039adff315bcc60149242c6f1660d9cbc211cfc078eae48317683c b210ca20dca58fe2c92ce37c7fe05418c29a5b103d1b0668fa164748ef8dea48
SERVER_HANDSHAKE_TRAFFIC_SECRET 3755ff99b23b1390476366fc7db4393f7d2487f39db64993421fe06f36374ced 803182855d624c0e937825321faaf481e136f9fc02c952c27780f4fd16b8dd77
CLIENT_HANDSHAKE_TRAFFIC_SECRET 3755ff99b23b1390476366fc7db4393f7d2487f39db64993421fe06f36374ced 2f17ecd9931e9d9e64913c5749837501ad994f0e289df4c845a5442ac912bf7c
SERVER_TRAFFIC_SECRET_0 3755ff99b23b1390476366fc7db4393f7d2487f39db64993421fe06f36374ced 894138394ba3b3c37c2df3e0c3f68cea41a8e77b2955392ce15d9d57f9e461e3
SERVER_HANDSHAKE_TRAFFIC_SECRET 189502172f92d99d4bc96f06a84d8a60f86a4466ecdd89c97015d053dbee6d3e b77a3b195a22403ae127029b226f0dead0f6e186073791b21a4e53e637e9448d
CLIENT_HANDSHAKE_TRAFFIC_SECRET 189502172f92d99d4bc96f06a84d8a60f86a4466ecdd89c97015d053dbee6d3e 1b20dc419c3dffe7d454d77468887b10390048770ae2e522f08e57cffb989929
SERVER_TRAFFIC_SECRET_0 189502172f92d99d4bc96f06a84d8a60f86a4466ecdd89c97015d053dbee6d3e ce230bcc1805906b152240ec36b629b78a6365ccca36aa782e4aaa34faa0f699
SERVER_HANDSHAKE_TRAFFIC_SECRET e57caa129731383e1672f6f68337ed79e5edeae0e1bdb3d81f3c863ffab117fe 89df81bbc4990cd29e4c4b525b2354dde51d19a089206022a8a426e859663503
CLIENT_HANDSHAKE_TRAFFIC_SECRET e57caa129731383e1672f6f68337ed79e5edeae0e1bdb3d81f3c863ffab117fe f25b8e7804c8ecdcfd04874997bce2f3d4045073691b211f02d698ddd6c10a95
SERVER_TRAFFIC_SECRET_0 e57caa129731383e1672f6f68337ed79e5edeae0e1bdb3d81f3c863ffab117fe 80075d0a8a7da6302f3efa5f584dd91869e54dfd2e4430a51aa32ccdf879f0fc
SERVER_HANDSHAKE_TRAFFIC_SECRET 1f3822205586d8e5e66378dc66b2866bbe46e32f2ebae7aefeb06b59f9ec723f a6e3786c164b8718a982ab9393366a4eb009ac589a24a5d9be6f6b76762b247b
CLIENT_HANDSHAKE_TRAFFIC_SECRET 1f3822205586d8e5e66378dc66b2866bbe46e32f2ebae7aefeb06b59f9ec723f d56c9f1c6af470730c7e07f946a72d0ef487a26238d4ff04ba7d80d75bf61459
SERVER_TRAFFIC_SECRET_0 1f3822205586d8e5e66378dc66b2866bbe46e32f2ebae7aefeb06b59f9ec723f 704df3fe3daac06758b1bfe862447e751919a5af860a4dfaca80ae2c916292de
SERVER_HANDSHAKE_TRAFFIC_SECRET f16db931d2195b40b469757d0b8669ffc37054ecd421f265b3fe6429a951f3bf 244c6b69dbd01378794f8f55b7e5367d5363b4259733ec48c6d030bcfb984ddd
CLIENT_HANDSHAKE_TRAFFIC_SECRET f16db931d2195b40b469757d0b8669ffc37054ecd421f265b3fe6429a951f3bf cdaa38f5abb360ad1a08293568a7b5947c4583c48c78fac8996ea7fcb3d57337
SERVER_TRAFFIC_SECRET_0 f16db931d2195b40b469757d0b8669ffc37054ecd421f265b3fe6429a951f3bf 5f875de4c788baecbccc1c6757a3dabb8ab9f8fe05a384b7a69d2e424e474f26
SERVER_HANDSHAKE_TRAFFIC_SECRET f64a58d24732a748d0944261740d361bb1e8608301a27e814eaa1ff942a1fa23 47b1219a33ad89957dc7ddcf0d0fe94d2ae0ffac0db9759e6430802aac1aa888
CLIENT_HANDSHAKE_TRAFFIC_SECRET f64a58d24732a748d0944261740d361bb1e8608301a27e814eaa1ff942a1fa23 eee85d653d7f347e688289d04265fe120a849576e4a0ded11faecf1138feb26a
SERVER_TRAFFIC_SECRET_0 f64a58d24732a748d0944261740d361bb1e8608301a27e814eaa1ff942a1fa23 f5725f756e592c564648beef28722feefc0d2b77818acfd1e788afa17d748f7d
SERVER_HANDSHAKE_TRAFFIC_SECRET 95d8be5adfd5da12c9a75d4c1f3ef39c3d50566373d92ff027570ea038dedab9 03015a5eb87fcef1a52dd4f69dd10c8cbc875b01ed69e8b504fd9a49ba7a50d5
CLIENT_HANDSHAKE_TRAFFIC_SECRET 95d8be5adfd5da12c9a75d4c1f3ef39c3d50566373d92ff027570ea038dedab9 b4e5a6c1de8bc3eb4c2b14d972a3902f537e3403e6918807f8dff5e482206204
SERVER_TRAFFIC_SECRET_0 95d8be5adfd5da12c9a75d4c1f3ef39c3d50566373d92ff027570ea038dedab9 18587b3f19202b2acf5905cea337c8ed91892a594827c0a2f68a4cf3dc2383b0
SERVER_HANDSHAKE_TRAFFIC_SECRET 1d586bdea0a23343d92537be78dd8ca63b64013c1a7ff2dd774a723c102a6a0d de4045ce3c4912543c7d816be5b061712af7aa7012a62d94bee5c9305f2721a2
CLIENT_HANDSHAKE_TRAFFIC_SECRET 1d586bdea0a23343d92537be78dd8ca63b64013c1a7ff2dd774a723c102a6a0d 11ef8369fffb076be2ccf1479e3d147d2f94f2bd27c8d299b3248e551a4e3c5c
SERVER_TRAFFIC_SECRET_0 1d586bdea0a23343d92537be78dd8ca63b64013c1a7ff2dd774a723c102a6a0d d28d50ad6752e212030ddd71f57781727fc24e4c4d9a97548552973625881f6e
SERVER_HANDSHAKE_TRAFFIC_SECRET 7fb7474e99ca25467e16e0fb946156877ad97683fac4ae53e47c5579ab7ced96 5374a67689ab17c4202c0f8daad34aecd144875f3729a40284e361e44dcffbe2
CLIENT_HANDSHAKE_TRAFFIC_SECRET 7fb7474e99ca25467e16e0fb946156877ad97683fac4ae53e47c5579ab7ced96 1f01dc4841613b6bd30376de0218d3362e591a9664775886209bc075e73a4687
SERVER_TRAFFIC_SECRET_0 7fb7474e99ca25467e16e0fb946156877ad97683fac4ae53e47c5579ab7ced96 d546333f81a7c29e61de60e37b5343866ad84f6dd538cb8c36c2aad972c83aaa
SERVER_HANDSHAKE_TRAFFIC_SECRET 640afa21a50135990da7babaf589742a25169b39a44c5507ee210a72ebf4050f c36f4e285aa85b0fa5ffc5b2226d08de293b896cd9d98c3594f80005f4c4b27d
CLIENT_HANDSHAKE_TRAFFIC_SECRET 640afa21a50135990da7babaf589742a25169b39a44c5507ee210a72ebf4050f 3aefa383f818c6f76f8d0c634f67567ed0779e5a474daf6b28dcee4869836faa
SERVER_TRAFFIC_SECRET_0 640afa21a50135990da7babaf589742a25169b39a44c5507ee210a72ebf4050f d019683d4a43084099466a90564b87a81314f06f7a28eebd6c4ec48b09cff0ce
SERVER_HANDSHAKE_TRAFFIC_SECRET 4077f46ac266490a8f02ee228d3bb503704c285270abe06fe95184d247ac4f24 34b712ffa4ce95ebfc71223437ad87d9fbf891ae1df75434469a440a3b1d7444
CLIENT_HANDSHAKE_TRAFFIC_SECRET 4077f46ac266490a8f02ee228d3bb503704c285270abe06fe95184d247ac4f24 bf6daacf92e661c413a58ab4f34d7631cff7ac5c5d7282f563231bc6efd312bc
SERVER_TRAFFIC_SECRET_0 4077f46ac266490a8f02ee228d3bb503704c285270abe06fe95184d247ac4f24 f1f9164d67b74a38294a17be05208bed2820beb2ccb9c619f908a8df538116a9
SERVER_HANDSHAKE_TRAFFIC_SECRET 5d08a05a0f1dd984837e8d0cf73ac6916ea3c2ab8f7ca2c0be90ce29409b62b8 5ee3673f41da4b2b978e121da909cfcda0b01696a6bbd05886c70f830e36d2fa
CLIENT_HANDSHAKE_TRAFFIC_SECRET 5d08a05a0f1dd984837e8d0cf73ac6916ea3c2ab8f7ca2c0be90ce29409b62b8 31704a8faddc9fcf6cbdce9a802faec5fa834b9698c961cd9975333e7188ef56
SERVER_TRAFFIC_SECRET_0 5d08a05a0f1dd984837e8d0cf73ac6916ea3c2ab8f7ca2c0be90ce29409b62b8 9674b47783c09b308c86903b0bcd86660234b2cb22b1004479af76589046f4a5
SERVER_HANDSHAKE_TRAFFIC_SECRET b2e81e47a48204afecd1ff3416b0931bbd7c774eed3786941cf41da96a183bc6 853c87b9dd67a9c9d90a0c9c9841af6e8fbb8ca2d622556dadb655d9f5d4eb1e
CLIENT_HANDSHAKE_TRAFFIC_SECRET b2e81e47a48204afecd1ff3416b0931bbd7c774eed3786941cf41da96a183bc6 4f0bc76886a09abc3a6837c85386e101a24c711153bbaf814f1732e1a722ba95
SERVER_TRAFFIC_SECRET_0 b2e81e47a48204afecd1ff3416b0931bbd7c774eed3786941cf41da96a183bc6 4c2ab523795b588a5df3125c7c128446c89c81428c69553923b555046cd7a98b
SERVER_HANDSHAKE_TRAFFIC_SECRET 88a4774acd29e218f4d676bf431cdab71039129332724ca356260a211929c963 2f8f6b09202dbd85b82373011292358be570b19a1848cd18c3de89d53086c47b
CLIENT_HANDSHAKE_TRAFFIC_SECRET 88a4774acd29e218f4d676bf431cdab71039129332724ca356260a211929c963 c827c59b367f808c032cce64c5462529394264ad83e299ec613f6fc8ef6029f7
SERVER_TRAFFIC_SECRET_0 88a4774acd29e218f4d676bf431cdab71039129332724ca356260a211929c963 ff2bc384b7814eb33773b70758e771f5ca3862f779cf8e337603fb430bf3dc9c
SERVER_HANDSHAKE_TRAFFIC_SECRET 23dc41bf438127bbfcf7793d938c52e7c8c81f4cd63b1c18f9d263b1c8865a84 e9a86cea01e132c5f7175720864e543b068cb5dc81c6b6bb89bdbb549ab43c06
CLIENT_HANDSHAKE_TRAFFIC_SECRET 23dc41bf438127bbfcf7793d938c52e7c8c81f4cd63b1c18f9d263b1c8865a84 d9030c5368c18757381b99689e910fe476b1f8a2ee05a6ff70825340c138eb21
SERVER_TRAFFIC_SECRET_0 23dc41bf438127bbfcf7793d938c52e7c8c81f4cd63b1c18f9d263b1c8865a84 466347c011e961d33e4ab7048de96bb10411b132766be26893095d49a1e5da81
SERVER_HANDSHAKE_TRAFFIC_SECRET 5a46892a5c05bdb094cc1c2bf374700afa82083e082b19508579c91e98632421 96eaea7b3f2a2adee2c16112fbf0783f77555e8ff67775f1f182202f25cc352c
CLIENT_HANDSHAKE_TRAFFIC_SECRET 5a46892a5c05bdb094cc1c2bf374700afa82083e082b19508579c91e98632421 3772ffa92d9800eaeaaf7d04bf4ab445bf132e6d6614c627e74381786d025a8d
SERVER_TRAFFIC_SECRET_0 5a46892a5c05bdb094cc1c2bf374700afa82083e082b19508579c91e98632421 8a8ec0eb24aafe86f840c6b3b400ab773b42afce7dfd186844933c66d3c42a0a
SERVER_HANDSHAKE_TRAFFIC_SECRET 8738a771a8aff85ff93b33bb9a29b3bea0f10c9f4eb5b36d525b5a23305237eb bf43f05886fae039d96a02ec4dc59ca154c8dad8606167593486c301b3e3817e
CLIENT_HANDSHAKE_TRAFFIC_SECRET 8738a771a8aff85ff93b33bb9a29b3bea0f10c9f4eb5b36d525b5a23305237eb b67e7b50f0d20173f1679ef812ba28480d45d2f8fd2df1f1ca15ad76beffcf39
SERVER_TRAFFIC_SECRET_0 8738a771a8aff85ff93b33bb9a29b3bea0f10c9f4eb5b36d525b5a23305237eb b0832817615a2fb47a1575f1017715849639a914e04e59774506b179f8c63e54
SERVER_HANDSHAKE_TRAFFIC_SECRET 9b34bc990030946435b4f91022d987d2a4f57136a41bd200fa9ec45b3ee45a08 d98dcee2aa82eb02267bc8708b0b7af74571b66e784063c64ba2345675382d9e
CLIENT_HANDSHAKE_TRAFFIC_SECRET 9b34bc990030946435b4f91022d987d2a4f57136a41bd200fa9ec45b3ee45a08 91ad9d3f18cd6c8dcbc23032a43a17cc2eb2c5612a90ddcb8f0fb67f5972c1ce
SERVER_TRAFFIC_SECRET_0 9b34bc990030946435b4f91022d987d2a4f57136a41bd200fa9ec45b3ee45a08 9cb5f343ad1349ef4567229dde744be9726000600ac1f68310c8f14116b3ef0f
SERVER_HANDSHAKE_TRAFFIC_SECRET 08342afe11b401492d160c1884fdd69bf1c17de5a36223f09fec4997db6abad3 eafd58ee2bae440d262d0831e5338597a2bcc446097d5183d1eb31d77aa4f516
CLIENT_HANDSHAKE_TRAFFIC_SECRET 08342afe11b401492d160c1884fdd69bf1c17de5a36223f09fec4997db6abad3 1df0be4d5e40c5162fee1416e770e4fe723e7e90c412e1fe8ceb3aa78e21a74a
SERVER_TRAFFIC_SECRET_0 08342afe11b401492d160c1884fdd69bf1c17de5a36223f09fec4997db6abad3 638f64c84d19efd2eb49b286a08f9e492330a3bb8787b6a0c67e0aa16a7ae443
SERVER_HANDSHAKE_TRAFFIC_SECRET 814d983f3b627facba74e1011337efd91ff2d31b73de970c2ca4f6f948c6aa6f 98b8e2b8d709a619729668fd13a1726bf67c0f2a5c32554e7f76c6a113300350
CLIENT_HANDSHAKE_TRAFFIC_SECRET 814d983f3b627facba74e1011337efd91ff2d31b73de970c2ca4f6f948c6aa6f 85f5c8b86e352c8fb35645d663bc574ac24d339cadb5e0525d79edd05c95e2d4
SERVER_TRAFFIC_SECRET_0 814d983f3b627facba74e1011337efd91ff2d31b73de970c2ca4f6f948c6aa6f b6960e4a9fb097d8544574caa685e7374a224b379b1bf3b8616230a7e93c9ee2
SERVER_HANDSHAKE_TRAFFIC_SECRET a9049081ed287cefae7739149343d8737b20e33ccb8b426b0f22f1771b24432c 06207c27a103b827c50cf9582df6d5afaddb7f96f002a01c2985856cffb95683
CLIENT_HANDSHAKE_TRAFFIC_SECRET a9049081ed287cefae7739149343d8737b20e33ccb8b426b0f22f1771b24432c d22d3fd2a4487e9d1f51ce2117b8c3a2035a1d946b7ca6df2fafa2c52b00b274
SERVER_TRAFFIC_SECRET_0 a9049081ed287cefae7739149343d8737b20e33ccb8b426b0f22f1771b24432c 475773551505b2e396395a0f6eab11aee33388d9c6d60371856a84407f0dbc7f
SERVER_HANDSHAKE_TRAFFIC_SECRET 5a6032b544be12ecf11ef48f35ba792c4a0acad437d4545924efd48f41484c89 efdb781b572a48ca2c1c42c2c73e8222127029e49ecc628cbbc8eb290776f5b1
CLIENT_HANDSHAKE_TRAFFIC_SECRET 5a6032b544be12ecf11ef48f35ba792c4a0acad437d4545924efd48f41484c89 4c37b3d3e7377d9cb3f76878703be610b0afb6841ec7f55c4e3624d92e363dd0
SERVER_TRAFFIC_SECRET_0 5a6032b544be12ecf11ef48f35ba792c4a0acad437d4545924efd48f41484c89 c95224ca089654d95109ceb35bf49a3ab52f58f4eb89efd8397a9d2219a015e4
SERVER_HANDSHAKE_TRAFFIC_SECRET f2fecbb05c08241387a99038ea2d49f2759a3b6f4a584e8d94dea565e80a401c 9edffa8aa744c0dbd905adc918a8a1dbe6b8b8d10717b7d192a44bf35a1c6f5c
CLIENT_HANDSHAKE_TRAFFIC_SECRET f2fecbb05c08241387a99038ea2d49f2759a3b6f4a584e8d94dea565e80a401c d34401acd1bf552408cba74dbbf1cb67a85483463c41ee954b0cf565b2fc4636
SERVER_TRAFFIC_SECRET_0 f2fecbb05c08241387a99038ea2d49f2759a3b6f4a584e8d94dea565e80a401c 3097e95bce01b03f363b54265b610edaa78828c99b508965690f2a59daf26641
SERVER_HANDSHAKE_TRAFFIC_SECRET 081ffd01dff24a57445354712afe0ac08f0b7273b09c28995d4b9bda676f6070 1e955366be99be9fbe1b70da166992df06cd6b65a4932c5e4fe12097f0488375
CLIENT_HANDSHAKE_TRAFFIC_SECRET 081ffd01dff24a57445354712afe0ac08f0b7273b09c28995d4b9bda676f6070 da830587bd01f61a1ceebb0c1527e48ea02aeee94e66614c9fb2c58a5a77f600
SERVER_TRAFFIC_SECRET_0 081ffd01dff24a57445354712afe0ac08f0b7273b09c28995d4b9bda676f6070 aec5bc3bda8f90d9654b66857e93554062be3c5e811acf2a23589c1a72d7c97f
SERVER_HANDSHAKE_TRAFFIC_SECRET ed23ba42fa5856527595a42a4a9171a592174fc8f85991afebbece569cec61b2 83c29716067cc193b25355ef670cc019424cf1175d3fd62111b9a36ade4051bf
CLIENT_HANDSHAKE_TRAFFIC_SECRET ed23ba42fa5856527595a42a4a9171a592174fc8f85991afebbece569cec61b2 ec737681221c7837da697723ef0abac29225c4690770e57ab880bc04bbf1ee6b
SERVER_TRAFFIC_SECRET_0 ed23ba42fa5856527595a42a4a9171a592174fc8f85991afebbece569cec61b2 bbac75b7584f2aeaf93c750315f70369a18396b4a1cedcf0e052501bc526511f
SERVER_HANDSHAKE_TRAFFIC_SECRET 7bf412279001f9a1d3b13d2f2d806c6fe57b182c3fafceb3c0d701463e0bc882 1406e6e6664423994d5e968d82fca2b24318b3f6009e58cac15367be11b0134f
CLIENT_HANDSHAKE_TRAFFIC_SECRET 7bf412279001f9a1d3b13d2f2d806c6fe57b182c3fafceb3c0d701463e0bc882 88c44cbef7027b9c786af84ba00a310c2de2e0e3e4de42295ad56b7945fcbb0e
SERVER_TRAFFIC_SECRET_0 7bf412279001f9a1d3b13d2f2d806c6fe57b182c3fafceb3c0d701463e0bc882 ff5f1250b081e6e5d0a77d2bcc82cb60204f3f96625ee329a750e913b6e39de2
SERVER_HANDSHAKE_TRAFFIC_SECRET 8718cf68086d6be952df05961fbee9f1553f041d44cd57a4d7ee6cd02fbfcd75 6f82bb4f5e7a93d893421f2c19f9078a050437d9abe44739f31ad1f1e7029a72
CLIENT_HANDSHAKE_TRAFFIC_SECRET 8718cf68086d6be952df05961fbee9f1553f041d44cd57a4d7ee6cd02fbfcd75 ec954a3cf86e11b6c4cea427b568702010cea266ea912bb7eec27ce9cc498cb1
SERVER_TRAFFIC_SECRET_0 8718cf68086d6be952df05961fbee9f1553f041d44cd57a4d7ee6cd02fbfcd75 aa11f90dc6a285123323d6f7d8bc2558b0a33b80395d91c60232d6c0b20a4b7b
SERVER_HANDSHAKE_TRAFFIC_SECRET 6f0ef665e0c1c643528e2f46f4fcbfe92aead266e3abc1d0d03da831e44ce921 14ca936511cc88948b16bd3420e96db04ca1669553bdd3b49cfb1388b39a2ebf
CLIENT_HANDSHAKE_TRAFFIC_SECRET 6f0ef665e0c1c643528e2f46f4fcbfe92aead266e3abc1d0d03da831e44ce921 c74eb764391e6dca28d87edcbfd6ade2f282941cc74d8437220ccd01ef79d54c
SERVER_TRAFFIC_SECRET_0 6f0ef665e0c1c643528e2f46f4fcbfe92aead266e3abc1d0d03da831e44ce921 1bc0fbef238136937b4c1703b08fd011b9ac7d27a959ca506e62411f85f68406
SERVER_HANDSHAKE_TRAFFIC_SECRET 319e718282b06c6b8f511f63868a0340f48203143d762e07728db52c3ffc72be 8036dc37f94c9c99ea6561652bc702394da7252821721ebe018c5356635dce02
CLIENT_HANDSHAKE_TRAFFIC_SECRET 319e718282b06c6b8f511f63868a0340f48203143d762e07728db52c3ffc72be a1eeea4a9572fe8f8fd62ad30bac412241af0646e1fc36c504748e6c03486ecd
SERVER_TRAFFIC_SECRET_0 319e718282b06c6b8f511f63868a0340f48203143d762e07728db52c3ffc72be 7635270a5208d89c466137ffd3602f703671e413079c797e88c11342b72d725d
SERVER_HANDSHAKE_TRAFFIC_SECRET a6ca51d3114ae5d84185398ec00aef7ccd7fbafdcad4ff3d5dd0372d73f2a6a9 4affa49d4f0469bed915862882bf8937db51ae0c89a5d8788640d0c0c0bf1e0e
CLIENT_HANDSHAKE_TRAFFIC_SECRET a6ca51d3114ae5d84185398ec00aef7ccd7fbafdcad4ff3d5dd0372d73f2a6a9 864c2970a5b0d54429c35902fa4d16f92bd3870ad2d38c479af343f95f89e491
SERVER_TRAFFIC_SECRET_0 a6ca51d3114ae5d84185398ec00aef7ccd7fbafdcad4ff3d5dd0372d73f2a6a9 442a12c94e12e6de9a727b65e55c8f718a68109dc1f29a9160c3a8e11133b1db
SERVER_HANDSHAKE_TRAFFIC_SECRET 3b16fa77e6f9f376c91cba910f1178cfa9e452a28efa7e7ea1313085a8362ecf 7b37f35505743e3b23ed798f151a10da6a3d6ff48285c03d3c84f63db75907bc
CLIENT_HANDSHAKE_TRAFFIC_SECRET 3b16fa77e6f9f376c91cba910f1178cfa9e452a28efa7e7ea1313085a8362ecf c0b49b0916f962d231ce1e5d64cf70a839d5d5762fc6d8b1d945d8b6ca7334a4
SERVER_TRAFFIC_SECRET_0 3b16fa77e6f9f376c91cba910f1178cfa9e452a28efa7e7ea1313085a8362ecf 8510c5ce3d0fb221288a32cc664b91c2964cdb6206710e3eade7de44138b6638
SERVER_HANDSHAKE_TRAFFIC_SECRET fbb94cf00753416eb3bac1f11de0cb82298523c5ae76536e763070ac571a7510 aeefa8783e2405e525a9c86a72c2dd984ba54912cc756cffe7daf6780e6ee703
CLIENT_HANDSHAKE_TRAFFIC_SECRET fbb94cf00753416eb3bac1f11de0cb82298523c5ae76536e763070ac571a7510 7487a2fd23bdf40e2964da7a6002163bac4f4ae4986ddd7fe846daf4ee4e7961
SERVER_TRAFFIC_SECRET_0 fbb94cf00753416eb3bac1f11de0cb82298523c5ae76536e763070ac571a7510 04c165b95ae446ae4d056f69e8ce086c2693aa3f76cfe8b65e7f1479b8fdd78c
SERVER_HANDSHAKE_TRAFFIC_SECRET 3e2c7b07901923ab0fcd0d34f2fd99ee9c2cbe02d38c6fa27302da9f43925f80 bdbada14d8172640f3dc4da5ad7f7905bf684db9292c88fbf8cceea2ec196673
CLIENT_HANDSHAKE_TRAFFIC_SECRET 3e2c7b07901923ab0fcd0d34f2fd99ee9c2cbe02d38c6fa27302da9f43925f80 a3c50c4bfda4807efa8849013bab4e7183b868baa4744e904fec16e752205d8c
SERVER_TRAFFIC_SECRET_0 3e2c7b07901923ab0fcd0d34f2fd99ee9c2cbe02d38c6fa27302da9f43925f80 8557d0533a1585d685e5dc1414307981742e6e8f29914085c4912fcc71b9df8f
SERVER_HANDSHAKE_TRAFFIC_SECRET 9320b28e3d3de6dfc3a13e8c78ee8a81211ccc3d48be993ec9edf20a054b8447 3ed0fbb2706858590c3eebb595594d9d30e0e4a0fb4fd5c9aa4d0d538280e19d
CLIENT_HANDSHAKE_TRAFFIC_SECRET 9320b28e3d3de6dfc3a13e8c78ee8a81211ccc3d48be993ec9edf20a054b8447 27ce67173d2e9b74bf458a6acfdc82bc4a02f81af02d4a912a7f8d5583c32ba9
SERVER_TRAFFIC_SECRET_0 9320b28e3d3de6dfc3a13e8c78ee8a81211ccc3d48be993ec9edf20a054b8447 1f03efd959f01709541d193ecea1e20ca030348a2c2ea015952eedb9a1206a88
SERVER_HANDSHAKE_TRAFFIC_SECRET 439fbfc3582043785173d6981595b2f5f9afe14fad40060a057331fb024e0fcf cacfcf07ae8ddddd171b75176f769a8995d6b58d7b7fdc46904ace75db4aa346
CLIENT_HANDSHAKE_TRAFFIC_SECRET 439fbfc3582043785173d6981595b2f5f9afe14fad40060a057331fb024e0fcf e7234f25cc3d7d418be09f202ba85f05e16dc233e644510d35899fc7ec5bf3a1
SERVER_TRAFFIC_SECRET_0 439fbfc3582043785173d6981595b2f5f9afe14fad40060a057331fb024e0fcf a616115ae0d6ceced9180816d2ea36bf219040f75f39b9313f5cc7e2c8a092a5
SERVER_HANDSHAKE_TRAFFIC_SECRET dd8c75a0f28a8a4f1909179bda50a524a2eeba807cbcc60d55b1bdb71050af6a 248971e2166741dd05afd81942964afe68f9426e7b85de5ae7f73e958c0a6364
CLIENT_HANDSHAKE_TRAFFIC_SECRET dd8c75a0f28a8a4f1909179bda50a524a2eeba807cbcc60d55b1bdb71050af6a 3172914aac14fbaceb541324843d737d05bbee592a5a092f3b58334ccdd1c925
SERVER_TRAFFIC_SECRET_0 dd8c75a0f28a8a4f1909179bda50a524a2eeba807cbcc60d55b1bdb71050af6a 703b197c91c125ce6a276ab2132b90e695124fb6aa7051bddd18262c21fcf180
SERVER_HANDSHAKE_TRAFFIC_SECRET 2bbac92520282a6e0b2670a3ae6d8fe7e0e1d3c278c84137f699f14422906f2f 691d16ebe6769b31e3119fa90fbf2b2ce984803ac5ce60d9bf43959da9146469
CLIENT_HANDSHAKE_TRAFFIC_SECRET 2bbac92520282a6e0b2670a3ae6d8fe7e0e1d3c278c84137f699f14422906f2f 990c7d5f648a5d3ec976588a1fa0a4ab65e89ac232389e2b6ffa5c5fce9f288e
SERVER_TRAFFIC_SECRET_0 2bbac92520282a6e0b2670a3ae6d8fe7e0e1d3c278c84137f699f14422906f2f 1d5a63843eaa75723791328b67a92f96bd18b8cdf750a9b9cec997a5ce736235
SERVER_HANDSHAKE_TRAFFIC_SECRET 9fdd792eff519f068ebeb2fb525102c613ace1d22a1d873992abdc6432a33724 9a6d4ba6b1b3fc4fc4ccb9a5030839e08be3ab76fdda69c29d4df1dd53638f39
CLIENT_HANDSHAKE_TRAFFIC_SECRET 9fdd792eff519f068ebeb2fb525102c613ace1d22a1d873992abdc6432a33724 fbac47f8d0d8de0e8c473eff196349dc2a169730b918dd590aa2d83ff3187bd2
SERVER_TRAFFIC_SECRET_0 9fdd792eff519f068ebeb2fb525102c613ace1d22a1d873992abdc6432a33724 82f827e87729092239b5bcadfb4b50561096b533ad36c7e015f12daa98495949
SERVER_HANDSHAKE_TRAFFIC_SECRET 369a05eb2508c96a7ad6a4d19dd2c34aa47eade71d21302085a12588a1d54934 a62e7098b95bcfcd9df96a7df6208e558b6a5268ede755b7147a6fa56da46057
CLIENT_HANDSHAKE_TRAFFIC_SECRET 369a05eb2508c96a7ad6a4d19dd2c34aa47eade71d21302085a12588a1d54934 d4932137cf6a5aa1be087714125143d14a88f3ccba17ced5b01dfc37bc39c197
SERVER_TRAFFIC_SECRET_0 369a05eb2508c96a7ad6a4d19dd2c34aa47eade71d21302085a12588a1d54934 dea4a4b4c2c690b2896dcbf0ef553d2beb8b89f18820c6b5a6a26674375ed98a
SERVER_HANDSHAKE_TRAFFIC_SECRET bbded5635a2ea4fce04f6499b9a1aed71d2e6ee76763c8b11d774911433b3bbb f70f435da00047126217224958c3ebe9c23da7ac76d36882d21602614d0ef5ac
CLIENT_HANDSHAKE_TRAFFIC_SECRET bbded5635a2ea4fce04f6499b9a1aed71d2e6ee76763c8b11d774911433b3bbb 1061d6c1919c47146ce8e74b48862d1d5da13fe551627eabebdf435cc42b13d3
SERVER_TRAFFIC_SECRET_0 bbded5635a2ea4fce04f6499b9a1aed71d2e6ee76763c8b11d774911433b3bbb bb5fc5fc281d632e537e2fc28dbb469fb7e9c611a6aab3264da5873e98f1d2c7
SERVER_HANDSHAKE_TRAFFIC_SECRET d53e8a6650cfb8a3dad9ba8d277947712d552071217f394c0f9e708c4e8bfc5e e937745c94bde18e226cf37efa9f9aff580ce5717373a711dd39aeea565b98eb
CLIENT_HANDSHAKE_TRAFFIC_SECRET d53e8a6650cfb8a3dad9ba8d277947712d552071217f394c0f9e708c4e8bfc5e a46ee0d62fe2112e0219ebae308989dc4caa3a26c3c49d45687df4985ffd4d71
SERVER_TRAFFIC_SECRET_0 d53e8a6650cfb8a3dad9ba8d277947712d552071217f394c0f9e708c4e8bfc5e d591cd6e79b423244fb70d37f9e58c052fc3733c3063f657ac75800becc455ab
SERVER_HANDSHAKE_TRAFFIC_SECRET b8da61ea31fe02912c9ecc61c1c3bf0412cfe5af995d818dec489e9b9c393223 51de92c7a38a1059673daa77c0852b7591c46ebeb709ff1fafd5153b5d513659
CLIENT_HANDSHAKE_TRAFFIC_SECRET b8da61ea31fe02912c9ecc61c1c3bf0412cfe5af995d818dec489e9b9c393223 40b8f322a78ac14f1839f7ef4c77b59fb01f22710b8df3f6f2604f627d5e496c
SERVER_TRAFFIC_SECRET_0 b8da61ea31fe02912c9ecc61c1c3bf0412cfe5af995d818dec489e9b9c393223 a9c5bddf641839185466e81c05063b1abd5792b34d1e1d3f55840f26ba34e02c
SERVER_HANDSHAKE_TRAFFIC_SECRET 433ed5589e7330a837127210751e639d1d901c3699056e63786a4785a9a0d72c f1317802b1a2afedddb0a66b7aad09d0db1dde58e25326384405ff9f11b02a0b
CLIENT_HANDSHAKE_TRAFFIC_SECRET 433ed5589e7330a837127210751e639d1d901c3699056e63786a4785a9a0d72c 08797a566494eb5ccc21ce0812ff2040fb1a6cfe9d8a59347564f7278dedf613
SERVER_TRAFFIC_SECRET_0 433ed5589e7330a837127210751e639d1d901c3699056e63786a4785a9a0d72c 99f13a3866d31de2005d75f0623037747e891b1dd8454938c1307742da958519
SERVER_HANDSHAKE_TRAFFIC_SECRET 4188b477f44d92fd9b90d69df0da55ee1c85b1acb022389b176999916e4a14f3 8e5fdcedbc9d3cbc08f687187696b70cf70636a83d4a6627546c8b0eb70734e0
CLIENT_HANDSHAKE_TRAFFIC_SECRET 4188b477f44d92fd9b90d69df0da55ee1c85b1acb022389b176999916e4a14f3 e2bf866b7874713b8300c05a13b58d92ca9334141c20efabc9c0f0632d9a2571
SERVER_TRAFFIC_SECRET_0 4188b477f44d92fd9b90d69df0da55ee1c85b1acb022389b176999916e4a14f3 d30839d2cbc98864e3dd3df6d9c92a52b7570f263c34be2754564e3c21411113
SERVER_HANDSHAKE_TRAFFIC_SECRET 18d4a83c898d64d4d828eb5c1e5d5e51c912ceba699f2d2ea894592590e53030 8e9d94711983be2820b4d29bd45e28e7a7e70cbccdb29aab44904129efbcdcd6
CLIENT_HANDSHAKE_TRAFFIC_SECRET 18d4a83c898d64d4d828eb5c1e5d5e51c912ceba699f2d2ea894592590e53030 837ec29008552f171f1903ab9ff2d24af1a7fb352d273b7ff63ff2e6716a8bc8
SERVER_TRAFFIC_SECRET_0 18d4a83c898d64d4d828eb5c1e5d5e51c912ceba699f2d2ea894592590e53030 dca6d14bd4a8b4206bbef57ac26c26bffcce53a57631c14e55f8dd04de797dbd
SERVER_HANDSHAKE_TRAFFIC_SECRET cfed7b3db877ebd3712241140c89b3748086be84cd95f7af493cfbe080f64932 aa16f0d12009716ce03514d01c98681894e6d4b554d3761243063a15f496495a
CLIENT_HANDSHAKE_TRAFFIC_SECRET cfed7b3db877ebd3712241140c89b3748086be84cd95f7af493cfbe080f64932 ce654e347077defcac9004278e9dc5303c9fb4bfce1f25fb374fd7736e618b3e
SERVER_TRAFFIC_SECRET_0 cfed7b3db877ebd3712241140c89b3748086be84cd95f7af493cfbe080f64932 163b851ad63c07e30349283fdece274204ba9f91dfddf5ad5ee6ca0482fbed64
SERVER_HANDSHAKE_TRAFFIC_SECRET f9763cee43748144c3abf363bac24149749e66b7e4c1f0809213298b4c6eac2d 75d6a4b9a173413c938427ddeb3e10a94ebd89f507e21b53799ab202ccc1e7fd
CLIENT_HANDSHAKE_TRAFFIC_SECRET f9763cee43748144c3abf363bac24149749e66b7e4c1f0809213298b4c6eac2d 5abb0eb6140d27a208dabe82be77ce708329fbb913e6bae27c00a3c6811596b8
SERVER_TRAFFIC_SECRET_0 f9763cee43748144c3abf363bac24149749e66b7e4c1f0809213298b4c6eac2d 82115216954c0dac9e0e8b47b5c84cad0cf925093e0af89445264f32125a7054
SERVER_HANDSHAKE_TRAFFIC_SECRET 443816254bba44ec5c39fa120e6c16340f572bcef8931f88dee93134a9830c75 031fdb020bb705df4baccfc9d90c61d2df58b3815a3f4798f7350b24b0cb45e7
CLIENT_HANDSHAKE_TRAFFIC_SECRET 443816254bba44ec5c39fa120e6c16340f572bcef8931f88dee93134a9830c75 d3ae47573653b11bda8720ed9637a4fa8caac349c7fb84edfbd7917934db6dc0
SERVER_TRAFFIC_SECRET_0 443816254bba44ec5c39fa120e6c16340f572bcef8931f88dee93134a9830c75 938f3e61115320973b6bd22cb93b2f250de9a4f04793c66796b21b2c644b22fa
SERVER_HANDSHAKE_TRAFFIC_SECRET 453116e424f26b7978efce6c7ade2ed4ed5b3679bc2aff54837dd04d559cda62 1205a39cec112664406ab1f42e7e85d6a4478c26b6322764af732957e75ece19
CLIENT_HANDSHAKE_TRAFFIC_SECRET 453116e424f26b7978efce6c7ade2ed4ed5b3679bc2aff54837dd04d559cda62 f2ef6930c9633c5c3f985113c83c2b8244eee8cad9307263d3944f5631331311
SERVER_TRAFFIC_SECRET_0 453116e424f26b7978efce6c7ade2ed4ed5b3679bc2aff54837dd04d559cda62 24af014a2664d6eb936bf4d9992735485609a9e92c7e4a2915bc77653423ae95
SERVER_HANDSHAKE_TRAFFIC_SECRET 3a300a694618c7d503c7298708f7f09bf33a3cdbc0068bba6239f43cbd6edd84 3e351cbdebb025cb07923ce6b844be2cad418e8a72f9db61049d529803731e9a
CLIENT_HANDSHAKE_TRAFFIC_SECRET 3a300a694618c7d503c7298708f7f09bf33a3cdbc0068bba6239f43cbd6edd84 04f5bceb528d8fe6880b59b1bcd58ef78d2a429a0b61b8485ea77b6700fd1197
SERVER_TRAFFIC_SECRET_0 3a300a694618c7d503c7298708f7f09bf33a3cdbc0068bba6239f43cbd6edd84 4a78642d4549aab4a34e1113c0ae5a55a23195464c708134f4ecdbb497f112c9
SERVER_HANDSHAKE_TRAFFIC_SECRET c279f08ec31eedf070ce7c3a18f67a2a96140150e488b6333db81c3f244005da 724e89e6421443d851a095e5c30170ff512a72f17edb02fb2fdf2b146a026295
CLIENT_HANDSHAKE_TRAFFIC_SECRET c279f08ec31eedf070ce7c3a18f67a2a96140150e488b6333db81c3f244005da 85d9892cda78ff78f9e01c924e173ad38fc8951bb5eda1c6aa4826ef7a72d9a2
SERVER_TRAFFIC_SECRET_0 c279f08ec31eedf070ce7c3a18f67a2a96140150e488b6333db81c3f244005da 1225de3cf82438d9215ce0b937313dd63596140b4209e2f73e57fbc480d45f9f
SERVER_HANDSHAKE_TRAFFIC_SECRET 5ced6167261ffa1a645241e6bd9a0d45316b9b436b9a99ee336c9eb7a7074306 5eaeb6f7bbcaf8332112c351b0fa881bab8d1eb59b9c8a7dc10b3d9f09073265
CLIENT_HANDSHAKE_TRAFFIC_SECRET 5ced6167261ffa1a645241e6bd9a0d45316b9b436b9a99ee336c9eb7a7074306 2dc079af3eab04613fb1cb773443e4501002bb76bd711267abf9e6c6e1658196
SERVER_TRAFFIC_SECRET_0 5ced6167261ffa1a645241e6bd9a0d45316b9b436b9a99ee336c9eb7a7074306 8ee247bed6d2ac865ea19e8d6ce4c46fe3b2de9f76c285a3f7bbabfefcf42e64
SERVER_HANDSHAKE_TRAFFIC_SECRET 8daca2740b6642cc86a80401837b0224b4170771704f8dce64b0c80ddbee617c 47e6d68c0e7ed07afdf80aec0182245c188cfc54116ec6338928ccc198bd6ee8
CLIENT_HANDSHAKE_TRAFFIC_SECRET 8daca2740b6642cc86a80401837b0224b4170771704f8dce64b0c80ddbee617c 6c870f2f31f8ffd7bfb1213200c76e334bdf45d2f12958dedc593c2f5ce249bc
SERVER_TRAFFIC_SECRET_0 8daca2740b6642cc86a80401837b0224b4170771704f8dce64b0c80ddbee617c 4abeedb91294025fd403a5a0a4484b6cb2caa303b5b18d4ee7aec6f1f5e0bed9
SERVER_HANDSHAKE_TRAFFIC_SECRET cb2301c3c7a695e3890f5af2d8367e5c132c853a3024045de141a8c904793189 81674a889a209a1e7628639aaf7d6f83b0c2a8848e28dd139b343ea555f29b17
CLIENT_HANDSHAKE_TRAFFIC_SECRET cb2301c3c7a695e3890f5af2d8367e5c132c853a3024045de141a8c904793189 5ec4da6559f7ba89d90722a8936a74f38d543ff45d2a6d1eb64eb01b574b90c6
SERVER_TRAFFIC_SECRET_0 cb2301c3c7a695e3890f5af2d8367e5c132c853a3024045de141a8c904793189 9da1e3bc897283c06020eeaebfa74a4b608195cb257fb396d90db241fd0d42d2
SERVER_HANDSHAKE_TRAFFIC_SECRET 2da8e09bd4909de597881b323f46f0f60faf40732b5df0e09bea9a5f89ba528c ff74a1a586a2b47a1077ba87fb88563bd132676553cc1cbefe48eb685f82fa2e
CLIENT_HANDSHAKE_TRAFFIC_SECRET 2da8e09bd4909de597881b323f46f0f60faf40732b5df0e09bea9a5f89ba528c bb94a0b7d4f45fabac6081da815214b1889bb32d9b643b8f824644359eab9cbe
SERVER_TRAFFIC_SECRET_0 2da8e09bd4909de597881b323f46f0f60faf40732b5df0e09bea9a5f89ba528c f43b0a2d5345ef6ce8dfde8f416617926cc99ff8d1efbb59d8f3a63ce53447dc
SERVER_HANDSHAKE_TRAFFIC_SECRET f61964610ef0dd6822a4f7a78030a3c024f6b9025cdf7922edc7ca2b9876f618 6e149ff39ca9060fd79be5727c322cfa9becaec01a18210ac00a5db3decc3435
CLIENT_HANDSHAKE_TRAFFIC_SECRET f61964610ef0dd6822a4f7a78030a3c024f6b9025cdf7922edc7ca2b9876f618 452ecac6ba68cf8ab49875a0ced3f8acf9cb5a4202390a01ae836ce2f20a332e
SERVER_TRAFFIC_SECRET_0 f61964610ef0dd6822a4f7a78030a3c024f6b9025cdf7922edc7ca2b9876f618 9cb1c31569e7bf6dc94fb1bd436c22fc653bdeff463171f94f0a46a1f29685f7
SERVER_HANDSHAKE_TRAFFIC_SECRET 10dcd443fad342d2e5369d495234b76240d64359c434505a3f190d58b4ec446d 52cf1fc96afcee08c123010881a3809a3d33a21a43c9aafbe3cb22456fea57f4
CLIENT_HANDSHAKE_TRAFFIC_SECRET 10dcd443fad342d2e5369d495234b76240d64359c434505a3f190d58b4ec446d b8aa6497bb52ce47c016d157aeae573e7c0f0eb0f1602abb207e169476dae060
SERVER_TRAFFIC_SECRET_0 10dcd443fad342d2e5369d495234b76240d64359c434505a3f190d58b4ec446d c369e3bf887518bc4b5809be213512aeb96f81452ea48629db9d55fd3bafe171
SERVER_HANDSHAKE_TRAFFIC_SECRET adb76ec8c6056e6d3a4f4b74c73b014a3255bb789c56a1451ecb7dd4d0cfef10 49873272b1c0c2a332045cc8cd72f7e3456f1223671b13ec0eeb40bea6b0464d
CLIENT_HANDSHAKE_TRAFFIC_SECRET adb76ec8c6056e6d3a4f4b74c73b014a3255bb789c56a1451ecb7dd4d0cfef10 dcb414d1dc337e133c7059f41dcd4a87f4915dad37cb41cbf7ab1fbeea594db1
SERVER_TRAFFIC_SECRET_0 adb76ec8c6056e6d3a4f4b74c73b014a3255bb789c56a1451ecb7dd4d0cfef10 276ae9873e93231ec488eb07401ec97a4cd3ee7661a1465eeeb39d069c3c3b3b
SERVER_HANDSHAKE_TRAFFIC_SECRET 92f5e31bf44f4611d4e6ca9945e3498df3d65f76e5e842bb1d15871c0c8c2fd5 cbb66ecba4e4e0998f984bc9d6a402b1fcd7f67f5a4c9f92a2cb1222722ea87c
CLIENT_HANDSHAKE_TRAFFIC_SECRET 92f5e31bf44f4611d4e6ca9945e3498df3d65f76e5e842bb1d15871c0c8c2fd5 677d79629eb1d762d37bc9e929d56aec71cec664d028898405487c42e4012f8c
SERVER_TRAFFIC_SECRET_0 92f5e31bf44f4611d4e6ca9945e3498df3d65f76e5e842bb1d15871c0c8c2fd5 416d864ba7e753a8cfb273d6a667d89c4c9ffb1fa1d5a64a2f4e7c7ce351c103
CLIENT_TRAFFIC_SECRET_0 92f5e31bf44f4611d4e6ca9945e3498df3d65f76e5e842bb1d15871c0c8c2fd5 337c79fc3cf3f62a790afcaf3160b73f13b1164a05ebe04329c4b584598762ca
SERVER_HANDSHAKE_TRAFFIC_SECRET d25cc04ee3ebbe009d13494457a4f9c215f902d7f4266c350b91411dc31f9701 7c668f898d04c2382bb6e78a37d731acf617706f1b31b664a5371da0c0e76113
CLIENT_HANDSHAKE_TRAFFIC_SECRET d25cc04ee3ebbe009d13494457a4f9c215f902d7f4266c350b91411dc31f9701 c314ba90ae64ee120eec27bf2081beddcb72c006d92ad821c885a0f95f48fd33
SERVER_TRAFFIC_SECRET_0 d25cc04ee3ebbe009d13494457a4f9c215f902d7f4266c350b91411dc31f9701 955fa9de13b41e6bb1c61f1e630c6b72ae8f3a63280393f6341ae580d396a8eb
SERVER_HANDSHAKE_TRAFFIC_SECRET 048ea32d91db4257ae1f56abfb2133b53cb9077ac682f7840372d158d9810d08 4864dc715bdf62984ea97837611bac5666f0732b782430fd3388651731ba5528
CLIENT_HANDSHAKE_TRAFFIC_SECRET 048ea32d91db4257ae1f56abfb2133b53cb9077ac682f7840372d158d9810d08 36862e1bc466b0212c3a2e69ad56181d028463c4995f9249d7940e61bce43ecd
SERVER_TRAFFIC_SECRET_0 048ea32d91db4257ae1f56abfb2133b53cb9077ac682f7840372d158d9810d08 c385b1f1d79184643646729c9476e420bd76078748e1203edb92d91fae42c295
