SERVER_HANDSHAKE_TRAFFIC_SECRET dfba0c16a2dbda3b184d6c6513d286e10b9a68d297520bf7f820e19f66d38259 e634feac1677e3996366547c766a71892c72f6f91145db2fa1ccc113af52b991
CLIENT_HANDSHAKE_TRAFFIC_SECRET dfba0c16a2dbda3b184d6c6513d286e10b9a68d297520bf7f820e19f66d38259 70eaf71e711f679481738933760ed9945caab0ca802b71d08f1e6cb4e99be3f4
SERVER_TRAFFIC_SECRET_0 dfba0c16a2dbda3b184d6c6513d286e10b9a68d297520bf7f820e19f66d38259 9da29a172a1304af2dcd8956d60a2638889193393a81389dfcb35a7664eafd2d
SERVER_HANDSHAKE_TRAFFIC_SECRET 9f26784c2395f3b198f7f31a2b8d5dbd801ff7d191a1f176356395d48060b5ff d3ce4da0e4dba4586f9f882b1a67cb080332d48da08c155bb7f6fd5adfb9051e
CLIENT_HANDSHAKE_TRAFFIC_SECRET 9f26784c2395f3b198f7f31a2b8d5dbd801ff7d191a1f176356395d48060b5ff e657346d84a277962be6528141bfe72f747a5e5ff7a8b8e7bafc16bd6a3eb55b
SERVER_TRAFFIC_SECRET_0 9f26784c2395f3b198f7f31a2b8d5dbd801ff7d191a1f176356395d48060b5ff dc2873a6d484de186b09ef7af3d8e3b1b38a1f43124da437f37369b2c0e040dc
CLIENT_TRAFFIC_SECRET_0 9f26784c2395f3b198f7f31a2b8d5dbd801ff7d191a1f176356395d48060b5ff 24fcb204b4d81434016842ac50929e9cef8c4e605eb9715282fcc01c8c326b43
SERVER_HANDSHAKE_TRAFFIC_SECRET c74a3ce71d5476db3781193dcada3d05de460802684476d68b5386096117d208 8f9a22825f18f649a535fa216f0c0264f9f93dbb6ea22ccf6e5bb607e825935e
CLIENT_HANDSHAKE_TRAFFIC_SECRET c74a3ce71d5476db3781193dcada3d05de460802684476d68b5386096117d208 978400dbf7d7841acfe6f4f1ca3e192484085f2d3377a46d7ff4f267d8e6e005
SERVER_TRAFFIC_SECRET_0 c74a3ce71d5476db3781193dcada3d05de460802684476d68b5386096117d208 1e3ff0ac092afef64fa72a8d3b13915b8c21b0ec144bd3a740aa6f2c9ecee2f9
SERVER_HANDSHAKE_TRAFFIC_SECRET 7a7187f5a3173f34835386d257cee1b1f7fd0f686f5398747c6a0370cb0ee767 a41c882f7a76da41e0314fa0af104fbd18a5ddfa3786ec82b17140ee0413aa5d
CLIENT_HANDSHAKE_TRAFFIC_SECRET 7a7187f5a3173f34835386d257cee1b1f7fd0f686f5398747c6a0370cb0ee767 1534abc1912bb9a7dbfd5592480ed43e8d39c59bf477a5053db3ca336d25b2b7
SERVER_TRAFFIC_SECRET_0 7a7187f5a3173f34835386d257cee1b1f7fd0f686f5398747c6a0370cb0ee767 6cd047e7fa70a621c381db3d740e519bf03028b96f82955965709c9f9b2faa69
SERVER_HANDSHAKE_TRAFFIC_SECRET 6420e6d4951352416d1e39f2e043a2a9b7d2a16ff81b72edcd21d9d47fb621de ab4acac14d885f5f6aa756282ba8902edce178d9064a01ae6fb0c96c7c2f7c90
CLIENT_HANDSHAKE_TRAFFIC_SECRET 6420e6d4951352416d1e39f2e043a2a9b7d2a16ff81b72edcd21d9d47fb621de f066e8f9c4c43db9e663099a2c8cceb4b0c7fbabb69bb515898d45852276876b
SERVER_TRAFFIC_SECRET_0 6420e6d4951352416d1e39f2e043a2a9b7d2a16ff81b72edcd21d9d47fb621de 5bc3c98362ff1b20ea74baa48cef8c1cf8fe0b5c42050343f07bd13f7a25816b
SERVER_HANDSHAKE_TRAFFIC_SECRET 0c80b2c1123fbbbe652e7f7474495c18960479f7aeb296d2df12f4a6142ef1ec 54972d19ed80a13b8d92c3de6e8ac6d17a77046da16630aa03f25c163d44bc4f
CLIENT_HANDSHAKE_TRAFFIC_SECRET 0c80b2c1123fbbbe652e7f7474495c18960479f7aeb296d2df12f4a6142ef1ec 58c3f0d14a3d250c8285ceac0a69e5f4475fd7fcd62090c07956daac325d030e
SERVER_TRAFFIC_SECRET_0 0c80b2c1123fbbbe652e7f7474495c18960479f7aeb296d2df12f4a6142ef1ec 2667ad75ed86c62e3f475c5a1a6bce58f453a02dae03d5d3ab573faa3546ef0f
SERVER_HANDSHAKE_TRAFFIC_SECRET 649e541855e478483ed9ba97cb4027b98b09b9c70c61da840ff83bbe0f89ba0b 5e3a69fc48d9d3e7d4d1e1df91e083b8fdc5d453db2fe0420130e757141c021e
CLIENT_HANDSHAKE_TRAFFIC_SECRET 649e541855e478483ed9ba97cb4027b98b09b9c70c61da840ff83bbe0f89ba0b 997450e3f433085968619fc62f6799d19a42fdbcc10fd6dac08c5a3716ac2e5b
SERVER_TRAFFIC_SECRET_0 649e541855e478483ed9ba97cb4027b98b09b9c70c61da840ff83bbe0f89ba0b 51f6aa1f806915020a63398a9ec777bc1719fcbd6df6b6d8056aa23fc98acd84
SERVER_HANDSHAKE_TRAFFIC_SECRET 2bcd5b7ad3e1532f6e982656983584929de9b82b41191235ecec1aeda1aabe67 c01fe2a3b25cfe4cba0e92cdc02786fa676f5d49267c89359747e81759fcbf93
CLIENT_HANDSHAKE_TRAFFIC_SECRET 2bcd5b7ad3e1532f6e982656983584929de9b82b41191235ecec1aeda1aabe67 ceb0dfedf03ba5939a6e9e28e3a5de385e9c7c6fc762e2ca1c4b91cce18e44e8
SERVER_TRAFFIC_SECRET_0 2bcd5b7ad3e1532f6e982656983584929de9b82b41191235ecec1aeda1aabe67 12641a28bc3be103e074d14d98eaa5256bbca58529d15f908a71f05f33e38d5e
SERVER_HANDSHAKE_TRAFFIC_SECRET ec10200c6932bd874e47e328f2770f6a132a06735fa15cd24c716b0f43d4c60c 476c739dcac90cb8771768c0ccd912d2de6d70d8667568f14d361863bf7e7185
CLIENT_HANDSHAKE_TRAFFIC_SECRET ec10200c6932bd874e47e328f2770f6a132a06735fa15cd24c716b0f43d4c60c 5122a41c4d7ef7c1d1e1ee41cf78bbe53ae4d43ecfa91a48a866927f19c0643c
SERVER_TRAFFIC_SECRET_0 ec10200c6932bd874e47e328f2770f6a132a06735fa15cd24c716b0f43d4c60c bf286b14a66d4947e0836582c3b6056deb08a2da7afc4cd0be8578a0754d5f84
SERVER_HANDSHAKE_TRAFFIC_SECRET 324edd21d585e4f5991c244a5af5ea283a26f99be2b640755c77a2995655404a ba931b1da8463015e13d8bdc9db79a4cc2d7dfc5cdc3921bf1dfdeaf86194959
CLIENT_HANDSHAKE_TRAFFIC_SECRET 324edd21d585e4f5991c244a5af5ea283a26f99be2b640755c77a2995655404a 7ecbe64b315eddb66feb5c3297b53c955b9723ac1577a0d19d32cb7cbbcffae7
SERVER_TRAFFIC_SECRET_0 324edd21d585e4f5991c244a5af5ea283a26f99be2b640755c77a2995655404a e74ef93f60a7c69f5b37e8a937cf9cf92aeb42c4eae9dacca8c6da5496512181
SERVER_HANDSHAKE_TRAFFIC_SECRET 7d887f6f11394569d2494358f75b1cce3b4ad923d981aaacacb244086220ed2d abaca9f2933a22bcc9a2452f2bde807fa584454cb97e06a4285de13affc20eea
CLIENT_HANDSHAKE_TRAFFIC_SECRET 7d887f6f11394569d2494358f75b1cce3b4ad923d981aaacacb244086220ed2d 167fa57478801ac5574845123c6b5acfb2681000c3fc3647bb4e68943f27e426
SERVER_TRAFFIC_SECRET_0 7d887f6f11394569d2494358f75b1cce3b4ad923d981aaacacb244086220ed2d f5d19efa12a750dd74954bd82e0dbd8272ee39813f29ddf4432150e3370070c4
SERVER_HANDSHAKE_TRAFFIC_SECRET 5d9f925fef3d6ecf64d7411023486955f11e69e787f3502f2b4a067ae292e105 595a94e1acc0a6ba68071a515bd637b422cab883cdc938a77b34e7f1b2f15376
CLIENT_HANDSHAKE_TRAFFIC_SECRET 5d9f925fef3d6ecf64d7411023486955f11e69e787f3502f2b4a067ae292e105 c2f9d6bc519478685247a9c8450de467df0e2b635272b26249d87ea00aee679e
SERVER_TRAFFIC_SECRET_0 5d9f925fef3d6ecf64d7411023486955f11e69e787f3502f2b4a067ae292e105 0aadced524e64da4da496c082fd17043817c47dab6121d3765c7e8f2a16dafaf
SERVER_HANDSHAKE_TRAFFIC_SECRET 83278a4251dcfe1943a4449b883e42fb5a37da8f54ee63a03a0b5da99e382530 0e17250873603686575c9700d71ccd4888add03738ecb63e37f278933679d9c0
CLIENT_HANDSHAKE_TRAFFIC_SECRET 83278a4251dcfe1943a4449b883e42fb5a37da8f54ee63a03a0b5da99e382530 0daba3a144cd4ce27b2094f8a8cccbaa18a2c187f46f241b8c16168a10734afb
SERVER_TRAFFIC_SECRET_0 83278a4251dcfe1943a4449b883e42fb5a37da8f54ee63a03a0b5da99e382530 c644468acfac0040194b7f5da57c4a8c54f0f4fe3c0e09a8fc94f1cb242acd8c
SERVER_HANDSHAKE_TRAFFIC_SECRET 6e9df40bb7ea06a232b6d1c13e295a57fdc8853f00df06f305de85bcb49eb6d0 ab501f98b2b6455c031209ff87f11625a2836eb9cef342181558399ed78325c5
CLIENT_HANDSHAKE_TRAFFIC_SECRET 6e9df40bb7ea06a232b6d1c13e295a57fdc8853f00df06f305de85bcb49eb6d0 a08a2e50b8a79705cb58121dad73c7453b9a81e1321704245ab874992657d7e7
SERVER_TRAFFIC_SECRET_0 6e9df40bb7ea06a232b6d1c13e295a57fdc8853f00df06f305de85bcb49eb6d0 c84f5ab136c3aa2a15fe8adeb464ccd621de0793b7d99d6f7fb41400e8244131
SERVER_HANDSHAKE_TRAFFIC_SECRET 1c056fb911cdbdbf257339980f141927367f735cc55c67faef585b13fed5e85d 357dd4ecb30bc650c860c6526566a60304f073acd57897146b35253c65fbd510
CLIENT_HANDSHAKE_TRAFFIC_SECRET 1c056fb911cdbdbf257339980f141927367f735cc55c67faef585b13fed5e85d 0ccb99c66225d1558afe237e76d54b4a444e2699039981569876c95e485a0ded
SERVER_TRAFFIC_SECRET_0 1c056fb911cdbdbf257339980f141927367f735cc55c67faef585b13fed5e85d fa6599354e7a7545071214c8a6c2a62cf7baf2b8dc53fa57a9444c3197931ac2
SERVER_HANDSHAKE_TRAFFIC_SECRET 582f272f86c1322b3fd040c04f3c89253d4206b9d5d927200dec74394d61d3a6 c2cc321c8cc773c184f77c64c002e3358a3b16ded970a87aba871ce55ec2e414
CLIENT_HANDSHAKE_TRAFFIC_SECRET 582f272f86c1322b3fd040c04f3c89253d4206b9d5d927200dec74394d61d3a6 429977bebc3135d04f5d5449525b6d8bb0158035609b70155c062a55f0c06be4
SERVER_TRAFFIC_SECRET_0 582f272f86c1322b3fd040c04f3c89253d4206b9d5d927200dec74394d61d3a6 8bc7c9f812e2e7ff7b0953e558c9760f3c7ca2ca4463288dd2da5ab2325c47f3
SERVER_HANDSHAKE_TRAFFIC_SECRET 8e4d14b851c76635e353bde07147d01ab1e99d759ad1f9b0c279715e8ca26c63 cc69de2bf5f57b8e4740de5bd8cf16d48ac602621356491709e262273ffa9f0c
CLIENT_HANDSHAKE_TRAFFIC_SECRET 8e4d14b851c76635e353bde07147d01ab1e99d759ad1f9b0c279715e8ca26c63 a87107617405ad18c0d82551c2c051a636bef72d633f8231c5bf176e621d6b2c
SERVER_TRAFFIC_SECRET_0 8e4d14b851c76635e353bde07147d01ab1e99d759ad1f9b0c279715e8ca26c63 0759532587271550e7b35a76f54f61b0d1e17bce81578a3a4477a65c26d11662
SERVER_HANDSHAKE_TRAFFIC_SECRET de0ae9f5659b90381511ad2857e83b74c7c35f9109354735c07adcb8011a6160 1e785d20fbd4f46e7b3d958c138b453b80e8e5d490110e546331e127cdf401c0
CLIENT_HANDSHAKE_TRAFFIC_SECRET de0ae9f5659b90381511ad2857e83b74c7c35f9109354735c07adcb8011a6160 117f16479ef41f740e2e8d3c5b534d82b4ae066e83012141b8543351cf70c65b
SERVER_TRAFFIC_SECRET_0 de0ae9f5659b90381511ad2857e83b74c7c35f9109354735c07adcb8011a6160 684156b7110dcaa4e406110c39b7ee6893407bdb26bf541cd6a4a963a178dbdf
SERVER_HANDSHAKE_TRAFFIC_SECRET cff30f6ad488136cfc0a96d0c0170fc768824850945963e7332e7ea83344574c 86cf45d751e2978d6cf13df5aa42a8572db62577c053ecc1962b70152173881b
CLIENT_HANDSHAKE_TRAFFIC_SECRET cff30f6ad488136cfc0a96d0c0170fc768824850945963e7332e7ea83344574c f616c17384cb0daeff784f0cf54fb27cff019d7beafc63accd1a3663f19612f5
SERVER_TRAFFIC_SECRET_0 cff30f6ad488136cfc0a96d0c0170fc768824850945963e7332e7ea83344574c a57f10e62712212e7a529a0fdd5b26f5cc2e7cfbf224c38b33af084624707393
SERVER_HANDSHAKE_TRAFFIC_SECRET c1d0fece1be1e23f4e5eac942848e7a8031e14a3f2d0192c42b6df0b8c00a877 d6565a555cbbad3ea22c9ba30915bc54bbca1637e0f24f6fa43412f1d746987d
CLIENT_HANDSHAKE_TRAFFIC_SECRET c1d0fece1be1e23f4e5eac942848e7a8031e14a3f2d0192c42b6df0b8c00a877 0c14d2a8b93696e063cd6833e34ee0dac9d687295a1a32cdaecc28ea7886c9c0
SERVER_TRAFFIC_SECRET_0 c1d0fece1be1e23f4e5eac942848e7a8031e14a3f2d0192c42b6df0b8c00a877 62fab15cc53d5c6788c97de3007069ac8433b1183e29f76c6dd76a2474bf0d37
SERVER_HANDSHAKE_TRAFFIC_SECRET 76e8c578191f761399db349766054345bb58162fd30a649caef469d041f19836 0403a73bd1e1fec9ca6580534908520c59471b6fa7d7fdbad26f49d51dee9cda
CLIENT_HANDSHAKE_TRAFFIC_SECRET 76e8c578191f761399db349766054345bb58162fd30a649caef469d041f19836 7be5ea5773ef1752db2f9f61bb2d1ab8d7085f237c6fdb62ea86f2e5d57431a7
SERVER_TRAFFIC_SECRET_0 76e8c578191f761399db349766054345bb58162fd30a649caef469d041f19836 6e60a5bc2051c8ff21c60e3308bf76e94ed1d6b50238dcf8b81eb26cf6057101
SERVER_HANDSHAKE_TRAFFIC_SECRET d9bb90a4871e58e5d2f5455f97608b3a4f48511aaa80c2b7cab4f5e0a87dc668 48d59ff611f9021ab47a566ab8b8f98c6eacc82299af6f76c4118e6c3c0ebb41
CLIENT_HANDSHAKE_TRAFFIC_SECRET d9bb90a4871e58e5d2f5455f97608b3a4f48511aaa80c2b7cab4f5e0a87dc668 22457ee1e293948e7567f2d3b50a1871d4c140ac8e29532d78e286b82ef5e8a9
SERVER_TRAFFIC_SECRET_0 d9bb90a4871e58e5d2f5455f97608b3a4f48511aaa80c2b7cab4f5e0a87dc668 5fa9202997b6b74d2cb73da111dcbda75c9c6d12e039082bfc0b5bb631b1b4c5
SERVER_HANDSHAKE_TRAFFIC_SECRET c7547b2c17193e84a712f40a1bf4e9a69ee56c6c1edaa0e724d4dc8b9097801b 8240cfda2f4a710efe0f8909f7ff6ddb1b5f2f4ad3285f7c974c0a8d9ee6ca7d
CLIENT_HANDSHAKE_TRAFFIC_SECRET c7547b2c17193e84a712f40a1bf4e9a69ee56c6c1edaa0e724d4dc8b9097801b bb5ccc6648e43f9fcf5896caabc3c46c3c0ed8badbcdeda8348c61b18d3768d3
SERVER_TRAFFIC_SECRET_0 c7547b2c17193e84a712f40a1bf4e9a69ee56c6c1edaa0e724d4dc8b9097801b b9d0d3a1bb4b03ca1972662fc55d3cb370904956f970427701b26dd218dd1c42
SERVER_HANDSHAKE_TRAFFIC_SECRET 6463fe65c1f7a35660fcabfad9fcf00d7a9f9c45cc68df7d56671f951b36864e 85e27b7bd34e6b06dfbd0b6ede8f99d3933de330da0f283f6920bb9dad67513b
CLIENT_HANDSHAKE_TRAFFIC_SECRET 6463fe65c1f7a35660fcabfad9fcf00d7a9f9c45cc68df7d56671f951b36864e 49eb8f4bcc51954de830b095c434d0fc7c98405a81996dab773b7fe092d23a0b
SERVER_TRAFFIC_SECRET_0 6463fe65c1f7a35660fcabfad9fcf00d7a9f9c45cc68df7d56671f951b36864e 8365a6fa8b0e8398837fab4f34536a13ebfccb83f6956bbeb1139979edb8d514
SERVER_HANDSHAKE_TRAFFIC_SECRET 0eb35d94530fb4f4ca772d21f728079d3b651c99ac2bac0456912d847496d6b5 78cddde725d8675cfcaad3fcdff83729d0a9af1d3d5fc509d0ea0abcbdf55fdb
CLIENT_HANDSHAKE_TRAFFIC_SECRET 0eb35d94530fb4f4ca772d21f728079d3b651c99ac2bac0456912d847496d6b5 ca3a9be30ae2c94597aa7f25a5685603c037ab0a650fe73483048a122423a5ad
SERVER_TRAFFIC_SECRET_0 0eb35d94530fb4f4ca772d21f728079d3b651c99ac2bac0456912d847496d6b5 daf2c8f9de5b246bdf99bf7f9d6fb4096c60420edb268ff3a0d2cdfdb9e3002a
SERVER_HANDSHAKE_TRAFFIC_SECRET 002273eb8fb6966bb04b39974a276d71f95e493128ddff837ff7947b2efb46d0 ecc72515bc3f182eb4f31ca9a3ce1fc683c5a7ff89e90819f03de4cc753f4568
CLIENT_HANDSHAKE_TRAFFIC_SECRET 002273eb8fb6966bb04b39974a276d71f95e493128ddff837ff7947b2efb46d0 551d1cbed708a1de01916e979f4c7e40030d742224f2ae185ed04907fb688ed9
SERVER_TRAFFIC_SECRET_0 002273eb8fb6966bb04b39974a276d71f95e493128ddff837ff7947b2efb46d0 928c1b005afbc91513152efcd7795210c7fe543e36fbf94cd6730888168815ee
SERVER_HANDSHAKE_TRAFFIC_SECRET 025bf7277210159f1a8d64e1bdd84b69e0b932761da5f9babf1cba4e2e30af4a 62fc10298d932817c9509f58cfd5353ba4e6bd04157f75e82f26707a3aa926d4
CLIENT_HANDSHAKE_TRAFFIC_SECRET 025bf7277210159f1a8d64e1bdd84b69e0b932761da5f9babf1cba4e2e30af4a 3df3622ced65d34e750be54e465f189e9663cbb00e09a0a9419d08c9e21dadf8
SERVER_TRAFFIC_SECRET_0 025bf7277210159f1a8d64e1bdd84b69e0b932761da5f9babf1cba4e2e30af4a f4a5092a0af36c4e8e747f005623b053b4e272aa9e4fdd062d56be7f3a7e27e8
SERVER_HANDSHAKE_TRAFFIC_SECRET 3d91f1993c06e28e10ebe8ed2f74b1b2a746be7ad0d55ba81a8390d21bd19653 bc23a87183b22612c9f8f022b958d905e4a0bac7a354f8125786ba8d7957fbc6
CLIENT_HANDSHAKE_TRAFFIC_SECRET 3d91f1993c06e28e10ebe8ed2f74b1b2a746be7ad0d55ba81a8390d21bd19653 2b7bec5649afe6712274415d8ec563b0d0866121eee33c6053ccc8b3628c6fd8
SERVER_TRAFFIC_SECRET_0 3d91f1993c06e28e10ebe8ed2f74b1b2a746be7ad0d55ba81a8390d21bd19653 2311778bf912cc6918b3f6290f92f689dccb228a6321026e24d9c61fa63e6843
SERVER_HANDSHAKE_TRAFFIC_SECRET 523993b527e1e7a78b746f305d610b56373c41fa733589543dba6bd307325fbb a8d25242b41632794b074b50ff8f22256b979b1f185c5548f50be66cf696dfa2
CLIENT_HANDSHAKE_TRAFFIC_SECRET 523993b527e1e7a78b746f305d610b56373c41fa733589543dba6bd307325fbb 8fa185064f25568ad2db4e468377435e973183502a54f20ac095a188a1e4b4bb
SERVER_TRAFFIC_SECRET_0 523993b527e1e7a78b746f305d610b56373c41fa733589543dba6bd307325fbb 659d23bfbb38967b3b60747ce8738fd04e15df2af2a009dcb7f10a456f7c61b8
SERVER_HANDSHAKE_TRAFFIC_SECRET f935bbc63520d5e6cb9dfb021713df83e237ba5edb7c9e26f8417e34eb3316bc aee5ae9cd330ecbd82236c13b2920cc948ae58c7ffef31ed00c68713839e4efa
CLIENT_HANDSHAKE_TRAFFIC_SECRET f935bbc63520d5e6cb9dfb021713df83e237ba5edb7c9e26f8417e34eb3316bc 446ade11e4f69326c20d723ae9c96c90f1553d9e43eebe4241e8487980912bcb
SERVER_TRAFFIC_SECRET_0 f935bbc63520d5e6cb9dfb021713df83e237ba5edb7c9e26f8417e34eb3316bc 1635980c645b6ba4f3d68a848fe291388a1e96685b8afa7f1b80f38801864243
SERVER_HANDSHAKE_TRAFFIC_SECRET 4cd9ad01a38f6646e07f0dfd60c55acc67998264a06767cb4a697020e1c62e67 9e1cdb9dced5711f1592daa8ee80514e7833660a0d43a4cd8bf3c41caea7491e
CLIENT_HANDSHAKE_TRAFFIC_SECRET 4cd9ad01a38f6646e07f0dfd60c55acc67998264a06767cb4a697020e1c62e67 16997c4187588bc8ea0cf8864286bd100a7ae02f9236615a60c5f31e55ad65e4
SERVER_TRAFFIC_SECRET_0 4cd9ad01a38f6646e07f0dfd60c55acc67998264a06767cb4a697020e1c62e67 d87bdeb0818619794c57a4e1f36e003f7e545ea61d32b10bbb472b47b3654c05
SERVER_HANDSHAKE_TRAFFIC_SECRET 080094bd17f27beb7dc443619ced4bf31297154f47a315173c855fdbc3042af3 54a3d59456d78e46c82e499824587b321dd2e4087a6b75798b13670a13d7ba79
CLIENT_HANDSHAKE_TRAFFIC_SECRET 080094bd17f27beb7dc443619ced4bf31297154f47a315173c855fdbc3042af3 769961d23dd700e8a18c923e3f595075e232ad4636fb55ccd151cf64a67ea0ed
SERVER_TRAFFIC_SECRET_0 080094bd17f27beb7dc443619ced4bf31297154f47a315173c855fdbc3042af3 635f35a5eaf00bc14525c5038eeda183f1a88fc74542bfff4b2956730831257a
SERVER_HANDSHAKE_TRAFFIC_SECRET bb09363aac3587d1583c88db03d9925eb55c0ef93e3a697431e7c735156a96d3 c2fdfbd755c76522ee5eb7b3cd39229df83773c72de3916e3b3852c823b82f16
CLIENT_HANDSHAKE_TRAFFIC_SECRET bb09363aac3587d1583c88db03d9925eb55c0ef93e3a697431e7c735156a96d3 23a08e945eb9650a15927400f9dc1d89f88c3194daad72542607aa3c87fccf1b
SERVER_TRAFFIC_SECRET_0 bb09363aac3587d1583c88db03d9925eb55c0ef93e3a697431e7c735156a96d3 9c99ab22807581e33b6f1854e46baab5ad96cd42171a3ea51e0dd0cbf31c34bd
SERVER_HANDSHAKE_TRAFFIC_SECRET 34b17094cd497afd86628f65dd18f125f3fe065b0a05bfd5ec73a4f366d64671 44ac508a807a3c5ed75ae8d7a4c3023623c156a283e187374af9694757be6f2e
CLIENT_HANDSHAKE_TRAFFIC_SECRET 34b17094cd497afd86628f65dd18f125f3fe065b0a05bfd5ec73a4f366d64671 651e1b8180a6ec1d3fe164bb923b762560f7796e6f485949e708aaa2d7bafc46
SERVER_TRAFFIC_SECRET_0 34b17094cd497afd86628f65dd18f125f3fe065b0a05bfd5ec73a4f366d64671 0cee2c5e3991c2b84421b65ba3637ed165e2fbacc4c6329e0df1ada91f06bf57
SERVER_HANDSHAKE_TRAFFIC_SECRET 547f29201b02e5dd05bf06b22a833b25cf445853fbdc1202ad864978950a2a02 53e83b3b1245d36ff7176f928400d15eea581b03807918befb925a5d69bafb10
CLIENT_HANDSHAKE_TRAFFIC_SECRET 547f29201b02e5dd05bf06b22a833b25cf445853fbdc1202ad864978950a2a02 5676d4f9d226c63aa38fdc81090b008fb30e55c66e1311ea3eb5527247d3a333
SERVER_TRAFFIC_SECRET_0 547f29201b02e5dd05bf06b22a833b25cf445853fbdc1202ad864978950a2a02 46fa1655476d635b88bd216ba7560207e38f009ed33c8673ac7a85708298f0b1
SERVER_HANDSHAKE_TRAFFIC_SECRET 9d51dba7c00a046f16d25f4b2e46eab15db6805034e308cb220ea8f9fe44aa7b eb4fa4f01893160108ecb3d5e14654a7135d9ca8f55173e5f65eab6022b5f829
CLIENT_HANDSHAKE_TRAFFIC_SECRET 9d51dba7c00a046f16d25f4b2e46eab15db6805034e308cb220ea8f9fe44aa7b 5d196cc5e715425c53afb4f6752ec5c5fca207dee3ab3be94044cf66fd7f0b41
SERVER_TRAFFIC_SECRET_0 9d51dba7c00a046f16d25f4b2e46eab15db6805034e308cb220ea8f9fe44aa7b 0b340e7a16bb75e7b29f93a8d71e471953234ae1b2ac64acee306586799b9d11
SERVER_HANDSHAKE_TRAFFIC_SECRET f5c4d966f5b782e2489b3610a41f185ddd82cecf556767a0216e5ffaab5d02c6 957ab80d2f4b38aa17103fd1492928c06a34321ef8e697070232f2b89673df9b
CLIENT_HANDSHAKE_TRAFFIC_SECRET f5c4d966f5b782e2489b3610a41f185ddd82cecf556767a0216e5ffaab5d02c6 75a4836672201b7dde79991cf1655f33e650610abb34f5141ca8cd8f55c0b1c0
SERVER_TRAFFIC_SECRET_0 f5c4d966f5b782e2489b3610a41f185ddd82cecf556767a0216e5ffaab5d02c6 9d88400e6f106f02f7ab77f70a925e8f5581588a8c12587cffa4e185af03d433
SERVER_HANDSHAKE_TRAFFIC_SECRET c62412152ea4140e83acbc99a8e338f9dd9e29f0116d8ffe7d354222f2bb1812 64d7a37b75011dc1fe2aee89fa1ec77b3562b764c79e6692ebedff1c8737e713
CLIENT_HANDSHAKE_TRAFFIC_SECRET c62412152ea4140e83acbc99a8e338f9dd9e29f0116d8ffe7d354222f2bb1812 5262759ba3456bdd96d42343feb9728eb0119abc9408f44bd27e191e8f5357eb
SERVER_TRAFFIC_SECRET_0 c62412152ea4140e83acbc99a8e338f9dd9e29f0116d8ffe7d354222f2bb1812 02d863b35905d6126ae05ee1cd3ed68b3c65f0c4ca820ef0f0681baf68ed566b
SERVER_HANDSHAKE_TRAFFIC_SECRET e8b678df0c9bc459d13df85a4b6cb0456ed87a44e99b5b3c51b2131775a71d3f 999b2a4f5ded118a2b1e2108696d556ff1e5865f672780dc8623f27c3a60ea11
CLIENT_HANDSHAKE_TRAFFIC_SECRET e8b678df0c9bc459d13df85a4b6cb0456ed87a44e99b5b3c51b2131775a71d3f df9a71f404f672f0a9170e6bab8d1216d14c7e45f589965be8e4187b9d40751b
SERVER_TRAFFIC_SECRET_0 e8b678df0c9bc459d13df85a4b6cb0456ed87a44e99b5b3c51b2131775a71d3f 9952b22cb807f555ff6aba8f7e95cb0e6d7b5e732cd4be9cba3b3836d05e47b7
SERVER_HANDSHAKE_TRAFFIC_SECRET fee8d6f350c61a4585b7dfd14bdd2e42cbd5395c21bc235c6c5eb1125011e52b 1d01f3f94f07c8c100e2d30d78572306c4d92fe0bc520cfd32934d90acba9db3
CLIENT_HANDSHAKE_TRAFFIC_SECRET fee8d6f350c61a4585b7dfd14bdd2e42cbd5395c21bc235c6c5eb1125011e52b 11d6b45388b2653cdfae77694a9388813cea509ea41d42366d9e042d058bf82e
SERVER_TRAFFIC_SECRET_0 fee8d6f350c61a4585b7dfd14bdd2e42cbd5395c21bc235c6c5eb1125011e52b 07c2b0df2666c7fe953620f87e80f62144b0abd96b1bce0e95f6d4c6f8a6e58f
SERVER_HANDSHAKE_TRAFFIC_SECRET 9189df2ded6867fd755ac7ba45ef1fcb06a6e27b4cbfe15a9cdf7c88a6950529 e18043f5963d71b2c44c73f4615c89a2c492e07ff813e621a9f85f1bd5b0bc55
CLIENT_HANDSHAKE_TRAFFIC_SECRET 9189df2ded6867fd755ac7ba45ef1fcb06a6e27b4cbfe15a9cdf7c88a6950529 44b8cf230a6957dd9456470e3b7986e43fceefcddd9cf82ef7c2d10477b3cbd2
SERVER_TRAFFIC_SECRET_0 9189df2ded6867fd755ac7ba45ef1fcb06a6e27b4cbfe15a9cdf7c88a6950529 b72cc0a4ba12df598ae545d0f9780994528361875a88a8dbe021a11faacb0559
SERVER_HANDSHAKE_TRAFFIC_SECRET 2e9809b1f5b898f81c1bddf56923f2a3d3998de9fac432c5b42e91610f9a4f65 7f710bf1c03bf9ba5a7b3293a8f0eda73b5bcc3b7768efad2c2dc955b576d659
CLIENT_HANDSHAKE_TRAFFIC_SECRET 2e9809b1f5b898f81c1bddf56923f2a3d3998de9fac432c5b42e91610f9a4f65 649a79a3912ec44f2d3f7ac7613d78c97c0bc7fb3413b43f2d4e3759a8c5cab5
SERVER_TRAFFIC_SECRET_0 2e9809b1f5b898f81c1bddf56923f2a3d3998de9fac432c5b42e91610f9a4f65 f0c122379c4e6143c7c3e00b70fafe00ff62ccdbede00e4e3f35dc9d6555c62b
SERVER_HANDSHAKE_TRAFFIC_SECRET 99171159ece281ea41b3e702dcac2737bbd8296de54c8c132076f50805dd3204 8bd608de8153bdf0bd1d5d17905f17ccdf25c46b357125fff672a10c1a34ffe0
CLIENT_HANDSHAKE_TRAFFIC_SECRET 99171159ece281ea41b3e702dcac2737bbd8296de54c8c132076f50805dd3204 34ba16bf1accf2dd78f3d33c3efd5a4fc59171db202bb7d47ebee3cd710ae8b4
SERVER_TRAFFIC_SECRET_0 99171159ece281ea41b3e702dcac2737bbd8296de54c8c132076f50805dd3204 5e3f177955c6aa57e2c512cbbb8574131deab4359a5761585b87c9c61f790d27
SERVER_HANDSHAKE_TRAFFIC_SECRET 752362eb4a66f1e8be19ffb1208b7f2e374219b465a03ef93c96f6a7dbe535a7 9d696381ada74d1a84cc1583e784e21a5a80e62d5a7106c6a2869fbf2fe10e5e
CLIENT_HANDSHAKE_TRAFFIC_SECRET 752362eb4a66f1e8be19ffb1208b7f2e374219b465a03ef93c96f6a7dbe535a7 cc8e48eb9bc8940188430fffa8bb55a90893c006dba06765e9e9b428801c08dc
SERVER_TRAFFIC_SECRET_0 752362eb4a66f1e8be19ffb1208b7f2e374219b465a03ef93c96f6a7dbe535a7 0ad9c39c52a9d1ef6d158c34db076e701e1421b37210aaa1c101f1a67818d920
SERVER_HANDSHAKE_TRAFFIC_SECRET b86130f524c2fcfa31264ee6deb000aa99b23e0a7e7d59419d3856ac43c17df9 c5e87b0f68f18c9caff2b2df874df45af2a1585e7c00a818c8eb75d62e230f0c
CLIENT_HANDSHAKE_TRAFFIC_SECRET b86130f524c2fcfa31264ee6deb000aa99b23e0a7e7d59419d3856ac43c17df9 69a915260561571a62f3703c6f908605228d2d1d5f0fb87ed0a15ef3d1dad14d
SERVER_TRAFFIC_SECRET_0 b86130f524c2fcfa31264ee6deb000aa99b23e0a7e7d59419d3856ac43c17df9 804eccd860b21ca738b0ab95e09b5d73f6f985758e6a796eaec6ba7f8683fdc9
SERVER_HANDSHAKE_TRAFFIC_SECRET 21ebca29e07957ca30a4dc598f1eb774ec92e919317f9c0e8b00a79d2b3b610f 990dc6a1f29162aaf6b45e54c25c7a7352c7008cd32caefb71341d798694cdfb
CLIENT_HANDSHAKE_TRAFFIC_SECRET 21ebca29e07957ca30a4dc598f1eb774ec92e919317f9c0e8b00a79d2b3b610f 9a24b3ba4bb9347a78bac6bd88cff76a0ba9a68c1d38dfa9c9476e0e6fc8720d
SERVER_TRAFFIC_SECRET_0 21ebca29e07957ca30a4dc598f1eb774ec92e919317f9c0e8b00a79d2b3b610f 3260446d99e5f0c9847f058d37c196983cb4e446ba20e015111b34660ae0e44c
SERVER_HANDSHAKE_TRAFFIC_SECRET b50f541d7a686c8b01ddafc4810080177162a66d4536ce50046389fbb3bfad80 084718bc7b5c18698ff88251a435fa08e349e776ce0433d2ac88cf3b4cc4e79b
CLIENT_HANDSHAKE_TRAFFIC_SECRET b50f541d7a686c8b01ddafc4810080177162a66d4536ce50046389fbb3bfad80 f3c22286c6c637e5c6b5925b148882aa9792bc2a50e27beca1a7dfb7715a6700
SERVER_TRAFFIC_SECRET_0 b50f541d7a686c8b01ddafc4810080177162a66d4536ce50046389fbb3bfad80 61c3b53e8b430473d8c1544bcfc2dbe5dacc6f2c367629f12766c1abd97f042b
SERVER_HANDSHAKE_TRAFFIC_SECRET 8f1bfe8fb2acbab70abc8a729e9d54431b04d920232b05f67d3a9c57c7197dce 699e960c1da3477db32ba564cc78e187a7486a127ac4de1b155f20687e9739ee
CLIENT_HANDSHAKE_TRAFFIC_SECRET 8f1bfe8fb2acbab70abc8a729e9d54431b04d920232b05f67d3a9c57c7197dce 05660c87718a562a1adf398f18e8598ae0e4f7e617abd5c00efc90efe9de62c6
SERVER_TRAFFIC_SECRET_0 8f1bfe8fb2acbab70abc8a729e9d54431b04d920232b05f67d3a9c57c7197dce 22d51560bca159f8ede82fd2bc5e07af315ffd07645a14af6655b822b9c5cba4
SERVER_HANDSHAKE_TRAFFIC_SECRET 2510e841ab1f48b06676d1bf22c56d46dd64dee51dca830767d6fe857529b634 97b5ebd98a5c18b4f4b0e13f52523e5c26e219a71ac1a9216acc4806eb96ae2c
CLIENT_HANDSHAKE_TRAFFIC_SECRET 2510e841ab1f48b06676d1bf22c56d46dd64dee51dca830767d6fe857529b634 014151a0b6533648858a2a8f8b618e0213d3510c75a21c40cbe4255da3a0f50b
SERVER_TRAFFIC_SECRET_0 2510e841ab1f48b06676d1bf22c56d46dd64dee51dca830767d6fe857529b634 987ee1ba2e5b06575797c7f02c950bb4688a9ce764f051ed61487e897e9b0a54
SERVER_HANDSHAKE_TRAFFIC_SECRET c44a5cb02816e8fac4f78fcc821d89a109f859de3203359bd10f6bce4fd703eb b4e678358bea628a3e9d965cb0a784d3ec7572a37612c481e51b33548da55fdb
CLIENT_HANDSHAKE_TRAFFIC_SECRET c44a5cb02816e8fac4f78fcc821d89a109f859de3203359bd10f6bce4fd703eb 8d0d01041fdcaa6e9abf672398b253d72c2320bf710b828f3869d9c78be70a71
SERVER_TRAFFIC_SECRET_0 c44a5cb02816e8fac4f78fcc821d89a109f859de3203359bd10f6bce4fd703eb 273555dc9cfa7e0022e21614ca945828d02e84f2000ee3764eed903b40d4da50
SERVER_HANDSHAKE_TRAFFIC_SECRET e379eb1e18e8362a9dd7f3837aef6ccea46734004f67114116dacba8d5cfe202 ddb0e39faa18d211c8e47e7d27835081926d95775bd9aced0d2bb6fe11766836
CLIENT_HANDSHAKE_TRAFFIC_SECRET e379eb1e18e8362a9dd7f3837aef6ccea46734004f67114116dacba8d5cfe202 c3fe4b1b5ab117883650bc3150a30a233acf5882cf62154a9bc905e863e6ae87
SERVER_TRAFFIC_SECRET_0 e379eb1e18e8362a9dd7f3837aef6ccea46734004f67114116dacba8d5cfe202 3a1c75eae71582f44561e42d92fa185592045316b9fbfc7970b2c5dfce88a5fd
SERVER_HANDSHAKE_TRAFFIC_SECRET f3b483ef1a778ff7d3945f3793862baa0ba69af1333ba587156364791ddedb85 b0a87e3f62a8768ff0c09a46c5f4fcc3a13ae6483e30f4968e1b715b407bf9e5
CLIENT_HANDSHAKE_TRAFFIC_SECRET f3b483ef1a778ff7d3945f3793862baa0ba69af1333ba587156364791ddedb85 8cbcdaea6bb14578973ddd3cfc3a1287b88e7128cff6af5bd6014c7f83e44986
SERVER_TRAFFIC_SECRET_0 f3b483ef1a778ff7d3945f3793862baa0ba69af1333ba587156364791ddedb85 64c135d0250072471f9ec1c5c7a37add6cd18ac2effe09dfed8d0205e4f43381
SERVER_HANDSHAKE_TRAFFIC_SECRET 28a36813aacdb096519047786cc49eac4f08260a5ae3566f6c06304c13af03f4 29e9d892e57e73b923a4f0db5a1da4ff8f75ae21c109399fb0bbb22fb05c5a85
CLIENT_HANDSHAKE_TRAFFIC_SECRET 28a36813aacdb096519047786cc49eac4f08260a5ae3566f6c06304c13af03f4 07f76a730b0cfeea76355d5c538de52e5cd4a42060bab9f0a601487ede149880
SERVER_TRAFFIC_SECRET_0 28a36813aacdb096519047786cc49eac4f08260a5ae3566f6c06304c13af03f4 9df92d53606afef2f665e64f0adcbfaa739fb6b97ee5191fed685bd38092acf7
SERVER_HANDSHAKE_TRAFFIC_SECRET d4c10aa8e6e99b9ee04a317413a0e11309eb9b8ee9fe12cae30e5d98d07c1e80 e40667e7791a37083c2d3523119ac021c7ccb510cd46da25d23a399c51e046a7
CLIENT_HANDSHAKE_TRAFFIC_SECRET d4c10aa8e6e99b9ee04a317413a0e11309eb9b8ee9fe12cae30e5d98d07c1e80 460b5c463fac43c487deef7006c1f3af3d083e4ebbeab91dfe12883c1096c988
SERVER_TRAFFIC_SECRET_0 d4c10aa8e6e99b9ee04a317413a0e11309eb9b8ee9fe12cae30e5d98d07c1e80 88c07c3c66bdb6a0126f1b58bef1761b752ebd54e33e76293fd296dee00a3e67
SERVER_HANDSHAKE_TRAFFIC_SECRET 0942e4aee5a9f6e35905c7bcd3578c14126ecb946bc8657caf752583cca64148 33ceaace50cb06fcf3fef48ed4b6f8870f4996c7eb9184131766da4a9e7e6f40
CLIENT_HANDSHAKE_TRAFFIC_SECRET 0942e4aee5a9f6e35905c7bcd3578c14126ecb946bc8657caf752583cca64148 f620dfd3f1d5d9348e1ae2ecd95e656af335b36094219a1467cb8bd0a2e17932
SERVER_TRAFFIC_SECRET_0 0942e4aee5a9f6e35905c7bcd3578c14126ecb946bc8657caf752583cca64148 706b8153766c5fd794ed630ec135c4c4df510ec3fef1d49de51c22e17b08b8ef
SERVER_HANDSHAKE_TRAFFIC_SECRET 1de8c890859ae4cb0f99bfb2aee60c1c0d718d201befaa45f65601f77610496a 676caab901a72d5d1203b63f5c0e8c064e618e9c4cb1e2dbfa16ceaf2eea2100
CLIENT_HANDSHAKE_TRAFFIC_SECRET 1de8c890859ae4cb0f99bfb2aee60c1c0d718d201befaa45f65601f77610496a 18cb2429311b74cdf1b4323de796e25bdb698913c97b65cfadec65a827291d10
SERVER_TRAFFIC_SECRET_0 1de8c890859ae4cb0f99bfb2aee60c1c0d718d201befaa45f65601f77610496a b567fff9006745452cd20e37e621ae8319f448b11b37cbe2e7c203b45913b8e3
SERVER_HANDSHAKE_TRAFFIC_SECRET db7aeee1dac3f8b249f9a7e5efe416e891249dc0520080b417de97443c6226bf d1647ba99338d4a3b209e73af0be900647e44d57716975472c4ef71be1e08caf
CLIENT_HANDSHAKE_TRAFFIC_SECRET db7aeee1dac3f8b249f9a7e5efe416e891249dc0520080b417de97443c6226bf f40fbfa4eacc3d48c1c558e4d8e6da67cbebf8c31f08b4c7820ed02552cf2d32
SERVER_TRAFFIC_SECRET_0 db7aeee1dac3f8b249f9a7e5efe416e891249dc0520080b417de97443c6226bf 167fc1f79b98cc48f6118e70aea4b134c796f86b5a15114c7233ffc83f0259fc
CLIENT_TRAFFIC_SECRET_0 db7aeee1dac3f8b249f9a7e5efe416e891249dc0520080b417de97443c6226bf e5dd7a67bc9c398522cc4e878e034cbb443694fe05a0efe9dcbafa685ffb15a1
SERVER_HANDSHAKE_TRAFFIC_SECRET d1f8f7f2591c2a51c4c2f9c139c85ce9104a1d57f4ab7f6c17a7ca322976e4ec 79cdcb72dfd456d1360c0428d012623941c9ab898692444aff9f8585968b9a9e
CLIENT_HANDSHAKE_TRAFFIC_SECRET d1f8f7f2591c2a51c4c2f9c139c85ce9104a1d57f4ab7f6c17a7ca322976e4ec d9af6565ab30195a55b396090e610de4d6cd5cad24c15615fa48295dcc121335
SERVER_TRAFFIC_SECRET_0 d1f8f7f2591c2a51c4c2f9c139c85ce9104a1d57f4ab7f6c17a7ca322976e4ec 50ff14527f5e42c59445828a5590e856c558afa23a014a9d6c9ce720a580cc98
SERVER_HANDSHAKE_TRAFFIC_SECRET 3bb43e1ec6cc5d075bcd5982e8969f2dff65d0f66e4236d3493d9a12743a1029 50478717c784de33dd417989b8ab5f8d478a5b7baa02a52b9a5b0c7622ab0fb4
CLIENT_HANDSHAKE_TRAFFIC_SECRET 3bb43e1ec6cc5d075bcd5982e8969f2dff65d0f66e4236d3493d9a12743a1029 dc3f1a6123510e6b3a7a3d158b5f6d16b608f7502a4f07bbc523b54b82c42656
SERVER_TRAFFIC_SECRET_0 3bb43e1ec6cc5d075bcd5982e8969f2dff65d0f66e4236d3493d9a12743a1029 b92d9e34c60dc9207bf9dcb8d58a6d3ffad3935c166b559a70380b37d349fff0
SERVER_HANDSHAKE_TRAFFIC_SECRET 00e9311ff378d0074dd99152f008fa057945d231beeca3268e40a20234efba8c a8ed24bbb33f0e00f5f849d696f312c26edfcf4a1d72a81fdeb6eda60b7e903c
CLIENT_HANDSHAKE_TRAFFIC_SECRET 00e9311ff378d0074dd99152f008fa057945d231beeca3268e40a20234efba8c 2658d54858c34f3fda99e3afde4e3530ce7fb11df184241cbf053e1127ac4457
SERVER_TRAFFIC_SECRET_0 00e9311ff378d0074dd99152f008fa057945d231beeca3268e40a20234efba8c d002bb3cae65e5151cae280db935d518fb6c3aea7a8d982987cef8597bef1eb3
SERVER_HANDSHAKE_TRAFFIC_SECRET 885ae259fea28e2815991ef53a52b8a4a5fd38144704d245b54ac1431c40dc12 97227f9b882d2369f3ca468df9138862a4cfde6e3bb7a35f89426792be5c6423
CLIENT_HANDSHAKE_TRAFFIC_SECRET 885ae259fea28e2815991ef53a52b8a4a5fd38144704d245b54ac1431c40dc12 d885cbb7546bb241097da85882eddc97067a9c6220044e1db865b83d8b5b7092
SERVER_TRAFFIC_SECRET_0 885ae259fea28e2815991ef53a52b8a4a5fd38144704d245b54ac1431c40dc12 ecbe401b98fa3ad6663ad839b26d63678083ae9a04590bba7b19e8b6114fa79d
SERVER_HANDSHAKE_TRAFFIC_SECRET 59ad9c0dc73bc7fd9067745bdb328a6f225008c6bb00cfe23aac2f8efd3dc89f 4b2f29303ae4be586800b2fc2dc60bcb34a2d3595a24084ccb7624ff0b64e9ed
CLIENT_HANDSHAKE_TRAFFIC_SECRET 59ad9c0dc73bc7fd9067745bdb328a6f225008c6bb00cfe23aac2f8efd3dc89f 4f346c4bda1af3cf08dfeae6f5df0d1e82dc263a9a411dcac63ba9c04ed320a9
SERVER_TRAFFIC_SECRET_0 59ad9c0dc73bc7fd9067745bdb328a6f225008c6bb00cfe23aac2f8efd3dc89f 6b7891e24777d84433d9868b3dd48f538e7f7582983b5e0a225e4e6aa8604754
SERVER_HANDSHAKE_TRAFFIC_SECRET a7060b3aff0f3d1baefb28b67512196c3ad8603bc44301cf3a49a731666a993f ebb4556eba3beb01c2a0278fd1f1e0f04983c1826ad9e11ca5965506a85fd0a1
CLIENT_HANDSHAKE_TRAFFIC_SECRET a7060b3aff0f3d1baefb28b67512196c3ad8603bc44301cf3a49a731666a993f 7d448820bbcb50a2c90def141e9ef0918c84e409b880e5122dcba041dbfcc8bd
SERVER_TRAFFIC_SECRET_0 a7060b3aff0f3d1baefb28b67512196c3ad8603bc44301cf3a49a731666a993f 329670ba34439015203497fc193e1054d2a433aa892e8b10893aa7ef7024cb07
SERVER_HANDSHAKE_TRAFFIC_SECRET c468bf2e5e1082061c7a319d11d5755252677cd636935d6377363c08e05f25db 3de2a01f328f5f7db64f46206c803bf64063f88a6cadbd03abaea633c52cd624
CLIENT_HANDSHAKE_TRAFFIC_SECRET c468bf2e5e1082061c7a319d11d5755252677cd636935d6377363c08e05f25db fc50fe732238d46744d21190e61178d962d347a292291574370c03d4a581eb8e
SERVER_TRAFFIC_SECRET_0 c468bf2e5e1082061c7a319d11d5755252677cd636935d6377363c08e05f25db 97c8e52772fa3444f29ed0881e97cdd8789204531fd8925411707ba44eec5af9
SERVER_HANDSHAKE_TRAFFIC_SECRET 29096e8b0c43f1132fef51d941e755091226fd9709f88f6c3634398f58284c25 51db7c68f1107d00f8e4a077e2e769f3bd658dcb849df7e51ce3f52fc14d1c7d
CLIENT_HANDSHAKE_TRAFFIC_SECRET 29096e8b0c43f1132fef51d941e755091226fd9709f88f6c3634398f58284c25 77b49ed1b07e9790719afdd196c96a0ecc9f0f2e3073a7ef82a8b9eb5a900c14
SERVER_TRAFFIC_SECRET_0 29096e8b0c43f1132fef51d941e755091226fd9709f88f6c3634398f58284c25 92d5d63ac827a5454972c6741560a7317085b62cf46ead56e03113b24c607b71
SERVER_HANDSHAKE_TRAFFIC_SECRET c1bf76ab18a74219c7c906850244b411b689a28e5cbace23546652270a246376 40a1f63bd80eeda0e89bbf4ac2caa3533e5c5af9478e50d6a50793a659743157
CLIENT_HANDSHAKE_TRAFFIC_SECRET c1bf76ab18a74219c7c906850244b411b689a28e5cbace23546652270a246376 223bf92948ab97af7dbbc2befa26f8d8ae6a70588731ed36ce60fac0a6c143a8
SERVER_TRAFFIC_SECRET_0 c1bf76ab18a74219c7c906850244b411b689a28e5cbace23546652270a246376 a92f4bec26dc6d5137e0cd25659b5beb5b668ed6cb08b7172df7059a9654a26c
SERVER_HANDSHAKE_TRAFFIC_SECRET af570b7376e7eac02c868a71a6aab034dfa6bb8836333d0bca769ff6e98f8f4e 16881457b4a81b05d22d517064aeea312e3921457d72ca7b1ff2a58a944b3ad0
CLIENT_HANDSHAKE_TRAFFIC_SECRET af570b7376e7eac02c868a71a6aab034dfa6bb8836333d0bca769ff6e98f8f4e 05529660e04970e0316a73390a53c9a565c5837d48c75a7e3a690fef0bcd9ac4
SERVER_TRAFFIC_SECRET_0 af570b7376e7eac02c868a71a6aab034dfa6bb8836333d0bca769ff6e98f8f4e d0af2b0fd034595eb4bcffd809e9eb1c6bb6737c825bb0d122d78ddd00f63b92
SERVER_HANDSHAKE_TRAFFIC_SECRET 7ecf14e08bccc390f16256999194b10499e9ee9dcd8df4ec71df94178f730ea6 f79b8e4aa78e762b5f771d5d6d62c97c0c394ffef024747b6c21e0fb9a9f202c
CLIENT_HANDSHAKE_TRAFFIC_SECRET 7ecf14e08bccc390f16256999194b10499e9ee9dcd8df4ec71df94178f730ea6 196e927748477826448b0678e21d404c2c3790869cd6814c2665831ba69e0ff2
SERVER_TRAFFIC_SECRET_0 7ecf14e08bccc390f16256999194b10499e9ee9dcd8df4ec71df94178f730ea6 1f57a23d0e49e916b0e786fd2c85d4399200009994060019a1aa0c787317a3de
SERVER_HANDSHAKE_TRAFFIC_SECRET 1ae7cb7c3969158694ef85f7b9fa3160d2ef9ddd6b5a0e68486a489cdd7b506e d912eedd244b2942494457831e33692d3b33ed85a0465086aa160ef822e3763a
CLIENT_HANDSHAKE_TRAFFIC_SECRET 1ae7cb7c3969158694ef85f7b9fa3160d2ef9ddd6b5a0e68486a489cdd7b506e 42490e08f2a981592df16e6d7deda4e63d984aefcf8061d2cf04223f085e2750
SERVER_TRAFFIC_SECRET_0 1ae7cb7c3969158694ef85f7b9fa3160d2ef9ddd6b5a0e68486a489cdd7b506e 3edc762feb41ea023d78841f4be4cf096577c023b7aa0c4ca8a57e481190dbbd
SERVER_HANDSHAKE_TRAFFIC_SECRET c499cf544ddf509927cd4f5765a4c3e196a17da03ffc28d3196d025ab1f35d30 5a1e0dbfeaaea7e63bb5ac45b527642f16b1e3aba29dfd1cd9dff4fbb147583a
CLIENT_HANDSHAKE_TRAFFIC_SECRET c499cf544ddf509927cd4f5765a4c3e196a17da03ffc28d3196d025ab1f35d30 eacc41f9cf2bc83ec808dbcdff5030743355c300c6b5b975308090f757e01989
SERVER_TRAFFIC_SECRET_0 c499cf544ddf509927cd4f5765a4c3e196a17da03ffc28d3196d025ab1f35d30 ff8efae88e8058553c8a3267ffbe92f7691e2c40b4b730fc7bbc8979339aa737
SERVER_HANDSHAKE_TRAFFIC_SECRET 2360b091d8f986040d1359422c1cd9b5a6e7fd5a0e454dcd0471980a826514c5 6f39220cc9634c547efbc287d724ee77c3ef87b4efe2450639bd2ea0ae81f7bc
CLIENT_HANDSHAKE_TRAFFIC_SECRET 2360b091d8f986040d1359422c1cd9b5a6e7fd5a0e454dcd0471980a826514c5 b3f65951ac0c8e34bc2f4ac481f1bae7e421ea47b1d9eb6e57921a5cea3da0c5
SERVER_TRAFFIC_SECRET_0 2360b091d8f986040d1359422c1cd9b5a6e7fd5a0e454dcd0471980a826514c5 74a48855b88e9b4f5e6950da17d3b8fd3cc2085882bf65531f61d73032162cbe
SERVER_HANDSHAKE_TRAFFIC_SECRET 2381e7fb8034c54185bdfeb488ba91478cc5ac97eb549641bb49616bb74ecaf5 fd1b06c99c3bdafca5fea01e53a0867ec29dcd0f6d8ad4a9a7460962256e812d
CLIENT_HANDSHAKE_TRAFFIC_SECRET 2381e7fb8034c54185bdfeb488ba91478cc5ac97eb549641bb49616bb74ecaf5 61b7fc3c2b15f1f218713b1e2f3408780197f5c298a605d83b724a220cd8f62a
SERVER_TRAFFIC_SECRET_0 2381e7fb8034c54185bdfeb488ba91478cc5ac97eb549641bb49616bb74ecaf5 94899fb6297ff70e526a66b3776d034452cc10dc96255318a94c8f8232f4e20e
SERVER_HANDSHAKE_TRAFFIC_SECRET d74a04791173c858dd22a025e59cb5da4ff4ef1dcb89e742d377ed63b71b769c 6779fb25b4bb3c44ad0fcc0ada1f9c819b603a1569941d500f9fedd6569084d1
CLIENT_HANDSHAKE_TRAFFIC_SECRET d74a04791173c858dd22a025e59cb5da4ff4ef1dcb89e742d377ed63b71b769c fb7766cba35ec0452c573c80b26be81c207a50627b703c9225d8605a3bdd5209
SERVER_TRAFFIC_SECRET_0 d74a04791173c858dd22a025e59cb5da4ff4ef1dcb89e742d377ed63b71b769c 4d31ba2e2a8492ffc3a66a808206a28b444204e8387edd52fa380e6a11d8b61d
SERVER_HANDSHAKE_TRAFFIC_SECRET 020502a463af1fa089bd01b6e3350e07e1c44c6223cd97c9f23abe85725ec285 b694d85600f5c8a5fe025ae141b1e6f8c01091e1caa3d8a8076c9065739092bc
CLIENT_HANDSHAKE_TRAFFIC_SECRET 020502a463af1fa089bd01b6e3350e07e1c44c6223cd97c9f23abe85725ec285 5893fb49304e109d6c85eb8c200e82367c633f9d58008d215c6115708d89b560
SERVER_TRAFFIC_SECRET_0 020502a463af1fa089bd01b6e3350e07e1c44c6223cd97c9f23abe85725ec285 cf30c4167e6b6259284337e5f43eacf22f1b13837afaa5932e4e3baeb3d5b166
SERVER_HANDSHAKE_TRAFFIC_SECRET 3c45dfcbea1159403fb41c5b9364399614ec327b502bf9fcf4ca2552d58f169d 2cab190214adf9023add925b27397ced7069517a0c277c0f9760cdfe2e40a7c4
CLIENT_HANDSHAKE_TRAFFIC_SECRET 3c45dfcbea1159403fb41c5b9364399614ec327b502bf9fcf4ca2552d58f169d 80b8ea818fb577474b29f0ae467d4230f0cc16f40e8e06caa1a2a75b4ace34b8
SERVER_TRAFFIC_SECRET_0 3c45dfcbea1159403fb41c5b9364399614ec327b502bf9fcf4ca2552d58f169d e1f4b928d2ee20af23af5834b3bf1d788a3af2234d7b3ec38a3e75e09b22c656
SERVER_HANDSHAKE_TRAFFIC_SECRET 0aff4b59f898cf66fa9c09cee18f64b3e39b24945b6fdad5d60ad306dd7da67e 68b373066ada7794c38dae0d453f794bb8e005fa105100a84a58f0ff6ce3c363
CLIENT_HANDSHAKE_TRAFFIC_SECRET 0aff4b59f898cf66fa9c09cee18f64b3e39b24945b6fdad5d60ad306dd7da67e 6ad5963edf4a6b086270154815fa74d14e149d134c0eeebcd27c87c8a1e5d338
SERVER_TRAFFIC_SECRET_0 0aff4b59f898cf66fa9c09cee18f64b3e39b24945b6fdad5d60ad306dd7da67e c564a7f3c24d8aaac6c426e361a66a222f8d812587d5bc8678fb2ceb6fbceddf
SERVER_HANDSHAKE_TRAFFIC_SECRET ab7cd121b9c17f0ab56baff551d14453094c4b36366530418e1fe010a081b2f0 7242f14969a70535de04b450592e203321abc282db094297098d9bbc50d4f3fa
CLIENT_HANDSHAKE_TRAFFIC_SECRET ab7cd121b9c17f0ab56baff551d14453094c4b36366530418e1fe010a081b2f0 a94b0445296961ae43aca86e2ff7d1fd9056369c463121a41aeb662aacd82e02
SERVER_TRAFFIC_SECRET_0 ab7cd121b9c17f0ab56baff551d14453094c4b36366530418e1fe010a081b2f0 ac2152879ffc8a6d976dd215b93a488de5549320a2b7435c7a5b53a0fd60ded4
SERVER_HANDSHAKE_TRAFFIC_SECRET 195119b49646767da5b86f3ea2f1cfc786f62bedfc02b3a917a98bba30fac2cc fddcc660a269b042818d9d4240c6a20c0cefc25a7588fc6ac67a6b85e39fd9f9
CLIENT_HANDSHAKE_TRAFFIC_SECRET 195119b49646767da5b86f3ea2f1cfc786f62bedfc02b3a917a98bba30fac2cc b8df77adf1a014d17c0fa6beddb91b23edf909cd3f3c2f25024885e350dc67f6
SERVER_TRAFFIC_SECRET_0 195119b49646767da5b86f3ea2f1cfc786f62bedfc02b3a917a98bba30fac2cc 80c05d904cd476450b7769316327d2c72d5ccc718b91cec9badba9cd9fe2af7c
SERVER_HANDSHAKE_TRAFFIC_SECRET cdde1a89686e48228bad253354938d7a50993dcb1748864ff0726e13f9fc80eb cc5715ca3917387a64bc4026106103c0ea63714a55bdde4df6aa1acbe87752fe
CLIENT_HANDSHAKE_TRAFFIC_SECRET cdde1a89686e48228bad253354938d7a50993dcb1748864ff0726e13f9fc80eb 02e98fb4389458609f6acae8404e77fa2b1b62755d0e533e0b857e0184c38b5a
SERVER_TRAFFIC_SECRET_0 cdde1a89686e48228bad253354938d7a50993dcb1748864ff0726e13f9fc80eb 27801a2c676c1ad37e7a6d7c10b709e96c968ba380a7044c82fedb18149959ae
SERVER_HANDSHAKE_TRAFFIC_SECRET fe2ba0f96d03810fa3a176adcac5345d634ffe1de3754e5550649696490f3e83 85d4ed2695cf838c029f18cbd8e5b5c130b6df3f4f816c04a65816a9e00f5723
CLIENT_HANDSHAKE_TRAFFIC_SECRET fe2ba0f96d03810fa3a176adcac5345d634ffe1de3754e5550649696490f3e83 d0ffad84b60d166f017af28798c22dc1dcd6de975a02343c1d9c05e80f67b3de
SERVER_TRAFFIC_SECRET_0 fe2ba0f96d03810fa3a176adcac5345d634ffe1de3754e5550649696490f3e83 4af88733ff13f08cc26cdf4430760b27eedda6a5c4ce94e72cb698d6e31073d5
SERVER_HANDSHAKE_TRAFFIC_SECRET ce734ee58766f3a3dc2248362dfeb37a10a2167d85e4183d1ffdbb57d568faf6 5f688bf0b0648c2537df2e7efd3068cc4c9ace0a19350874544edfe5427bcd38
CLIENT_HANDSHAKE_TRAFFIC_SECRET ce734ee58766f3a3dc2248362dfeb37a10a2167d85e4183d1ffdbb57d568faf6 a47a61f91e97467b94370b7bbc9ffbaa85efa73339db8b38b635eee61d849311
SERVER_TRAFFIC_SECRET_0 ce734ee58766f3a3dc2248362dfeb37a10a2167d85e4183d1ffdbb57d568faf6 d99018a4ced2e450453bf116b8900730d3f968b7fb55b6cca42b5f084b727197
SERVER_HANDSHAKE_TRAFFIC_SECRET ea3efb2b9462e4c07149f73e506db31cf51da41ce67cdc8e6ccd260ba6cc5b95 e34724c5ae2e97ddd6a7118e1671152bd70de614c62c9f7e24a044a45ddd5341
CLIENT_HANDSHAKE_TRAFFIC_SECRET ea3efb2b9462e4c07149f73e506db31cf51da41ce67cdc8e6ccd260ba6cc5b95 39b8f25d67e652ce05c0bb2193df6425c45f58589657ccc66b22ed8f87b3cd7c
SERVER_TRAFFIC_SECRET_0 ea3efb2b9462e4c07149f73e506db31cf51da41ce67cdc8e6ccd260ba6cc5b95 56141587668b68fb2d8eb3f3acbcf64128a5e504ecf501f00ae8185f84b5b138
SERVER_HANDSHAKE_TRAFFIC_SECRET e146cae6ded3db5537ac2bb20421cd6fc5a4123cae77f4968fc64a7bb2fa62c1 53336e285b4435d6bd5d61ae0e1c477a8a26b4e623dceae59bc5de13c31713dd
CLIENT_HANDSHAKE_TRAFFIC_SECRET e146cae6ded3db5537ac2bb20421cd6fc5a4123cae77f4968fc64a7bb2fa62c1 e36e68c373cd459ff1654cf3685530d41b741f172b157ca15ca784521457627b
SERVER_TRAFFIC_SECRET_0 e146cae6ded3db5537ac2bb20421cd6fc5a4123cae77f4968fc64a7bb2fa62c1 329d24146166d4ede7babcd37e9bb45c71be586f73bcbe6c35075a06b5c8f7c6
SERVER_HANDSHAKE_TRAFFIC_SECRET e9a4c78d1e7dbbfb593dfdd0058ee735e91b3d1b1193e5679f91a10e60154154 7c778e727a2fe8b9edf7985dd67e47e74ae3d61b8a9d0e2742f6cd7ff0dc904f
CLIENT_HANDSHAKE_TRAFFIC_SECRET e9a4c78d1e7dbbfb593dfdd0058ee735e91b3d1b1193e5679f91a10e60154154 8951faef50de1c086118b9f8b8d0255754fb1fcc989e6abcb72a13680d0ec3eb
SERVER_TRAFFIC_SECRET_0 e9a4c78d1e7dbbfb593dfdd0058ee735e91b3d1b1193e5679f91a10e60154154 5ce0d50484fab15f4a133b76732c8570b08a610245e29d4e4afe73db8c614b05
SERVER_HANDSHAKE_TRAFFIC_SECRET 273060d56caf74e1fecab75f3d6b433d86537a5d11e19cdeb5f08d1fcaf66168 65b6b761a093fb26b43225a32907b6a0754e49e9514cdf496afa05afd4bd85b5
CLIENT_HANDSHAKE_TRAFFIC_SECRET 273060d56caf74e1fecab75f3d6b433d86537a5d11e19cdeb5f08d1fcaf66168 7a1918c24a73a3c5847d853cc22716d394ae8532c2aa39d7d1777ed4e7e1cfa9
SERVER_TRAFFIC_SECRET_0 273060d56caf74e1fecab75f3d6b433d86537a5d11e19cdeb5f08d1fcaf66168 058bdfd38cb5286ab4434dcbe0c3c96289a70f3ea5e3264430225aa39f259e97
SERVER_HANDSHAKE_TRAFFIC_SECRET d8b532479ed82c3769fa1fac804360bbaa3fc6e445104748508cf1b8261ac22a 3a18ab4b90168b024bb5763ee85e2f5c2f13f7c6ba593f3dc6b0b07495783829
CLIENT_HANDSHAKE_TRAFFIC_SECRET d8b532479ed82c3769fa1fac804360bbaa3fc6e445104748508cf1b8261ac22a 52b885ed12e3f8ad19e7ee6d0b84a081496e66fe66b4164a5840af4290584b4e
SERVER_TRAFFIC_SECRET_0 d8b532479ed82c3769fa1fac804360bbaa3fc6e445104748508cf1b8261ac22a 1c62a1635d78c13c8175bf09bf280c935f03683a0513233eec9cf956e40ac8ac
SERVER_HANDSHAKE_TRAFFIC_SECRET f48b4eaf4ed4a01ab930e24291dc3eebbc2918673ad064953cf3da1b1998a3f3 f9d45aeebf9e75ac925e24e85378d45ac0c8b4bf19289a862d41a2bd27e214e4
CLIENT_HANDSHAKE_TRAFFIC_SECRET f48b4eaf4ed4a01ab930e24291dc3eebbc2918673ad064953cf3da1b1998a3f3 8fdc4012cc42f7054d2e40c86283d15e97fa13a372c4920b517a3a4e32746bed
SERVER_TRAFFIC_SECRET_0 f48b4eaf4ed4a01ab930e24291dc3eebbc2918673ad064953cf3da1b1998a3f3 093f96f64b9efd31346027ff4611d49d3b8d1b4ce84ed1ee616e00d70c01650d
SERVER_HANDSHAKE_TRAFFIC_SECRET 67346ab61a545703dc4cc3155c573a96ef1bcf11aa6460417d45d048551cf2a8 299d2523d2cd2bee807a0c040221d9ff048342ca3b2f455fa2291633549a257a
CLIENT_HANDSHAKE_TRAFFIC_SECRET 67346ab61a545703dc4cc3155c573a96ef1bcf11aa6460417d45d048551cf2a8 b8781c91ec39b423416c3d6745636b2cc07ca53d2cf332c662e74f634d58803c
SERVER_TRAFFIC_SECRET_0 67346ab61a545703dc4cc3155c573a96ef1bcf11aa6460417d45d048551cf2a8 d16ebd3c2d2e66a7bf3db3499bcb61caea1fe028c32b96c7d1c21c7974aa2a1c
SERVER_HANDSHAKE_TRAFFIC_SECRET 687dcf47523281295b833bf132baf713f9e2fcbf01602369b564e2c02d2f25e4 977f2c4c410d94b74a426380662471174b7da129c7b9abb43a66d068531565a8
CLIENT_HANDSHAKE_TRAFFIC_SECRET 687dcf47523281295b833bf132baf713f9e2fcbf01602369b564e2c02d2f25e4 315c11f38bb9004c786b3f79ad53b5cc740649d51461716221fdb45b6681b7f3
SERVER_TRAFFIC_SECRET_0 687dcf47523281295b833bf132baf713f9e2fcbf01602369b564e2c02d2f25e4 b01723b819e72ded41503828164f5f22c268b45ab70cf6fb1b05bec67189f660
SERVER_HANDSHAKE_TRAFFIC_SECRET 8dba7dd601bc1dd8257af8dc0e88c356d1ff008975b88df2a08513d13e1bd97d 3dcf3de23c7f96f52d3f8a5c7c28d744e905a5cb415c8e3d061a1337414883d2
CLIENT_HANDSHAKE_TRAFFIC_SECRET 8dba7dd601bc1dd8257af8dc0e88c356d1ff008975b88df2a08513d13e1bd97d 1380f159d12fe674104f398866658d1ed9b0293094400c155a8e06aa4f2bcc40
SERVER_TRAFFIC_SECRET_0 8dba7dd601bc1dd8257af8dc0e88c356d1ff008975b88df2a08513d13e1bd97d a4cd3e93cc89894d102a1050c9d675d2399f8333b669607c73b59db5e10d9db3
SERVER_HANDSHAKE_TRAFFIC_SECRET 07c05aa4d0addaefc189c2f8da3a695d69720572a264e993c11f60740315a003 0fdcfb7ef0448a20d0edf46897e4e57e07d31d26cda16a2bfcbd637397d22515
CLIENT_HANDSHAKE_TRAFFIC_SECRET 07c05aa4d0addaefc189c2f8da3a695d69720572a264e993c11f60740315a003 f477d7ad47439bc4a9e1e77150bf58414de3ebbb80c8fdd7f513d89ec2cccaf2
SERVER_TRAFFIC_SECRET_0 07c05aa4d0addaefc189c2f8da3a695d69720572a264e993c11f60740315a003 aac43734b0c97f0b4326f066536cdcef7bc0e88f8aa56a5c40a145fb86111ea7
SERVER_HANDSHAKE_TRAFFIC_SECRET e8bf91390ff9b88eec42dee6611f9585c8f434e30c8031cb944bb0ed6115b410 5f508ec3fddf287b7faa5fd549ee0110c33811cdf8116ec8a27bb32042c546c8
CLIENT_HANDSHAKE_TRAFFIC_SECRET e8bf91390ff9b88eec42dee6611f9585c8f434e30c8031cb944bb0ed6115b410 d11c4b6d83c64cbda669c9f4b6a30d048d14fc4a0ab33580d152d52176cf68a8
SERVER_TRAFFIC_SECRET_0 e8bf91390ff9b88eec42dee6611f9585c8f434e30c8031cb944bb0ed6115b410 9f5fd1ea57f102e1e44d12a69a4a890c5cf6220008b16bb3d77ffdbebc984225
SERVER_HANDSHAKE_TRAFFIC_SECRET 1e16ab45f43930b7ddb51ce2d7680f52859cdb12e24d06efd8cb51273a75f85d 4f26952a4cd620f1822be99b319f5130bfce8cf13ded90cdd113d77c788ea120
CLIENT_HANDSHAKE_TRAFFIC_SECRET 1e16ab45f43930b7ddb51ce2d7680f52859cdb12e24d06efd8cb51273a75f85d f8f7614148ce72745e4c72e2102eec58ecf6817df1905c89248d60e6239da085
SERVER_TRAFFIC_SECRET_0 1e16ab45f43930b7ddb51ce2d7680f52859cdb12e24d06efd8cb51273a75f85d 0c52bc1615e93dee0e26ba3bde30ea53361bd7eb29b28c592081afe3229b355c
SERVER_HANDSHAKE_TRAFFIC_SECRET 74d62376972aa588475a620151ed961b5704884828452e25670f227647e1f33d fb19dc3cc96593659a3b4eb44256891efb89ad17b3326b17ddb701a88040f40d
CLIENT_HANDSHAKE_TRAFFIC_SECRET 74d62376972aa588475a620151ed961b5704884828452e25670f227647e1f33d 9114cb056b1959e7a631f579d65f1f8c03ff65b62f7ba0596ed2d1860d76234a
SERVER_TRAFFIC_SECRET_0 74d62376972aa588475a620151ed961b5704884828452e25670f227647e1f33d f91ed6166ff5dce18ba2453df1022b98ab02c8bce071c151cf2507891b0c17e8
SERVER_HANDSHAKE_TRAFFIC_SECRET 891d58708b88b0a29dd0504f4a16d06276d6880893336e0ef75a2744cdba6f21 094a63443abeaa7ddae8226344a40ed3d423111dd6ebd662468c77669562d364
CLIENT_HANDSHAKE_TRAFFIC_SECRET 891d58708b88b0a29dd0504f4a16d06276d6880893336e0ef75a2744cdba6f21 073d788b8eec7f3323f6e8b10d832acabd8082d0a283bc1499ea2b4e0965e370
SERVER_TRAFFIC_SECRET_0 891d58708b88b0a29dd0504f4a16d06276d6880893336e0ef75a2744cdba6f21 2c1af12de82c69c73f38577aea2497b8dd93e1539528be039876c69760649aa7
SERVER_HANDSHAKE_TRAFFIC_SECRET f1ae2f499c63686d7d77781cb000d2a139ba4f1a3ba99ffc045b76ccf5ad6100 96e2f2262ade3df4a371ff7ef0224f9f258fad1bfc053a6536c89a017e2fa924
CLIENT_HANDSHAKE_TRAFFIC_SECRET f1ae2f499c63686d7d77781cb000d2a139ba4f1a3ba99ffc045b76ccf5ad6100 5f386861c0a549ea340b15d12ebbbcd605879d1e91df0491e78c9f86adad80a9
SERVER_TRAFFIC_SECRET_0 f1ae2f499c63686d7d77781cb000d2a139ba4f1a3ba99ffc045b76ccf5ad6100 6f66b47b1e1ade728abf51a6a0a9371f18525b413575b4f6652e29b99376400f
CLIENT_TRAFFIC_SECRET_0 f1ae2f499c63686d7d77781cb000d2a139ba4f1a3ba99ffc045b76ccf5ad6100 b1c92e3ef805e160352c3167e2d5db7110a361cfd54279c0608ed15a076051f8
SERVER_HANDSHAKE_TRAFFIC_SECRET c794e49fe930959cc6ac3cf960a2cd0ed9312189c839dc5381747c07d20e3000 a864f306f302bf142f546beb3aa98aeed9c5ebf3a8d70ab939702e3195e503d5
CLIENT_HANDSHAKE_TRAFFIC_SECRET c794e49fe930959cc6ac3cf960a2cd0ed9312189c839dc5381747c07d20e3000 dec091043bcaefee85e03819bcea0cf5491e5e3920b511e41fe2a9fce708fdce
SERVER_TRAFFIC_SECRET_0 c794e49fe930959cc6ac3cf960a2cd0ed9312189c839dc5381747c07d20e3000 785b8c9b290bec01aa1c73260450c081b95ac19e665e8c5b0abb780b318e796f
SERVER_HANDSHAKE_TRAFFIC_SECRET 9132e0fd41fe101b627562e88029e17be050d129aaba842488884c8b9199444c 5a030b08149e5cb52548158bbfb5e91a85abe279d7e57a10deb787f02337d955
CLIENT_HANDSHAKE_TRAFFIC_SECRET 9132e0fd41fe101b627562e88029e17be050d129aaba842488884c8b9199444c 82a58597b396d81dbd499e5ee52046c2120027f72645f838992420a1cc09d013
SERVER_TRAFFIC_SECRET_0 9132e0fd41fe101b627562e88029e17be050d129aaba842488884c8b9199444c 5f80043b6ac1266119d7e4cd9cb2a4c5f342c8c5ed0da4cf0cadfc277b4cbb39
SERVER_HANDSHAKE_TRAFFIC_SECRET c58fc90cdece5fef64de4e92372e60e3726324df21123a73153facef9aeb8d5a 2da307bbaab3a83de28c0d9e1af68c39267a4f26615db38efb6625e3f89bb8ed
CLIENT_HANDSHAKE_TRAFFIC_SECRET c58fc90cdece5fef64de4e92372e60e3726324df21123a73153facef9aeb8d5a 4ca00245d4ee2600fb490c9e7dea609435bf8b3e9c682a7c5e0f739af4cd9980
SERVER_TRAFFIC_SECRET_0 c58fc90cdece5fef64de4e92372e60e3726324df21123a73153facef9aeb8d5a f5385c118fb10573a722d68fb57101f08317f78bb7498d1227e3f293f8708693
SERVER_HANDSHAKE_TRAFFIC_SECRET 6cf438208406ea4bfc06895d40856f911916d199b251d458fbe18a178905f230 5e3246e9731c193ac4e81510f71cc964a27cbd29d94ac1ccef108f72736e2552
CLIENT_HANDSHAKE_TRAFFIC_SECRET 6cf438208406ea4bfc06895d40856f911916d199b251d458fbe18a178905f230 e9267882fb7906f2a05225429a4dac07f96b36858c3ec3715ed677bf2a97baa8
SERVER_TRAFFIC_SECRET_0 6cf438208406ea4bfc06895d40856f911916d199b251d458fbe18a178905f230 4138f3a7c132647c9734aba6aaa6e3776ac0fc77526a53f1a8db928cc34497bf
